../Core/Src/freertos.c:128:6:MX_FREERTOS_Init	8	static
../Core/Src/freertos.c:182:6:StartDefaultTask	16	static
../Core/Src/freertos.c:194:5:AGV_attach_core_task	16	static
../Core/Src/freertos.c:200:6:AgvHeartbeatTask	24	static
../Core/Src/freertos.c:211:6:AgvSendOdomTask	48	static
../Core/Src/freertos.c:229:6:AgvHostMsgCallbackTask	24	static
../Core/Src/freertos.c:236:6:joystickTask	48	static
../Core/Src/freertos.c:260:6:AgvMotorIoTask	24	static
../Core/Src/freertos.c:269:6:AgvBodyControlTask	24	static
