../Core/Src/freertos.c:127:6:MX_FREERTOS_Init	8	static
../Core/Src/freertos.c:181:6:StartDefaultTask	16	static
../Core/Src/freertos.c:194:5:AGV_attach_core_task	16	static
../Core/Src/freertos.c:200:6:AgvHeartbeatTask	24	static
../Core/Src/freertos.c:211:6:AgvSendOdomTask	48	static
../Core/Src/freertos.c:229:6:AgvHostMsgCallbackTask	24	static
../Core/Src/freertos.c:236:6:joystickTask	96	static
../Core/Src/freertos.c:271:6:AgvMotorIoTask	24	static
../Core/Src/freertos.c:280:6:AgvBodyControlTask	24	static
