../Core/Src/PS2_controller.c:50:20:ps2_start_comm	8	static
../Core/Src/PS2_controller.c:54:20:ps2_stop_comm	8	static
../Core/Src/PS2_controller.c:59:6:is_button_pressed	16	static
../Core/Src/PS2_controller.c:61:21:clampf	24	static
../Core/Src/PS2_controller.c:65:7:joystick_norm	24	static
../Core/Src/PS2_controller.c:71:6:PS2_init	64	static
../Core/Src/PS2_controller.c:102:6:PS2_update	32	static
../Core/Src/PS2_controller.c:145:13:ps2_xfer	48	static,ignoring_inline_asm
../Core/Src/PS2_controller.c:161:6:ps2_poll	40	static
../Core/Src/PS2_controller.c:186:6:update_speed	24	static
../Core/Src/PS2_controller.c:225:6:ps2_vibration	40	static
../Core/Src/PS2_controller.c:243:21:apply_deadzone	16	static
