Archive member included to satisfy reference by file (symbol)

C:/ST/STM32CubeIDE_1.19.0/STM32CubeIDE/plugins/com.st.stm32cube.ide.mcu.externaltools.gnu-tools-for-stm32.13.3.rel1.win32_1.0.0.202411081344/tools/bin/../lib/gcc/arm-none-eabi/13.3.1/../../../../arm-none-eabi/lib/thumb/v7e-m+fp/hard\libc_nano.a(libc_a-exit.o)
                              C:/ST/STM32CubeIDE_1.19.0/STM32CubeIDE/plugins/com.st.stm32cube.ide.mcu.externaltools.gnu-tools-for-stm32.13.3.rel1.win32_1.0.0.202411081344/tools/bin/../lib/gcc/arm-none-eabi/13.3.1/../../../../arm-none-eabi/lib/thumb/v7e-m+fp/hard/crt0.o (exit)
C:/ST/STM32CubeIDE_1.19.0/STM32CubeIDE/plugins/com.st.stm32cube.ide.mcu.externaltools.gnu-tools-for-stm32.13.3.rel1.win32_1.0.0.202411081344/tools/bin/../lib/gcc/arm-none-eabi/13.3.1/../../../../arm-none-eabi/lib/thumb/v7e-m+fp/hard\libc_nano.a(libc_a-malloc.o)
                              ./Core/ThreadSafe/newlib_lock_glue.o (malloc)
C:/ST/STM32CubeIDE_1.19.0/STM32CubeIDE/plugins/com.st.stm32cube.ide.mcu.externaltools.gnu-tools-for-stm32.13.3.rel1.win32_1.0.0.202411081344/tools/bin/../lib/gcc/arm-none-eabi/13.3.1/../../../../arm-none-eabi/lib/thumb/v7e-m+fp/hard\libc_nano.a(libc_a-mallocr.o)
                              C:/ST/STM32CubeIDE_1.19.0/STM32CubeIDE/plugins/com.st.stm32cube.ide.mcu.externaltools.gnu-tools-for-stm32.13.3.rel1.win32_1.0.0.202411081344/tools/bin/../lib/gcc/arm-none-eabi/13.3.1/../../../../arm-none-eabi/lib/thumb/v7e-m+fp/hard\libc_nano.a(libc_a-malloc.o) (_malloc_r)
C:/ST/STM32CubeIDE_1.19.0/STM32CubeIDE/plugins/com.st.stm32cube.ide.mcu.externaltools.gnu-tools-for-stm32.13.3.rel1.win32_1.0.0.202411081344/tools/bin/../lib/gcc/arm-none-eabi/13.3.1/../../../../arm-none-eabi/lib/thumb/v7e-m+fp/hard\libc_nano.a(libc_a-mlock.o)
                              C:/ST/STM32CubeIDE_1.19.0/STM32CubeIDE/plugins/com.st.stm32cube.ide.mcu.externaltools.gnu-tools-for-stm32.13.3.rel1.win32_1.0.0.202411081344/tools/bin/../lib/gcc/arm-none-eabi/13.3.1/../../../../arm-none-eabi/lib/thumb/v7e-m+fp/hard\libc_nano.a(libc_a-mallocr.o) (__malloc_lock)
C:/ST/STM32CubeIDE_1.19.0/STM32CubeIDE/plugins/com.st.stm32cube.ide.mcu.externaltools.gnu-tools-for-stm32.13.3.rel1.win32_1.0.0.202411081344/tools/bin/../lib/gcc/arm-none-eabi/13.3.1/../../../../arm-none-eabi/lib/thumb/v7e-m+fp/hard\libc_nano.a(libc_a-nano-vfprintf_float.o)
                              (_printf_float)
C:/ST/STM32CubeIDE_1.19.0/STM32CubeIDE/plugins/com.st.stm32cube.ide.mcu.externaltools.gnu-tools-for-stm32.13.3.rel1.win32_1.0.0.202411081344/tools/bin/../lib/gcc/arm-none-eabi/13.3.1/../../../../arm-none-eabi/lib/thumb/v7e-m+fp/hard\libc_nano.a(libc_a-nano-vfprintf_i.o)
                              C:/ST/STM32CubeIDE_1.19.0/STM32CubeIDE/plugins/com.st.stm32cube.ide.mcu.externaltools.gnu-tools-for-stm32.13.3.rel1.win32_1.0.0.202411081344/tools/bin/../lib/gcc/arm-none-eabi/13.3.1/../../../../arm-none-eabi/lib/thumb/v7e-m+fp/hard\libc_nano.a(libc_a-nano-vfprintf_float.o) (_printf_common)
C:/ST/STM32CubeIDE_1.19.0/STM32CubeIDE/plugins/com.st.stm32cube.ide.mcu.externaltools.gnu-tools-for-stm32.13.3.rel1.win32_1.0.0.202411081344/tools/bin/../lib/gcc/arm-none-eabi/13.3.1/../../../../arm-none-eabi/lib/thumb/v7e-m+fp/hard\libc_nano.a(libc_a-nano-vfscanf_float.o)
                              (_scanf_float)
C:/ST/STM32CubeIDE_1.19.0/STM32CubeIDE/plugins/com.st.stm32cube.ide.mcu.externaltools.gnu-tools-for-stm32.13.3.rel1.win32_1.0.0.202411081344/tools/bin/../lib/gcc/arm-none-eabi/13.3.1/../../../../arm-none-eabi/lib/thumb/v7e-m+fp/hard\libc_nano.a(libc_a-findfp.o)
                              ./Middlewares/Third_Party/FreeRTOS/Source/tasks.o (__sf)
C:/ST/STM32CubeIDE_1.19.0/STM32CubeIDE/plugins/com.st.stm32cube.ide.mcu.externaltools.gnu-tools-for-stm32.13.3.rel1.win32_1.0.0.202411081344/tools/bin/../lib/gcc/arm-none-eabi/13.3.1/../../../../arm-none-eabi/lib/thumb/v7e-m+fp/hard\libc_nano.a(libc_a-fwalk.o)
                              C:/ST/STM32CubeIDE_1.19.0/STM32CubeIDE/plugins/com.st.stm32cube.ide.mcu.externaltools.gnu-tools-for-stm32.13.3.rel1.win32_1.0.0.202411081344/tools/bin/../lib/gcc/arm-none-eabi/13.3.1/../../../../arm-none-eabi/lib/thumb/v7e-m+fp/hard\libc_nano.a(libc_a-findfp.o) (_fwalk_sglue)
C:/ST/STM32CubeIDE_1.19.0/STM32CubeIDE/plugins/com.st.stm32cube.ide.mcu.externaltools.gnu-tools-for-stm32.13.3.rel1.win32_1.0.0.202411081344/tools/bin/../lib/gcc/arm-none-eabi/13.3.1/../../../../arm-none-eabi/lib/thumb/v7e-m+fp/hard\libc_nano.a(libc_a-printf.o)
                              ./Core/Src/PS2_controller.o (printf)
C:/ST/STM32CubeIDE_1.19.0/STM32CubeIDE/plugins/com.st.stm32cube.ide.mcu.externaltools.gnu-tools-for-stm32.13.3.rel1.win32_1.0.0.202411081344/tools/bin/../lib/gcc/arm-none-eabi/13.3.1/../../../../arm-none-eabi/lib/thumb/v7e-m+fp/hard\libc_nano.a(libc_a-putchar.o)
                              ./Core/Src/PS2_controller.o (putchar)
[...]
Memory Configuration

Name             Origin             Length             Attributes
CCMRAM           0x10000000         0x00010000         xrw
RAM              0x20000000         0x00020000         xrw
FLASH            0x08000000         0x00100000         xr
*default*        0x00000000         0xffffffff

Linker script and memory map

LOAD C:/ST/STM32CubeIDE_1.19.0/STM32CubeIDE/plugins/com.st.stm32cube.ide.mcu.externaltools.gnu-tools-for-stm32.13.3.rel1.win32_1.0.0.202411081344/tools/bin/../lib/gcc/arm-none-eabi/13.3.1/thumb/v7e-m+fp/hard/crti.o
LOAD C:/ST/STM32CubeIDE_1.19.0/STM32CubeIDE/plugins/com.st.stm32cube.ide.mcu.externaltools.gnu-tools-for-stm32.13.3.rel1.win32_1.0.0.202411081344/tools/bin/../lib/gcc/arm-none-eabi/13.3.1/thumb/v7e-m+fp/hard/crtbegin.o
LOAD C:/ST/STM32CubeIDE_1.19.0/STM32CubeIDE/plugins/com.st.stm32cube.ide.mcu.externaltools.gnu-tools-for-stm32.13.3.rel1.win32_1.0.0.202411081344/tools/bin/../lib/gcc/arm-none-eabi/13.3.1/../../../../arm-none-eabi/lib/thumb/v7e-m+fp/hard/crt0.o
LOAD ./Core/Src/PS2_controller.o
LOAD ./Core/Src/agv_app.o
LOAD ./Core/Src/can.o
LOAD ./Core/Src/dma.o
LOAD ./Core/Src/freertos.o
LOAD ./Core/Src/gpio.o
LOAD ./Core/Src/i2c.o
LOAD ./Core/Src/main.o
LOAD ./Core/Src/spi.o
LOAD ./Core/Src/stm32f4xx_hal_msp.o
LOAD ./Core/Src/stm32f4xx_hal_timebase_tim.o
LOAD ./Core/Src/stm32f4xx_it.o
LOAD ./Core/Src/syscalls.o
LOAD ./Core/Src/sysmem.o
LOAD ./Core/Src/system_stm32f4xx.o
LOAD ./Core/Src/usart.o
LOAD ./Core/Startup/startup_stm32f407vgtx.o
LOAD ./Core/ThreadSafe/newlib_lock_glue.o
LOAD ./Drivers/STM32F4xx_HAL_Driver/Src/stm32f4xx_hal.o
LOAD ./Drivers/STM32F4xx_HAL_Driver/Src/stm32f4xx_hal_can.o
LOAD ./Drivers/STM32F4xx_HAL_Driver/Src/stm32f4xx_hal_cortex.o
LOAD ./Drivers/STM32F4xx_HAL_Driver/Src/stm32f4xx_hal_dma.o
LOAD ./Drivers/STM32F4xx_HAL_Driver/Src/stm32f4xx_hal_dma_ex.o
LOAD ./Drivers/STM32F4xx_HAL_Driver/Src/stm32f4xx_hal_exti.o
LOAD ./Drivers/STM32F4xx_HAL_Driver/Src/stm32f4xx_hal_flash.o
LOAD ./Drivers/STM32F4xx_HAL_Driver/Src/stm32f4xx_hal_flash_ex.o
LOAD ./Drivers/STM32F4xx_HAL_Driver/Src/stm32f4xx_hal_flash_ramfunc.o
LOAD ./Drivers/STM32F4xx_HAL_Driver/Src/stm32f4xx_hal_gpio.o
LOAD ./Drivers/STM32F4xx_HAL_Driver/Src/stm32f4xx_hal_i2c.o
LOAD ./Drivers/STM32F4xx_HAL_Driver/Src/stm32f4xx_hal_i2c_ex.o
LOAD ./Drivers/STM32F4xx_HAL_Driver/Src/stm32f4xx_hal_pwr.o
LOAD ./Drivers/STM32F4xx_HAL_Driver/Src/stm32f4xx_hal_pwr_ex.o
LOAD ./Drivers/STM32F4xx_HAL_Driver/Src/stm32f4xx_hal_rcc.o
LOAD ./Drivers/STM32F4xx_HAL_Driver/Src/stm32f4xx_hal_rcc_ex.o
LOAD ./Drivers/STM32F4xx_HAL_Driver/Src/stm32f4xx_hal_spi.o
LOAD ./Drivers/STM32F4xx_HAL_Driver/Src/stm32f4xx_hal_tim.o
LOAD ./Drivers/STM32F4xx_HAL_Driver/Src/stm32f4xx_hal_tim_ex.o
LOAD ./Drivers/STM32F4xx_HAL_Driver/Src/stm32f4xx_hal_uart.o
LOAD ./Middlewares/Third_Party/Agv/Communication_pack/src/format/modbus_rtu_format.o
LOAD ./Middlewares/Third_Party/Agv/Communication_pack/src/format/ros_format.o
LOAD ./Middlewares/Third_Party/Agv/Communication_pack/src/link/uart_isr_register.o
LOAD ./Middlewares/Third_Party/Agv/Communication_pack/src/link/uart_rs485.o
LOAD ./Middlewares/Third_Party/Agv/Communication_pack/src/link/uart_ttl.o
LOAD ./Middlewares/Third_Party/Agv/Communication_pack/src/protocol/blvr_protocol.o
LOAD ./Middlewares/Third_Party/Agv/Communication_pack/src/protocol/host_protocol.o
LOAD ./Middlewares/Third_Party/Agv/Control/src/passthrough.o
LOAD ./Middlewares/Third_Party/Agv/Control/src/pid.o
LOAD ./Middlewares/Third_Party/Agv/Core/src/core.o
LOAD ./Middlewares/Third_Party/Agv/Core/src/utils.o
LOAD ./Middlewares/Third_Party/Agv/Factory/src/agv_factory.o
LOAD ./Middlewares/Third_Party/Agv/Host_communication/src/ros_host.o
LOAD ./Middlewares/Third_Party/Agv/Kinematics/src/mecanum.o
LOAD ./Middlewares/Third_Party/Agv/Motors/src/blvr.o
LOAD ./Middlewares/Third_Party/FreeRTOS/Source/CMSIS_RTOS_V2/cmsis_os2.o
LOAD ./Middlewares/Third_Party/FreeRTOS/Source/croutine.o
LOAD ./Middlewares/Third_Party/FreeRTOS/Source/event_groups.o
LOAD ./Middlewares/Third_Party/FreeRTOS/Source/list.o
LOAD ./Middlewares/Third_Party/FreeRTOS/Source/queue.o
LOAD ./Middlewares/Third_Party/FreeRTOS/Source/stream_buffer.o
LOAD ./Middlewares/Third_Party/FreeRTOS/Source/tasks.o
LOAD ./Middlewares/Third_Party/FreeRTOS/Source/timers.o
LOAD ./Middlewares/Third_Party/FreeRTOS/Source/portable/GCC/ARM_CM4F/port.o
LOAD ./Middlewares/Third_Party/FreeRTOS/Source/portable/MemMang/heap_4.o
START GROUP
LOAD C:/ST/STM32CubeIDE_1.19.0/STM32CubeIDE/plugins/com.st.stm32cube.ide.mcu.externaltools.gnu-tools-for-stm32.13.3.rel1.win32_1.0.0.202411081344/tools/bin/../lib/gcc/arm-none-eabi/13.3.1/../../../../arm-none-eabi/lib/thumb/v7e-m+fp/hard\libc_nano.a
LOAD C:/ST/STM32CubeIDE_1.19.0/STM32CubeIDE/plugins/com.st.stm32cube.ide.mcu.externaltools.gnu-tools-for-stm32.13.3.rel1.win32_1.0.0.202411081344/tools/bin/../lib/gcc/arm-none-eabi/13.3.1/../../../../arm-none-eabi/lib/thumb/v7e-m+fp/hard\libm.a
END GROUP
START GROUP
LOAD C:/ST/STM32CubeIDE_1.19.0/STM32CubeIDE/plugins/com.st.stm32cube.ide.mcu.externaltools.gnu-tools-for-stm32.13.3.rel1.win32_1.0.0.202411081344/tools/bin/../lib/gcc/arm-none-eabi/13.3.1/thumb/v7e-m+fp/hard\libgcc.a
LOAD C:/ST/STM32CubeIDE_1.19.0/STM32CubeIDE/plugins/com.st.stm32cube.ide.mcu.externaltools.gnu-tools-for-stm32.13.3.rel1.win32_1.0.0.202411081344/tools/bin/../lib/gcc/arm-none-eabi/13.3.1/../../../../arm-none-eabi/lib/thumb/v7e-m+fp/hard\libc_nano.a
END GROUP
START GROUP
LOAD C:/ST/STM32CubeIDE_1.19.0/STM32CubeIDE/plugins/com.st.stm32cube.ide.mcu.externaltools.gnu-tools-for-stm32.13.3.rel1.win32_1.0.0.202411081344/tools/bin/../lib/gcc/arm-none-eabi/13.3.1/thumb/v7e-m+fp/hard\libgcc.a
LOAD C:/ST/STM32CubeIDE_1.19.0/STM32CubeIDE/plugins/com.st.stm32cube.ide.mcu.externaltools.gnu-tools-for-stm32.13.3.rel1.win32_1.0.0.202411081344/tools/bin/../lib/gcc/arm-none-eabi/13.3.1/../../../../arm-none-eabi/lib/thumb/v7e-m+fp/hard\libc_nano.a
LOAD C:/ST/STM32CubeIDE_1.19.0/STM32CubeIDE/plugins/com.st.stm32cube.ide.mcu.externaltools.gnu-tools-for-stm32.13.3.rel1.win32_1.0.0.202411081344/tools/bin/../lib/gcc/arm-none-eabi/13.3.1/../../../../arm-none-eabi/lib/thumb/v7e-m+fp/hard\libnosys.a
END GROUP
START GROUP
LOAD C:/ST/STM32CubeIDE_1.19.0/STM32CubeIDE/plugins/com.st.stm32cube.ide.mcu.externaltools.gnu-tools-for-stm32.13.3.rel1.win32_1.0.0.202411081344/tools/bin/../lib/gcc/arm-none-eabi/13.3.1/thumb/v7e-m+fp/hard\libgcc.a
LOAD C:/ST/STM32CubeIDE_1.19.0/STM32CubeIDE/plugins/com.st.stm32cube.ide.mcu.externaltools.gnu-tools-for-stm32.13.3.rel1.win32_1.0.0.202411081344/tools/bin/../lib/gcc/arm-none-eabi/13.3.1/../../../../arm-none-eabi/lib/thumb/v7e-m+fp/hard\libc_nano.a
LOAD C:/ST/STM32CubeIDE_1.19.0/STM32CubeIDE/plugins/com.st.stm32cube.ide.mcu.externaltools.gnu-tools-for-stm32.13.3.rel1.win32_1.0.0.202411081344/tools/bin/../lib/gcc/arm-none-eabi/13.3.1/../../../../arm-none-eabi/lib/thumb/v7e-m+fp/hard\libnosys.a
END GROUP
LOAD C:/ST/STM32CubeIDE_1.19.0/STM32CubeIDE/plugins/com.st.stm32cube.ide.mcu.externaltools.gnu-tools-for-stm32.13.3.rel1.win32_1.0.0.202411081344/tools/bin/../lib/gcc/arm-none-eabi/13.3.1/thumb/v7e-m+fp/hard/crtend.o
LOAD C:/ST/STM32CubeIDE_1.19.0/STM32CubeIDE/plugins/com.st.stm32cube.ide.mcu.externaltools.gnu-tools-for-stm32.13.3.rel1.win32_1.0.0.202411081344/tools/bin/../lib/gcc/arm-none-eabi/13.3.1/thumb/v7e-m+fp/hard/crtn.o
                0x20020000                        _estack = (ORIGIN (RAM) + LENGTH (RAM))
                0x00000400                        _Min_Heap_Size = 0x400
                0x00000800                        _Min_Stack_Size = 0x800

.isr_vector     0x08000000      0x188
                0x08000000                        . = ALIGN (0x4)
 *(.isr_vector)
 .isr_vector    0x08000000      0x188 ./Core/Startup/startup_stm32f407vgtx.o
                0x08000000                g_pfnVectors
                0x08000188                        . = ALIGN (0x4)

.text           0x08000190    0x13018
                0x08000190                        . = ALIGN (0x4)
 *(.text)
 .text          0x08000190       0x40 C:/ST/STM32CubeIDE_1.19.0/STM32CubeIDE/plugins/com.st.stm32cube.ide.mcu.externaltools.gnu-tools-for-stm32.13.3.rel1.win32_1.0.0.202411081344/tools/bin/../lib/gcc/arm-none-eabi/13.3.1/thumb/v7e-m+fp/hard/crtbegin.o
 .text          0x080001d0       0xa0 C:/ST/STM32CubeIDE_1.19.0/STM32CubeIDE/plugins/com.st.stm32cube.ide.mcu.externaltools.gnu-tools-for-stm32.13.3.rel1.win32_1.0.0.202411081344/tools/bin/../lib/gcc/arm-none-eabi/13.3.1/../../../../arm-none-eabi/lib/thumb/v7e-m+fp/hard\libc_nano.a(libc_a-memchr.o)
                0x080001d0                memchr
 .text          0x08000270       0x10 C:/ST/STM32CubeIDE_1.19.0/STM32CubeIDE/plugins/com.st.stm32cube.ide.mcu.externaltools.gnu-tools-for-stm32.13.3.rel1.win32_1.0.0.202411081344/tools/bin/../lib/gcc/arm-none-eabi/13.3.1/../../../../arm-none-eabi/lib/thumb/v7e-m+fp/hard\libc_nano.a(libc_a-strlen.o)
                0x08000270                strlen
 .text          0x08000280      0x378 C:/ST/STM32CubeIDE_1.19.0/STM32CubeIDE/plugins/com.st.stm32cube.ide.mcu.externaltools.gnu-tools-for-stm32.13.3.rel1.win32_1.0.0.202411081344/tools/bin/../lib/gcc/arm-none-eabi/13.3.1/thumb/v7e-m+fp/hard\libgcc.a(_arm_addsubdf3.o)
                0x08000280                __aeabi_drsub
                0x08000288                __aeabi_dsub
                0x08000288                __subdf3
                0x0800028c                __aeabi_dadd
                0x0800028c                __adddf3
                0x08000504                __floatunsidf
                0x08000504                __aeabi_ui2d
                0x08000524                __floatsidf
                0x08000524                __aeabi_i2d
                0x08000548                __aeabi_f2d
                0x08000548                __extendsfdf2
                0x0800058c                __floatundidf
                0x0800058c                __aeabi_ul2d
                0x0800059c                __floatdidf
                0x0800059c                __aeabi_l2d
 .text          0x080005f8      0x424 C:/ST/STM32CubeIDE_1.19.0/STM32CubeIDE/plugins/com.st.stm32cube.ide.mcu.externaltools.gnu-tools-for-stm32.13.3.rel1.win32_1.0.0.202411081344/tools/bin/../lib/gcc/arm-none-eabi/13.3.1/thumb/v7e-m+fp/hard\libgcc.a(_arm_muldivdf3.o)
                0x080005f8                __aeabi_dmul
                0x080005f8                __muldf3
                0x0800084c                __divdf3
                0x0800084c                __aeabi_ddiv
 .text          0x08000a1c      0x110 C:/ST/STM32CubeIDE_1.19.0/STM32CubeIDE/plugins/com.st.stm32cube.ide.mcu.externaltools.gnu-tools-for-stm32.13.3.rel1.win32_1.0.0.202411081344/tools/bin/../lib/gcc/arm-none-eabi/13.3.1/thumb/v7e-m+fp/hard\libgcc.a(_arm_cmpdf2.o)
                0x08000a1c                __gtdf2
                0x08000a1c                __gedf2
                0x08000a24                __ltdf2
                0x08000a24                __ledf2
                0x08000a2c                __nedf2
                0x08000a2c                __eqdf2
                0x08000a2c                __cmpdf2
                0x08000aa8                __aeabi_cdrcmple
                0x08000ab8                __aeabi_cdcmpeq
                0x08000ab8                __aeabi_cdcmple
                0x08000ac8                __aeabi_dcmpeq
                0x08000adc                __aeabi_dcmplt
                0x08000af0                __aeabi_dcmple
                0x08000b04                __aeabi_dcmpge
                0x08000b18                __aeabi_dcmpgt
 .text          0x08000b2c       0x2c C:/ST/STM32CubeIDE_1.19.0/STM32CubeIDE/plugins/com.st.stm32cube.ide.mcu.externaltools.gnu-tools-for-stm32.13.3.rel1.win32_1.0.0.202411081344/tools/bin/../lib/gcc/arm-none-eabi/13.3.1/thumb/v7e-m+fp/hard\libgcc.a(_arm_unorddf2.o)
                0x08000b2c                __unorddf2
                0x08000b2c                __aeabi_dcmpun
 .text          0x08000b58       0x50 C:/ST/STM32CubeIDE_1.19.0/STM32CubeIDE/plugins/com.st.stm32cube.ide.mcu.externaltools.gnu-tools-for-stm32.13.3.rel1.win32_1.0.0.202411081344/tools/bin/../lib/gcc/arm-none-eabi/13.3.1/thumb/v7e-m+fp/hard\libgcc.a(_arm_fixdfsi.o)
                0x08000b58                __aeabi_d2iz
                0x08000b58                __fixdfsi
 .text          0x08000ba8       0x40 C:/ST/STM32CubeIDE_1.19.0/STM32CubeIDE/plugins/com.st.stm32cube.ide.mcu.externaltools.gnu-tools-for-stm32.13.3.rel1.win32_1.0.0.202411081344/tools/bin/../lib/gcc/arm-none-eabi/13.3.1/thumb/v7e-m+fp/hard\libgcc.a(_arm_fixunsdfsi.o)
                0x08000ba8                __aeabi_d2uiz
                0x08000ba8                __fixunsdfsi
 .text          0x08000be8       0xa0 C:/ST/STM32CubeIDE_1.19.0/STM32CubeIDE/plugins/com.st.stm32cube.ide.mcu.externaltools.gnu-tools-for-stm32.13.3.rel1.win32_1.0.0.202411081344/tools/bin/../lib/gcc/arm-none-eabi/13.3.1/thumb/v7e-m+fp/hard\libgcc.a(_arm_truncdfsf2.o)
                0x08000be8                __truncdfsf2
                0x08000be8                __aeabi_d2f
 .text          0x08000c88       0x30 C:/ST/STM32CubeIDE_1.19.0/STM32CubeIDE/plugins/com.st.stm32cube.ide.mcu.externaltools.gnu-tools-for-stm32.13.3.rel1.win32_1.0.0.202411081344/tools/bin/../lib/gcc/arm-none-eabi/13.3.1/thumb/v7e-m+fp/hard\libgcc.a(_aeabi_uldivmod.o)
                0x08000c88                __aeabi_uldivmod
 .text          0x08000cb8       0x30 C:/ST/STM32CubeIDE_1.19.0/STM32CubeIDE/plugins/com.st.stm32cube.ide.mcu.externaltools.gnu-tools-for-stm32.13.3.rel1.win32_1.0.0.202411081344/tools/bin/../lib/gcc/arm-none-eabi/13.3.1/thumb/v7e-m+fp/hard\libgcc.a(_fixdfdi.o)
                0x08000cb8                __fixdfdi
                0x08000cb8                __aeabi_d2lz
 .text          0x08000ce8       0x3c C:/ST/STM32CubeIDE_1.19.0/STM32CubeIDE/plugins/com.st.stm32cube.ide.mcu.externaltools.gnu-tools-for-stm32.13.3.rel1.win32_1.0.0.202411081344/tools/bin/../lib/gcc/arm-none-eabi/13.3.1/thumb/v7e-m+fp/hard\libgcc.a(_fixunsdfdi.o)
                0x08000ce8                __fixunsdfdi
                0x08000ce8                __aeabi_d2ulz
 .text          0x08000d24      0x2f8 C:/ST/STM32CubeIDE_1.19.0/STM32CubeIDE/plugins/com.st.stm32cube.ide.mcu.externaltools.gnu-tools-for-stm32.13.3.rel1.win32_1.0.0.202411081344/tools/bin/../lib/gcc/arm-none-eabi/13.3.1/thumb/v7e-m+fp/hard\libgcc.a(_udivmoddi4.o)
                0x08000d24                __udivmoddi4
 .text          0x0800101c        0x4 C:/ST/STM32CubeIDE_1.19.0/STM32CubeIDE/plugins/com.st.stm32cube.ide.mcu.externaltools.gnu-tools-for-stm32.13.3.rel1.win32_1.0.0.202411081344/tools/bin/../lib/gcc/arm-none-eabi/13.3.1/thumb/v7e-m+fp/hard\libgcc.a(_dvmd_tls.o)
                0x0800101c                __aeabi_idiv0
                0x0800101c                __aeabi_ldiv0
 *(.text*)
 .text.ps2_start_comm
                0x08001020       0x20 ./Core/Src/PS2_controller.o
 .text.ps2_stop_comm
                0x08001040       0x20 ./Core/Src/PS2_controller.o
 .text.is_button_pressed
                0x08001060       0x30 ./Core/Src/PS2_controller.o
                0x08001060                is_button_pressed
 .text.clampf   0x08001090       0x52 ./Core/Src/PS2_controller.o
 *fill*         0x080010e2        0x2 
 .text.joystick_norm
                0x080010e4       0x50 ./Core/Src/PS2_controller.o
                0x080010e4                joystick_norm
 .text.PS2_init
                0x08001134       0xe8 ./Core/Src/PS2_controller.o
                0x08001134                PS2_init
 .text.PS2_update
                0x0800121c      0x118 ./Core/Src/PS2_controller.o
                0x0800121c                PS2_update
 .text.ps2_xfer
                0x08001334       0x90 ./Core/Src/PS2_controller.o
 .text.ps2_poll
                0x080013c4       0xa4 ./Core/Src/PS2_controller.o
                0x080013c4                ps2_poll
 .text.update_speed
                0x08001468      0x278 ./Core/Src/PS2_controller.o
                0x08001468                update_speed
 .text.ps2_vibration
                0x080016e0       0x70 ./Core/Src/PS2_controller.o
                0x080016e0                ps2_vibration
 .text.apply_deadzone
                0x08001750       0x98 ./Core/Src/PS2_controller.o
 .text.Host_ros_init
                0x080017e8       0x4c ./Core/Src/agv_app.o
                0x080017e8                Host_ros_init
 .text.Motor_blvr_init
                0x08001834       0xb4 ./Core/Src/agv_app.o
                0x08001834                Motor_blvr_init
 .text.Kinematic_Mecanum_init
                0x080018e8       0x64 ./Core/Src/agv_app.o
                0x080018e8                Kinematic_Mecanum_init
 .text.Control_pid_init
                0x0800194c       0x78 ./Core/Src/agv_app.o
                0x0800194c                Control_pid_init
 .text.Agv_garmin_init
                0x080019c4       0x40 ./Core/Src/agv_app.o
                0x080019c4                Agv_garmin_init
 .text.MX_CAN1_Init
                0x08001a04       0x68 ./Core/Src/can.o
                0x08001a04                MX_CAN1_Init
 .text.HAL_CAN_MspInit
                0x08001a6c       0x90 ./Core/Src/can.o
                0x08001a6c                HAL_CAN_MspInit
 .text.MX_DMA_Init
                0x08001afc       0x50 ./Core/Src/dma.o
                0x08001afc                MX_DMA_Init
 .text.MX_FREERTOS_Init
                0x08001b4c       0xcc ./Core/Src/freertos.o
                0x08001b4c                MX_FREERTOS_Init
 .text.StartDefaultTask
                0x08001c18       0x10 ./Core/Src/freertos.o
                0x08001c18                StartDefaultTask
 .text.AGV_attach_core_task
                0x08001c28       0x2c ./Core/Src/freertos.o
                0x08001c28                AGV_attach_core_task
 .text.AgvHeartbeatTask
                0x08001c54       0x50 ./Core/Src/freertos.o
                0x08001c54                AgvHeartbeatTask
 .text.AgvSendOdomTask
                0x08001ca4       0x7c ./Core/Src/freertos.o
                0x08001ca4                AgvSendOdomTask
 .text.AgvHostMsgCallbackTask
                0x08001d20       0x2c ./Core/Src/freertos.o
                0x08001d20                AgvHostMsgCallbackTask
 .text.joystickTask
                0x08001d4c      0x10c ./Core/Src/freertos.o
                0x08001d4c                joystickTask
 .text.AgvMotorIoTask
                0x08001e58       0x44 ./Core/Src/freertos.o
                0x08001e58                AgvMotorIoTask
 .text.AgvBodyControlTask
                0x08001e9c       0x44 ./Core/Src/freertos.o
                0x08001e9c                AgvBodyControlTask
 .text.MX_GPIO_Init
                0x08001ee0      0x16c ./Core/Src/gpio.o
                0x08001ee0                MX_GPIO_Init
 .text.MX_I2C1_Init
                0x0800204c       0x5c ./Core/Src/i2c.o
                0x0800204c                MX_I2C1_Init
 .text.HAL_I2C_MspInit
                0x080020a8       0x90 ./Core/Src/i2c.o
                0x080020a8                HAL_I2C_MspInit
 .text.ITM_SendChar
                0x08002138       0x4e ./Core/Src/main.o
 *fill*         0x08002186        0x2 
 .text.main     0x08002188       0x7c ./Core/Src/main.o
                0x08002188                main
 .text.SystemClock_Config
                0x08002204       0xd4 ./Core/Src/main.o
                0x08002204                SystemClock_Config
 .text._write   0x080022d8       0x38 ./Core/Src/main.o
                0x080022d8                _write
 .text.HAL_TIM_PeriodElapsedCallback
                0x08002310       0x24 ./Core/Src/main.o
                0x08002310                HAL_TIM_PeriodElapsedCallback
 .text.Error_Handler
                0x08002334        0xc ./Core/Src/main.o
                0x08002334                Error_Handler
 .text.MX_SPI2_Init
                0x08002340       0x6c ./Core/Src/spi.o
                0x08002340                MX_SPI2_Init
 .text.HAL_SPI_MspInit
                0x080023ac       0x90 ./Core/Src/spi.o
                0x080023ac                HAL_SPI_MspInit
 .text.HAL_MspInit
                0x0800243c       0x58 ./Core/Src/stm32f4xx_hal_msp.o
                0x0800243c                HAL_MspInit
 .text.HAL_InitTick
                0x08002494       0xf8 ./Core/Src/stm32f4xx_hal_timebase_tim.o
                0x08002494                HAL_InitTick
 .text.NMI_Handler
                0x0800258c        0x8 ./Core/Src/stm32f4xx_it.o
                0x0800258c                NMI_Handler
 .text.HardFault_Handler
                0x08002594        0x8 ./Core/Src/stm32f4xx_it.o
                0x08002594                HardFault_Handler
 .text.MemManage_Handler
                0x0800259c        0x8 ./Core/Src/stm32f4xx_it.o
                0x0800259c                MemManage_Handler
 .text.BusFault_Handler
                0x080025a4        0x8 ./Core/Src/stm32f4xx_it.o
                0x080025a4                BusFault_Handler
 .text.UsageFault_Handler
                0x080025ac        0x8 ./Core/Src/stm32f4xx_it.o
                0x080025ac                UsageFault_Handler
 .text.DebugMon_Handler
                0x080025b4        0xe ./Core/Src/stm32f4xx_it.o
                0x080025b4                DebugMon_Handler
 *fill*         0x080025c2        0x2 
 .text.DMA1_Stream1_IRQHandler
                0x080025c4       0x14 ./Core/Src/stm32f4xx_it.o
                0x080025c4                DMA1_Stream1_IRQHandler
 .text.DMA1_Stream5_IRQHandler
                0x080025d8       0x14 ./Core/Src/stm32f4xx_it.o
                0x080025d8                DMA1_Stream5_IRQHandler
 .text.USART2_IRQHandler
                0x080025ec       0x14 ./Core/Src/stm32f4xx_it.o
                0x080025ec                USART2_IRQHandler
 .text.USART3_IRQHandler
                0x08002600       0x14 ./Core/Src/stm32f4xx_it.o
                0x08002600                USART3_IRQHandler
 .text.TIM6_DAC_IRQHandler
                0x08002614       0x14 ./Core/Src/stm32f4xx_it.o
                0x08002614                TIM6_DAC_IRQHandler
 .text._getpid  0x08002628       0x10 ./Core/Src/syscalls.o
                0x08002628                _getpid
 .text._kill    0x08002638       0x20 ./Core/Src/syscalls.o
                0x08002638                _kill
 .text._exit    0x08002658       0x16 ./Core/Src/syscalls.o
                0x08002658                _exit
 .text._read    0x0800266e       0x3a ./Core/Src/syscalls.o
                0x0800266e                _read
 .text._close   0x080026a8       0x18 ./Core/Src/syscalls.o
                0x080026a8                _close
 .text._fstat   0x080026c0       0x20 ./Core/Src/syscalls.o
                0x080026c0                _fstat
 .text._isatty  0x080026e0       0x16 ./Core/Src/syscalls.o
                0x080026e0                _isatty
 .text._lseek   0x080026f6       0x1a ./Core/Src/syscalls.o
                0x080026f6                _lseek
 .text._sbrk    0x08002710       0x6c ./Core/Src/sysmem.o
                0x08002710                _sbrk
 .text.SystemInit
                0x0800277c       0x24 ./Core/Src/system_stm32f4xx.o
                0x0800277c                SystemInit
 .text.MX_USART2_UART_Init
                0x080027a0       0x54 ./Core/Src/usart.o
                0x080027a0                MX_USART2_UART_Init
 .text.MX_USART3_UART_Init
                0x080027f4       0x58 ./Core/Src/usart.o
                0x080027f4                MX_USART3_UART_Init
 .text.MX_USART6_UART_Init
                0x0800284c       0x54 ./Core/Src/usart.o
                0x0800284c                MX_USART6_UART_Init
 .text.HAL_UART_MspInit
                0x080028a0      0x254 ./Core/Src/usart.o
                0x080028a0                HAL_UART_MspInit
 .text.Reset_Handler
                0x08002af4       0x50 ./Core/Startup/startup_stm32f407vgtx.o
                0x08002af4                Reset_Handler
 .text.Default_Handler
                0x08002b44        0x2 ./Core/Startup/startup_stm32f407vgtx.o
                0x08002b44                RTC_Alarm_IRQHandler
                0x08002b44                HASH_RNG_IRQHandler
                0x08002b44                EXTI2_IRQHandler
                0x08002b44                TIM8_CC_IRQHandler
                0x08002b44                TIM1_CC_IRQHandler
                0x08002b44                DMA2_Stream5_IRQHandler
                0x08002b44                PVD_IRQHandler
                0x08002b44                SDIO_IRQHandler
                0x08002b44                TAMP_STAMP_IRQHandler
                0x08002b44                CAN2_RX1_IRQHandler
                0x08002b44                EXTI3_IRQHandler
                0x08002b44                TIM8_TRG_COM_TIM14_IRQHandler
                0x08002b44                TIM1_UP_TIM10_IRQHandler
                0x08002b44                TIM8_UP_TIM13_IRQHandler
                0x08002b44                I2C3_ER_IRQHandler
                0x08002b44                EXTI0_IRQHandler
                0x08002b44                I2C2_EV_IRQHandler
                0x08002b44                DMA1_Stream2_IRQHandler
                0x08002b44                CAN1_RX0_IRQHandler
                0x08002b44                FPU_IRQHandler
                0x08002b44                OTG_HS_WKUP_IRQHandler
                0x08002b44                CAN2_SCE_IRQHandler
                0x08002b44                DMA2_Stream2_IRQHandler
                0x08002b44                SPI1_IRQHandler
                0x08002b44                TIM1_BRK_TIM9_IRQHandler
                0x08002b44                DCMI_IRQHandler
                0x08002b44                CAN2_RX0_IRQHandler
                0x08002b44                DMA2_Stream3_IRQHandler
                0x08002b44                USART6_IRQHandler
                0x08002b44                CAN1_RX1_IRQHandler
                0x08002b44                UART5_IRQHandler
                0x08002b44                DMA2_Stream0_IRQHandler
                0x08002b44                TIM4_IRQHandler
                0x08002b44                I2C1_EV_IRQHandler
                0x08002b44                DMA1_Stream6_IRQHandler
                0x08002b44                UART4_IRQHandler
                0x08002b44                TIM3_IRQHandler
                0x08002b44                RCC_IRQHandler
                0x08002b44                TIM8_BRK_TIM12_IRQHandler
                0x08002b44                Default_Handler
                0x08002b44                EXTI15_10_IRQHandler
                0x08002b44                ADC_IRQHandler
                0x08002b44                DMA1_Stream7_IRQHandler
                0x08002b44                TIM7_IRQHandler
                0x08002b44                CAN2_TX_IRQHandler
                0x08002b44                TIM5_IRQHandler
                0x08002b44                DMA2_Stream7_IRQHandler
                0x08002b44                I2C3_EV_IRQHandler
                0x08002b44                EXTI9_5_IRQHandler
                0x08002b44                RTC_WKUP_IRQHandler
                0x08002b44                ETH_WKUP_IRQHandler
                0x08002b44                SPI2_IRQHandler
                0x08002b44                OTG_HS_EP1_IN_IRQHandler
                0x08002b44                DMA1_Stream0_IRQHandler
                0x08002b44                CAN1_TX_IRQHandler
                0x08002b44                EXTI4_IRQHandler
                0x08002b44                FSMC_IRQHandler
                0x08002b44                ETH_IRQHandler
                0x08002b44                OTG_HS_EP1_OUT_IRQHandler
                0x08002b44                WWDG_IRQHandler
                0x08002b44                TIM2_IRQHandler
                0x08002b44                OTG_FS_WKUP_IRQHandler
                0x08002b44                TIM1_TRG_COM_TIM11_IRQHandler
                0x08002b44                OTG_HS_IRQHandler
                0x08002b44                EXTI1_IRQHandler
                0x08002b44                I2C2_ER_IRQHandler
                0x08002b44                DMA2_Stream1_IRQHandler
                0x08002b44                CAN1_SCE_IRQHandler
                0x08002b44                FLASH_IRQHandler
                0x08002b44                DMA2_Stream4_IRQHandler
                0x08002b44                USART1_IRQHandler
                0x08002b44                OTG_FS_IRQHandler
                0x08002b44                SPI3_IRQHandler
                0x08002b44                DMA1_Stream4_IRQHandler
                0x08002b44                I2C1_ER_IRQHandler
                0x08002b44                DMA2_Stream6_IRQHandler
                0x08002b44                DMA1_Stream3_IRQHandler
 .text.stm32_lock_init
                0x08002b46       0x22 ./Core/ThreadSafe/newlib_lock_glue.o
 .text.stm32_lock_acquire
                0x08002b68       0x3e ./Core/ThreadSafe/newlib_lock_glue.o
 .text.stm32_lock_release
                0x08002ba6       0x3e ./Core/ThreadSafe/newlib_lock_glue.o
 .text.__retarget_lock_init_recursive
                0x08002be4       0x4e ./Core/ThreadSafe/newlib_lock_glue.o
                0x08002be4                __retarget_lock_init_recursive
 .text.__retarget_lock_acquire_recursive
                0x08002c32       0x2a ./Core/ThreadSafe/newlib_lock_glue.o
                0x08002c32                __retarget_lock_acquire_recursive
 .text.__retarget_lock_release_recursive
                0x08002c5c       0x2a ./Core/ThreadSafe/newlib_lock_glue.o
                0x08002c5c                __retarget_lock_release_recursive
 *fill*         0x08002c86        0x2 
 .text.HAL_Init
                0x08002c88       0x44 ./Drivers/STM32F4xx_HAL_Driver/Src/stm32f4xx_hal.o
                0x08002c88                HAL_Init
 .text.HAL_IncTick
                0x08002ccc       0x28 ./Drivers/STM32F4xx_HAL_Driver/Src/stm32f4xx_hal.o
                0x08002ccc                HAL_IncTick
 .text.HAL_GetTick
                0x08002cf4       0x18 ./Drivers/STM32F4xx_HAL_Driver/Src/stm32f4xx_hal.o
                0x08002cf4                HAL_GetTick
 .text.HAL_CAN_Init
                0x08002d0c      0x1f6 ./Drivers/STM32F4xx_HAL_Driver/Src/stm32f4xx_hal_can.o
                0x08002d0c                HAL_CAN_Init
 *fill*         0x08002f02        0x2 
 .text.__NVIC_SetPriorityGrouping
                0x08002f04       0x48 ./Drivers/STM32F4xx_HAL_Driver/Src/stm32f4xx_hal_cortex.o
 .text.__NVIC_GetPriorityGrouping
                0x08002f4c       0x1c ./Drivers/STM32F4xx_HAL_Driver/Src/stm32f4xx_hal_cortex.o
 .text.__NVIC_EnableIRQ
                0x08002f68       0x3c ./Drivers/STM32F4xx_HAL_Driver/Src/stm32f4xx_hal_cortex.o
 .text.__NVIC_SetPriority
                0x08002fa4       0x54 ./Drivers/STM32F4xx_HAL_Driver/Src/stm32f4xx_hal_cortex.o
 .text.NVIC_EncodePriority
                0x08002ff8       0x66 ./Drivers/STM32F4xx_HAL_Driver/Src/stm32f4xx_hal_cortex.o
 .text.HAL_NVIC_SetPriorityGrouping
                0x0800305e       0x16 ./Drivers/STM32F4xx_HAL_Driver/Src/stm32f4xx_hal_cortex.o
                0x0800305e                HAL_NVIC_SetPriorityGrouping
 .text.HAL_NVIC_SetPriority
                0x08003074       0x38 ./Drivers/STM32F4xx_HAL_Driver/Src/stm32f4xx_hal_cortex.o
                0x08003074                HAL_NVIC_SetPriority
 .text.HAL_NVIC_EnableIRQ
                0x080030ac       0x1c ./Drivers/STM32F4xx_HAL_Driver/Src/stm32f4xx_hal_cortex.o
                0x080030ac                HAL_NVIC_EnableIRQ
 .text.HAL_DMA_Init
                0x080030c8      0x15c ./Drivers/STM32F4xx_HAL_Driver/Src/stm32f4xx_hal_dma.o
                0x080030c8                HAL_DMA_Init
 .text.HAL_DMA_Start_IT
                0x08003224       0xb0 ./Drivers/STM32F4xx_HAL_Driver/Src/stm32f4xx_hal_dma.o
                0x08003224                HAL_DMA_Start_IT
 .text.HAL_DMA_Abort
                0x080032d4       0xe0 ./Drivers/STM32F4xx_HAL_Driver/Src/stm32f4xx_hal_dma.o
                0x080032d4                HAL_DMA_Abort
 .text.HAL_DMA_Abort_IT
                0x080033b4       0x44 ./Drivers/STM32F4xx_HAL_Driver/Src/stm32f4xx_hal_dma.o
                0x080033b4                HAL_DMA_Abort_IT
 .text.HAL_DMA_IRQHandler
                0x080033f8      0x314 ./Drivers/STM32F4xx_HAL_Driver/Src/stm32f4xx_hal_dma.o
                0x080033f8                HAL_DMA_IRQHandler
 .text.HAL_DMA_GetError
                0x0800370c       0x18 ./Drivers/STM32F4xx_HAL_Driver/Src/stm32f4xx_hal_dma.o
                0x0800370c                HAL_DMA_GetError
 .text.DMA_SetConfig
                0x08003724       0x5c ./Drivers/STM32F4xx_HAL_Driver/Src/stm32f4xx_hal_dma.o
 .text.DMA_CalcBaseAndBitshift
                0x08003780       0x6c ./Drivers/STM32F4xx_HAL_Driver/Src/stm32f4xx_hal_dma.o
 .text.DMA_CheckFifoParam
                0x080037ec       0xf8 ./Drivers/STM32F4xx_HAL_Driver/Src/stm32f4xx_hal_dma.o
 .text.HAL_GPIO_Init
                0x080038e4      0x338 ./Drivers/STM32F4xx_HAL_Driver/Src/stm32f4xx_hal_gpio.o
                0x080038e4                HAL_GPIO_Init
 .text.HAL_GPIO_WritePin
                0x08003c1c       0x32 ./Drivers/STM32F4xx_HAL_Driver/Src/stm32f4xx_hal_gpio.o
                0x08003c1c                HAL_GPIO_WritePin
 .text.HAL_GPIO_TogglePin
                0x08003c4e       0x34 ./Drivers/STM32F4xx_HAL_Driver/Src/stm32f4xx_hal_gpio.o
                0x08003c4e                HAL_GPIO_TogglePin
 *fill*         0x08003c82        0x2 
 .text.HAL_I2C_Init
                0x08003c84      0x288 ./Drivers/STM32F4xx_HAL_Driver/Src/stm32f4xx_hal_i2c.o
                0x08003c84                HAL_I2C_Init
 .text.HAL_RCC_OscConfig
                0x08003f0c      0x4f0 ./Drivers/STM32F4xx_HAL_Driver/Src/stm32f4xx_hal_rcc.o
                0x08003f0c                HAL_RCC_OscConfig
 .text.HAL_RCC_ClockConfig
                0x080043fc      0x1cc ./Drivers/STM32F4xx_HAL_Driver/Src/stm32f4xx_hal_rcc.o
                0x080043fc                HAL_RCC_ClockConfig
 .text.HAL_RCC_GetSysClockFreq
                0x080045c8      0x20c ./Drivers/STM32F4xx_HAL_Driver/Src/stm32f4xx_hal_rcc.o
                0x080045c8                HAL_RCC_GetSysClockFreq
 .text.HAL_RCC_GetHCLKFreq
                0x080047d4       0x18 ./Drivers/STM32F4xx_HAL_Driver/Src/stm32f4xx_hal_rcc.o
                0x080047d4                HAL_RCC_GetHCLKFreq
 .text.HAL_RCC_GetPCLK1Freq
                0x080047ec       0x28 ./Drivers/STM32F4xx_HAL_Driver/Src/stm32f4xx_hal_rcc.o
                0x080047ec                HAL_RCC_GetPCLK1Freq
 .text.HAL_RCC_GetPCLK2Freq
                0x08004814       0x28 ./Drivers/STM32F4xx_HAL_Driver/Src/stm32f4xx_hal_rcc.o
                0x08004814                HAL_RCC_GetPCLK2Freq
 .text.HAL_RCC_GetClockConfig
                0x0800483c       0x64 ./Drivers/STM32F4xx_HAL_Driver/Src/stm32f4xx_hal_rcc.o
                0x0800483c                HAL_RCC_GetClockConfig
 .text.HAL_SPI_Init
                0x080048a0      0x112 ./Drivers/STM32F4xx_HAL_Driver/Src/stm32f4xx_hal_spi.o
                0x080048a0                HAL_SPI_Init
 .text.HAL_SPI_TransmitReceive
                0x080049b2      0x352 ./Drivers/STM32F4xx_HAL_Driver/Src/stm32f4xx_hal_spi.o
                0x080049b2                HAL_SPI_TransmitReceive
 .text.SPI_WaitFlagStateUntilTimeout
                0x08004d04      0x110 ./Drivers/STM32F4xx_HAL_Driver/Src/stm32f4xx_hal_spi.o
 .text.SPI_EndRxTxTransaction
                0x08004e14       0xa8 ./Drivers/STM32F4xx_HAL_Driver/Src/stm32f4xx_hal_spi.o
 .text.HAL_TIM_Base_Init
                0x08004ebc       0x9e ./Drivers/STM32F4xx_HAL_Driver/Src/stm32f4xx_hal_tim.o
                0x08004ebc                HAL_TIM_Base_Init
 .text.HAL_TIM_Base_MspInit
                0x08004f5a       0x14 ./Drivers/STM32F4xx_HAL_Driver/Src/stm32f4xx_hal_tim.o
                0x08004f5a                HAL_TIM_Base_MspInit
 *fill*         0x08004f6e        0x2 
 .text.HAL_TIM_Base_Start_IT
                0x08004f70       0xe0 ./Drivers/STM32F4xx_HAL_Driver/Src/stm32f4xx_hal_tim.o
                0x08004f70                HAL_TIM_Base_Start_IT
 .text.HAL_TIM_IRQHandler
                0x08005050      0x1e0 ./Drivers/STM32F4xx_HAL_Driver/Src/stm32f4xx_hal_tim.o
                0x08005050                HAL_TIM_IRQHandler
 .text.HAL_TIM_OC_DelayElapsedCallback
                0x08005230       0x14 ./Drivers/STM32F4xx_HAL_Driver/Src/stm32f4xx_hal_tim.o
                0x08005230                HAL_TIM_OC_DelayElapsedCallback
 .text.HAL_TIM_IC_CaptureCallback
                0x08005244       0x14 ./Drivers/STM32F4xx_HAL_Driver/Src/stm32f4xx_hal_tim.o
                0x08005244                HAL_TIM_IC_CaptureCallback
 .text.HAL_TIM_PWM_PulseFinishedCallback
                0x08005258       0x14 ./Drivers/STM32F4xx_HAL_Driver/Src/stm32f4xx_hal_tim.o
                0x08005258                HAL_TIM_PWM_PulseFinishedCallback
 .text.HAL_TIM_TriggerCallback
                0x0800526c       0x14 ./Drivers/STM32F4xx_HAL_Driver/Src/stm32f4xx_hal_tim.o
                0x0800526c                HAL_TIM_TriggerCallback
 .text.TIM_Base_SetConfig
                0x08005280      0x14c ./Drivers/STM32F4xx_HAL_Driver/Src/stm32f4xx_hal_tim.o
                0x08005280                TIM_Base_SetConfig
 .text.HAL_TIMEx_CommutCallback
                0x080053cc       0x14 ./Drivers/STM32F4xx_HAL_Driver/Src/stm32f4xx_hal_tim_ex.o
                0x080053cc                HAL_TIMEx_CommutCallback
 .text.HAL_TIMEx_BreakCallback
                0x080053e0       0x14 ./Drivers/STM32F4xx_HAL_Driver/Src/stm32f4xx_hal_tim_ex.o
                0x080053e0                HAL_TIMEx_BreakCallback
 .text.HAL_UART_Init
                0x080053f4       0xa0 ./Drivers/STM32F4xx_HAL_Driver/Src/stm32f4xx_hal_uart.o
                0x080053f4                HAL_UART_Init
 .text.HAL_UART_Transmit
                0x08005494      0x116 ./Drivers/STM32F4xx_HAL_Driver/Src/stm32f4xx_hal_uart.o
                0x08005494                HAL_UART_Transmit
 .text.HAL_UART_Receive
                0x080055aa      0x12e ./Drivers/STM32F4xx_HAL_Driver/Src/stm32f4xx_hal_uart.o
                0x080055aa                HAL_UART_Receive
 .text.HAL_UARTEx_ReceiveToIdle_DMA
                0x080056d8       0xb2 ./Drivers/STM32F4xx_HAL_Driver/Src/stm32f4xx_hal_uart.o
                0x080056d8                HAL_UARTEx_ReceiveToIdle_DMA
 .text.HAL_UART_AbortTransmit
                0x0800578a       0xd0 ./Drivers/STM32F4xx_HAL_Driver/Src/stm32f4xx_hal_uart.o
                0x0800578a                HAL_UART_AbortTransmit
 *fill*         0x0800585a        0x2 
 .text.HAL_UART_IRQHandler
                0x0800585c      0x554 ./Drivers/STM32F4xx_HAL_Driver/Src/stm32f4xx_hal_uart.o
                0x0800585c                HAL_UART_IRQHandler
 .text.HAL_UART_TxCpltCallback
                0x08005db0       0x14 ./Drivers/STM32F4xx_HAL_Driver/Src/stm32f4xx_hal_uart.o
                0x08005db0                HAL_UART_TxCpltCallback
 .text.HAL_UART_RxCpltCallback
                0x08005dc4       0x14 ./Drivers/STM32F4xx_HAL_Driver/Src/stm32f4xx_hal_uart.o
                0x08005dc4                HAL_UART_RxCpltCallback
 .text.HAL_UART_RxHalfCpltCallback
                0x08005dd8       0x14 ./Drivers/STM32F4xx_HAL_Driver/Src/stm32f4xx_hal_uart.o
                0x08005dd8                HAL_UART_RxHalfCpltCallback
 .text.HAL_UART_ErrorCallback
                0x08005dec       0x14 ./Drivers/STM32F4xx_HAL_Driver/Src/stm32f4xx_hal_uart.o
                0x08005dec                HAL_UART_ErrorCallback
 .text.UART_DMAReceiveCplt
                0x08005e00      0x12c ./Drivers/STM32F4xx_HAL_Driver/Src/stm32f4xx_hal_uart.o
 .text.UART_DMARxHalfCplt
                0x08005f2c       0x3c ./Drivers/STM32F4xx_HAL_Driver/Src/stm32f4xx_hal_uart.o
 .text.UART_DMAError
                0x08005f68       0x94 ./Drivers/STM32F4xx_HAL_Driver/Src/stm32f4xx_hal_uart.o
 .text.UART_WaitOnFlagUntilTimeout
                0x08005ffc       0xb2 ./Drivers/STM32F4xx_HAL_Driver/Src/stm32f4xx_hal_uart.o
 *fill*         0x080060ae        0x2 
 .text.UART_Start_Receive_DMA
                0x080060b0      0x14c ./Drivers/STM32F4xx_HAL_Driver/Src/stm32f4xx_hal_uart.o
                0x080060b0                UART_Start_Receive_DMA
 .text.UART_EndTxTransfer
                0x080061fc       0x50 ./Drivers/STM32F4xx_HAL_Driver/Src/stm32f4xx_hal_uart.o
 .text.UART_EndRxTransfer
                0x0800624c       0xc6 ./Drivers/STM32F4xx_HAL_Driver/Src/stm32f4xx_hal_uart.o
 .text.UART_DMAAbortOnError
                0x08006312       0x22 ./Drivers/STM32F4xx_HAL_Driver/Src/stm32f4xx_hal_uart.o
 .text.UART_Transmit_IT
                0x08006334       0xa0 ./Drivers/STM32F4xx_HAL_Driver/Src/stm32f4xx_hal_uart.o
 .text.UART_EndTransmit_IT
                0x080063d4       0x30 ./Drivers/STM32F4xx_HAL_Driver/Src/stm32f4xx_hal_uart.o
 .text.UART_Receive_IT
                0x08006404      0x17c ./Drivers/STM32F4xx_HAL_Driver/Src/stm32f4xx_hal_uart.o
 .text.UART_SetConfig
                0x08006580      0x4e8 ./Drivers/STM32F4xx_HAL_Driver/Src/stm32f4xx_hal_uart.o
 .text.Format_modbus_create
                0x08006a68       0xb4 ./Middlewares/Third_Party/Agv/Communication_pack/src/format/modbus_rtu_format.o
                0x08006a68                Format_modbus_create
 .text.modbusFmt_destroy
                0x08006b1c       0x66 ./Middlewares/Third_Party/Agv/Communication_pack/src/format/modbus_rtu_format.o
 *fill*         0x08006b82        0x2 
 .text.modbusFmt_feed_bytes
                0x08006b84      0x194 ./Middlewares/Third_Party/Agv/Communication_pack/src/format/modbus_rtu_format.o
 .text.modbusFmt_pop_payload
                0x08006d18       0x7e ./Middlewares/Third_Party/Agv/Communication_pack/src/format/modbus_rtu_format.o
 .text.modbusFmt_make_frame
                0x08006d96       0xa6 ./Middlewares/Third_Party/Agv/Communication_pack/src/format/modbus_rtu_format.o
 .text.modbusFmt_reset
                0x08006e3c       0x4c ./Middlewares/Third_Party/Agv/Communication_pack/src/format/modbus_rtu_format.o
 .text.modbusFmt_set_check_item
                0x08006e88       0x54 ./Middlewares/Third_Party/Agv/Communication_pack/src/format/modbus_rtu_format.o
                0x08006e88                modbusFmt_set_check_item
 .text.modbus_crc16
                0x08006edc       0x78 ./Middlewares/Third_Party/Agv/Communication_pack/src/format/modbus_rtu_format.o
                0x08006edc                modbus_crc16
 .text.Format_ros_create
                0x08006f54       0xac ./Middlewares/Third_Party/Agv/Communication_pack/src/format/ros_format.o
                0x08006f54                Format_ros_create
 .text.rosFmt_destroy
                0x08007000       0x6a ./Middlewares/Third_Party/Agv/Communication_pack/src/format/ros_format.o
 *fill*         0x0800706a        0x2 
 .text.rosFmt_feed_bytes
                0x0800706c      0x2b4 ./Middlewares/Third_Party/Agv/Communication_pack/src/format/ros_format.o
 .text.rosFmt_pop_payload
                0x08007320       0x7e ./Middlewares/Third_Party/Agv/Communication_pack/src/format/ros_format.o
 .text.rosFmt_make_frame
                0x0800739e      0x126 ./Middlewares/Third_Party/Agv/Communication_pack/src/format/ros_format.o
 .text.crc8_compute
                0x080074c4       0x76 ./Middlewares/Third_Party/Agv/Communication_pack/src/format/ros_format.o
                0x080074c4                crc8_compute
 *fill*         0x0800753a        0x2 
 .text.UartIsr_Register
                0x0800753c       0x98 ./Middlewares/Third_Party/Agv/Communication_pack/src/link/uart_isr_register.o
                0x0800753c                UartIsr_Register
 .text.HAL_UARTEx_RxEventCallback
                0x080075d4       0x9c ./Middlewares/Third_Party/Agv/Communication_pack/src/link/uart_isr_register.o
                0x080075d4                HAL_UARTEx_RxEventCallback
 .text.Link_uart_rs485_create
                0x08007670      0x1cc ./Middlewares/Third_Party/Agv/Communication_pack/src/link/uart_rs485.o
                0x08007670                Link_uart_rs485_create
 .text.LnkRs485_destroy
                0x0800783c       0x9a ./Middlewares/Third_Party/Agv/Communication_pack/src/link/uart_rs485.o
 .text.LnkRs485_send_bytes
                0x080078d6       0xac ./Middlewares/Third_Party/Agv/Communication_pack/src/link/uart_rs485.o
 *fill*         0x08007982        0x2 
 .text.LnkRs485_recv_bytes
                0x08007984       0xcc ./Middlewares/Third_Party/Agv/Communication_pack/src/link/uart_rs485.o
 .text.LnkRs485_pop_rx_queue
                0x08007a50      0x114 ./Middlewares/Third_Party/Agv/Communication_pack/src/link/uart_rs485.o
 .text.LnkRs485_idle_handler
                0x08007b64       0x58 ./Middlewares/Third_Party/Agv/Communication_pack/src/link/uart_rs485.o
 .text.LnkRs485_on_rx_rcv
                0x08007bbc      0x134 ./Middlewares/Third_Party/Agv/Communication_pack/src/link/uart_rs485.o
                0x08007bbc                LnkRs485_on_rx_rcv
 .text.set_tx_mode
                0x08007cf0       0x3c ./Middlewares/Third_Party/Agv/Communication_pack/src/link/uart_rs485.o
                0x08007cf0                set_tx_mode
 .text.set_rx_mode
                0x08007d2c       0x3c ./Middlewares/Third_Party/Agv/Communication_pack/src/link/uart_rs485.o
                0x08007d2c                set_rx_mode
 .text.Link_uart_ttl_create
                0x08007d68      0x15c ./Middlewares/Third_Party/Agv/Communication_pack/src/link/uart_ttl.o
                0x08007d68                Link_uart_ttl_create
 .text.LnkTtl_destroy
                0x08007ec4       0x82 ./Middlewares/Third_Party/Agv/Communication_pack/src/link/uart_ttl.o
 .text.LnkTtl_send_bytes
                0x08007f46       0x9a ./Middlewares/Third_Party/Agv/Communication_pack/src/link/uart_ttl.o
 .text.LnkTtl_recv_bytes
                0x08007fe0       0x64 ./Middlewares/Third_Party/Agv/Communication_pack/src/link/uart_ttl.o
 .text.LnkTtl_pop_rx_queue
                0x08008044       0xfe ./Middlewares/Third_Party/Agv/Communication_pack/src/link/uart_ttl.o
 .text.LnkTtl_idle_handler
                0x08008142       0x58 ./Middlewares/Third_Party/Agv/Communication_pack/src/link/uart_ttl.o
 *fill*         0x0800819a        0x2 
 .text.LnkTtl_on_rx_rcv
                0x0800819c      0x134 ./Middlewares/Third_Party/Agv/Communication_pack/src/link/uart_ttl.o
                0x0800819c                LnkTtl_on_rx_rcv
 .text.Protocol_blvr_create
                0x080082d0       0x78 ./Middlewares/Third_Party/Agv/Communication_pack/src/protocol/blvr_protocol.o
                0x080082d0                Protocol_blvr_create
 .text.BlvrProto_destroy
                0x08008348       0x4e ./Middlewares/Third_Party/Agv/Communication_pack/src/protocol/blvr_protocol.o
 .text.BlvrProto_feed_payload
                0x08008396      0x218 ./Middlewares/Third_Party/Agv/Communication_pack/src/protocol/blvr_protocol.o
 .text.BlvrProto_pop_msg
                0x080085ae       0x6e ./Middlewares/Third_Party/Agv/Communication_pack/src/protocol/blvr_protocol.o
 .text.BlvrProto_make_payload
                0x0800861c      0x2a0 ./Middlewares/Third_Party/Agv/Communication_pack/src/protocol/blvr_protocol.o
 .text.BlvrProto_get_response_frame_len
                0x080088bc       0x8c ./Middlewares/Third_Party/Agv/Communication_pack/src/protocol/blvr_protocol.o
                0x080088bc                BlvrProto_get_response_frame_len
 .text.put_be32
                0x08008948       0x4e ./Middlewares/Third_Party/Agv/Communication_pack/src/protocol/blvr_protocol.o
 .text.get_be32
                0x08008996       0x62 ./Middlewares/Third_Party/Agv/Communication_pack/src/protocol/blvr_protocol.o
 .text.Protocol_host_create
                0x080089f8       0x70 ./Middlewares/Third_Party/Agv/Communication_pack/src/protocol/host_protocol.o
                0x080089f8                Protocol_host_create
 .text.hostProto_destroy
                0x08008a68       0x52 ./Middlewares/Third_Party/Agv/Communication_pack/src/protocol/host_protocol.o
 .text.hostProto_feed_payload
                0x08008aba       0xfc ./Middlewares/Third_Party/Agv/Communication_pack/src/protocol/host_protocol.o
 .text.hostProto_pop_msg
                0x08008bb6       0x74 ./Middlewares/Third_Party/Agv/Communication_pack/src/protocol/host_protocol.o
 .text.hostProto_make_payload
                0x08008c2a      0x120 ./Middlewares/Third_Party/Agv/Communication_pack/src/protocol/host_protocol.o
 .text.put_f32_le
                0x08008d4a       0x54 ./Middlewares/Third_Party/Agv/Communication_pack/src/protocol/host_protocol.o
                0x08008d4a                put_f32_le
 .text.get_f32_le
                0x08008d9e       0x62 ./Middlewares/Third_Party/Agv/Communication_pack/src/protocol/host_protocol.o
                0x08008d9e                get_f32_le
 .text.Ctrl_pid_create
                0x08008e00      0x130 ./Middlewares/Third_Party/Agv/Control/src/pid.o
                0x08008e00                Ctrl_pid_create
 .text.Ctrl_pid_destroy
                0x08008f30       0x7c ./Middlewares/Third_Party/Agv/Control/src/pid.o
 .text.pid_set_des_vel
                0x08008fac       0x62 ./Middlewares/Third_Party/Agv/Control/src/pid.o
 .text.pid_set_curr_vel
                0x0800900e       0x62 ./Middlewares/Third_Party/Agv/Control/src/pid.o
 .text.pid_get_ctrl_cmd
                0x08009070      0x17c ./Middlewares/Third_Party/Agv/Control/src/pid.o
 .text.pid_virtual_acc
                0x080091ec      0x170 ./Middlewares/Third_Party/Agv/Control/src/pid.o
                0x080091ec                pid_virtual_acc
 .text.AgvCore_step_on_host_msg
                0x0800935c       0x2c ./Middlewares/Third_Party/Agv/Core/src/core.o
                0x0800935c                AgvCore_step_on_host_msg
 .text.AgvCore_step_body_control
                0x08009388       0x80 ./Middlewares/Third_Party/Agv/Core/src/core.o
                0x08009388                AgvCore_step_body_control
 .text.AgvCore_step_motor_io
                0x08009408       0xca ./Middlewares/Third_Party/Agv/Core/src/core.o
                0x08009408                AgvCore_step_motor_io
 .text.AgvCore_set_cmd_vel
                0x080094d2       0xa0 ./Middlewares/Third_Party/Agv/Core/src/core.o
                0x080094d2                AgvCore_set_cmd_vel
 .text.AgvCore_reset_motor
                0x08009572       0x78 ./Middlewares/Third_Party/Agv/Core/src/core.o
                0x08009572                AgvCore_reset_motor
 .text.AgvCore_enable_motor
                0x080095ea       0x3e ./Middlewares/Third_Party/Agv/Core/src/core.o
                0x080095ea                AgvCore_enable_motor
 .text.AgvCore_get_modules_state
                0x08009628       0x3c ./Middlewares/Third_Party/Agv/Core/src/core.o
                0x08009628                AgvCore_get_modules_state
 .text.LOG      0x08009664       0x48 ./Middlewares/Third_Party/Agv/Core/src/utils.o
                0x08009664                LOG
 .text.Agv_garmin_create
                0x080096ac       0x6a ./Middlewares/Third_Party/Agv/Factory/src/agv_factory.o
                0x080096ac                Agv_garmin_create
 .text.Agv_destroy
                0x08009716       0x7e ./Middlewares/Third_Party/Agv/Factory/src/agv_factory.o
                0x08009716                Agv_destroy
 .text.Host_communication_ros_create
                0x08009794      0x1b0 ./Middlewares/Third_Party/Agv/Host_communication/src/ros_host.o
                0x08009794                Host_communication_ros_create
 .text.Host_communication_ros_destroy
                0x08009944       0xac ./Middlewares/Third_Party/Agv/Host_communication/src/ros_host.o
 .text.ros_get_des_vel_from_buf
                0x080099f0       0xb2 ./Middlewares/Third_Party/Agv/Host_communication/src/ros_host.o
 .text.ros_send_odom
                0x08009aa2      0x19a ./Middlewares/Third_Party/Agv/Host_communication/src/ros_host.o
 .text.ros_send_heartbeat
                0x08009c3c       0x16 ./Middlewares/Third_Party/Agv/Host_communication/src/ros_host.o
 .text.ros_process_pending_msg_to_buf
                0x08009c52      0x1f2 ./Middlewares/Third_Party/Agv/Host_communication/src/ros_host.o
 .text.Kinematics_mecanum_create
                0x08009e44       0x80 ./Middlewares/Third_Party/Agv/Kinematics/src/mecanum.o
                0x08009e44                Kinematics_mecanum_create
 .text.Kinematics_mecanum_destroy
                0x08009ec4       0x46 ./Middlewares/Third_Party/Agv/Kinematics/src/mecanum.o
 .text.mecanum_calculate_wheels_vel
                0x08009f0a       0x56 ./Middlewares/Third_Party/Agv/Kinematics/src/mecanum.o
 .text.mecanum_calculate_odom
                0x08009f60       0x80 ./Middlewares/Third_Party/Agv/Kinematics/src/mecanum.o
 .text.forward_kine
                0x08009fe0      0x126 ./Middlewares/Third_Party/Agv/Kinematics/src/mecanum.o
                0x08009fe0                forward_kine
 .text.inverse_kine
                0x0800a106      0x14a ./Middlewares/Third_Party/Agv/Kinematics/src/mecanum.o
                0x0800a106                inverse_kine
 .text.Motors_blvr_create
                0x0800a250      0x300 ./Middlewares/Third_Party/Agv/Motors/src/blvr.o
                0x0800a250                Motors_blvr_create
 .text.Motors_blvr_destroy
                0x0800a550       0xf4 ./Middlewares/Third_Party/Agv/Motors/src/blvr.o
 .text.blvr_reset
                0x0800a644      0x16e ./Middlewares/Third_Party/Agv/Motors/src/blvr.o
 .text.blvr_on_off
                0x0800a7b2      0x172 ./Middlewares/Third_Party/Agv/Motors/src/blvr.o
 .text.blvr_set_des_vel
                0x0800a924       0xce ./Middlewares/Third_Party/Agv/Motors/src/blvr.o
 .text.blvr_get_curr_vel
                0x0800a9f2       0xb6 ./Middlewares/Third_Party/Agv/Motors/src/blvr.o
 .text.blvr_get_curr_ang
                0x0800aaa8       0xb2 ./Middlewares/Third_Party/Agv/Motors/src/blvr.o
 *fill*         0x0800ab5a        0x2 
 .text.blvr_get_state
                0x0800ab5c      0x15c ./Middlewares/Third_Party/Agv/Motors/src/blvr.o
 .text.blvr_read_and_write
                0x0800acb8      0x6f8 ./Middlewares/Third_Party/Agv/Motors/src/blvr.o
 .text.rad_s_to_regVelUnit
                0x0800b3b0       0x4c ./Middlewares/Third_Party/Agv/Motors/src/blvr.o
                0x0800b3b0                rad_s_to_regVelUnit
 .text.regVelUnit_to_rad_s
                0x0800b3fc       0x54 ./Middlewares/Third_Party/Agv/Motors/src/blvr.o
                0x0800b3fc                regVelUnit_to_rad_s
 .text.regAngUnit_to_rad
                0x0800b450       0x50 ./Middlewares/Third_Party/Agv/Motors/src/blvr.o
                0x0800b450                regAngUnit_to_rad
 .text.is_servo_on
                0x0800b4a0       0x24 ./Middlewares/Third_Party/Agv/Motors/src/blvr.o
                0x0800b4a0                is_servo_on
 .text.is_alarm
                0x0800b4c4       0x24 ./Middlewares/Third_Party/Agv/Motors/src/blvr.o
                0x0800b4c4                is_alarm
 .text.__NVIC_SetPriority
                0x0800b4e8       0x54 ./Middlewares/Third_Party/FreeRTOS/Source/CMSIS_RTOS_V2/cmsis_os2.o
 .text.SysTick_Handler
                0x0800b53c       0x20 ./Middlewares/Third_Party/FreeRTOS/Source/CMSIS_RTOS_V2/cmsis_os2.o
                0x0800b53c                SysTick_Handler
 .text.SVC_Setup
                0x0800b55c       0x12 ./Middlewares/Third_Party/FreeRTOS/Source/CMSIS_RTOS_V2/cmsis_os2.o
 *fill*         0x0800b56e        0x2 
 .text.osKernelInitialize
                0x0800b570       0x48 ./Middlewares/Third_Party/FreeRTOS/Source/CMSIS_RTOS_V2/cmsis_os2.o
                0x0800b570                osKernelInitialize
 .text.osKernelStart
                0x0800b5b8       0x4c ./Middlewares/Third_Party/FreeRTOS/Source/CMSIS_RTOS_V2/cmsis_os2.o
                0x0800b5b8                osKernelStart
 .text.osThreadNew
                0x0800b604      0x124 ./Middlewares/Third_Party/FreeRTOS/Source/CMSIS_RTOS_V2/cmsis_os2.o
                0x0800b604                osThreadNew
 .text.osDelay  0x0800b728       0x36 ./Middlewares/Third_Party/FreeRTOS/Source/CMSIS_RTOS_V2/cmsis_os2.o
                0x0800b728                osDelay
 *fill*         0x0800b75e        0x2 
 .text.vApplicationGetIdleTaskMemory
                0x0800b760       0x34 ./Middlewares/Third_Party/FreeRTOS/Source/CMSIS_RTOS_V2/cmsis_os2.o
                0x0800b760                vApplicationGetIdleTaskMemory
 .text.vApplicationGetTimerTaskMemory
                0x0800b794       0x34 ./Middlewares/Third_Party/FreeRTOS/Source/CMSIS_RTOS_V2/cmsis_os2.o
                0x0800b794                vApplicationGetTimerTaskMemory
 .text.vListInitialise
                0x0800b7c8       0x40 ./Middlewares/Third_Party/FreeRTOS/Source/list.o
                0x0800b7c8                vListInitialise
 .text.vListInitialiseItem
                0x0800b808       0x1a ./Middlewares/Third_Party/FreeRTOS/Source/list.o
                0x0800b808                vListInitialiseItem
 .text.vListInsertEnd
                0x0800b822       0x48 ./Middlewares/Third_Party/FreeRTOS/Source/list.o
                0x0800b822                vListInsertEnd
 .text.vListInsert
                0x0800b86a       0x72 ./Middlewares/Third_Party/FreeRTOS/Source/list.o
                0x0800b86a                vListInsert
 .text.uxListRemove
                0x0800b8dc       0x54 ./Middlewares/Third_Party/FreeRTOS/Source/list.o
                0x0800b8dc                uxListRemove
 .text.xQueueGenericReset
                0x0800b930       0xd4 ./Middlewares/Third_Party/FreeRTOS/Source/queue.o
                0x0800b930                xQueueGenericReset
 .text.xQueueGenericCreateStatic
                0x0800ba04       0xfa ./Middlewares/Third_Party/FreeRTOS/Source/queue.o
                0x0800ba04                xQueueGenericCreateStatic
 .text.xQueueGenericCreate
                0x0800bafe       0x76 ./Middlewares/Third_Party/FreeRTOS/Source/queue.o
                0x0800bafe                xQueueGenericCreate
 .text.prvInitialiseNewQueue
                0x0800bb74       0x46 ./Middlewares/Third_Party/FreeRTOS/Source/queue.o
 .text.prvInitialiseMutex
                0x0800bbba       0x34 ./Middlewares/Third_Party/FreeRTOS/Source/queue.o
 .text.xQueueCreateMutex
                0x0800bbee       0x30 ./Middlewares/Third_Party/FreeRTOS/Source/queue.o
                0x0800bbee                xQueueCreateMutex
 *fill*         0x0800bc1e        0x2 
 .text.xQueueGenericSend
                0x0800bc20      0x204 ./Middlewares/Third_Party/FreeRTOS/Source/queue.o
                0x0800bc20                xQueueGenericSend
 .text.xQueueGenericSendFromISR
                0x0800be24      0x13c ./Middlewares/Third_Party/FreeRTOS/Source/queue.o
                0x0800be24                xQueueGenericSendFromISR
 .text.xQueueReceive
                0x0800bf60      0x1c4 ./Middlewares/Third_Party/FreeRTOS/Source/queue.o
                0x0800bf60                xQueueReceive
 .text.xQueueSemaphoreTake
                0x0800c124      0x220 ./Middlewares/Third_Party/FreeRTOS/Source/queue.o
                0x0800c124                xQueueSemaphoreTake
 .text.vQueueDelete
                0x0800c344       0x48 ./Middlewares/Third_Party/FreeRTOS/Source/queue.o
                0x0800c344                vQueueDelete
 .text.prvGetDisinheritPriorityAfterTimeout
                0x0800c38c       0x30 ./Middlewares/Third_Party/FreeRTOS/Source/queue.o
 .text.prvCopyDataToQueue
                0x0800c3bc       0xd4 ./Middlewares/Third_Party/FreeRTOS/Source/queue.o
 .text.prvCopyDataFromQueue
                0x0800c490       0x4c ./Middlewares/Third_Party/FreeRTOS/Source/queue.o
 .text.prvUnlockQueue
                0x0800c4dc       0xa4 ./Middlewares/Third_Party/FreeRTOS/Source/queue.o
 .text.prvIsQueueEmpty
                0x0800c580       0x2c ./Middlewares/Third_Party/FreeRTOS/Source/queue.o
 .text.prvIsQueueFull
                0x0800c5ac       0x30 ./Middlewares/Third_Party/FreeRTOS/Source/queue.o
 .text.vQueueAddToRegistry
                0x0800c5dc       0x54 ./Middlewares/Third_Party/FreeRTOS/Source/queue.o
                0x0800c5dc                vQueueAddToRegistry
 .text.vQueueUnregisterQueue
                0x0800c630       0x54 ./Middlewares/Third_Party/FreeRTOS/Source/queue.o
                0x0800c630                vQueueUnregisterQueue
 .text.vQueueWaitForMessageRestricted
                0x0800c684       0x68 ./Middlewares/Third_Party/FreeRTOS/Source/queue.o
                0x0800c684                vQueueWaitForMessageRestricted
 .text.xTaskCreateStatic
                0x0800c6ec       0xc0 ./Middlewares/Third_Party/FreeRTOS/Source/tasks.o
                0x0800c6ec                xTaskCreateStatic
 .text.xTaskCreate
                0x0800c7ac       0x8a ./Middlewares/Third_Party/FreeRTOS/Source/tasks.o
                0x0800c7ac                xTaskCreate
 *fill*         0x0800c836        0x2 
 .text.prvInitialiseNewTask
                0x0800c838      0x150 ./Middlewares/Third_Party/FreeRTOS/Source/tasks.o
 .text.prvAddNewTaskToReadyList
                0x0800c988       0xe0 ./Middlewares/Third_Party/FreeRTOS/Source/tasks.o
 .text.vTaskDelay
                0x0800ca68       0x6c ./Middlewares/Third_Party/FreeRTOS/Source/tasks.o
                0x0800ca68                vTaskDelay
 .text.vTaskStartScheduler
                0x0800cad4       0xe0 ./Middlewares/Third_Party/FreeRTOS/Source/tasks.o
                0x0800cad4                vTaskStartScheduler
 .text.vTaskSuspendAll
                0x0800cbb4       0x1c ./Middlewares/Third_Party/FreeRTOS/Source/tasks.o
                0x0800cbb4                vTaskSuspendAll
 .text.xTaskResumeAll
                0x0800cbd0      0x13c ./Middlewares/Third_Party/FreeRTOS/Source/tasks.o
                0x0800cbd0                xTaskResumeAll
 .text.xTaskGetTickCount
                0x0800cd0c       0x20 ./Middlewares/Third_Party/FreeRTOS/Source/tasks.o
                0x0800cd0c                xTaskGetTickCount
 .text.xTaskGetTickCountFromISR
                0x0800cd2c       0x24 ./Middlewares/Third_Party/FreeRTOS/Source/tasks.o
                0x0800cd2c                xTaskGetTickCountFromISR
 .text.xTaskIncrementTick
                0x0800cd50      0x174 ./Middlewares/Third_Party/FreeRTOS/Source/tasks.o
                0x0800cd50                xTaskIncrementTick
 .text.vTaskSwitchContext
                0x0800cec4       0xcc ./Middlewares/Third_Party/FreeRTOS/Source/tasks.o
                0x0800cec4                vTaskSwitchContext
 .text.vTaskPlaceOnEventList
                0x0800cf90       0x4c ./Middlewares/Third_Party/FreeRTOS/Source/tasks.o
                0x0800cf90                vTaskPlaceOnEventList
 .text.vTaskPlaceOnEventListRestricted
                0x0800cfdc       0x58 ./Middlewares/Third_Party/FreeRTOS/Source/tasks.o
                0x0800cfdc                vTaskPlaceOnEventListRestricted
 .text.xTaskRemoveFromEventList
                0x0800d034       0xc8 ./Middlewares/Third_Party/FreeRTOS/Source/tasks.o
                0x0800d034                xTaskRemoveFromEventList
 .text.vTaskInternalSetTimeOutState
                0x0800d0fc       0x2c ./Middlewares/Third_Party/FreeRTOS/Source/tasks.o
                0x0800d0fc                vTaskInternalSetTimeOutState
 .text.xTaskCheckForTimeOut
                0x0800d128       0xc8 ./Middlewares/Third_Party/FreeRTOS/Source/tasks.o
                0x0800d128                xTaskCheckForTimeOut
 .text.vTaskMissedYield
                0x0800d1f0       0x18 ./Middlewares/Third_Party/FreeRTOS/Source/tasks.o
                0x0800d1f0                vTaskMissedYield
 .text.prvIdleTask
                0x0800d208       0x30 ./Middlewares/Third_Party/FreeRTOS/Source/tasks.o
 .text.prvInitialiseTaskLists
                0x0800d238       0x80 ./Middlewares/Third_Party/FreeRTOS/Source/tasks.o
 .text.prvCheckTasksWaitingTermination
                0x0800d2b8       0x5c ./Middlewares/Third_Party/FreeRTOS/Source/tasks.o
 .text.prvDeleteTCB
                0x0800d314       0x6a ./Middlewares/Third_Party/FreeRTOS/Source/tasks.o
 *fill*         0x0800d37e        0x2 
 .text.prvResetNextTaskUnblockTime
                0x0800d380       0x40 ./Middlewares/Third_Party/FreeRTOS/Source/tasks.o
 .text.xTaskGetSchedulerState
                0x0800d3c0       0x3c ./Middlewares/Third_Party/FreeRTOS/Source/tasks.o
                0x0800d3c0                xTaskGetSchedulerState
 .text.xTaskPriorityInherit
                0x0800d3fc       0xd0 ./Middlewares/Third_Party/FreeRTOS/Source/tasks.o
                0x0800d3fc                xTaskPriorityInherit
 .text.xTaskPriorityDisinherit
                0x0800d4cc       0xe0 ./Middlewares/Third_Party/FreeRTOS/Source/tasks.o
                0x0800d4cc                xTaskPriorityDisinherit
 .text.vTaskPriorityDisinheritAfterTimeout
                0x0800d5ac      0x108 ./Middlewares/Third_Party/FreeRTOS/Source/tasks.o
                0x0800d5ac                vTaskPriorityDisinheritAfterTimeout
 .text.pvTaskIncrementMutexHeldCount
                0x0800d6b4       0x28 ./Middlewares/Third_Party/FreeRTOS/Source/tasks.o
                0x0800d6b4                pvTaskIncrementMutexHeldCount
 .text.prvAddCurrentTaskToDelayedList
                0x0800d6dc       0xa8 ./Middlewares/Third_Party/FreeRTOS/Source/tasks.o
 .text.xTimerCreateTimerTask
                0x0800d784       0x94 ./Middlewares/Third_Party/FreeRTOS/Source/timers.o
                0x0800d784                xTimerCreateTimerTask
 .text.xTimerGenericCommand
                0x0800d818       0x9c ./Middlewares/Third_Party/FreeRTOS/Source/timers.o
                0x0800d818                xTimerGenericCommand
 .text.prvProcessExpiredTimer
                0x0800d8b4       0x9c ./Middlewares/Third_Party/FreeRTOS/Source/timers.o
 .text.prvTimerTask
                0x0800d950       0x26 ./Middlewares/Third_Party/FreeRTOS/Source/timers.o
 *fill*         0x0800d976        0x2 
 .text.prvProcessTimerOrBlockTask
                0x0800d978       0x9c ./Middlewares/Third_Party/FreeRTOS/Source/timers.o
 .text.prvGetNextExpireTime
                0x0800da14       0x48 ./Middlewares/Third_Party/FreeRTOS/Source/timers.o
 .text.prvSampleTimeNow
                0x0800da5c       0x40 ./Middlewares/Third_Party/FreeRTOS/Source/timers.o
 .text.prvInsertTimerInActiveList
                0x0800da9c       0x84 ./Middlewares/Third_Party/FreeRTOS/Source/timers.o
 .text.prvProcessReceivedCommands
                0x0800db20      0x1cc ./Middlewares/Third_Party/FreeRTOS/Source/timers.o
 .text.prvSwitchTimerLists
                0x0800dcec       0xcc ./Middlewares/Third_Party/FreeRTOS/Source/timers.o
 .text.prvCheckForValidListAndQueue
                0x0800ddb8       0x80 ./Middlewares/Third_Party/FreeRTOS/Source/timers.o
 .text.pxPortInitialiseStack
                0x0800de38       0x68 ./Middlewares/Third_Party/FreeRTOS/Source/portable/GCC/ARM_CM4F/port.o
                0x0800de38                pxPortInitialiseStack
 .text.prvTaskExitError
                0x0800dea0       0x5c ./Middlewares/Third_Party/FreeRTOS/Source/portable/GCC/ARM_CM4F/port.o
 *fill*         0x0800defc        0x4 
 .text.SVC_Handler
                0x0800df00       0x28 ./Middlewares/Third_Party/FreeRTOS/Source/portable/GCC/ARM_CM4F/port.o
                0x0800df00                SVC_Handler
 .text.prvPortStartFirstTask
                0x0800df28       0x28 ./Middlewares/Third_Party/FreeRTOS/Source/portable/GCC/ARM_CM4F/port.o
 .text.xPortStartScheduler
                0x0800df50      0x148 ./Middlewares/Third_Party/FreeRTOS/Source/portable/GCC/ARM_CM4F/port.o
                0x0800df50                xPortStartScheduler
 .text.vPortEnterCritical
                0x0800e098       0x64 ./Middlewares/Third_Party/FreeRTOS/Source/portable/GCC/ARM_CM4F/port.o
                0x0800e098                vPortEnterCritical
 .text.vPortExitCritical
                0x0800e0fc       0x54 ./Middlewares/Third_Party/FreeRTOS/Source/portable/GCC/ARM_CM4F/port.o
                0x0800e0fc                vPortExitCritical
 .text.PendSV_Handler
                0x0800e150       0x68 ./Middlewares/Third_Party/FreeRTOS/Source/portable/GCC/ARM_CM4F/port.o
                0x0800e150                PendSV_Handler
 .text.xPortSysTickHandler
                0x0800e1b8       0x44 ./Middlewares/Third_Party/FreeRTOS/Source/portable/GCC/ARM_CM4F/port.o
                0x0800e1b8                xPortSysTickHandler
 .text.vPortSetupTimerInterrupt
                0x0800e1fc       0x48 ./Middlewares/Third_Party/FreeRTOS/Source/portable/GCC/ARM_CM4F/port.o
                0x0800e1fc                vPortSetupTimerInterrupt
 .text.vPortEnableVFP
                0x0800e244       0x14 ./Middlewares/Third_Party/FreeRTOS/Source/portable/GCC/ARM_CM4F/port.o
 .text.vPortValidateInterruptPriority
                0x0800e258       0x84 ./Middlewares/Third_Party/FreeRTOS/Source/portable/GCC/ARM_CM4F/port.o
                0x0800e258                vPortValidateInterruptPriority
 .text.pvPortMalloc
                0x0800e2dc      0x19c ./Middlewares/Third_Party/FreeRTOS/Source/portable/MemMang/heap_4.o
                0x0800e2dc                pvPortMalloc
 .text.vPortFree
                0x0800e478       0xc8 ./Middlewares/Third_Party/FreeRTOS/Source/portable/MemMang/heap_4.o
                0x0800e478                vPortFree
 .text.prvHeapInit
                0x0800e540       0xc4 ./Middlewares/Third_Party/FreeRTOS/Source/portable/MemMang/heap_4.o
 .text.prvInsertBlockIntoFreeList
                0x0800e604       0xb4 ./Middlewares/Third_Party/FreeRTOS/Source/portable/MemMang/heap_4.o
 .text.malloc   0x0800e6b8       0x10 C:/ST/STM32CubeIDE_1.19.0/STM32CubeIDE/plugins/com.st.stm32cube.ide.mcu.externaltools.gnu-tools-for-stm32.13.3.rel1.win32_1.0.0.202411081344/tools/bin/../lib/gcc/arm-none-eabi/13.3.1/../../../../arm-none-eabi/lib/thumb/v7e-m+fp/hard\libc_nano.a(libc_a-malloc.o)
                0x0800e6b8                malloc
 .text.free     0x0800e6c8       0x10 C:/ST/STM32CubeIDE_1.19.0/STM32CubeIDE/plugins/com.st.stm32cube.ide.mcu.externaltools.gnu-tools-for-stm32.13.3.rel1.win32_1.0.0.202411081344/tools/bin/../lib/gcc/arm-none-eabi/13.3.1/../../../../arm-none-eabi/lib/thumb/v7e-m+fp/hard\libc_nano.a(libc_a-malloc.o)
                0x0800e6c8                free
 .text.sbrk_aligned
                0x0800e6d8       0x44 C:/ST/STM32CubeIDE_1.19.0/STM32CubeIDE/plugins/com.st.stm32cube.ide.mcu.externaltools.gnu-tools-for-stm32.13.3.rel1.win32_1.0.0.202411081344/tools/bin/../lib/gcc/arm-none-eabi/13.3.1/../../../../arm-none-eabi/lib/thumb/v7e-m+fp/hard\libc_nano.a(libc_a-mallocr.o)
 .text._malloc_r
                0x0800e71c      0x100 C:/ST/STM32CubeIDE_1.19.0/STM32CubeIDE/plugins/com.st.stm32cube.ide.mcu.externaltools.gnu-tools-for-stm32.13.3.rel1.win32_1.0.0.202411081344/tools/bin/../lib/gcc/arm-none-eabi/13.3.1/../../../../arm-none-eabi/lib/thumb/v7e-m+fp/hard\libc_nano.a(libc_a-mallocr.o)
                0x0800e71c                _malloc_r
 .text.__malloc_lock
                0x0800e81c        0xc C:/ST/STM32CubeIDE_1.19.0/STM32CubeIDE/plugins/com.st.stm32cube.ide.mcu.externaltools.gnu-tools-for-stm32.13.3.rel1.win32_1.0.0.202411081344/tools/bin/../lib/gcc/arm-none-eabi/13.3.1/../../../../arm-none-eabi/lib/thumb/v7e-m+fp/hard\libc_nano.a(libc_a-mlock.o)
                0x0800e81c                __malloc_lock
 .text.__malloc_unlock
                0x0800e828        0xc C:/ST/STM32CubeIDE_1.19.0/STM32CubeIDE/plugins/com.st.stm32cube.ide.mcu.externaltools.gnu-tools-for-stm32.13.3.rel1.win32_1.0.0.202411081344/tools/bin/../lib/gcc/arm-none-eabi/13.3.1/../../../../arm-none-eabi/lib/thumb/v7e-m+fp/hard\libc_nano.a(libc_a-mlock.o)
                0x0800e828                __malloc_unlock
 .text.__cvt    0x0800e834       0xca C:/ST/STM32CubeIDE_1.19.0/STM32CubeIDE/plugins/com.st.stm32cube.ide.mcu.externaltools.gnu-tools-for-stm32.13.3.rel1.win32_1.0.0.202411081344/tools/bin/../lib/gcc/arm-none-eabi/13.3.1/../../../../arm-none-eabi/lib/thumb/v7e-m+fp/hard\libc_nano.a(libc_a-nano-vfprintf_float.o)
                0x0800e834                __cvt
 .text.__exponent
                0x0800e8fe       0x74 C:/ST/STM32CubeIDE_1.19.0/STM32CubeIDE/plugins/com.st.stm32cube.ide.mcu.externaltools.gnu-tools-for-stm32.13.3.rel1.win32_1.0.0.202411081344/tools/bin/../lib/gcc/arm-none-eabi/13.3.1/../../../../arm-none-eabi/lib/thumb/v7e-m+fp/hard\libc_nano.a(libc_a-nano-vfprintf_float.o)
                0x0800e8fe                __exponent
 *fill*         0x0800e972        0x2 
 .text._printf_float
                0x0800e974      0x454 C:/ST/STM32CubeIDE_1.19.0/STM32CubeIDE/plugins/com.st.stm32cube.ide.mcu.externaltools.gnu-tools-for-stm32.13.3.rel1.win32_1.0.0.202411081344/tools/bin/../lib/gcc/arm-none-eabi/13.3.1/../../../../arm-none-eabi/lib/thumb/v7e-m+fp/hard\libc_nano.a(libc_a-nano-vfprintf_float.o)
                0x0800e974                _printf_float
 .text._printf_common
                0x0800edc8       0xda C:/ST/STM32CubeIDE_1.19.0/STM32CubeIDE/plugins/com.st.stm32cube.ide.mcu.externaltools.gnu-tools-for-stm32.13.3.rel1.win32_1.0.0.202411081344/tools/bin/../lib/gcc/arm-none-eabi/13.3.1/../../../../arm-none-eabi/lib/thumb/v7e-m+fp/hard\libc_nano.a(libc_a-nano-vfprintf_i.o)
                0x0800edc8                _printf_common
 *fill*         0x0800eea2        0x2 
 .text._printf_i
                0x0800eea4      0x23c C:/ST/STM32CubeIDE_1.19.0/STM32CubeIDE/plugins/com.st.stm32cube.ide.mcu.externaltools.gnu-tools-for-stm32.13.3.rel1.win32_1.0.0.202411081344/tools/bin/../lib/gcc/arm-none-eabi/13.3.1/../../../../arm-none-eabi/lib/thumb/v7e-m+fp/hard\libc_nano.a(libc_a-nano-vfprintf_i.o)
                0x0800eea4                _printf_i
 .text._scanf_float
                0x0800f0e0      0x41c C:/ST/STM32CubeIDE_1.19.0/STM32CubeIDE/plugins/com.st.stm32cube.ide.mcu.externaltools.gnu-tools-for-stm32.13.3.rel1.win32_1.0.0.202411081344/tools/bin/../lib/gcc/arm-none-eabi/13.3.1/../../../../arm-none-eabi/lib/thumb/v7e-m+fp/hard\libc_nano.a(libc_a-nano-vfscanf_float.o)
                0x0800f0e0                _scanf_float
 .text.std      0x0800f4fc       0x6c C:/ST/STM32CubeIDE_1.19.0/STM32CubeIDE/plugins/com.st.stm32cube.ide.mcu.externaltools.gnu-tools-for-stm32.13.3.rel1.win32_1.0.0.202411081344/tools/bin/../lib/gcc/arm-none-eabi/13.3.1/../../../../arm-none-eabi/lib/thumb/v7e-m+fp/hard\libc_nano.a(libc_a-findfp.o)
 .text.stdio_exit_handler
                0x0800f568       0x18 C:/ST/STM32CubeIDE_1.19.0/STM32CubeIDE/plugins/com.st.stm32cube.ide.mcu.externaltools.gnu-tools-for-stm32.13.3.rel1.win32_1.0.0.202411081344/tools/bin/../lib/gcc/arm-none-eabi/13.3.1/../../../../arm-none-eabi/lib/thumb/v7e-m+fp/hard\libc_nano.a(libc_a-findfp.o)
 .text.cleanup_stdio
                0x0800f580       0x40 C:/ST/STM32CubeIDE_1.19.0/STM32CubeIDE/plugins/com.st.stm32cube.ide.mcu.externaltools.gnu-tools-for-stm32.13.3.rel1.win32_1.0.0.202411081344/tools/bin/../lib/gcc/arm-none-eabi/13.3.1/../../../../arm-none-eabi/lib/thumb/v7e-m+fp/hard\libc_nano.a(libc_a-findfp.o)
 .text.global_stdio_init.part.0
                0x0800f5c0       0x3c C:/ST/STM32CubeIDE_1.19.0/STM32CubeIDE/plugins/com.st.stm32cube.ide.mcu.externaltools.gnu-tools-for-stm32.13.3.rel1.win32_1.0.0.202411081344/tools/bin/../lib/gcc/arm-none-eabi/13.3.1/../../../../arm-none-eabi/lib/thumb/v7e-m+fp/hard\libc_nano.a(libc_a-findfp.o)
 .text.__sfp_lock_acquire
                0x0800f5fc        0xc C:/ST/STM32CubeIDE_1.19.0/STM32CubeIDE/plugins/com.st.stm32cube.ide.mcu.externaltools.gnu-tools-for-stm32.13.3.rel1.win32_1.0.0.202411081344/tools/bin/../lib/gcc/arm-none-eabi/13.3.1/../../../../arm-none-eabi/lib/thumb/v7e-m+fp/hard\libc_nano.a(libc_a-findfp.o)
                0x0800f5fc                __sfp_lock_acquire
 .text.__sfp_lock_release
                0x0800f608        0xc C:/ST/STM32CubeIDE_1.19.0/STM32CubeIDE/plugins/com.st.stm32cube.ide.mcu.externaltools.gnu-tools-for-stm32.13.3.rel1.win32_1.0.0.202411081344/tools/bin/../lib/gcc/arm-none-eabi/13.3.1/../../../../arm-none-eabi/lib/thumb/v7e-m+fp/hard\libc_nano.a(libc_a-findfp.o)
                0x0800f608                __sfp_lock_release
 .text.__sinit  0x0800f614       0x30 C:/ST/STM32CubeIDE_1.19.0/STM32CubeIDE/plugins/com.st.stm32cube.ide.mcu.externaltools.gnu-tools-for-stm32.13.3.rel1.win32_1.0.0.202411081344/tools/bin/../lib/gcc/arm-none-eabi/13.3.1/../../../../arm-none-eabi/lib/thumb/v7e-m+fp/hard\libc_nano.a(libc_a-findfp.o)
                0x0800f614                __sinit
 .text._fwalk_sglue
                0x0800f644       0x3c C:/ST/STM32CubeIDE_1.19.0/STM32CubeIDE/plugins/com.st.stm32cube.ide.mcu.externaltools.gnu-tools-for-stm32.13.3.rel1.win32_1.0.0.202411081344/tools/bin/../lib/gcc/arm-none-eabi/13.3.1/../../../../arm-none-eabi/lib/thumb/v7e-m+fp/hard\libc_nano.a(libc_a-fwalk.o)
                0x0800f644                _fwalk_sglue
 .text.printf   0x0800f680       0x24 C:/ST/STM32CubeIDE_1.19.0/STM32CubeIDE/plugins/com.st.stm32cube.ide.mcu.externaltools.gnu-tools-for-stm32.13.3.rel1.win32_1.0.0.202411081344/tools/bin/../lib/gcc/arm-none-eabi/13.3.1/../../../../arm-none-eabi/lib/thumb/v7e-m+fp/hard\libc_nano.a(libc_a-printf.o)
                0x0800f680                iprintf
                0x0800f680                printf
 .text.putchar  0x0800f6a4       0x10 C:/ST/STM32CubeIDE_1.19.0/STM32CubeIDE/plugins/com.st.stm32cube.ide.mcu.externaltools.gnu-tools-for-stm32.13.3.rel1.win32_1.0.0.202411081344/tools/bin/../lib/gcc/arm-none-eabi/13.3.1/../../../../arm-none-eabi/lib/thumb/v7e-m+fp/hard\libc_nano.a(libc_a-putchar.o)
                0x0800f6a4                putchar
 .text._puts_r  0x0800f6b4       0xaa C:/ST/STM32CubeIDE_1.19.0/STM32CubeIDE/plugins/com.st.stm32cube.ide.mcu.externaltools.gnu-tools-for-stm32.13.3.rel1.win32_1.0.0.202411081344/tools/bin/../lib/gcc/arm-none-eabi/13.3.1/../../../../arm-none-eabi/lib/thumb/v7e-m+fp/hard\libc_nano.a(libc_a-puts.o)
                0x0800f6b4                _puts_r
 *fill*         0x0800f75e        0x2 
 .text.puts     0x0800f760       0x10 C:/ST/STM32CubeIDE_1.19.0/STM32CubeIDE/plugins/com.st.stm32cube.ide.mcu.externaltools.gnu-tools-for-stm32.13.3.rel1.win32_1.0.0.202411081344/tools/bin/../lib/gcc/arm-none-eabi/13.3.1/../../../../arm-none-eabi/lib/thumb/v7e-m+fp/hard\libc_nano.a(libc_a-puts.o)
                0x0800f760                puts
 .text.setbuf   0x0800f770       0x10 C:/ST/STM32CubeIDE_1.19.0/STM32CubeIDE/plugins/com.st.stm32cube.ide.mcu.externaltools.gnu-tools-for-stm32.13.3.rel1.win32_1.0.0.202411081344/tools/bin/../lib/gcc/arm-none-eabi/13.3.1/../../../../arm-none-eabi/lib/thumb/v7e-m+fp/hard\libc_nano.a(libc_a-setbuf.o)
                0x0800f770                setbuf
 .text.setvbuf  0x0800f780      0x168 C:/ST/STM32CubeIDE_1.19.0/STM32CubeIDE/plugins/com.st.stm32cube.ide.mcu.externaltools.gnu-tools-for-stm32.13.3.rel1.win32_1.0.0.202411081344/tools/bin/../lib/gcc/arm-none-eabi/13.3.1/../../../../arm-none-eabi/lib/thumb/v7e-m+fp/hard\libc_nano.a(libc_a-setvbuf.o)
                0x0800f780                setvbuf
 .text.sprintf  0x0800f8e8       0x44 C:/ST/STM32CubeIDE_1.19.0/STM32CubeIDE/plugins/com.st.stm32cube.ide.mcu.externaltools.gnu-tools-for-stm32.13.3.rel1.win32_1.0.0.202411081344/tools/bin/../lib/gcc/arm-none-eabi/13.3.1/../../../../arm-none-eabi/lib/thumb/v7e-m+fp/hard\libc_nano.a(libc_a-sprintf.o)
                0x0800f8e8                siprintf
                0x0800f8e8                sprintf
 .text.__sread  0x0800f92c       0x22 C:/ST/STM32CubeIDE_1.19.0/STM32CubeIDE/plugins/com.st.stm32cube.ide.mcu.externaltools.gnu-tools-for-stm32.13.3.rel1.win32_1.0.0.202411081344/tools/bin/../lib/gcc/arm-none-eabi/13.3.1/../../../../arm-none-eabi/lib/thumb/v7e-m+fp/hard\libc_nano.a(libc_a-stdio.o)
                0x0800f92c                __sread
 .text.__swrite
                0x0800f94e       0x38 C:/ST/STM32CubeIDE_1.19.0/STM32CubeIDE/plugins/com.st.stm32cube.ide.mcu.externaltools.gnu-tools-for-stm32.13.3.rel1.win32_1.0.0.202411081344/tools/bin/../lib/gcc/arm-none-eabi/13.3.1/../../../../arm-none-eabi/lib/thumb/v7e-m+fp/hard\libc_nano.a(libc_a-stdio.o)
                0x0800f94e                __swrite
 .text.__sseek  0x0800f986       0x24 C:/ST/STM32CubeIDE_1.19.0/STM32CubeIDE/plugins/com.st.stm32cube.ide.mcu.externaltools.gnu-tools-for-stm32.13.3.rel1.win32_1.0.0.202411081344/tools/bin/../lib/gcc/arm-none-eabi/13.3.1/../../../../arm-none-eabi/lib/thumb/v7e-m+fp/hard\libc_nano.a(libc_a-stdio.o)
                0x0800f986                __sseek
 .text.__sclose
                0x0800f9aa        0x8 C:/ST/STM32CubeIDE_1.19.0/STM32CubeIDE/plugins/com.st.stm32cube.ide.mcu.externaltools.gnu-tools-for-stm32.13.3.rel1.win32_1.0.0.202411081344/tools/bin/../lib/gcc/arm-none-eabi/13.3.1/../../../../arm-none-eabi/lib/thumb/v7e-m+fp/hard\libc_nano.a(libc_a-stdio.o)
                0x0800f9aa                __sclose
 *fill*         0x0800f9b2        0x2 
 .text.vprintf  0x0800f9b4       0x14 C:/ST/STM32CubeIDE_1.19.0/STM32CubeIDE/plugins/com.st.stm32cube.ide.mcu.externaltools.gnu-tools-for-stm32.13.3.rel1.win32_1.0.0.202411081344/tools/bin/../lib/gcc/arm-none-eabi/13.3.1/../../../../arm-none-eabi/lib/thumb/v7e-m+fp/hard\libc_nano.a(libc_a-vprintf.o)
                0x0800f9b4                viprintf
                0x0800f9b4                vprintf
 .text.__swbuf_r
                0x0800f9c8       0x7c C:/ST/STM32CubeIDE_1.19.0/STM32CubeIDE/plugins/com.st.stm32cube.ide.mcu.externaltools.gnu-tools-for-stm32.13.3.rel1.win32_1.0.0.202411081344/tools/bin/../lib/gcc/arm-none-eabi/13.3.1/../../../../arm-none-eabi/lib/thumb/v7e-m+fp/hard\libc_nano.a(libc_a-wbuf.o)
                0x0800f9c8                __swbuf_r
 .text.__swsetup_r
                0x0800fa44       0xac C:/ST/STM32CubeIDE_1.19.0/STM32CubeIDE/plugins/com.st.stm32cube.ide.mcu.externaltools.gnu-tools-for-stm32.13.3.rel1.win32_1.0.0.202411081344/tools/bin/../lib/gcc/arm-none-eabi/13.3.1/../../../../arm-none-eabi/lib/thumb/v7e-m+fp/hard\libc_nano.a(libc_a-wsetup.o)
                0x0800fa44                __swsetup_r
 .text.memset   0x0800faf0       0x10 C:/ST/STM32CubeIDE_1.19.0/STM32CubeIDE/plugins/com.st.stm32cube.ide.mcu.externaltools.gnu-tools-for-stm32.13.3.rel1.win32_1.0.0.202411081344/tools/bin/../lib/gcc/arm-none-eabi/13.3.1/../../../../arm-none-eabi/lib/thumb/v7e-m+fp/hard\libc_nano.a(libc_a-memset.o)
                0x0800faf0                memset
 .text._localeconv_r
                0x0800fb00        0x8 C:/ST/STM32CubeIDE_1.19.0/STM32CubeIDE/plugins/com.st.stm32cube.ide.mcu.externaltools.gnu-tools-for-stm32.13.3.rel1.win32_1.0.0.202411081344/tools/bin/../lib/gcc/arm-none-eabi/13.3.1/../../../../arm-none-eabi/lib/thumb/v7e-m+fp/hard\libc_nano.a(libc_a-localeconv.o)
                0x0800fb00                _localeconv_r
 .text._close_r
                0x0800fb08       0x20 C:/ST/STM32CubeIDE_1.19.0/STM32CubeIDE/plugins/com.st.stm32cube.ide.mcu.externaltools.gnu-tools-for-stm32.13.3.rel1.win32_1.0.0.202411081344/tools/bin/../lib/gcc/arm-none-eabi/13.3.1/../../../../arm-none-eabi/lib/thumb/v7e-m+fp/hard\libc_nano.a(libc_a-closer.o)
                0x0800fb08                _close_r
 .text._reclaim_reent
                0x0800fb28       0xbc C:/ST/STM32CubeIDE_1.19.0/STM32CubeIDE/plugins/com.st.stm32cube.ide.mcu.externaltools.gnu-tools-for-stm32.13.3.rel1.win32_1.0.0.202411081344/tools/bin/../lib/gcc/arm-none-eabi/13.3.1/../../../../arm-none-eabi/lib/thumb/v7e-m+fp/hard\libc_nano.a(libc_a-reent.o)
                0x0800fb28                _reclaim_reent
 .text._lseek_r
                0x0800fbe4       0x24 C:/ST/STM32CubeIDE_1.19.0/STM32CubeIDE/plugins/com.st.stm32cube.ide.mcu.externaltools.gnu-tools-for-stm32.13.3.rel1.win32_1.0.0.202411081344/tools/bin/../lib/gcc/arm-none-eabi/13.3.1/../../../../arm-none-eabi/lib/thumb/v7e-m+fp/hard\libc_nano.a(libc_a-lseekr.o)
                0x0800fbe4                _lseek_r
 .text._read_r  0x0800fc08       0x24 C:/ST/STM32CubeIDE_1.19.0/STM32CubeIDE/plugins/com.st.stm32cube.ide.mcu.externaltools.gnu-tools-for-stm32.13.3.rel1.win32_1.0.0.202411081344/tools/bin/../lib/gcc/arm-none-eabi/13.3.1/../../../../arm-none-eabi/lib/thumb/v7e-m+fp/hard\libc_nano.a(libc_a-readr.o)
                0x0800fc08                _read_r
 .text._sbrk_r  0x0800fc2c       0x20 C:/ST/STM32CubeIDE_1.19.0/STM32CubeIDE/plugins/com.st.stm32cube.ide.mcu.externaltools.gnu-tools-for-stm32.13.3.rel1.win32_1.0.0.202411081344/tools/bin/../lib/gcc/arm-none-eabi/13.3.1/../../../../arm-none-eabi/lib/thumb/v7e-m+fp/hard\libc_nano.a(libc_a-sbrkr.o)
                0x0800fc2c                _sbrk_r
 .text._write_r
                0x0800fc4c       0x24 C:/ST/STM32CubeIDE_1.19.0/STM32CubeIDE/plugins/com.st.stm32cube.ide.mcu.externaltools.gnu-tools-for-stm32.13.3.rel1.win32_1.0.0.202411081344/tools/bin/../lib/gcc/arm-none-eabi/13.3.1/../../../../arm-none-eabi/lib/thumb/v7e-m+fp/hard\libc_nano.a(libc_a-writer.o)
                0x0800fc4c                _write_r
 .text.__errno  0x0800fc70        0xc C:/ST/STM32CubeIDE_1.19.0/STM32CubeIDE/plugins/com.st.stm32cube.ide.mcu.externaltools.gnu-tools-for-stm32.13.3.rel1.win32_1.0.0.202411081344/tools/bin/../lib/gcc/arm-none-eabi/13.3.1/../../../../arm-none-eabi/lib/thumb/v7e-m+fp/hard\libc_nano.a(libc_a-errno.o)
                0x0800fc70                __errno
 .text.__libc_init_array
                0x0800fc7c       0x48 C:/ST/STM32CubeIDE_1.19.0/STM32CubeIDE/plugins/com.st.stm32cube.ide.mcu.externaltools.gnu-tools-for-stm32.13.3.rel1.win32_1.0.0.202411081344/tools/bin/../lib/gcc/arm-none-eabi/13.3.1/../../../../arm-none-eabi/lib/thumb/v7e-m+fp/hard\libc_nano.a(libc_a-init.o)
                0x0800fc7c                __libc_init_array
 .text.memcpy   0x0800fcc4       0x1c C:/ST/STM32CubeIDE_1.19.0/STM32CubeIDE/plugins/com.st.stm32cube.ide.mcu.externaltools.gnu-tools-for-stm32.13.3.rel1.win32_1.0.0.202411081344/tools/bin/../lib/gcc/arm-none-eabi/13.3.1/../../../../arm-none-eabi/lib/thumb/v7e-m+fp/hard\libc_nano.a(libc_a-memcpy-stub.o)
                0x0800fcc4                memcpy
 .text.nanf     0x0800fce0        0xc C:/ST/STM32CubeIDE_1.19.0/STM32CubeIDE/plugins/com.st.stm32cube.ide.mcu.externaltools.gnu-tools-for-stm32.13.3.rel1.win32_1.0.0.202411081344/tools/bin/../lib/gcc/arm-none-eabi/13.3.1/../../../../arm-none-eabi/lib/thumb/v7e-m+fp/hard\libc_nano.a(libm_a-sf_nan.o)
                0x0800fce0                nanf
 .text.quorem   0x0800fcec      0x110 C:/ST/STM32CubeIDE_1.19.0/STM32CubeIDE/plugins/com.st.stm32cube.ide.mcu.externaltools.gnu-tools-for-stm32.13.3.rel1.win32_1.0.0.202411081344/tools/bin/../lib/gcc/arm-none-eabi/13.3.1/../../../../arm-none-eabi/lib/thumb/v7e-m+fp/hard\libc_nano.a(libc_a-dtoa.o)
 *fill*         0x0800fdfc        0x4 
 .text._dtoa_r  0x0800fe00      0xba0 C:/ST/STM32CubeIDE_1.19.0/STM32CubeIDE/plugins/com.st.stm32cube.ide.mcu.externaltools.gnu-tools-for-stm32.13.3.rel1.win32_1.0.0.202411081344/tools/bin/../lib/gcc/arm-none-eabi/13.3.1/../../../../arm-none-eabi/lib/thumb/v7e-m+fp/hard\libc_nano.a(libc_a-dtoa.o)
                0x0800fe00                _dtoa_r
 .text._free_r  0x080109a0       0x94 C:/ST/STM32CubeIDE_1.19.0/STM32CubeIDE/plugins/com.st.stm32cube.ide.mcu.externaltools.gnu-tools-for-stm32.13.3.rel1.win32_1.0.0.202411081344/tools/bin/../lib/gcc/arm-none-eabi/13.3.1/../../../../arm-none-eabi/lib/thumb/v7e-m+fp/hard\libc_nano.a(libc_a-freer.o)
                0x080109a0                _free_r
 .text._Balloc  0x08010a34       0x80 C:/ST/STM32CubeIDE_1.19.0/STM32CubeIDE/plugins/com.st.stm32cube.ide.mcu.externaltools.gnu-tools-for-stm32.13.3.rel1.win32_1.0.0.202411081344/tools/bin/../lib/gcc/arm-none-eabi/13.3.1/../../../../arm-none-eabi/lib/thumb/v7e-m+fp/hard\libc_nano.a(libc_a-mprec.o)
                0x08010a34                _Balloc
 .text._Bfree   0x08010ab4       0x44 C:/ST/STM32CubeIDE_1.19.0/STM32CubeIDE/plugins/com.st.stm32cube.ide.mcu.externaltools.gnu-tools-for-stm32.13.3.rel1.win32_1.0.0.202411081344/tools/bin/../lib/gcc/arm-none-eabi/13.3.1/../../../../arm-none-eabi/lib/thumb/v7e-m+fp/hard\libc_nano.a(libc_a-mprec.o)
                0x08010ab4                _Bfree
 .text.__multadd
                0x08010af8       0x8c C:/ST/STM32CubeIDE_1.19.0/STM32CubeIDE/plugins/com.st.stm32cube.ide.mcu.externaltools.gnu-tools-for-stm32.13.3.rel1.win32_1.0.0.202411081344/tools/bin/../lib/gcc/arm-none-eabi/13.3.1/../../../../arm-none-eabi/lib/thumb/v7e-m+fp/hard\libc_nano.a(libc_a-mprec.o)
                0x08010af8                __multadd
 .text.__s2b    0x08010b84       0x94 C:/ST/STM32CubeIDE_1.19.0/STM32CubeIDE/plugins/com.st.stm32cube.ide.mcu.externaltools.gnu-tools-for-stm32.13.3.rel1.win32_1.0.0.202411081344/tools/bin/../lib/gcc/arm-none-eabi/13.3.1/../../../../arm-none-eabi/lib/thumb/v7e-m+fp/hard\libc_nano.a(libc_a-mprec.o)
                0x08010b84                __s2b
 .text.__hi0bits
                0x08010c18       0x3e C:/ST/STM32CubeIDE_1.19.0/STM32CubeIDE/plugins/com.st.stm32cube.ide.mcu.externaltools.gnu-tools-for-stm32.13.3.rel1.win32_1.0.0.202411081344/tools/bin/../lib/gcc/arm-none-eabi/13.3.1/../../../../arm-none-eabi/lib/thumb/v7e-m+fp/hard\libc_nano.a(libc_a-mprec.o)
                0x08010c18                __hi0bits
 .text.__lo0bits
                0x08010c56       0x5a C:/ST/STM32CubeIDE_1.19.0/STM32CubeIDE/plugins/com.st.stm32cube.ide.mcu.externaltools.gnu-tools-for-stm32.13.3.rel1.win32_1.0.0.202411081344/tools/bin/../lib/gcc/arm-none-eabi/13.3.1/../../../../arm-none-eabi/lib/thumb/v7e-m+fp/hard\libc_nano.a(libc_a-mprec.o)
                0x08010c56                __lo0bits
 .text.__i2b    0x08010cb0       0x2c C:/ST/STM32CubeIDE_1.19.0/STM32CubeIDE/plugins/com.st.stm32cube.ide.mcu.externaltools.gnu-tools-for-stm32.13.3.rel1.win32_1.0.0.202411081344/tools/bin/../lib/gcc/arm-none-eabi/13.3.1/../../../../arm-none-eabi/lib/thumb/v7e-m+fp/hard\libc_nano.a(libc_a-mprec.o)
                0x08010cb0                __i2b
 .text.__multiply
                0x08010cdc      0x144 C:/ST/STM32CubeIDE_1.19.0/STM32CubeIDE/plugins/com.st.stm32cube.ide.mcu.externaltools.gnu-tools-for-stm32.13.3.rel1.win32_1.0.0.202411081344/tools/bin/../lib/gcc/arm-none-eabi/13.3.1/../../../../arm-none-eabi/lib/thumb/v7e-m+fp/hard\libc_nano.a(libc_a-mprec.o)
                0x08010cdc                __multiply
 .text.__pow5mult
                0x08010e20       0xb4 C:/ST/STM32CubeIDE_1.19.0/STM32CubeIDE/plugins/com.st.stm32cube.ide.mcu.externaltools.gnu-tools-for-stm32.13.3.rel1.win32_1.0.0.202411081344/tools/bin/../lib/gcc/arm-none-eabi/13.3.1/../../../../arm-none-eabi/lib/thumb/v7e-m+fp/hard\libc_nano.a(libc_a-mprec.o)
                0x08010e20                __pow5mult
 .text.__lshift
                0x08010ed4       0xd8 C:/ST/STM32CubeIDE_1.19.0/STM32CubeIDE/plugins/com.st.stm32cube.ide.mcu.externaltools.gnu-tools-for-stm32.13.3.rel1.win32_1.0.0.202411081344/tools/bin/../lib/gcc/arm-none-eabi/13.3.1/../../../../arm-none-eabi/lib/thumb/v7e-m+fp/hard\libc_nano.a(libc_a-mprec.o)
                0x08010ed4                __lshift
 .text.__mcmp   0x08010fac       0x36 C:/ST/STM32CubeIDE_1.19.0/STM32CubeIDE/plugins/com.st.stm32cube.ide.mcu.externaltools.gnu-tools-for-stm32.13.3.rel1.win32_1.0.0.202411081344/tools/bin/../lib/gcc/arm-none-eabi/13.3.1/../../../../arm-none-eabi/lib/thumb/v7e-m+fp/hard\libc_nano.a(libc_a-mprec.o)
                0x08010fac                __mcmp
 *fill*         0x08010fe2        0x2 
 .text.__mdiff  0x08010fe4      0x128 C:/ST/STM32CubeIDE_1.19.0/STM32CubeIDE/plugins/com.st.stm32cube.ide.mcu.externaltools.gnu-tools-for-stm32.13.3.rel1.win32_1.0.0.202411081344/tools/bin/../lib/gcc/arm-none-eabi/13.3.1/../../../../arm-none-eabi/lib/thumb/v7e-m+fp/hard\libc_nano.a(libc_a-mprec.o)
                0x08010fe4                __mdiff
 .text.__ulp    0x0801110c       0x4c C:/ST/STM32CubeIDE_1.19.0/STM32CubeIDE/plugins/com.st.stm32cube.ide.mcu.externaltools.gnu-tools-for-stm32.13.3.rel1.win32_1.0.0.202411081344/tools/bin/../lib/gcc/arm-none-eabi/13.3.1/../../../../arm-none-eabi/lib/thumb/v7e-m+fp/hard\libc_nano.a(libc_a-mprec.o)
                0x0801110c                __ulp
 .text.__b2d    0x08011158       0x94 C:/ST/STM32CubeIDE_1.19.0/STM32CubeIDE/plugins/com.st.stm32cube.ide.mcu.externaltools.gnu-tools-for-stm32.13.3.rel1.win32_1.0.0.202411081344/tools/bin/../lib/gcc/arm-none-eabi/13.3.1/../../../../arm-none-eabi/lib/thumb/v7e-m+fp/hard\libc_nano.a(libc_a-mprec.o)
                0x08011158                __b2d
 .text.__d2b    0x080111ec       0xb0 C:/ST/STM32CubeIDE_1.19.0/STM32CubeIDE/plugins/com.st.stm32cube.ide.mcu.externaltools.gnu-tools-for-stm32.13.3.rel1.win32_1.0.0.202411081344/tools/bin/../lib/gcc/arm-none-eabi/13.3.1/../../../../arm-none-eabi/lib/thumb/v7e-m+fp/hard\libc_nano.a(libc_a-mprec.o)
                0x080111ec                __d2b
 .text.__ratio  0x0801129c       0x64 C:/ST/STM32CubeIDE_1.19.0/STM32CubeIDE/plugins/com.st.stm32cube.ide.mcu.externaltools.gnu-tools-for-stm32.13.3.rel1.win32_1.0.0.202411081344/tools/bin/../lib/gcc/arm-none-eabi/13.3.1/../../../../arm-none-eabi/lib/thumb/v7e-m+fp/hard\libc_nano.a(libc_a-mprec.o)
                0x0801129c                __ratio
 .text.__copybits
                0x08011300       0x46 C:/ST/STM32CubeIDE_1.19.0/STM32CubeIDE/plugins/com.st.stm32cube.ide.mcu.externaltools.gnu-tools-for-stm32.13.3.rel1.win32_1.0.0.202411081344/tools/bin/../lib/gcc/arm-none-eabi/13.3.1/../../../../arm-none-eabi/lib/thumb/v7e-m+fp/hard\libc_nano.a(libc_a-mprec.o)
                0x08011300                __copybits
 .text.__any_on
                0x08011346       0x42 C:/ST/STM32CubeIDE_1.19.0/STM32CubeIDE/plugins/com.st.stm32cube.ide.mcu.externaltools.gnu-tools-for-stm32.13.3.rel1.win32_1.0.0.202411081344/tools/bin/../lib/gcc/arm-none-eabi/13.3.1/../../../../arm-none-eabi/lib/thumb/v7e-m+fp/hard\libc_nano.a(libc_a-mprec.o)
                0x08011346                __any_on
 .text.sulp     0x08011388       0x3c C:/ST/STM32CubeIDE_1.19.0/STM32CubeIDE/plugins/com.st.stm32cube.ide.mcu.externaltools.gnu-tools-for-stm32.13.3.rel1.win32_1.0.0.202411081344/tools/bin/../lib/gcc/arm-none-eabi/13.3.1/../../../../arm-none-eabi/lib/thumb/v7e-m+fp/hard\libc_nano.a(libc_a-strtod.o)
 *fill*         0x080113c4        0x4 
 .text._strtod_l
                0x080113c8      0xbc8 C:/ST/STM32CubeIDE_1.19.0/STM32CubeIDE/plugins/com.st.stm32cube.ide.mcu.externaltools.gnu-tools-for-stm32.13.3.rel1.win32_1.0.0.202411081344/tools/bin/../lib/gcc/arm-none-eabi/13.3.1/../../../../arm-none-eabi/lib/thumb/v7e-m+fp/hard\libc_nano.a(libc_a-strtod.o)