2025-12-01 08:18:39,977 [INFO] Activator:176 - 


2025-12-01 08:18:39,987 [INFO] Activator:177 - !SESSION log4j initialized
2025-12-01 08:18:49,672 [INFO] LogOutputStream:77 - [STDOUT_REDIRECT] 
2025-12-01 08:18:54,282 [INFO] ApplicationProperties:184 - Using Application install path: C:\ST\STM32CubeIDE_1.19.0\STM32CubeIDE\plugins\com.st.stm32cube.common.mx_6.15.0.202507011659
2025-12-01 08:18:54,319 [INFO] DbMcusXml:78 - Set database path to: C:\ST\STM32CubeIDE_1.19.0\STM32CubeIDE\plugins\com.st.stm32cube.common.mx_6.15.0.202507011659\\db\/mcu/
2025-12-01 08:18:54,319 [INFO] ApiDb:274 - Set plugin database path to: C:\ST\STM32CubeIDE_1.19.0\STM32CubeIDE\plugins\com.st.stm32cube.common.mx_6.15.0.202507011659\\db\/plugins/boardmanager/
2025-12-01 08:18:54,320 [WARN] ApiDb:259 - Overriding images path with different value:  => C:\ST\STM32CubeIDE_1.19.0\STM32CubeIDE\plugins\com.st.stm32cube.common.mx_6.15.0.202507011659\\db\/plugins/mcufinder/images/
2025-12-01 08:18:54,337 [INFO] ApiDb:250 - Set database path to: C:\Users\liushaw\.stmcufinder\plugins\mcufinder//mcu/
2025-12-01 08:18:54,340 [INFO] DbMcusAds:125 - Set database path to: C:\Users\liushaw\.stmcufinder\plugins\mcufinder//mcu/
2025-12-01 08:18:54,346 [INFO] CrossReferenceDbSqlite:203 - Set database path to: C:\Users\liushaw\.stmcufinder\plugins\mcufinder//mcu/cs/
2025-12-01 08:18:54,564 [INFO] RulesReader:64 - Compatibility file has been processed (317 Rules)
2025-12-01 08:18:54,742 [INFO] DbMcusXml:78 - Set database path to: C:\ST\STM32CubeIDE_1.19.0\STM32CubeIDE\plugins\com.st.stm32cube.common.mx_6.15.0.202507011659\\db\/mcu/
2025-12-01 08:18:54,743 [INFO] ApiDb:274 - Set plugin database path to: C:\ST\STM32CubeIDE_1.19.0\STM32CubeIDE\plugins\com.st.stm32cube.common.mx_6.15.0.202507011659\\db\/plugins/boardmanager/
2025-12-01 08:18:54,743 [INFO] ApiDb:261 - Set plugin images path to: C:\ST\STM32CubeIDE_1.19.0\STM32CubeIDE\plugins\com.st.stm32cube.common.mx_6.15.0.202507011659\\db\/plugins/mcufinder/images/
2025-12-01 08:18:54,743 [WARN] DbFile:41 - Overriding database path with different value: C:\Users\liushaw\.stmcufinder\plugins\mcufinder/ => C:\Users\liushaw\.stmcufinder\plugins\mcufinder
2025-12-01 08:18:54,743 [INFO] ApiDb:250 - Set database path to: C:\Users\liushaw\.stmcufinder\plugins\mcufinder//mcu/
2025-12-01 08:18:54,743 [WARN] DbFile:41 - Overriding database path with different value: C:\Users\liushaw\.stmcufinder\plugins\mcufinder/ => C:\Users\liushaw\.stmcufinder\plugins\mcufinder
2025-12-01 08:18:54,744 [INFO] DbMcusAds:125 - Set database path to: C:\Users\liushaw\.stmcufinder\plugins\mcufinder//mcu/
2025-12-01 08:18:54,744 [WARN] DbFile:41 - Overriding database path with different value: C:\Users\liushaw\.stmcufinder\plugins\mcufinder/ => C:\Users\liushaw\.stmcufinder\plugins\mcufinder
2025-12-01 08:18:54,744 [WARN] DbFile:41 - Overriding database path with different value: C:\Users\liushaw\.stmcufinder\plugins\mcufinder/ => C:\Users\liushaw\.stmcufinder\plugins\mcufinder
2025-12-01 08:18:54,744 [INFO] CrossReferenceDbSqlite:203 - Set database path to: C:\Users\liushaw\.stmcufinder\plugins\mcufinder//mcu/cs/
2025-12-01 08:18:54,887 [INFO] MainPanel:274 - HeapMemory: 268435456
2025-12-01 08:18:55,087 [INFO] DbMcusXml:78 - Set database path to: C:\ST\STM32CubeIDE_1.19.0\STM32CubeIDE\plugins\com.st.stm32cube.common.mx_6.15.0.202507011659\\db\/mcu/
2025-12-01 08:18:55,088 [INFO] ApiDb:274 - Set plugin database path to: C:\ST\STM32CubeIDE_1.19.0\STM32CubeIDE\plugins\com.st.stm32cube.common.mx_6.15.0.202507011659\\db\/plugins/boardmanager/
2025-12-01 08:18:55,088 [INFO] ApiDb:261 - Set plugin images path to: C:\ST\STM32CubeIDE_1.19.0\STM32CubeIDE\plugins\com.st.stm32cube.common.mx_6.15.0.202507011659\\db\/plugins/mcufinder/images/
2025-12-01 08:18:55,089 [WARN] DbFile:41 - Overriding database path with different value: C:\Users\liushaw\.stmcufinder\plugins\mcufinder/ => C:\Users\liushaw\.stmcufinder\plugins\mcufinder
2025-12-01 08:18:55,089 [INFO] ApiDb:250 - Set database path to: C:\Users\liushaw\.stmcufinder\plugins\mcufinder//mcu/
2025-12-01 08:18:55,089 [WARN] DbFile:41 - Overriding database path with different value: C:\Users\liushaw\.stmcufinder\plugins\mcufinder/ => C:\Users\liushaw\.stmcufinder\plugins\mcufinder
2025-12-01 08:18:55,089 [INFO] DbMcusAds:125 - Set database path to: C:\Users\liushaw\.stmcufinder\plugins\mcufinder//mcu/
2025-12-01 08:18:55,089 [WARN] DbFile:41 - Overriding database path with different value: C:\Users\liushaw\.stmcufinder\plugins\mcufinder/ => C:\Users\liushaw\.stmcufinder\plugins\mcufinder
2025-12-01 08:18:55,089 [WARN] DbFile:41 - Overriding database path with different value: C:\Users\liushaw\.stmcufinder\plugins\mcufinder/ => C:\Users\liushaw\.stmcufinder\plugins\mcufinder
2025-12-01 08:18:55,090 [INFO] CrossReferenceDbSqlite:203 - Set database path to: C:\Users\liushaw\.stmcufinder\plugins\mcufinder//mcu/cs/
2025-12-01 08:18:55,132 [INFO] ApplicationProperties:184 - Using Application install path: C:\ST\STM32CubeIDE_1.19.0\STM32CubeIDE\plugins\com.st.stm32cube.common.mx_6.15.0.202507011659
2025-12-01 08:18:55,135 [INFO] PluginManage:196 - Search for loadable plugins [exclusion list=, ]
2025-12-01 08:18:55,138 [INFO] PluginManage:310 - Check plugin analytics
2025-12-01 08:18:55,512 [INFO] AnalyticsPlugin:253 - Accepted Software Licenses: STM32CubeMX.6.15.0
2025-12-01 08:18:55,513 [INFO] AnalyticsPlugin:255 - Accepted CMSIS Pack Licenses: 
2025-12-01 08:18:55,513 [INFO] AnalyticsPlugin:257 - Accepted Firmware Licenses: FW.F4.1.28.0
2025-12-01 08:18:55,518 [INFO] PluginManage:359 - Loaded plugin analytics (category:tool,tabindex:-1)
2025-12-01 08:18:55,519 [INFO] PluginManage:310 - Check plugin cadmodel
2025-12-01 08:18:55,528 [INFO] CADModel:105 - Init CAD model plugin
2025-12-01 08:18:55,529 [INFO] PluginManage:359 - Loaded plugin cadmodel (category:power,tabindex:5)
2025-12-01 08:18:55,529 [INFO] PluginManage:310 - Check plugin clock
2025-12-01 08:18:55,548 [INFO] PluginManage:359 - Loaded plugin clock (category:base,tabindex:2)
2025-12-01 08:18:55,548 [INFO] PluginManage:310 - Check plugin ddr
2025-12-01 08:18:55,553 [INFO] PluginManage:359 - Loaded plugin ddr (category:tool,tabindex:6)
2025-12-01 08:18:55,554 [INFO] PluginManage:310 - Check plugin filemanager
2025-12-01 08:18:55,824 [INFO] PluginManage:359 - Loaded plugin filemanager (category:base,tabindex:10)
2025-12-01 08:18:55,824 [INFO] PluginManage:310 - Check plugin ipmanager
2025-12-01 08:18:55,837 [INFO] PluginManage:359 - Loaded plugin ipmanager (category:base,tabindex:5)
2025-12-01 08:18:55,838 [INFO] PluginManage:310 - Check plugin lpbam
2025-12-01 08:18:55,850 [INFO] PluginManage:359 - Loaded plugin lpbam (category:base,tabindex:0)
2025-12-01 08:18:55,850 [INFO] PluginManage:310 - Check plugin memorymap
2025-12-01 08:18:55,875 [INFO] PluginManage:359 - Loaded plugin memorymap (category:base,tabindex:4)
2025-12-01 08:18:55,876 [INFO] PluginManage:310 - Check plugin pinoutandconfiguration
2025-12-01 08:18:55,890 [INFO] PluginManage:359 - Loaded plugin pinoutandconfiguration (category:base,tabindex:1)
2025-12-01 08:18:55,890 [INFO] PluginManage:310 - Check plugin pinoutconfig
2025-12-01 08:18:56,012 [WARN] SupportedApi:132 - Cannot load RTOS API schema: s4s-elt-must-match.1: The content of 'definitions' must match (annotation?, (simpleType | complexType)?, (unique | key | keyref)*)). A problem was found starting at: attribute.
2025-12-01 08:18:56,231 [INFO] PluginManage:359 - Loaded plugin pinoutconfig (category:base,tabindex:0)
2025-12-01 08:18:56,231 [INFO] PluginManage:310 - Check plugin power
2025-12-01 08:18:56,246 [INFO] PluginManage:359 - Loaded plugin power (category:power,tabindex:4)
2025-12-01 08:18:56,246 [INFO] PluginManage:310 - Check plugin projectmanager
2025-12-01 08:18:56,272 [INFO] PluginManage:359 - Loaded plugin projectmanager (category:projectmanager,tabindex:4)
2025-12-01 08:18:56,272 [INFO] PluginManage:310 - Check plugin rif
2025-12-01 08:18:56,289 [INFO] PluginManage:359 - Loaded plugin rif (category:base,tabindex:3)
2025-12-01 08:18:56,289 [INFO] PluginManage:310 - Check plugin thirdparty
2025-12-01 08:18:56,559 [INFO] PluginManage:359 - Loaded plugin thirdparty (category:base,tabindex:-1)
2025-12-01 08:18:56,558 [WARN] IntegrityCheckThread:84 - waiting for thirdparty lock release [integrity check]
2025-12-01 08:18:56,559 [INFO] IntegrityCheckThread:86 - entering critical section [integrity check]
2025-12-01 08:18:56,559 [INFO] PluginManage:310 - Check plugin tools
2025-12-01 08:18:56,560 [INFO] ThirdPartyUpdaterWithRetryManager:70 - Updater plugin not ready yet. [1/15]
2025-12-01 08:18:56,564 [INFO] PluginManage:359 - Loaded plugin tools (category:base,tabindex:7)
2025-12-01 08:18:56,565 [INFO] PluginManage:310 - Check plugin tutovideos
2025-12-01 08:18:56,930 [INFO] PluginManage:359 - Loaded plugin tutovideos (category:base,tabindex:-1)
2025-12-01 08:18:56,930 [INFO] PluginManage:310 - Check plugin updater
2025-12-01 08:18:56,965 [INFO] PluginManage:359 - Loaded plugin updater (category:base,tabindex:12)
2025-12-01 08:18:56,965 [INFO] PluginManage:310 - Check plugin userauth
2025-12-01 08:18:56,973 [INFO] UserAuth:118 - Init User Auth plugin
2025-12-01 08:18:56,974 [INFO] PluginManage:359 - Loaded plugin userauth (category:base,tabindex:14)
2025-12-01 08:18:56,975 [INFO] PluginManage:283 - PluginManage : Loaded plugins [18]
2025-12-01 08:18:57,394 [INFO] PinOutPanel:1589 - setPackage(No Configuration,No Configuration)
2025-12-01 08:18:57,619 [INFO] CADModel:165 - CPN selected for project level
2025-12-01 08:18:57,619 [INFO] CADModel:114 - Register for checkConnection events
2025-12-01 08:18:57,647 [INFO] IPUIPlugin:80 - create IPUIPlugin
2025-12-01 08:18:57,647 [INFO] PluginManager:220 - loadIPPluginJar : add adc
2025-12-01 08:18:57,652 [INFO] IPUIPlugin:80 - create IPUIPlugin
2025-12-01 08:18:57,652 [INFO] PluginManager:220 - loadIPPluginJar : add aes
2025-12-01 08:18:57,657 [INFO] IPUIPlugin:80 - create IPUIPlugin
2025-12-01 08:18:57,658 [INFO] PluginManager:220 - loadIPPluginJar : add can
2025-12-01 08:18:57,662 [INFO] IPUIPlugin:80 - create IPUIPlugin
2025-12-01 08:18:57,662 [INFO] PluginManager:220 - loadIPPluginJar : add comp
2025-12-01 08:18:57,667 [INFO] IPUIPlugin:80 - create IPUIPlugin
2025-12-01 08:18:57,667 [INFO] PluginManager:220 - loadIPPluginJar : add cryp
2025-12-01 08:18:57,674 [INFO] IPUIPlugin:80 - create IPUIPlugin
2025-12-01 08:18:57,674 [INFO] PluginManager:220 - loadIPPluginJar : add ddr_ctrl_phy
2025-12-01 08:18:57,678 [INFO] IPUIPlugin:80 - create IPUIPlugin
2025-12-01 08:18:57,678 [INFO] PluginManager:220 - loadIPPluginJar : add dfsdm
2025-12-01 08:18:57,689 [INFO] IPUIPlugin:80 - create IPUIPlugin
2025-12-01 08:18:57,690 [INFO] PluginManager:220 - loadIPPluginJar : add dma
2025-12-01 08:18:57,697 [INFO] IPUIPlugin:80 - create IPUIPlugin
2025-12-01 08:18:57,697 [INFO] PluginManager:220 - loadIPPluginJar : add dma3
2025-12-01 08:18:57,704 [INFO] IPUIPlugin:80 - create IPUIPlugin
2025-12-01 08:18:57,704 [INFO] PluginManager:220 - loadIPPluginJar : add extmemmanager
2025-12-01 08:18:57,708 [INFO] IPUIPlugin:80 - create IPUIPlugin
2025-12-01 08:18:57,709 [INFO] PluginManager:220 - loadIPPluginJar : add fatfs
2025-12-01 08:18:57,717 [INFO] IPUIPlugin:80 - create IPUIPlugin
2025-12-01 08:18:57,717 [INFO] PluginManager:220 - loadIPPluginJar : add fmc
2025-12-01 08:18:57,730 [INFO] IPUIPlugin:80 - create IPUIPlugin
2025-12-01 08:18:57,730 [INFO] PluginManager:220 - loadIPPluginJar : add freertos
2025-12-01 08:18:57,740 [INFO] IPUIPlugin:80 - create IPUIPlugin
2025-12-01 08:18:57,741 [INFO] PluginManager:220 - loadIPPluginJar : add genericplugin
2025-12-01 08:18:57,746 [INFO] IPUIPlugin:80 - create IPUIPlugin
2025-12-01 08:18:57,747 [INFO] PluginManager:220 - loadIPPluginJar : add gfxmmu
2025-12-01 08:18:57,758 [INFO] IPUIPlugin:80 - create IPUIPlugin
2025-12-01 08:18:57,758 [INFO] PluginManager:220 - loadIPPluginJar : add gic
2025-12-01 08:18:57,768 [INFO] IPUIPlugin:80 - create IPUIPlugin
2025-12-01 08:18:57,769 [INFO] PluginManager:220 - loadIPPluginJar : add gpio
2025-12-01 08:18:57,776 [INFO] IPUIPlugin:80 - create IPUIPlugin
2025-12-01 08:18:57,776 [INFO] PluginManager:220 - loadIPPluginJar : add gtzc
2025-12-01 08:18:57,781 [INFO] IPUIPlugin:80 - create IPUIPlugin
2025-12-01 08:18:57,782 [INFO] PluginManager:220 - loadIPPluginJar : add hash
2025-12-01 08:18:57,786 [INFO] IPUIPlugin:80 - create IPUIPlugin
2025-12-01 08:18:57,786 [INFO] PluginManager:220 - loadIPPluginJar : add i2c
2025-12-01 08:18:57,790 [INFO] IPUIPlugin:80 - create IPUIPlugin
2025-12-01 08:18:57,790 [INFO] PluginManager:220 - loadIPPluginJar : add i2s
2025-12-01 08:18:57,796 [INFO] IPUIPlugin:80 - create IPUIPlugin
2025-12-01 08:18:57,796 [INFO] PluginManager:220 - loadIPPluginJar : add i3c
2025-12-01 08:18:57,802 [INFO] IPUIPlugin:80 - create IPUIPlugin
2025-12-01 08:18:57,803 [INFO] PluginManager:220 - loadIPPluginJar : add ipddr
2025-12-01 08:18:57,816 [INFO] IPUIPlugin:80 - create IPUIPlugin
2025-12-01 08:18:57,817 [INFO] PluginManager:220 - loadIPPluginJar : add linkedlist
2025-12-01 08:18:57,823 [INFO] IPUIPlugin:80 - create IPUIPlugin
2025-12-01 08:18:57,824 [INFO] PluginManager:220 - loadIPPluginJar : add lorawan
2025-12-01 08:18:57,827 [INFO] IPUIPlugin:80 - create IPUIPlugin
2025-12-01 08:18:57,827 [INFO] PluginManager:220 - loadIPPluginJar : add ltdc
2025-12-01 08:18:57,835 [INFO] IPUIPlugin:80 - create IPUIPlugin
2025-12-01 08:18:57,835 [INFO] PluginManager:220 - loadIPPluginJar : add mdma
2025-12-01 08:18:57,841 [INFO] IPUIPlugin:80 - create IPUIPlugin
2025-12-01 08:18:57,841 [INFO] PluginManager:220 - loadIPPluginJar : add nvic
2025-12-01 08:18:57,847 [INFO] IPUIPlugin:80 - create IPUIPlugin
2025-12-01 08:18:57,847 [INFO] PluginManager:220 - loadIPPluginJar : add opamp
2025-12-01 08:18:57,855 [INFO] IPUIPlugin:80 - create IPUIPlugin
2025-12-01 08:18:57,855 [INFO] PluginManager:220 - loadIPPluginJar : add openamp
2025-12-01 08:18:57,866 [INFO] IPUIPlugin:80 - create IPUIPlugin
2025-12-01 08:18:57,866 [INFO] PluginManager:220 - loadIPPluginJar : add pdm2pcm
2025-12-01 08:18:57,875 [INFO] IPUIPlugin:80 - create IPUIPlugin
2025-12-01 08:18:57,879 [INFO] PluginManager:220 - loadIPPluginJar : add plateformsettings
2025-12-01 08:18:57,882 [INFO] IPUIPlugin:80 - create IPUIPlugin
2025-12-01 08:18:57,883 [INFO] PluginManager:220 - loadIPPluginJar : add quadspi
2025-12-01 08:18:57,886 [INFO] IPUIPlugin:80 - create IPUIPlugin
2025-12-01 08:18:57,886 [INFO] PluginManager:220 - loadIPPluginJar : add radio
2025-12-01 08:18:57,893 [INFO] IPUIPlugin:80 - create IPUIPlugin
2025-12-01 08:18:57,893 [INFO] PluginManager:220 - loadIPPluginJar : add resmgrutility
2025-12-01 08:18:57,897 [INFO] IPUIPlugin:80 - create IPUIPlugin
2025-12-01 08:18:57,898 [INFO] PluginManager:220 - loadIPPluginJar : add sai
2025-12-01 08:18:57,902 [INFO] IPUIPlugin:80 - create IPUIPlugin
2025-12-01 08:18:57,902 [INFO] PluginManager:220 - loadIPPluginJar : add spi
2025-12-01 08:18:57,912 [INFO] IPUIPlugin:80 - create IPUIPlugin
2025-12-01 08:18:57,913 [INFO] PluginManager:220 - loadIPPluginJar : add stm32_wpan
2025-12-01 08:18:57,917 [INFO] IPUIPlugin:80 - create IPUIPlugin
2025-12-01 08:18:57,918 [INFO] PluginManager:220 - loadIPPluginJar : add tim
2025-12-01 08:18:57,925 [INFO] IPUIPlugin:80 - create IPUIPlugin
2025-12-01 08:18:57,926 [INFO] PluginManager:220 - loadIPPluginJar : add touchsensing
2025-12-01 08:18:57,931 [INFO] IPUIPlugin:80 - create IPUIPlugin
2025-12-01 08:18:57,931 [INFO] PluginManager:220 - loadIPPluginJar : add tracer_emb
2025-12-01 08:18:57,935 [INFO] IPUIPlugin:80 - create IPUIPlugin
2025-12-01 08:18:57,935 [INFO] PluginManager:220 - loadIPPluginJar : add ts
2025-12-01 08:18:57,939 [INFO] IPUIPlugin:80 - create IPUIPlugin
2025-12-01 08:18:57,939 [INFO] PluginManager:220 - loadIPPluginJar : add tsc
2025-12-01 08:18:57,944 [INFO] IPUIPlugin:80 - create IPUIPlugin
2025-12-01 08:18:57,944 [INFO] PluginManager:220 - loadIPPluginJar : add ucpd
2025-12-01 08:18:57,948 [INFO] IPUIPlugin:80 - create IPUIPlugin
2025-12-01 08:18:57,948 [INFO] PluginManager:220 - loadIPPluginJar : add usart
2025-12-01 08:18:57,953 [INFO] IPUIPlugin:80 - create IPUIPlugin
2025-12-01 08:18:57,953 [INFO] PluginManager:220 - loadIPPluginJar : add usbx
2025-12-01 08:18:58,098 [FATAL] Updater:351 - Updater called before beeing initialized
2025-12-01 08:18:58,148 [INFO] RulesReader:64 - Compatibility file has been processed (317 Rules)
2025-12-01 08:18:58,164 [INFO] RulesReader:64 - Compatibility file has been processed (317 Rules)
2025-12-01 08:18:58,181 [INFO] CADModel:165 - CPN selected for project level
2025-12-01 08:18:58,182 [INFO] CADModel:114 - Register for checkConnection events
2025-12-01 08:18:58,182 [FATAL] Updater:351 - Updater called before beeing initialized
2025-12-01 08:18:58,182 [ERROR] CADModel:125 - Updater not yet initialized, retry later 
2025-12-01 08:18:58,442 [FATAL] Updater:351 - Updater called before beeing initialized
2025-12-01 08:18:58,445 [INFO] CADModel:165 - CPN selected for project level
2025-12-01 08:18:58,446 [INFO] CADModel:114 - Register for checkConnection events
2025-12-01 08:18:58,446 [FATAL] Updater:351 - Updater called before beeing initialized
2025-12-01 08:18:58,446 [ERROR] CADModel:125 - Updater not yet initialized, retry later 
2025-12-01 08:18:58,453 [FATAL] Updater:351 - Updater called before beeing initialized
2025-12-01 08:18:58,680 [FATAL] Updater:351 - Updater called before beeing initialized
2025-12-01 08:18:58,688 [INFO] DbMcusAds:53 - JSON generation date=Tue Nov 25 22:08:32 CST 2025 (1764079712287)
2025-12-01 08:18:58,689 [FATAL] Updater:351 - Updater called before beeing initialized
2025-12-01 08:18:58,752 [WARN] DetailPanel:346 - Failed to get advertising image, set to default
2025-12-01 08:18:58,889 [FATAL] Updater:351 - Updater called before beeing initialized
2025-12-01 08:18:58,894 [FATAL] Updater:351 - Updater called before beeing initialized
2025-12-01 08:18:58,895 [FATAL] Updater:351 - Updater called before beeing initialized
2025-12-01 08:18:58,896 [WARN] DetailPanel:346 - Failed to get advertising image, set to default
2025-12-01 08:18:58,898 [FATAL] Updater:351 - Updater called before beeing initialized
2025-12-01 08:18:58,992 [ERROR] Updater:1198 - MainUpdater not yet initialized. External WinMGr cannot be set.
2025-12-01 08:18:58,995 [INFO] Updater:1134 - Updater Version found : 6.15.0
2025-12-01 08:18:59,026 [INFO] ApplicationProperties:184 - Using Application install path: C:\ST\STM32CubeIDE_1.19.0\STM32CubeIDE\plugins\com.st.stm32cube.common.mx_6.15.0.202507011659
2025-12-01 08:18:59,563 [INFO] ThirdPartyUpdaterWithRetryManager:70 - Updater plugin not ready yet. [2/15]
2025-12-01 08:19:00,798 [ERROR] LogOutputStream:75 - [STDERR_REDIRECT] Dec 01, 2025 8:19:00 AM java.util.prefs.WindowsPreferences <init>
2025-12-01 08:19:00,800 [ERROR] LogOutputStream:75 - [STDERR_REDIRECT] WARNING: Could not open/create prefs root node Software\JavaSoft\Prefs at root 0xffffffff80000002. Windows RegCreateKeyEx(...) returned error code 5.
2025-12-01 08:19:00,800 [ERROR] LogOutputStream:75 - [STDERR_REDIRECT] 
2025-12-01 08:19:01,581 [INFO] MainUpdater:2872 - connection check result : 10
2025-12-01 08:19:01,582 [INFO] MainUpdater:3604 - Updater definition file requires update
2025-12-01 08:19:01,584 [INFO] MainUpdater:289 - Updater Check For Update Now.
2025-12-01 08:19:01,584 [INFO] MicroXplorer:498 - Change Database Version : DB.6.0.150
2025-12-01 08:19:01,596 [INFO] McuFinderGlobals:63 - Set McuFinder mode to 2 (CubeIDE integrated)
2025-12-01 08:19:01,598 [INFO] UserAuth:487 - Internet connection configuration mode: 1
2025-12-01 08:19:01,600 [INFO] ServerAccessManage:452 - Complete download http(s) 200
2025-12-01 08:19:01,602 [INFO] ServerAccessManage:509 - Download File updaters.zip
2025-12-01 08:19:01,640 [INFO] JxBrowserEngine:152 - Initiate JxBrowser Engine with user profile folder
2025-12-01 08:19:02,566 [WARN] MainUpdater:1193 - Updater busy. Cannot search thirdparties
2025-12-01 08:19:02,566 [INFO] ThirdPartyUpdaterWithRetryManager:96 - Updater plugin is busy. [1/15]
2025-12-01 08:19:03,249 [INFO] WebApp:169 - Instantiating new browser for Auth
2025-12-01 08:19:04,253 [INFO] FileExtend:248 - Unzip File : updaters.zip
2025-12-01 08:19:04,254 [INFO] FileExtend:263 - Standard Zip Deflate
2025-12-01 08:19:04,593 [INFO] WebApp:463 - Apply proxy settings
2025-12-01 08:19:04,594 [INFO] WebApp:548 - Chromium requires no authentication
2025-12-01 08:19:04,618 [INFO] WebApp:491 - Direct internet connection detected
2025-12-01 08:19:04,667 [INFO] WebApp:900 - Register for checkConnection events
2025-12-01 08:19:04,668 [INFO] WebApp:463 - Apply proxy settings
2025-12-01 08:19:04,668 [INFO] WebApp:548 - Chromium requires no authentication
2025-12-01 08:19:04,669 [INFO] WebApp:491 - Direct internet connection detected
2025-12-01 08:19:04,810 [INFO] ServerAccessManage:452 - Complete download http(s) 200
2025-12-01 08:19:04,811 [INFO] ServerAccessManage:509 - Download File PacksControlFlags.xml
2025-12-01 08:19:04,826 [INFO] WebApp:191 - Connection restablished
2025-12-01 08:19:04,944 [INFO] ServerAccessManage:452 - Complete download http(s) 200
2025-12-01 08:19:04,944 [INFO] ServerAccessManage:509 - Download File cubemx.pidx
2025-12-01 08:19:05,145 [INFO] LoadServerUpdatesThread:375 - End of LoadServerUpdate Thread
2025-12-01 08:19:05,302 [INFO] WebApp:225 - Starting web application
2025-12-01 08:19:05,302 [INFO] WebApp:593 - Web application path used C:\ST\STM32CubeIDE_1.19.0\STM32CubeIDE\plugins\com.st.stm32cube.common.mx_6.15.0.202507011659\db\plugins\mcufinder\reactClient1\index.html
2025-12-01 08:19:05,347 [INFO] CheckServerUpdateThread:120 - End of CheckServer Thread
2025-12-01 08:19:05,467 [INFO] UserAuth:487 - Internet connection configuration mode: 1
2025-12-01 08:19:06,030 [WARN] PackLoader:240 - Cannot read IP mode file for STMicroelectronics.FP-SNS-MOTENVWB1.1.4.0
2025-12-01 08:19:06,047 [WARN] PackLoader:240 - Cannot read IP mode file for STMicroelectronics.FP-ATR-ASTRA1.2.0.2
2025-12-01 08:19:06,061 [WARN] PackLoader:240 - Cannot read IP mode file for STMicroelectronics.X-CUBE-SMBUS.2.1.0
2025-12-01 08:19:06,110 [WARN] PackLoader:240 - Cannot read IP mode file for STMicroelectronics.X-CUBE-AZRTOS-F7.1.1.0
2025-12-01 08:19:06,125 [WARN] PackLoader:240 - Cannot read IP mode file for Cesanta.I-CUBE-Mongoose.7.19.0
2025-12-01 08:19:06,137 [WARN] PackLoader:240 - Cannot read IP mode file for STMicroelectronics.FP-SNS-MOTENV1.5.1.0
2025-12-01 08:19:06,164 [WARN] PackLoader:240 - Cannot read IP mode file for WES.I-CUBE-Cesium.1.4.0
2025-12-01 08:19:06,202 [WARN] PackLoader:240 - Cannot read IP mode file for Infineon.AIROC-Wi-Fi-Bluetooth-STM32.1.7.1
2025-12-01 08:19:06,256 [WARN] PackLoader:240 - Cannot read IP mode file for STMicroelectronics.X-CUBE-AZRTOS-H7.3.4.0
2025-12-01 08:19:06,289 [WARN] PackLoader:240 - Cannot read IP mode file for STMicroelectronics.X-CUBE-DISPLAY.3.0.0
2025-12-01 08:19:06,320 [WARN] PackLoader:240 - Cannot read IP mode file for STMicroelectronics.X-CUBE-NFC10.1.0.0
2025-12-01 08:19:06,333 [WARN] PackLoader:240 - Cannot read IP mode file for STMicroelectronics.X-CUBE-ST60.1.1.0
2025-12-01 08:19:06,347 [WARN] PackLoader:240 - Cannot read IP mode file for emotas.I-CUBE-CANOPEN.1.3.0
2025-12-01 08:19:06,356 [WARN] PackLoader:240 - Cannot read IP mode file for STMicroelectronics.X-CUBE-GNSS1.7.1.0
2025-12-01 08:19:06,370 [WARN] PackLoader:240 - Cannot read IP mode file for STMicroelectronics.FP-SNS-STBOX1.2.1.0
2025-12-01 08:19:06,386 [WARN] PackLoader:240 - Cannot read IP mode file for STMicroelectronics.FP-SNS-SMARTAG2.1.2.0
2025-12-01 08:19:06,396 [WARN] PackLoader:240 - Cannot read IP mode file for STMicroelectronics.FP-SNS-FLIGHT1.5.1.0
2025-12-01 08:19:06,411 [INFO] LogOutputStream:77 - [STDOUT_REDIRECT] 1 : Invalid condition id : UX_CORESTACK_Condition cause : null
2025-12-01 08:19:06,414 [INFO] LogOutputStream:77 - [STDOUT_REDIRECT] 1 : Invalid condition id : UX_CORESTACK_Condition cause : null
2025-12-01 08:19:06,416 [INFO] LogOutputStream:77 - [STDOUT_REDIRECT] 1 : Invalid condition id : UX_CORESTACK_Condition cause : null
2025-12-01 08:19:06,418 [INFO] LogOutputStream:77 - [STDOUT_REDIRECT] 1 : Invalid condition id : UX_CORESTACK_Condition cause : null
2025-12-01 08:19:06,422 [INFO] LogOutputStream:77 - [STDOUT_REDIRECT] 1 : Invalid condition id : UX_CORESTACK_Condition cause : null
2025-12-01 08:19:06,428 [WARN] PackLoader:240 - Cannot read IP mode file for STMicroelectronics.X-CUBE-AZRTOS-WL.2.0.0
2025-12-01 08:19:06,466 [WARN] PackLoader:240 - Cannot read IP mode file for STMicroelectronics.X-CUBE-AZRTOS-H7RS.1.2.0
2025-12-01 08:19:06,485 [WARN] PackLoader:240 - Cannot read IP mode file for STMicroelectronics.X-CUBE-BLE2.3.3.0
2025-12-01 08:19:06,534 [WARN] PackLoader:240 - Cannot read IP mode file for STMicroelectronics.X-CUBE-NFC9.1.0.0
2025-12-01 08:19:06,553 [WARN] PackLoader:240 - Cannot read IP mode file for wolfSSL.I-CUBE-wolfSSL.5.8.2
2025-12-01 08:19:06,565 [WARN] PackLoader:240 - Cannot read IP mode file for STMicroelectronics.X-CUBE-BLE1.7.1.0
2025-12-01 08:19:06,572 [WARN] PackLoader:240 - Cannot read IP mode file for wolfSSL.I-CUBE-wolfMQTT.1.19.2
2025-12-01 08:19:06,582 [WARN] PackLoader:240 - Cannot read IP mode file for STMicroelectronics.X-CUBE-FREERTOS.1.4.0
2025-12-01 08:19:06,592 [WARN] PackLoader:240 - Cannot read IP mode file for STMicroelectronics.X-CUBE-EEPRMA1.5.2.0
2025-12-01 08:19:06,605 [WARN] PackLoader:240 - Cannot read IP mode file for STMicroelectronics.X-CUBE-ST67W61.1.1.0
2025-12-01 08:19:06,717 [WARN] PackLoader:240 - Cannot read IP mode file for STMicroelectronics.X-CUBE-MEMS1.12.0.0
2025-12-01 08:19:06,877 [WARN] PackLoader:240 - Cannot read IP mode file for STMicroelectronics.X-CUBE-AZRTOS-G0.1.1.0
2025-12-01 08:19:06,887 [WARN] PackLoader:240 - Cannot read IP mode file for STMicroelectronics.X-CUBE-SAFEA1.1.2.2
2025-12-01 08:19:06,894 [WARN] PackLoader:240 - Cannot read IP mode file for STMicroelectronics.X-CUBE-NFC4.3.0.0
2025-12-01 08:19:06,903 [WARN] PackLoader:240 - Cannot read IP mode file for STMicroelectronics.X-CUBE-WB05N.2.0.0
2025-12-01 08:19:06,908 [WARN] PackLoader:240 - Cannot read IP mode file for wolfSSL.I-CUBE-wolfTPM.3.8.0
2025-12-01 08:19:06,916 [WARN] PackLoader:240 - Cannot read IP mode file for STMicroelectronics.X-CUBE-TCPP.4.2.0
2025-12-01 08:19:06,923 [WARN] PackLoader:240 - Cannot read IP mode file for RealThread.X-CUBE-RT-Thread_Nano.4.1.1
2025-12-01 08:19:06,929 [WARN] PackLoader:240 - Cannot read IP mode file for STMicroelectronics.FP-ATR-SIGFOX1.3.2.0
2025-12-01 08:19:06,936 [WARN] PackLoader:240 - Cannot read IP mode file for ITTIA_DB.I-CUBE-ITTIADB.8.9.0
2025-12-01 08:19:06,942 [WARN] PackLoader:240 - Cannot read IP mode file for STMicroelectronics.X-CUBE-AI.10.2.0
2025-12-01 08:19:06,964 [WARN] PackLoader:240 - Cannot read IP mode file for SEGGER.I-CUBE-embOS.1.3.1
2025-12-01 08:19:06,996 [WARN] PackLoader:240 - Cannot read IP mode file for STMicroelectronics.X-CUBE-ALGOBUILD.1.4.0
2025-12-01 08:19:07,082 [WARN] PackLoader:240 - Cannot read IP mode file for STMicroelectronics.X-CUBE-MEMS1.11.3.0
2025-12-01 08:19:07,211 [WARN] PackLoader:240 - Cannot read IP mode file for STMicroelectronics.X-CUBE-PM33A1.1.0.0
2025-12-01 08:19:07,226 [WARN] PackLoader:240 - Cannot read IP mode file for STMicroelectronics.X-CUBE-AZRTOS-F4.1.1.0
2025-12-01 08:19:07,235 [WARN] PackLoader:240 - Cannot read IP mode file for STMicroelectronics.X-CUBE-ISPU.2.1.0
2025-12-01 08:19:07,248 [WARN] PackLoader:240 - Cannot read IP mode file for STMicroelectronics.X-CUBE-IPS.3.2.0
2025-12-01 08:19:07,261 [WARN] PackLoader:240 - Cannot read IP mode file for STMicroelectronics.X-CUBE-NFC12.1.0.0
2025-12-01 08:19:07,278 [WARN] PackLoader:240 - Cannot read IP mode file for STMicroelectronics.X-CUBE-AZRTOS-L5.2.0.0
2025-12-01 08:19:07,287 [WARN] PackLoader:240 - Cannot read IP mode file for STMicroelectronics.X-CUBE-NFC6.3.1.0
2025-12-01 08:19:07,294 [WARN] PackLoader:240 - Cannot read IP mode file for STMicroelectronics.X-CUBE-FREERTOS.1.3.1
2025-12-01 08:19:07,303 [WARN] PackLoader:240 - Cannot read IP mode file for STMicroelectronics.X-CUBE-TOUCHGFX.4.26.0
2025-12-01 08:19:07,307 [WARN] PackLoader:240 - Cannot read IP mode file for STMicroelectronics.FP-SNS-STAIOTCFT.1.0.0
2025-12-01 08:19:07,314 [WARN] PackLoader:240 - Cannot read IP mode file for STMicroelectronics.X-CUBE-DPower.1.3.0
2025-12-01 08:19:07,326 [WARN] ConditionMgr:438 - getConditionDescription Invalid condition id : LAN8742 Phy interface Condition cause : null
2025-12-01 08:19:07,327 [WARN] PackLoader:240 - Cannot read IP mode file for STMicroelectronics.X-CUBE-AZRTOS-L4.2.0.0
2025-12-01 08:19:07,329 [WARN] ConditionMgr:1044 - genDependencies : Invalid condition id : LAN8742 Phy interface Condition cause : null
2025-12-01 08:19:07,329 [WARN] ConditionMgr:1044 - genDependencies : Invalid condition id : LAN8742 Phy interface Condition cause : null
2025-12-01 08:19:07,330 [WARN] ConditionMgr:1044 - genDependencies : Invalid condition id : LAN8742 Phy interface Condition cause : null
2025-12-01 08:19:07,337 [WARN] PackLoader:240 - Cannot read IP mode file for STMicroelectronics.X-CUBE-SFXS2LP1.4.0.0
2025-12-01 08:19:07,349 [WARN] PackLoader:240 - Cannot read IP mode file for STMicroelectronics.X-CUBE-BLEMGR.4.1.0
2025-12-01 08:19:07,362 [WARN] ConditionMgr:438 - getConditionDescription Invalid condition id : UX DEVICE CLASS RTOS Condition cause : null
2025-12-01 08:19:07,363 [WARN] ConditionMgr:438 - getConditionDescription Invalid condition id : UX DEVICE CLASS RTOS Condition cause : null
2025-12-01 08:19:07,365 [WARN] PackLoader:240 - Cannot read IP mode file for STMicroelectronics.X-CUBE-AZRTOS-WB.2.0.0
2025-12-01 08:19:07,365 [WARN] ConditionMgr:1044 - genDependencies : Invalid condition id : UX DEVICE CLASS RTOS Condition cause : null
2025-12-01 08:19:07,366 [WARN] ConditionMgr:1044 - genDependencies : Invalid condition id : UX DEVICE CLASS RTOS Condition cause : null
2025-12-01 08:19:07,366 [WARN] ConditionMgr:1044 - genDependencies : Invalid condition id : UX DEVICE CLASS RTOS Condition cause : null
2025-12-01 08:19:07,366 [WARN] ConditionMgr:1044 - genDependencies : Invalid condition id : UX DEVICE CLASS RTOS Condition cause : null
2025-12-01 08:19:07,366 [WARN] ConditionMgr:1044 - genDependencies : Invalid condition id : UX DEVICE CLASS RTOS Condition cause : null
2025-12-01 08:19:07,373 [WARN] PackLoader:240 - Cannot read IP mode file for STMicroelectronics.X-CUBE-GNSS1.7.0.1
2025-12-01 08:19:07,381 [WARN] ConditionMgr:438 - getConditionDescription Invalid condition id : Cortex-A Device cause : null
2025-12-01 08:19:07,395 [WARN] ConditionMgr:1044 - genDependencies : Invalid condition id : Cortex-A Device cause : null
2025-12-01 08:19:07,395 [WARN] ConditionMgr:1044 - genDependencies : Invalid condition id : Cortex-A Device cause : null
2025-12-01 08:19:07,395 [WARN] ConditionMgr:1044 - genDependencies : Invalid condition id : Cortex-A Device cause : null
2025-12-01 08:19:07,404 [WARN] PackLoader:240 - Cannot read IP mode file for STMicroelectronics.X-CUBE-SUBG2.5.0.0
2025-12-01 08:19:07,422 [WARN] PackLoader:240 - Cannot read IP mode file for STMicroelectronics.X-CUBE-AZRTOS-H7RS.1.1.0
2025-12-01 08:19:07,437 [WARN] PackLoader:240 - Cannot read IP mode file for STMicroelectronics.X-CUBE-AZRTOS-G4.2.0.0
2025-12-01 08:19:07,444 [WARN] PackLoader:240 - Cannot read IP mode file for wolfSSL.I-CUBE-wolfSSH.1.4.20
2025-12-01 08:19:07,449 [WARN] PackLoader:240 - Cannot read IP mode file for STMicroelectronics.X-CUBE-NFC7.2.0.0
2025-12-01 08:19:07,455 [WARN] PackLoader:240 - Cannot read IP mode file for STMicroelectronics.X-CUBE-ALS.1.0.2
2025-12-01 08:19:07,463 [WARN] PackLoader:240 - Cannot read IP mode file for STMicroelectronics.X-CUBE-STSE01.1.0.0
2025-12-01 08:19:07,474 [WARN] PackLoader:240 - Cannot read IP mode file for STMicroelectronics.X-CUBE-TOF1.3.4.3
2025-12-01 08:19:07,483 [INFO] ThirdParty:978 - Integrity check success = true
2025-12-01 08:19:07,483 [INFO] IntegrityCheckThread:100 - exiting critical section [integrity check]
2025-12-01 08:19:07,483 [INFO] IntegrityCheckThread:103 - End integrity checks thread
2025-12-01 09:42:24,535 [INFO] WebApp:194 - Connection lost
2025-12-01 09:42:24,720 [INFO] WebApp:191 - Connection restablished
2025-12-01 10:06:37,477 [INFO] WebApp:194 - Connection lost
2025-12-01 10:06:37,642 [INFO] WebApp:191 - Connection restablished
2025-12-01 10:07:34,005 [INFO] WebApp:194 - Connection lost
2025-12-01 10:07:34,189 [INFO] WebApp:191 - Connection restablished
2025-12-01 10:15:36,011 [INFO] WebApp:194 - Connection lost
2025-12-01 10:15:36,166 [INFO] WebApp:191 - Connection restablished
2025-12-01 10:36:51,210 [INFO] WebApp:194 - Connection lost
2025-12-01 10:36:51,355 [INFO] WebApp:191 - Connection restablished
2025-12-01 10:36:51,697 [INFO] WebApp:194 - Connection lost
2025-12-01 10:36:51,807 [INFO] WebApp:191 - Connection restablished
2025-12-01 10:36:52,726 [INFO] WebApp:194 - Connection lost
2025-12-01 10:36:52,825 [INFO] WebApp:191 - Connection restablished
2025-12-01 10:58:05,561 [INFO] WebApp:194 - Connection lost
2025-12-01 10:58:05,739 [INFO] WebApp:191 - Connection restablished
2025-12-01 11:47:29,559 [INFO] WebApp:194 - Connection lost
2025-12-01 11:47:29,716 [INFO] WebApp:191 - Connection restablished
2025-12-01 11:55:01,837 [INFO] WebApp:194 - Connection lost
2025-12-01 11:55:02,017 [INFO] WebApp:191 - Connection restablished
2025-12-01 12:04:49,084 [INFO] WebApp:194 - Connection lost
2025-12-01 12:04:49,254 [INFO] WebApp:191 - Connection restablished
2025-12-01 12:05:51,626 [INFO] WebApp:194 - Connection lost
2025-12-01 12:05:51,886 [INFO] WebApp:191 - Connection restablished
2025-12-01 13:11:23,916 [INFO] WebApp:194 - Connection lost
2025-12-01 13:18:07,722 [INFO] WebApp:191 - Connection restablished
2025-12-01 13:18:09,035 [INFO] WebApp:194 - Connection lost
2025-12-01 13:18:09,176 [INFO] WebApp:191 - Connection restablished
2025-12-01 13:33:26,676 [INFO] WebApp:194 - Connection lost
2025-12-01 13:33:26,846 [INFO] WebApp:191 - Connection restablished
2025-12-01 13:34:15,119 [INFO] WebApp:194 - Connection lost
2025-12-01 13:34:15,281 [INFO] WebApp:191 - Connection restablished
2025-12-01 13:37:01,624 [INFO] WebApp:194 - Connection lost
2025-12-01 13:37:01,784 [INFO] WebApp:191 - Connection restablished
2025-12-01 13:41:45,645 [INFO] WebApp:194 - Connection lost
2025-12-01 13:41:45,801 [INFO] WebApp:191 - Connection restablished
2025-12-01 13:48:55,635 [INFO] WebApp:194 - Connection lost
2025-12-01 13:48:55,794 [INFO] WebApp:191 - Connection restablished
2025-12-01 15:02:28,866 [INFO] WebApp:194 - Connection lost
2025-12-01 15:02:35,926 [INFO] WebApp:191 - Connection restablished
2025-12-01 15:02:51,137 [INFO] WebApp:194 - Connection lost
2025-12-01 15:02:51,346 [INFO] WebApp:191 - Connection restablished
2025-12-01 15:02:58,718 [INFO] WebApp:194 - Connection lost
2025-12-01 15:02:58,874 [INFO] WebApp:191 - Connection restablished
2025-12-01 15:27:38,244 [INFO] WebApp:194 - Connection lost
2025-12-01 15:27:38,433 [INFO] WebApp:191 - Connection restablished
