2025-12-15 08:45:28,251 [INFO] Activator:176 - 


2025-12-15 08:45:28,259 [INFO] Activator:177 - !SESSION log4j initialized
2025-12-15 08:45:35,166 [INFO] LogOutputStream:77 - [STDOUT_REDIRECT] 
2025-12-15 08:45:38,095 [INFO] ApplicationProperties:184 - Using Application install path: C:\ST\STM32CubeIDE_1.19.0\STM32CubeIDE\plugins\com.st.stm32cube.common.mx_6.15.0.202507011659
2025-12-15 08:45:38,120 [INFO] DbMcusXml:78 - Set database path to: C:\ST\STM32CubeIDE_1.19.0\STM32CubeIDE\plugins\com.st.stm32cube.common.mx_6.15.0.202507011659\\db\/mcu/
2025-12-15 08:45:38,120 [INFO] ApiDb:274 - Set plugin database path to: C:\ST\STM32CubeIDE_1.19.0\STM32CubeIDE\plugins\com.st.stm32cube.common.mx_6.15.0.202507011659\\db\/plugins/boardmanager/
2025-12-15 08:45:38,120 [WARN] ApiDb:259 - Overriding images path with different value:  => C:\ST\STM32CubeIDE_1.19.0\STM32CubeIDE\plugins\com.st.stm32cube.common.mx_6.15.0.202507011659\\db\/plugins/mcufinder/images/
2025-12-15 08:45:38,129 [INFO] ApiDb:250 - Set database path to: C:\Users\liushaw\.stmcufinder\plugins\mcufinder//mcu/
2025-12-15 08:45:38,131 [INFO] DbMcusAds:125 - Set database path to: C:\Users\liushaw\.stmcufinder\plugins\mcufinder//mcu/
2025-12-15 08:45:38,134 [INFO] CrossReferenceDbSqlite:203 - Set database path to: C:\Users\liushaw\.stmcufinder\plugins\mcufinder//mcu/cs/
2025-12-15 08:45:38,270 [INFO] RulesReader:64 - Compatibility file has been processed (317 Rules)
2025-12-15 08:45:38,385 [INFO] DbMcusXml:78 - Set database path to: C:\ST\STM32CubeIDE_1.19.0\STM32CubeIDE\plugins\com.st.stm32cube.common.mx_6.15.0.202507011659\\db\/mcu/
2025-12-15 08:45:38,385 [INFO] ApiDb:274 - Set plugin database path to: C:\ST\STM32CubeIDE_1.19.0\STM32CubeIDE\plugins\com.st.stm32cube.common.mx_6.15.0.202507011659\\db\/plugins/boardmanager/
2025-12-15 08:45:38,386 [INFO] ApiDb:261 - Set plugin images path to: C:\ST\STM32CubeIDE_1.19.0\STM32CubeIDE\plugins\com.st.stm32cube.common.mx_6.15.0.202507011659\\db\/plugins/mcufinder/images/
2025-12-15 08:45:38,386 [WARN] DbFile:41 - Overriding database path with different value: C:\Users\liushaw\.stmcufinder\plugins\mcufinder/ => C:\Users\liushaw\.stmcufinder\plugins\mcufinder
2025-12-15 08:45:38,386 [INFO] ApiDb:250 - Set database path to: C:\Users\liushaw\.stmcufinder\plugins\mcufinder//mcu/
2025-12-15 08:45:38,386 [WARN] DbFile:41 - Overriding database path with different value: C:\Users\liushaw\.stmcufinder\plugins\mcufinder/ => C:\Users\liushaw\.stmcufinder\plugins\mcufinder
2025-12-15 08:45:38,386 [INFO] DbMcusAds:125 - Set database path to: C:\Users\liushaw\.stmcufinder\plugins\mcufinder//mcu/
2025-12-15 08:45:38,386 [WARN] DbFile:41 - Overriding database path with different value: C:\Users\liushaw\.stmcufinder\plugins\mcufinder/ => C:\Users\liushaw\.stmcufinder\plugins\mcufinder
2025-12-15 08:45:38,386 [WARN] DbFile:41 - Overriding database path with different value: C:\Users\liushaw\.stmcufinder\plugins\mcufinder/ => C:\Users\liushaw\.stmcufinder\plugins\mcufinder
2025-12-15 08:45:38,387 [INFO] CrossReferenceDbSqlite:203 - Set database path to: C:\Users\liushaw\.stmcufinder\plugins\mcufinder//mcu/cs/
2025-12-15 08:45:38,544 [INFO] MainPanel:274 - HeapMemory: 268435456
2025-12-15 08:45:38,844 [INFO] DbMcusXml:78 - Set database path to: C:\ST\STM32CubeIDE_1.19.0\STM32CubeIDE\plugins\com.st.stm32cube.common.mx_6.15.0.202507011659\\db\/mcu/
2025-12-15 08:45:38,844 [INFO] ApiDb:274 - Set plugin database path to: C:\ST\STM32CubeIDE_1.19.0\STM32CubeIDE\plugins\com.st.stm32cube.common.mx_6.15.0.202507011659\\db\/plugins/boardmanager/
2025-12-15 08:45:38,844 [INFO] ApiDb:261 - Set plugin images path to: C:\ST\STM32CubeIDE_1.19.0\STM32CubeIDE\plugins\com.st.stm32cube.common.mx_6.15.0.202507011659\\db\/plugins/mcufinder/images/
2025-12-15 08:45:38,846 [WARN] DbFile:41 - Overriding database path with different value: C:\Users\liushaw\.stmcufinder\plugins\mcufinder/ => C:\Users\liushaw\.stmcufinder\plugins\mcufinder
2025-12-15 08:45:38,846 [INFO] ApiDb:250 - Set database path to: C:\Users\liushaw\.stmcufinder\plugins\mcufinder//mcu/
2025-12-15 08:45:38,846 [WARN] DbFile:41 - Overriding database path with different value: C:\Users\liushaw\.stmcufinder\plugins\mcufinder/ => C:\Users\liushaw\.stmcufinder\plugins\mcufinder
2025-12-15 08:45:38,846 [INFO] DbMcusAds:125 - Set database path to: C:\Users\liushaw\.stmcufinder\plugins\mcufinder//mcu/
2025-12-15 08:45:38,846 [WARN] DbFile:41 - Overriding database path with different value: C:\Users\liushaw\.stmcufinder\plugins\mcufinder/ => C:\Users\liushaw\.stmcufinder\plugins\mcufinder
2025-12-15 08:45:38,847 [WARN] DbFile:41 - Overriding database path with different value: C:\Users\liushaw\.stmcufinder\plugins\mcufinder/ => C:\Users\liushaw\.stmcufinder\plugins\mcufinder
2025-12-15 08:45:38,847 [INFO] CrossReferenceDbSqlite:203 - Set database path to: C:\Users\liushaw\.stmcufinder\plugins\mcufinder//mcu/cs/
2025-12-15 08:45:38,882 [INFO] ApplicationProperties:184 - Using Application install path: C:\ST\STM32CubeIDE_1.19.0\STM32CubeIDE\plugins\com.st.stm32cube.common.mx_6.15.0.202507011659
2025-12-15 08:45:38,884 [INFO] PluginManage:196 - Search for loadable plugins [exclusion list=, ]
2025-12-15 08:45:38,888 [INFO] PluginManage:310 - Check plugin analytics
2025-12-15 08:45:39,274 [INFO] AnalyticsPlugin:253 - Accepted Software Licenses: STM32CubeMX.6.15.0
2025-12-15 08:45:39,275 [INFO] AnalyticsPlugin:255 - Accepted CMSIS Pack Licenses: 
2025-12-15 08:45:39,275 [INFO] AnalyticsPlugin:257 - Accepted Firmware Licenses: FW.F4.1.28.0
2025-12-15 08:45:39,280 [INFO] PluginManage:359 - Loaded plugin analytics (category:tool,tabindex:-1)
2025-12-15 08:45:39,281 [INFO] PluginManage:310 - Check plugin cadmodel
2025-12-15 08:45:39,291 [INFO] CADModel:105 - Init CAD model plugin
2025-12-15 08:45:39,291 [INFO] PluginManage:359 - Loaded plugin cadmodel (category:power,tabindex:5)
2025-12-15 08:45:39,293 [INFO] PluginManage:310 - Check plugin clock
2025-12-15 08:45:39,305 [INFO] PluginManage:359 - Loaded plugin clock (category:base,tabindex:2)
2025-12-15 08:45:39,305 [INFO] PluginManage:310 - Check plugin ddr
2025-12-15 08:45:39,307 [INFO] PluginManage:359 - Loaded plugin ddr (category:tool,tabindex:6)
2025-12-15 08:45:39,307 [INFO] PluginManage:310 - Check plugin filemanager
2025-12-15 08:45:39,467 [INFO] PluginManage:359 - Loaded plugin filemanager (category:base,tabindex:10)
2025-12-15 08:45:39,468 [INFO] PluginManage:310 - Check plugin ipmanager
2025-12-15 08:45:39,480 [INFO] PluginManage:359 - Loaded plugin ipmanager (category:base,tabindex:5)
2025-12-15 08:45:39,481 [INFO] PluginManage:310 - Check plugin lpbam
2025-12-15 08:45:39,494 [INFO] PluginManage:359 - Loaded plugin lpbam (category:base,tabindex:0)
2025-12-15 08:45:39,494 [INFO] PluginManage:310 - Check plugin memorymap
2025-12-15 08:45:39,519 [INFO] PluginManage:359 - Loaded plugin memorymap (category:base,tabindex:4)
2025-12-15 08:45:39,519 [INFO] PluginManage:310 - Check plugin pinoutandconfiguration
2025-12-15 08:45:39,538 [INFO] PluginManage:359 - Loaded plugin pinoutandconfiguration (category:base,tabindex:1)
2025-12-15 08:45:39,538 [INFO] PluginManage:310 - Check plugin pinoutconfig
2025-12-15 08:45:39,694 [WARN] SupportedApi:132 - Cannot load RTOS API schema: s4s-elt-must-match.1: The content of 'definitions' must match (annotation?, (simpleType | complexType)?, (unique | key | keyref)*)). A problem was found starting at: attribute.
2025-12-15 08:45:39,985 [INFO] PluginManage:359 - Loaded plugin pinoutconfig (category:base,tabindex:0)
2025-12-15 08:45:39,985 [INFO] PluginManage:310 - Check plugin power
2025-12-15 08:45:40,007 [INFO] PluginManage:359 - Loaded plugin power (category:power,tabindex:4)
2025-12-15 08:45:40,007 [INFO] PluginManage:310 - Check plugin projectmanager
2025-12-15 08:45:40,045 [INFO] PluginManage:359 - Loaded plugin projectmanager (category:projectmanager,tabindex:4)
2025-12-15 08:45:40,045 [INFO] PluginManage:310 - Check plugin rif
2025-12-15 08:45:40,072 [INFO] PluginManage:359 - Loaded plugin rif (category:base,tabindex:3)
2025-12-15 08:45:40,072 [INFO] PluginManage:310 - Check plugin thirdparty
2025-12-15 08:45:40,516 [INFO] PluginManage:359 - Loaded plugin thirdparty (category:base,tabindex:-1)
2025-12-15 08:45:40,516 [WARN] IntegrityCheckThread:84 - waiting for thirdparty lock release [integrity check]
2025-12-15 08:45:40,517 [INFO] PluginManage:310 - Check plugin tools
2025-12-15 08:45:40,517 [INFO] IntegrityCheckThread:86 - entering critical section [integrity check]
2025-12-15 08:45:40,518 [INFO] ThirdPartyUpdaterWithRetryManager:70 - Updater plugin not ready yet. [1/15]
2025-12-15 08:45:40,524 [INFO] PluginManage:359 - Loaded plugin tools (category:base,tabindex:7)
2025-12-15 08:45:40,525 [INFO] PluginManage:310 - Check plugin tutovideos
2025-12-15 08:45:40,921 [INFO] PluginManage:359 - Loaded plugin tutovideos (category:base,tabindex:-1)
2025-12-15 08:45:40,921 [INFO] PluginManage:310 - Check plugin updater
2025-12-15 08:45:40,957 [INFO] PluginManage:359 - Loaded plugin updater (category:base,tabindex:12)
2025-12-15 08:45:40,958 [INFO] PluginManage:310 - Check plugin userauth
2025-12-15 08:45:40,966 [INFO] UserAuth:118 - Init User Auth plugin
2025-12-15 08:45:40,968 [INFO] PluginManage:359 - Loaded plugin userauth (category:base,tabindex:14)
2025-12-15 08:45:40,969 [INFO] PluginManage:283 - PluginManage : Loaded plugins [18]
2025-12-15 08:45:41,435 [INFO] PinOutPanel:1589 - setPackage(No Configuration,No Configuration)
2025-12-15 08:45:41,606 [INFO] CADModel:165 - CPN selected for project level
2025-12-15 08:45:41,607 [INFO] CADModel:114 - Register for checkConnection events
2025-12-15 08:45:41,647 [INFO] IPUIPlugin:80 - create IPUIPlugin
2025-12-15 08:45:41,647 [INFO] PluginManager:220 - loadIPPluginJar : add adc
2025-12-15 08:45:41,653 [INFO] IPUIPlugin:80 - create IPUIPlugin
2025-12-15 08:45:41,654 [INFO] PluginManager:220 - loadIPPluginJar : add aes
2025-12-15 08:45:41,658 [INFO] IPUIPlugin:80 - create IPUIPlugin
2025-12-15 08:45:41,660 [INFO] PluginManager:220 - loadIPPluginJar : add can
2025-12-15 08:45:41,664 [INFO] IPUIPlugin:80 - create IPUIPlugin
2025-12-15 08:45:41,664 [INFO] PluginManager:220 - loadIPPluginJar : add comp
2025-12-15 08:45:41,669 [INFO] IPUIPlugin:80 - create IPUIPlugin
2025-12-15 08:45:41,669 [INFO] PluginManager:220 - loadIPPluginJar : add cryp
2025-12-15 08:45:41,676 [INFO] IPUIPlugin:80 - create IPUIPlugin
2025-12-15 08:45:41,677 [INFO] PluginManager:220 - loadIPPluginJar : add ddr_ctrl_phy
2025-12-15 08:45:41,683 [INFO] IPUIPlugin:80 - create IPUIPlugin
2025-12-15 08:45:41,683 [INFO] PluginManager:220 - loadIPPluginJar : add dfsdm
2025-12-15 08:45:41,696 [INFO] IPUIPlugin:80 - create IPUIPlugin
2025-12-15 08:45:41,697 [INFO] PluginManager:220 - loadIPPluginJar : add dma
2025-12-15 08:45:41,705 [INFO] IPUIPlugin:80 - create IPUIPlugin
2025-12-15 08:45:41,705 [INFO] PluginManager:220 - loadIPPluginJar : add dma3
2025-12-15 08:45:41,712 [INFO] IPUIPlugin:80 - create IPUIPlugin
2025-12-15 08:45:41,712 [INFO] PluginManager:220 - loadIPPluginJar : add extmemmanager
2025-12-15 08:45:41,716 [INFO] IPUIPlugin:80 - create IPUIPlugin
2025-12-15 08:45:41,716 [INFO] PluginManager:220 - loadIPPluginJar : add fatfs
2025-12-15 08:45:41,725 [INFO] IPUIPlugin:80 - create IPUIPlugin
2025-12-15 08:45:41,725 [INFO] PluginManager:220 - loadIPPluginJar : add fmc
2025-12-15 08:45:41,741 [INFO] IPUIPlugin:80 - create IPUIPlugin
2025-12-15 08:45:41,741 [INFO] PluginManager:220 - loadIPPluginJar : add freertos
2025-12-15 08:45:41,745 [INFO] IPUIPlugin:80 - create IPUIPlugin
2025-12-15 08:45:41,745 [INFO] PluginManager:220 - loadIPPluginJar : add genericplugin
2025-12-15 08:45:41,749 [INFO] IPUIPlugin:80 - create IPUIPlugin
2025-12-15 08:45:41,749 [INFO] PluginManager:220 - loadIPPluginJar : add gfxmmu
2025-12-15 08:45:41,760 [INFO] IPUIPlugin:80 - create IPUIPlugin
2025-12-15 08:45:41,760 [INFO] PluginManager:220 - loadIPPluginJar : add gic
2025-12-15 08:45:41,768 [INFO] IPUIPlugin:80 - create IPUIPlugin
2025-12-15 08:45:41,769 [INFO] PluginManager:220 - loadIPPluginJar : add gpio
2025-12-15 08:45:41,774 [INFO] IPUIPlugin:80 - create IPUIPlugin
2025-12-15 08:45:41,774 [INFO] PluginManager:220 - loadIPPluginJar : add gtzc
2025-12-15 08:45:41,778 [INFO] IPUIPlugin:80 - create IPUIPlugin
2025-12-15 08:45:41,778 [INFO] PluginManager:220 - loadIPPluginJar : add hash
2025-12-15 08:45:41,783 [INFO] IPUIPlugin:80 - create IPUIPlugin
2025-12-15 08:45:41,783 [INFO] PluginManager:220 - loadIPPluginJar : add i2c
2025-12-15 08:45:41,788 [INFO] IPUIPlugin:80 - create IPUIPlugin
2025-12-15 08:45:41,789 [INFO] PluginManager:220 - loadIPPluginJar : add i2s
2025-12-15 08:45:41,794 [INFO] IPUIPlugin:80 - create IPUIPlugin
2025-12-15 08:45:41,795 [INFO] PluginManager:220 - loadIPPluginJar : add i3c
2025-12-15 08:45:41,800 [INFO] IPUIPlugin:80 - create IPUIPlugin
2025-12-15 08:45:41,801 [INFO] PluginManager:220 - loadIPPluginJar : add ipddr
2025-12-15 08:45:41,815 [INFO] IPUIPlugin:80 - create IPUIPlugin
2025-12-15 08:45:41,816 [INFO] PluginManager:220 - loadIPPluginJar : add linkedlist
2025-12-15 08:45:41,822 [INFO] IPUIPlugin:80 - create IPUIPlugin
2025-12-15 08:45:41,822 [INFO] PluginManager:220 - loadIPPluginJar : add lorawan
2025-12-15 08:45:41,826 [INFO] IPUIPlugin:80 - create IPUIPlugin
2025-12-15 08:45:41,826 [INFO] PluginManager:220 - loadIPPluginJar : add ltdc
2025-12-15 08:45:41,839 [INFO] IPUIPlugin:80 - create IPUIPlugin
2025-12-15 08:45:41,839 [INFO] PluginManager:220 - loadIPPluginJar : add mdma
2025-12-15 08:45:41,847 [INFO] IPUIPlugin:80 - create IPUIPlugin
2025-12-15 08:45:41,848 [INFO] PluginManager:220 - loadIPPluginJar : add nvic
2025-12-15 08:45:41,854 [INFO] IPUIPlugin:80 - create IPUIPlugin
2025-12-15 08:45:41,855 [INFO] PluginManager:220 - loadIPPluginJar : add opamp
2025-12-15 08:45:41,862 [INFO] IPUIPlugin:80 - create IPUIPlugin
2025-12-15 08:45:41,863 [INFO] PluginManager:220 - loadIPPluginJar : add openamp
2025-12-15 08:45:41,871 [INFO] IPUIPlugin:80 - create IPUIPlugin
2025-12-15 08:45:41,871 [INFO] PluginManager:220 - loadIPPluginJar : add pdm2pcm
2025-12-15 08:45:41,884 [INFO] IPUIPlugin:80 - create IPUIPlugin
2025-12-15 08:45:41,889 [INFO] PluginManager:220 - loadIPPluginJar : add plateformsettings
2025-12-15 08:45:41,893 [INFO] IPUIPlugin:80 - create IPUIPlugin
2025-12-15 08:45:41,893 [INFO] PluginManager:220 - loadIPPluginJar : add quadspi
2025-12-15 08:45:41,897 [INFO] IPUIPlugin:80 - create IPUIPlugin
2025-12-15 08:45:41,898 [INFO] PluginManager:220 - loadIPPluginJar : add radio
2025-12-15 08:45:41,906 [INFO] IPUIPlugin:80 - create IPUIPlugin
2025-12-15 08:45:41,907 [INFO] PluginManager:220 - loadIPPluginJar : add resmgrutility
2025-12-15 08:45:41,913 [INFO] IPUIPlugin:80 - create IPUIPlugin
2025-12-15 08:45:41,913 [INFO] PluginManager:220 - loadIPPluginJar : add sai
2025-12-15 08:45:41,918 [INFO] IPUIPlugin:80 - create IPUIPlugin
2025-12-15 08:45:41,919 [INFO] PluginManager:220 - loadIPPluginJar : add spi
2025-12-15 08:45:41,930 [INFO] IPUIPlugin:80 - create IPUIPlugin
2025-12-15 08:45:41,931 [INFO] PluginManager:220 - loadIPPluginJar : add stm32_wpan
2025-12-15 08:45:41,935 [INFO] IPUIPlugin:80 - create IPUIPlugin
2025-12-15 08:45:41,936 [INFO] PluginManager:220 - loadIPPluginJar : add tim
2025-12-15 08:45:41,943 [INFO] IPUIPlugin:80 - create IPUIPlugin
2025-12-15 08:45:41,943 [INFO] PluginManager:220 - loadIPPluginJar : add touchsensing
2025-12-15 08:45:41,948 [INFO] IPUIPlugin:80 - create IPUIPlugin
2025-12-15 08:45:41,948 [INFO] PluginManager:220 - loadIPPluginJar : add tracer_emb
2025-12-15 08:45:41,952 [INFO] IPUIPlugin:80 - create IPUIPlugin
2025-12-15 08:45:41,952 [INFO] PluginManager:220 - loadIPPluginJar : add ts
2025-12-15 08:45:41,956 [INFO] IPUIPlugin:80 - create IPUIPlugin
2025-12-15 08:45:41,956 [INFO] PluginManager:220 - loadIPPluginJar : add tsc
2025-12-15 08:45:41,960 [INFO] IPUIPlugin:80 - create IPUIPlugin
2025-12-15 08:45:41,961 [INFO] PluginManager:220 - loadIPPluginJar : add ucpd
2025-12-15 08:45:41,968 [INFO] IPUIPlugin:80 - create IPUIPlugin
2025-12-15 08:45:41,968 [INFO] PluginManager:220 - loadIPPluginJar : add usart
2025-12-15 08:45:41,976 [INFO] IPUIPlugin:80 - create IPUIPlugin
2025-12-15 08:45:41,976 [INFO] PluginManager:220 - loadIPPluginJar : add usbx
2025-12-15 08:45:42,143 [FATAL] Updater:351 - Updater called before beeing initialized
2025-12-15 08:45:42,184 [INFO] RulesReader:64 - Compatibility file has been processed (317 Rules)
2025-12-15 08:45:42,200 [INFO] RulesReader:64 - Compatibility file has been processed (317 Rules)
2025-12-15 08:45:42,217 [INFO] CADModel:165 - CPN selected for project level
2025-12-15 08:45:42,217 [INFO] CADModel:114 - Register for checkConnection events
2025-12-15 08:45:42,217 [FATAL] Updater:351 - Updater called before beeing initialized
2025-12-15 08:45:42,218 [ERROR] CADModel:125 - Updater not yet initialized, retry later 
2025-12-15 08:45:42,463 [FATAL] Updater:351 - Updater called before beeing initialized
2025-12-15 08:45:42,468 [INFO] CADModel:165 - CPN selected for project level
2025-12-15 08:45:42,469 [INFO] CADModel:114 - Register for checkConnection events
2025-12-15 08:45:42,469 [FATAL] Updater:351 - Updater called before beeing initialized
2025-12-15 08:45:42,469 [ERROR] CADModel:125 - Updater not yet initialized, retry later 
2025-12-15 08:45:42,476 [FATAL] Updater:351 - Updater called before beeing initialized
2025-12-15 08:45:42,633 [FATAL] Updater:351 - Updater called before beeing initialized
2025-12-15 08:45:42,638 [INFO] DbMcusAds:53 - JSON generation date=Mon Dec 08 22:28:09 CST 2025 (1765204089998)
2025-12-15 08:45:42,639 [FATAL] Updater:351 - Updater called before beeing initialized
2025-12-15 08:45:42,684 [WARN] DetailPanel:346 - Failed to get advertising image, set to default
2025-12-15 08:45:42,774 [FATAL] Updater:351 - Updater called before beeing initialized
2025-12-15 08:45:42,776 [FATAL] Updater:351 - Updater called before beeing initialized
2025-12-15 08:45:42,776 [FATAL] Updater:351 - Updater called before beeing initialized
2025-12-15 08:45:42,776 [WARN] DetailPanel:346 - Failed to get advertising image, set to default
2025-12-15 08:45:42,777 [FATAL] Updater:351 - Updater called before beeing initialized
2025-12-15 08:45:42,828 [ERROR] Updater:1198 - MainUpdater not yet initialized. External WinMGr cannot be set.
2025-12-15 08:45:42,830 [INFO] Updater:1134 - Updater Version found : 6.15.0
2025-12-15 08:45:42,850 [INFO] ApplicationProperties:184 - Using Application install path: C:\ST\STM32CubeIDE_1.19.0\STM32CubeIDE\plugins\com.st.stm32cube.common.mx_6.15.0.202507011659
2025-12-15 08:45:43,521 [INFO] ThirdPartyUpdaterWithRetryManager:70 - Updater plugin not ready yet. [2/15]
2025-12-15 08:45:44,429 [ERROR] LogOutputStream:75 - [STDERR_REDIRECT] Dec 15, 2025 8:45:44 AM java.util.prefs.WindowsPreferences <init>
2025-12-15 08:45:44,431 [ERROR] LogOutputStream:75 - [STDERR_REDIRECT] WARNING: Could not open/create prefs root node Software\JavaSoft\Prefs at root 0xffffffff80000002. Windows RegCreateKeyEx(...) returned error code 5.
2025-12-15 08:45:44,431 [ERROR] LogOutputStream:75 - [STDERR_REDIRECT] 
2025-12-15 08:45:44,927 [INFO] MainUpdater:2872 - connection check result : 10
2025-12-15 08:45:44,928 [INFO] MainUpdater:289 - Updater Check For Update Now.
2025-12-15 08:45:44,928 [INFO] MicroXplorer:498 - Change Database Version : DB.6.0.150
2025-12-15 08:45:44,950 [INFO] McuFinderGlobals:63 - Set McuFinder mode to 2 (CubeIDE integrated)
2025-12-15 08:45:44,951 [INFO] UserAuth:487 - Internet connection configuration mode: 1
2025-12-15 08:45:45,015 [INFO] JxBrowserEngine:152 - Initiate JxBrowser Engine with user profile folder
2025-12-15 08:45:45,116 [INFO] CheckServerUpdateThread:120 - End of CheckServer Thread
2025-12-15 08:45:46,198 [INFO] WebApp:169 - Instantiating new browser for Auth
2025-12-15 08:45:46,795 [WARN] PackLoader:240 - Cannot read IP mode file for STMicroelectronics.FP-SNS-MOTENVWB1.1.4.0
2025-12-15 08:45:46,809 [WARN] PackLoader:240 - Cannot read IP mode file for STMicroelectronics.FP-ATR-ASTRA1.2.0.2
2025-12-15 08:45:46,821 [WARN] PackLoader:240 - Cannot read IP mode file for STMicroelectronics.X-CUBE-SMBUS.2.1.0
2025-12-15 08:45:46,865 [WARN] PackLoader:240 - Cannot read IP mode file for STMicroelectronics.X-CUBE-AZRTOS-F7.1.1.0
2025-12-15 08:45:46,873 [WARN] PackLoader:240 - Cannot read IP mode file for Cesanta.I-CUBE-Mongoose.7.19.0
2025-12-15 08:45:46,879 [WARN] PackLoader:240 - Cannot read IP mode file for STMicroelectronics.FP-SNS-MOTENV1.5.1.0
2025-12-15 08:45:46,896 [WARN] PackLoader:240 - Cannot read IP mode file for WES.I-CUBE-Cesium.1.4.0
2025-12-15 08:45:46,917 [WARN] PackLoader:240 - Cannot read IP mode file for Infineon.AIROC-Wi-Fi-Bluetooth-STM32.1.7.1
2025-12-15 08:45:46,945 [WARN] PackLoader:240 - Cannot read IP mode file for STMicroelectronics.X-CUBE-AZRTOS-H7.3.4.0
2025-12-15 08:45:46,953 [WARN] PackLoader:240 - Cannot read IP mode file for STMicroelectronics.X-CUBE-DISPLAY.3.0.0
2025-12-15 08:45:46,966 [WARN] PackLoader:240 - Cannot read IP mode file for STMicroelectronics.X-CUBE-NFC10.1.0.0
2025-12-15 08:45:46,971 [WARN] PackLoader:240 - Cannot read IP mode file for STMicroelectronics.X-CUBE-ST60.1.1.0
2025-12-15 08:45:46,975 [WARN] PackLoader:240 - Cannot read IP mode file for emotas.I-CUBE-CANOPEN.1.3.0
2025-12-15 08:45:46,980 [WARN] PackLoader:240 - Cannot read IP mode file for STMicroelectronics.X-CUBE-GNSS1.7.1.0
2025-12-15 08:45:46,987 [WARN] PackLoader:240 - Cannot read IP mode file for STMicroelectronics.FP-SNS-STBOX1.2.1.0
2025-12-15 08:45:46,992 [WARN] PackLoader:240 - Cannot read IP mode file for STMicroelectronics.FP-SNS-SMARTAG2.1.2.0
2025-12-15 08:45:46,995 [WARN] PackLoader:240 - Cannot read IP mode file for STMicroelectronics.FP-SNS-FLIGHT1.5.1.0
2025-12-15 08:45:47,002 [INFO] LogOutputStream:77 - [STDOUT_REDIRECT] 1 : Invalid condition id : UX_CORESTACK_Condition cause : null
2025-12-15 08:45:47,004 [INFO] LogOutputStream:77 - [STDOUT_REDIRECT] 1 : Invalid condition id : UX_CORESTACK_Condition cause : null
2025-12-15 08:45:47,006 [INFO] LogOutputStream:77 - [STDOUT_REDIRECT] 1 : Invalid condition id : UX_CORESTACK_Condition cause : null
2025-12-15 08:45:47,007 [INFO] LogOutputStream:77 - [STDOUT_REDIRECT] 1 : Invalid condition id : UX_CORESTACK_Condition cause : null
2025-12-15 08:45:47,008 [INFO] LogOutputStream:77 - [STDOUT_REDIRECT] 1 : Invalid condition id : UX_CORESTACK_Condition cause : null
2025-12-15 08:45:47,010 [WARN] PackLoader:240 - Cannot read IP mode file for STMicroelectronics.X-CUBE-AZRTOS-WL.2.0.0
2025-12-15 08:45:47,019 [WARN] PackLoader:240 - Cannot read IP mode file for STMicroelectronics.X-CUBE-AZRTOS-H7RS.1.2.0
2025-12-15 08:45:47,025 [WARN] PackLoader:240 - Cannot read IP mode file for STMicroelectronics.X-CUBE-BLE2.3.3.0
2025-12-15 08:45:47,048 [WARN] PackLoader:240 - Cannot read IP mode file for STMicroelectronics.X-CUBE-NFC9.1.0.0
2025-12-15 08:45:47,052 [WARN] PackLoader:240 - Cannot read IP mode file for wolfSSL.I-CUBE-wolfSSL.5.8.2
2025-12-15 08:45:47,057 [WARN] PackLoader:240 - Cannot read IP mode file for STMicroelectronics.X-CUBE-BLE1.7.1.0
2025-12-15 08:45:47,067 [WARN] PackLoader:240 - Cannot read IP mode file for wolfSSL.I-CUBE-wolfMQTT.1.19.2
2025-12-15 08:45:47,075 [WARN] PackLoader:240 - Cannot read IP mode file for STMicroelectronics.X-CUBE-FREERTOS.1.4.0
2025-12-15 08:45:47,083 [WARN] PackLoader:240 - Cannot read IP mode file for STMicroelectronics.X-CUBE-EEPRMA1.5.2.0
2025-12-15 08:45:47,093 [WARN] PackLoader:240 - Cannot read IP mode file for STMicroelectronics.X-CUBE-ST67W61.1.1.0
2025-12-15 08:45:47,178 [WARN] PackLoader:240 - Cannot read IP mode file for STMicroelectronics.X-CUBE-MEMS1.12.0.0
2025-12-15 08:45:47,237 [WARN] PackLoader:240 - Cannot read IP mode file for STMicroelectronics.X-CUBE-AZRTOS-G0.1.1.0
2025-12-15 08:45:47,242 [WARN] PackLoader:240 - Cannot read IP mode file for STMicroelectronics.X-CUBE-SAFEA1.1.2.2
2025-12-15 08:45:47,248 [WARN] PackLoader:240 - Cannot read IP mode file for STMicroelectronics.X-CUBE-NFC4.3.0.0
2025-12-15 08:45:47,253 [WARN] PackLoader:240 - Cannot read IP mode file for STMicroelectronics.X-CUBE-WB05N.2.0.0
2025-12-15 08:45:47,257 [WARN] PackLoader:240 - Cannot read IP mode file for wolfSSL.I-CUBE-wolfTPM.3.8.0
2025-12-15 08:45:47,261 [WARN] PackLoader:240 - Cannot read IP mode file for STMicroelectronics.X-CUBE-TCPP.4.2.0
2025-12-15 08:45:47,265 [WARN] PackLoader:240 - Cannot read IP mode file for RealThread.X-CUBE-RT-Thread_Nano.4.1.1
2025-12-15 08:45:47,269 [WARN] PackLoader:240 - Cannot read IP mode file for STMicroelectronics.FP-ATR-SIGFOX1.3.2.0
2025-12-15 08:45:47,275 [WARN] PackLoader:240 - Cannot read IP mode file for ITTIA_DB.I-CUBE-ITTIADB.8.9.0
2025-12-15 08:45:47,279 [WARN] PackLoader:240 - Cannot read IP mode file for STMicroelectronics.X-CUBE-AI.10.2.0
2025-12-15 08:45:47,295 [WARN] PackLoader:240 - Cannot read IP mode file for SEGGER.I-CUBE-embOS.1.3.1
2025-12-15 08:45:47,317 [WARN] PackLoader:240 - Cannot read IP mode file for STMicroelectronics.X-CUBE-ALGOBUILD.1.4.0
2025-12-15 08:45:47,361 [WARN] PackLoader:240 - Cannot read IP mode file for STMicroelectronics.X-CUBE-MEMS1.11.3.0
2025-12-15 08:45:47,428 [WARN] PackLoader:240 - Cannot read IP mode file for STMicroelectronics.X-CUBE-PM33A1.1.0.0
2025-12-15 08:45:47,437 [WARN] PackLoader:240 - Cannot read IP mode file for STMicroelectronics.X-CUBE-AZRTOS-F4.1.1.0
2025-12-15 08:45:47,442 [WARN] PackLoader:240 - Cannot read IP mode file for STMicroelectronics.X-CUBE-ISPU.2.1.0
2025-12-15 08:45:47,453 [WARN] PackLoader:240 - Cannot read IP mode file for STMicroelectronics.X-CUBE-IPS.3.2.0
2025-12-15 08:45:47,468 [WARN] PackLoader:240 - Cannot read IP mode file for STMicroelectronics.X-CUBE-NFC12.1.0.0
2025-12-15 08:45:47,489 [WARN] PackLoader:240 - Cannot read IP mode file for STMicroelectronics.X-CUBE-AZRTOS-L5.2.0.0
2025-12-15 08:45:47,500 [WARN] PackLoader:240 - Cannot read IP mode file for STMicroelectronics.X-CUBE-NFC6.3.1.0
2025-12-15 08:45:47,527 [WARN] PackLoader:240 - Cannot read IP mode file for STMicroelectronics.X-CUBE-FREERTOS.1.3.1
2025-12-15 08:45:47,541 [WARN] PackLoader:240 - Cannot read IP mode file for STMicroelectronics.X-CUBE-TOUCHGFX.4.26.0
2025-12-15 08:45:47,550 [WARN] PackLoader:240 - Cannot read IP mode file for STMicroelectronics.FP-SNS-STAIOTCFT.1.0.0
2025-12-15 08:45:47,559 [WARN] PackLoader:240 - Cannot read IP mode file for STMicroelectronics.X-CUBE-DPower.1.3.0
2025-12-15 08:45:47,572 [WARN] ConditionMgr:438 - getConditionDescription Invalid condition id : LAN8742 Phy interface Condition cause : null
2025-12-15 08:45:47,573 [WARN] PackLoader:240 - Cannot read IP mode file for STMicroelectronics.X-CUBE-AZRTOS-L4.2.0.0
2025-12-15 08:45:47,574 [WARN] ConditionMgr:1044 - genDependencies : Invalid condition id : LAN8742 Phy interface Condition cause : null
2025-12-15 08:45:47,574 [WARN] ConditionMgr:1044 - genDependencies : Invalid condition id : LAN8742 Phy interface Condition cause : null
2025-12-15 08:45:47,574 [WARN] ConditionMgr:1044 - genDependencies : Invalid condition id : LAN8742 Phy interface Condition cause : null
2025-12-15 08:45:47,579 [WARN] PackLoader:240 - Cannot read IP mode file for STMicroelectronics.X-CUBE-SFXS2LP1.4.0.0
2025-12-15 08:45:47,587 [WARN] PackLoader:240 - Cannot read IP mode file for STMicroelectronics.X-CUBE-BLEMGR.4.1.0
2025-12-15 08:45:47,594 [WARN] ConditionMgr:438 - getConditionDescription Invalid condition id : UX DEVICE CLASS RTOS Condition cause : null
2025-12-15 08:45:47,595 [WARN] ConditionMgr:438 - getConditionDescription Invalid condition id : UX DEVICE CLASS RTOS Condition cause : null
2025-12-15 08:45:47,595 [WARN] PackLoader:240 - Cannot read IP mode file for STMicroelectronics.X-CUBE-AZRTOS-WB.2.0.0
2025-12-15 08:45:47,596 [WARN] ConditionMgr:1044 - genDependencies : Invalid condition id : UX DEVICE CLASS RTOS Condition cause : null
2025-12-15 08:45:47,596 [WARN] ConditionMgr:1044 - genDependencies : Invalid condition id : UX DEVICE CLASS RTOS Condition cause : null
2025-12-15 08:45:47,596 [WARN] ConditionMgr:1044 - genDependencies : Invalid condition id : UX DEVICE CLASS RTOS Condition cause : null
2025-12-15 08:45:47,596 [WARN] ConditionMgr:1044 - genDependencies : Invalid condition id : UX DEVICE CLASS RTOS Condition cause : null
2025-12-15 08:45:47,596 [WARN] ConditionMgr:1044 - genDependencies : Invalid condition id : UX DEVICE CLASS RTOS Condition cause : null
2025-12-15 08:45:47,599 [WARN] PackLoader:240 - Cannot read IP mode file for STMicroelectronics.X-CUBE-GNSS1.7.0.1
2025-12-15 08:45:47,604 [WARN] ConditionMgr:438 - getConditionDescription Invalid condition id : Cortex-A Device cause : null
2025-12-15 08:45:47,612 [WARN] ConditionMgr:1044 - genDependencies : Invalid condition id : Cortex-A Device cause : null
2025-12-15 08:45:47,612 [WARN] ConditionMgr:1044 - genDependencies : Invalid condition id : Cortex-A Device cause : null
2025-12-15 08:45:47,612 [WARN] ConditionMgr:1044 - genDependencies : Invalid condition id : Cortex-A Device cause : null
2025-12-15 08:45:47,618 [WARN] PackLoader:240 - Cannot read IP mode file for STMicroelectronics.X-CUBE-SUBG2.5.0.0
2025-12-15 08:45:47,627 [WARN] PackLoader:240 - Cannot read IP mode file for STMicroelectronics.X-CUBE-AZRTOS-H7RS.1.1.0
2025-12-15 08:45:47,635 [WARN] PackLoader:240 - Cannot read IP mode file for STMicroelectronics.X-CUBE-AZRTOS-G4.2.0.0
2025-12-15 08:45:47,640 [WARN] PackLoader:240 - Cannot read IP mode file for wolfSSL.I-CUBE-wolfSSH.1.4.20
2025-12-15 08:45:47,644 [WARN] PackLoader:240 - Cannot read IP mode file for STMicroelectronics.X-CUBE-NFC7.2.0.0
2025-12-15 08:45:47,650 [WARN] PackLoader:240 - Cannot read IP mode file for STMicroelectronics.X-CUBE-ALS.1.0.2
2025-12-15 08:45:47,656 [WARN] PackLoader:240 - Cannot read IP mode file for STMicroelectronics.X-CUBE-STSE01.1.0.0
2025-12-15 08:45:47,663 [WARN] PackLoader:240 - Cannot read IP mode file for STMicroelectronics.X-CUBE-TOF1.3.4.3
2025-12-15 08:45:47,668 [INFO] ThirdParty:978 - Integrity check success = true
2025-12-15 08:45:47,668 [INFO] IntegrityCheckThread:100 - exiting critical section [integrity check]
2025-12-15 08:45:47,668 [INFO] IntegrityCheckThread:103 - End integrity checks thread
2025-12-15 08:45:48,039 [INFO] WebApp:463 - Apply proxy settings
2025-12-15 08:45:48,040 [INFO] WebApp:548 - Chromium requires no authentication
2025-12-15 08:45:48,057 [INFO] WebApp:491 - Direct internet connection detected
2025-12-15 08:45:48,099 [INFO] WebApp:900 - Register for checkConnection events
2025-12-15 08:45:48,099 [INFO] WebApp:463 - Apply proxy settings
2025-12-15 08:45:48,099 [INFO] WebApp:548 - Chromium requires no authentication
2025-12-15 08:45:48,100 [INFO] WebApp:491 - Direct internet connection detected
2025-12-15 08:45:48,445 [INFO] WebApp:191 - Connection restablished
2025-12-15 08:45:48,527 [INFO] WebApp:225 - Starting web application
2025-12-15 08:45:48,528 [INFO] WebApp:593 - Web application path used C:\ST\STM32CubeIDE_1.19.0\STM32CubeIDE\plugins\com.st.stm32cube.common.mx_6.15.0.202507011659\db\plugins\mcufinder\reactClient1\index.html
2025-12-15 08:45:48,623 [INFO] UserAuth:487 - Internet connection configuration mode: 1
2025-12-15 08:53:03,325 [INFO] WebApp:194 - Connection lost
2025-12-15 08:53:03,501 [INFO] WebApp:191 - Connection restablished
2025-12-15 08:54:52,298 [INFO] WebApp:194 - Connection lost
2025-12-15 08:54:52,448 [INFO] WebApp:191 - Connection restablished
2025-12-15 09:09:30,372 [INFO] WebApp:194 - Connection lost
2025-12-15 09:09:30,548 [INFO] WebApp:191 - Connection restablished
2025-12-15 09:14:33,114 [INFO] WebApp:194 - Connection lost
2025-12-15 09:14:33,284 [INFO] WebApp:191 - Connection restablished
2025-12-15 09:14:40,827 [INFO] WebApp:194 - Connection lost
2025-12-15 09:14:40,983 [INFO] WebApp:191 - Connection restablished
2025-12-15 09:18:21,486 [INFO] WebApp:194 - Connection lost
2025-12-15 09:18:21,676 [INFO] WebApp:191 - Connection restablished
2025-12-15 09:18:21,999 [INFO] WebApp:194 - Connection lost
2025-12-15 09:18:22,142 [INFO] WebApp:191 - Connection restablished
2025-12-15 09:18:29,378 [INFO] WebApp:194 - Connection lost
2025-12-15 09:18:29,546 [INFO] WebApp:191 - Connection restablished
2025-12-15 09:28:11,877 [INFO] WebApp:194 - Connection lost
2025-12-15 09:28:12,031 [INFO] WebApp:191 - Connection restablished
2025-12-15 11:41:58,986 [INFO] WebApp:194 - Connection lost
2025-12-15 11:41:59,194 [INFO] WebApp:191 - Connection restablished
2025-12-15 12:02:31,460 [INFO] WebApp:194 - Connection lost
2025-12-15 12:02:31,632 [INFO] WebApp:191 - Connection restablished
2025-12-15 13:50:20,079 [INFO] WebApp:194 - Connection lost
2025-12-15 13:50:20,301 [INFO] WebApp:191 - Connection restablished
2025-12-15 14:39:37,566 [INFO] WebApp:194 - Connection lost
2025-12-15 14:39:37,735 [INFO] WebApp:191 - Connection restablished
2025-12-15 15:00:32,622 [INFO] WebApp:194 - Connection lost
2025-12-15 15:00:32,784 [INFO] WebApp:191 - Connection restablished
2025-12-15 16:34:28,668 [INFO] WebApp:194 - Connection lost
2025-12-15 16:34:28,886 [INFO] WebApp:191 - Connection restablished
2025-12-15 17:15:39,980 [INFO] WebApp:403 - JxBrowser engine has been closed 
2025-12-15 17:15:41,079 [ERROR] LogOutputStream:75 - [STDERR_REDIRECT] 
