2025-12-04 11:20:20,598 [INFO] Activator:176 - 


2025-12-04 11:20:20,604 [INFO] Activator:177 - !SESSION log4j initialized
2025-12-04 11:20:26,846 [INFO] LogOutputStream:77 - [STDOUT_REDIRECT] 
2025-12-04 11:20:29,909 [INFO] ApplicationProperties:184 - Using Application install path: C:\ST\STM32CubeIDE_1.19.0\STM32CubeIDE\plugins\com.st.stm32cube.common.mx_6.15.0.202507011659
2025-12-04 11:20:29,930 [INFO] DbMcusXml:78 - Set database path to: C:\ST\STM32CubeIDE_1.19.0\STM32CubeIDE\plugins\com.st.stm32cube.common.mx_6.15.0.202507011659\\db\/mcu/
2025-12-04 11:20:29,930 [INFO] ApiDb:274 - Set plugin database path to: C:\ST\STM32CubeIDE_1.19.0\STM32CubeIDE\plugins\com.st.stm32cube.common.mx_6.15.0.202507011659\\db\/plugins/boardmanager/
2025-12-04 11:20:29,930 [WARN] ApiDb:259 - Overriding images path with different value:  => C:\ST\STM32CubeIDE_1.19.0\STM32CubeIDE\plugins\com.st.stm32cube.common.mx_6.15.0.202507011659\\db\/plugins/mcufinder/images/
2025-12-04 11:20:29,938 [INFO] ApiDb:250 - Set database path to: C:\Users\liushaw\.stmcufinder\plugins\mcufinder//mcu/
2025-12-04 11:20:29,940 [INFO] DbMcusAds:125 - Set database path to: C:\Users\liushaw\.stmcufinder\plugins\mcufinder//mcu/
2025-12-04 11:20:29,943 [INFO] CrossReferenceDbSqlite:203 - Set database path to: C:\Users\liushaw\.stmcufinder\plugins\mcufinder//mcu/cs/
2025-12-04 11:20:30,067 [INFO] RulesReader:64 - Compatibility file has been processed (317 Rules)
2025-12-04 11:20:30,171 [INFO] DbMcusXml:78 - Set database path to: C:\ST\STM32CubeIDE_1.19.0\STM32CubeIDE\plugins\com.st.stm32cube.common.mx_6.15.0.202507011659\\db\/mcu/
2025-12-04 11:20:30,171 [INFO] ApiDb:274 - Set plugin database path to: C:\ST\STM32CubeIDE_1.19.0\STM32CubeIDE\plugins\com.st.stm32cube.common.mx_6.15.0.202507011659\\db\/plugins/boardmanager/
2025-12-04 11:20:30,171 [INFO] ApiDb:261 - Set plugin images path to: C:\ST\STM32CubeIDE_1.19.0\STM32CubeIDE\plugins\com.st.stm32cube.common.mx_6.15.0.202507011659\\db\/plugins/mcufinder/images/
2025-12-04 11:20:30,172 [WARN] DbFile:41 - Overriding database path with different value: C:\Users\liushaw\.stmcufinder\plugins\mcufinder/ => C:\Users\liushaw\.stmcufinder\plugins\mcufinder
2025-12-04 11:20:30,172 [INFO] ApiDb:250 - Set database path to: C:\Users\liushaw\.stmcufinder\plugins\mcufinder//mcu/
2025-12-04 11:20:30,172 [WARN] DbFile:41 - Overriding database path with different value: C:\Users\liushaw\.stmcufinder\plugins\mcufinder/ => C:\Users\liushaw\.stmcufinder\plugins\mcufinder
2025-12-04 11:20:30,172 [INFO] DbMcusAds:125 - Set database path to: C:\Users\liushaw\.stmcufinder\plugins\mcufinder//mcu/
2025-12-04 11:20:30,172 [WARN] DbFile:41 - Overriding database path with different value: C:\Users\liushaw\.stmcufinder\plugins\mcufinder/ => C:\Users\liushaw\.stmcufinder\plugins\mcufinder
2025-12-04 11:20:30,172 [WARN] DbFile:41 - Overriding database path with different value: C:\Users\liushaw\.stmcufinder\plugins\mcufinder/ => C:\Users\liushaw\.stmcufinder\plugins\mcufinder
2025-12-04 11:20:30,172 [INFO] CrossReferenceDbSqlite:203 - Set database path to: C:\Users\liushaw\.stmcufinder\plugins\mcufinder//mcu/cs/
2025-12-04 11:20:30,253 [INFO] MainPanel:274 - HeapMemory: 268435456
2025-12-04 11:20:30,367 [INFO] DbMcusXml:78 - Set database path to: C:\ST\STM32CubeIDE_1.19.0\STM32CubeIDE\plugins\com.st.stm32cube.common.mx_6.15.0.202507011659\\db\/mcu/
2025-12-04 11:20:30,367 [INFO] ApiDb:274 - Set plugin database path to: C:\ST\STM32CubeIDE_1.19.0\STM32CubeIDE\plugins\com.st.stm32cube.common.mx_6.15.0.202507011659\\db\/plugins/boardmanager/
2025-12-04 11:20:30,367 [INFO] ApiDb:261 - Set plugin images path to: C:\ST\STM32CubeIDE_1.19.0\STM32CubeIDE\plugins\com.st.stm32cube.common.mx_6.15.0.202507011659\\db\/plugins/mcufinder/images/
2025-12-04 11:20:30,368 [WARN] DbFile:41 - Overriding database path with different value: C:\Users\liushaw\.stmcufinder\plugins\mcufinder/ => C:\Users\liushaw\.stmcufinder\plugins\mcufinder
2025-12-04 11:20:30,368 [INFO] ApiDb:250 - Set database path to: C:\Users\liushaw\.stmcufinder\plugins\mcufinder//mcu/
2025-12-04 11:20:30,368 [WARN] DbFile:41 - Overriding database path with different value: C:\Users\liushaw\.stmcufinder\plugins\mcufinder/ => C:\Users\liushaw\.stmcufinder\plugins\mcufinder
2025-12-04 11:20:30,368 [INFO] DbMcusAds:125 - Set database path to: C:\Users\liushaw\.stmcufinder\plugins\mcufinder//mcu/
2025-12-04 11:20:30,368 [WARN] DbFile:41 - Overriding database path with different value: C:\Users\liushaw\.stmcufinder\plugins\mcufinder/ => C:\Users\liushaw\.stmcufinder\plugins\mcufinder
2025-12-04 11:20:30,368 [WARN] DbFile:41 - Overriding database path with different value: C:\Users\liushaw\.stmcufinder\plugins\mcufinder/ => C:\Users\liushaw\.stmcufinder\plugins\mcufinder
2025-12-04 11:20:30,368 [INFO] CrossReferenceDbSqlite:203 - Set database path to: C:\Users\liushaw\.stmcufinder\plugins\mcufinder//mcu/cs/
2025-12-04 11:20:30,388 [INFO] ApplicationProperties:184 - Using Application install path: C:\ST\STM32CubeIDE_1.19.0\STM32CubeIDE\plugins\com.st.stm32cube.common.mx_6.15.0.202507011659
2025-12-04 11:20:30,389 [INFO] PluginManage:196 - Search for loadable plugins [exclusion list=, ]
2025-12-04 11:20:30,391 [INFO] PluginManage:310 - Check plugin analytics
2025-12-04 11:20:30,593 [INFO] AnalyticsPlugin:253 - Accepted Software Licenses: STM32CubeMX.6.15.0
2025-12-04 11:20:30,593 [INFO] AnalyticsPlugin:255 - Accepted CMSIS Pack Licenses: 
2025-12-04 11:20:30,593 [INFO] AnalyticsPlugin:257 - Accepted Firmware Licenses: FW.F4.1.28.0
2025-12-04 11:20:30,596 [INFO] PluginManage:359 - Loaded plugin analytics (category:tool,tabindex:-1)
2025-12-04 11:20:30,597 [INFO] PluginManage:310 - Check plugin cadmodel
2025-12-04 11:20:30,606 [INFO] CADModel:105 - Init CAD model plugin
2025-12-04 11:20:30,606 [INFO] PluginManage:359 - Loaded plugin cadmodel (category:power,tabindex:5)
2025-12-04 11:20:30,606 [INFO] PluginManage:310 - Check plugin clock
2025-12-04 11:20:30,618 [INFO] PluginManage:359 - Loaded plugin clock (category:base,tabindex:2)
2025-12-04 11:20:30,618 [INFO] PluginManage:310 - Check plugin ddr
2025-12-04 11:20:30,621 [INFO] PluginManage:359 - Loaded plugin ddr (category:tool,tabindex:6)
2025-12-04 11:20:30,621 [INFO] PluginManage:310 - Check plugin filemanager
2025-12-04 11:20:30,772 [INFO] PluginManage:359 - Loaded plugin filemanager (category:base,tabindex:10)
2025-12-04 11:20:30,772 [INFO] PluginManage:310 - Check plugin ipmanager
2025-12-04 11:20:30,781 [INFO] PluginManage:359 - Loaded plugin ipmanager (category:base,tabindex:5)
2025-12-04 11:20:30,781 [INFO] PluginManage:310 - Check plugin lpbam
2025-12-04 11:20:30,791 [INFO] PluginManage:359 - Loaded plugin lpbam (category:base,tabindex:0)
2025-12-04 11:20:30,791 [INFO] PluginManage:310 - Check plugin memorymap
2025-12-04 11:20:30,808 [INFO] PluginManage:359 - Loaded plugin memorymap (category:base,tabindex:4)
2025-12-04 11:20:30,808 [INFO] PluginManage:310 - Check plugin pinoutandconfiguration
2025-12-04 11:20:30,817 [INFO] PluginManage:359 - Loaded plugin pinoutandconfiguration (category:base,tabindex:1)
2025-12-04 11:20:30,817 [INFO] PluginManage:310 - Check plugin pinoutconfig
2025-12-04 11:20:30,904 [WARN] SupportedApi:132 - Cannot load RTOS API schema: s4s-elt-must-match.1: The content of 'definitions' must match (annotation?, (simpleType | complexType)?, (unique | key | keyref)*)). A problem was found starting at: attribute.
2025-12-04 11:20:31,062 [INFO] PluginManage:359 - Loaded plugin pinoutconfig (category:base,tabindex:0)
2025-12-04 11:20:31,062 [INFO] PluginManage:310 - Check plugin power
2025-12-04 11:20:31,074 [INFO] PluginManage:359 - Loaded plugin power (category:power,tabindex:4)
2025-12-04 11:20:31,074 [INFO] PluginManage:310 - Check plugin projectmanager
2025-12-04 11:20:31,096 [INFO] PluginManage:359 - Loaded plugin projectmanager (category:projectmanager,tabindex:4)
2025-12-04 11:20:31,096 [INFO] PluginManage:310 - Check plugin rif
2025-12-04 11:20:31,108 [INFO] PluginManage:359 - Loaded plugin rif (category:base,tabindex:3)
2025-12-04 11:20:31,109 [INFO] PluginManage:310 - Check plugin thirdparty
2025-12-04 11:20:31,250 [INFO] PluginManage:359 - Loaded plugin thirdparty (category:base,tabindex:-1)
2025-12-04 11:20:31,250 [WARN] IntegrityCheckThread:84 - waiting for thirdparty lock release [integrity check]
2025-12-04 11:20:31,250 [INFO] PluginManage:310 - Check plugin tools
2025-12-04 11:20:31,250 [INFO] IntegrityCheckThread:86 - entering critical section [integrity check]
2025-12-04 11:20:31,251 [INFO] ThirdPartyUpdaterWithRetryManager:70 - Updater plugin not ready yet. [1/15]
2025-12-04 11:20:31,253 [INFO] PluginManage:359 - Loaded plugin tools (category:base,tabindex:7)
2025-12-04 11:20:31,253 [INFO] PluginManage:310 - Check plugin tutovideos
2025-12-04 11:20:31,470 [INFO] PluginManage:359 - Loaded plugin tutovideos (category:base,tabindex:-1)
2025-12-04 11:20:31,471 [INFO] PluginManage:310 - Check plugin updater
2025-12-04 11:20:31,494 [INFO] PluginManage:359 - Loaded plugin updater (category:base,tabindex:12)
2025-12-04 11:20:31,494 [INFO] PluginManage:310 - Check plugin userauth
2025-12-04 11:20:31,499 [INFO] UserAuth:118 - Init User Auth plugin
2025-12-04 11:20:31,500 [INFO] PluginManage:359 - Loaded plugin userauth (category:base,tabindex:14)
2025-12-04 11:20:31,501 [INFO] PluginManage:283 - PluginManage : Loaded plugins [18]
2025-12-04 11:20:31,744 [INFO] PinOutPanel:1589 - setPackage(No Configuration,No Configuration)
2025-12-04 11:20:31,837 [INFO] CADModel:165 - CPN selected for project level
2025-12-04 11:20:31,837 [INFO] CADModel:114 - Register for checkConnection events
2025-12-04 11:20:31,856 [INFO] IPUIPlugin:80 - create IPUIPlugin
2025-12-04 11:20:31,857 [INFO] PluginManager:220 - loadIPPluginJar : add adc
2025-12-04 11:20:31,859 [INFO] IPUIPlugin:80 - create IPUIPlugin
2025-12-04 11:20:31,860 [INFO] PluginManager:220 - loadIPPluginJar : add aes
2025-12-04 11:20:31,862 [INFO] IPUIPlugin:80 - create IPUIPlugin
2025-12-04 11:20:31,862 [INFO] PluginManager:220 - loadIPPluginJar : add can
2025-12-04 11:20:31,863 [INFO] IPUIPlugin:80 - create IPUIPlugin
2025-12-04 11:20:31,863 [INFO] PluginManager:220 - loadIPPluginJar : add comp
2025-12-04 11:20:31,865 [INFO] IPUIPlugin:80 - create IPUIPlugin
2025-12-04 11:20:31,865 [INFO] PluginManager:220 - loadIPPluginJar : add cryp
2025-12-04 11:20:31,869 [INFO] IPUIPlugin:80 - create IPUIPlugin
2025-12-04 11:20:31,869 [INFO] PluginManager:220 - loadIPPluginJar : add ddr_ctrl_phy
2025-12-04 11:20:31,871 [INFO] IPUIPlugin:80 - create IPUIPlugin
2025-12-04 11:20:31,871 [INFO] PluginManager:220 - loadIPPluginJar : add dfsdm
2025-12-04 11:20:31,876 [INFO] IPUIPlugin:80 - create IPUIPlugin
2025-12-04 11:20:31,877 [INFO] PluginManager:220 - loadIPPluginJar : add dma
2025-12-04 11:20:31,879 [INFO] IPUIPlugin:80 - create IPUIPlugin
2025-12-04 11:20:31,879 [INFO] PluginManager:220 - loadIPPluginJar : add dma3
2025-12-04 11:20:31,882 [INFO] IPUIPlugin:80 - create IPUIPlugin
2025-12-04 11:20:31,882 [INFO] PluginManager:220 - loadIPPluginJar : add extmemmanager
2025-12-04 11:20:31,883 [INFO] IPUIPlugin:80 - create IPUIPlugin
2025-12-04 11:20:31,883 [INFO] PluginManager:220 - loadIPPluginJar : add fatfs
2025-12-04 11:20:31,887 [INFO] IPUIPlugin:80 - create IPUIPlugin
2025-12-04 11:20:31,887 [INFO] PluginManager:220 - loadIPPluginJar : add fmc
2025-12-04 11:20:31,895 [INFO] IPUIPlugin:80 - create IPUIPlugin
2025-12-04 11:20:31,895 [INFO] PluginManager:220 - loadIPPluginJar : add freertos
2025-12-04 11:20:31,895 [INFO] IPUIPlugin:80 - create IPUIPlugin
2025-12-04 11:20:31,896 [INFO] PluginManager:220 - loadIPPluginJar : add genericplugin
2025-12-04 11:20:31,897 [INFO] IPUIPlugin:80 - create IPUIPlugin
2025-12-04 11:20:31,897 [INFO] PluginManager:220 - loadIPPluginJar : add gfxmmu
2025-12-04 11:20:31,902 [INFO] IPUIPlugin:80 - create IPUIPlugin
2025-12-04 11:20:31,902 [INFO] PluginManager:220 - loadIPPluginJar : add gic
2025-12-04 11:20:31,905 [INFO] IPUIPlugin:80 - create IPUIPlugin
2025-12-04 11:20:31,905 [INFO] PluginManager:220 - loadIPPluginJar : add gpio
2025-12-04 11:20:31,908 [INFO] IPUIPlugin:80 - create IPUIPlugin
2025-12-04 11:20:31,908 [INFO] PluginManager:220 - loadIPPluginJar : add gtzc
2025-12-04 11:20:31,910 [INFO] IPUIPlugin:80 - create IPUIPlugin
2025-12-04 11:20:31,910 [INFO] PluginManager:220 - loadIPPluginJar : add hash
2025-12-04 11:20:31,912 [INFO] IPUIPlugin:80 - create IPUIPlugin
2025-12-04 11:20:31,912 [INFO] PluginManager:220 - loadIPPluginJar : add i2c
2025-12-04 11:20:31,914 [INFO] IPUIPlugin:80 - create IPUIPlugin
2025-12-04 11:20:31,914 [INFO] PluginManager:220 - loadIPPluginJar : add i2s
2025-12-04 11:20:31,915 [INFO] IPUIPlugin:80 - create IPUIPlugin
2025-12-04 11:20:31,916 [INFO] PluginManager:220 - loadIPPluginJar : add i3c
2025-12-04 11:20:31,919 [INFO] IPUIPlugin:80 - create IPUIPlugin
2025-12-04 11:20:31,919 [INFO] PluginManager:220 - loadIPPluginJar : add ipddr
2025-12-04 11:20:31,925 [INFO] IPUIPlugin:80 - create IPUIPlugin
2025-12-04 11:20:31,926 [INFO] PluginManager:220 - loadIPPluginJar : add linkedlist
2025-12-04 11:20:31,931 [INFO] IPUIPlugin:80 - create IPUIPlugin
2025-12-04 11:20:31,931 [INFO] PluginManager:220 - loadIPPluginJar : add lorawan
2025-12-04 11:20:31,933 [INFO] IPUIPlugin:80 - create IPUIPlugin
2025-12-04 11:20:31,934 [INFO] PluginManager:220 - loadIPPluginJar : add ltdc
2025-12-04 11:20:31,940 [INFO] IPUIPlugin:80 - create IPUIPlugin
2025-12-04 11:20:31,940 [INFO] PluginManager:220 - loadIPPluginJar : add mdma
2025-12-04 11:20:31,943 [INFO] IPUIPlugin:80 - create IPUIPlugin
2025-12-04 11:20:31,944 [INFO] PluginManager:220 - loadIPPluginJar : add nvic
2025-12-04 11:20:31,945 [INFO] IPUIPlugin:80 - create IPUIPlugin
2025-12-04 11:20:31,946 [INFO] PluginManager:220 - loadIPPluginJar : add opamp
2025-12-04 11:20:31,948 [INFO] IPUIPlugin:80 - create IPUIPlugin
2025-12-04 11:20:31,948 [INFO] PluginManager:220 - loadIPPluginJar : add openamp
2025-12-04 11:20:31,951 [INFO] IPUIPlugin:80 - create IPUIPlugin
2025-12-04 11:20:31,951 [INFO] PluginManager:220 - loadIPPluginJar : add pdm2pcm
2025-12-04 11:20:31,957 [INFO] IPUIPlugin:80 - create IPUIPlugin
2025-12-04 11:20:31,959 [INFO] PluginManager:220 - loadIPPluginJar : add plateformsettings
2025-12-04 11:20:31,961 [INFO] IPUIPlugin:80 - create IPUIPlugin
2025-12-04 11:20:31,961 [INFO] PluginManager:220 - loadIPPluginJar : add quadspi
2025-12-04 11:20:31,962 [INFO] IPUIPlugin:80 - create IPUIPlugin
2025-12-04 11:20:31,963 [INFO] PluginManager:220 - loadIPPluginJar : add radio
2025-12-04 11:20:31,968 [INFO] IPUIPlugin:80 - create IPUIPlugin
2025-12-04 11:20:31,968 [INFO] PluginManager:220 - loadIPPluginJar : add resmgrutility
2025-12-04 11:20:31,971 [INFO] IPUIPlugin:80 - create IPUIPlugin
2025-12-04 11:20:31,971 [INFO] PluginManager:220 - loadIPPluginJar : add sai
2025-12-04 11:20:31,973 [INFO] IPUIPlugin:80 - create IPUIPlugin
2025-12-04 11:20:31,973 [INFO] PluginManager:220 - loadIPPluginJar : add spi
2025-12-04 11:20:31,979 [INFO] IPUIPlugin:80 - create IPUIPlugin
2025-12-04 11:20:31,979 [INFO] PluginManager:220 - loadIPPluginJar : add stm32_wpan
2025-12-04 11:20:31,981 [INFO] IPUIPlugin:80 - create IPUIPlugin
2025-12-04 11:20:31,981 [INFO] PluginManager:220 - loadIPPluginJar : add tim
2025-12-04 11:20:31,983 [INFO] IPUIPlugin:80 - create IPUIPlugin
2025-12-04 11:20:31,984 [INFO] PluginManager:220 - loadIPPluginJar : add touchsensing
2025-12-04 11:20:31,985 [INFO] IPUIPlugin:80 - create IPUIPlugin
2025-12-04 11:20:31,985 [INFO] PluginManager:220 - loadIPPluginJar : add tracer_emb
2025-12-04 11:20:31,986 [INFO] IPUIPlugin:80 - create IPUIPlugin
2025-12-04 11:20:31,986 [INFO] PluginManager:220 - loadIPPluginJar : add ts
2025-12-04 11:20:31,987 [INFO] IPUIPlugin:80 - create IPUIPlugin
2025-12-04 11:20:31,987 [INFO] PluginManager:220 - loadIPPluginJar : add tsc
2025-12-04 11:20:31,989 [INFO] IPUIPlugin:80 - create IPUIPlugin
2025-12-04 11:20:31,989 [INFO] PluginManager:220 - loadIPPluginJar : add ucpd
2025-12-04 11:20:31,991 [INFO] IPUIPlugin:80 - create IPUIPlugin
2025-12-04 11:20:31,991 [INFO] PluginManager:220 - loadIPPluginJar : add usart
2025-12-04 11:20:31,994 [INFO] IPUIPlugin:80 - create IPUIPlugin
2025-12-04 11:20:31,994 [INFO] PluginManager:220 - loadIPPluginJar : add usbx
2025-12-04 11:20:32,117 [FATAL] Updater:351 - Updater called before beeing initialized
2025-12-04 11:20:32,141 [INFO] RulesReader:64 - Compatibility file has been processed (317 Rules)
2025-12-04 11:20:32,148 [INFO] RulesReader:64 - Compatibility file has been processed (317 Rules)
2025-12-04 11:20:32,163 [INFO] CADModel:165 - CPN selected for project level
2025-12-04 11:20:32,164 [INFO] CADModel:114 - Register for checkConnection events
2025-12-04 11:20:32,164 [FATAL] Updater:351 - Updater called before beeing initialized
2025-12-04 11:20:32,164 [ERROR] CADModel:125 - Updater not yet initialized, retry later 
2025-12-04 11:20:32,311 [FATAL] Updater:351 - Updater called before beeing initialized
2025-12-04 11:20:32,313 [INFO] CADModel:165 - CPN selected for project level
2025-12-04 11:20:32,313 [INFO] CADModel:114 - Register for checkConnection events
2025-12-04 11:20:32,313 [FATAL] Updater:351 - Updater called before beeing initialized
2025-12-04 11:20:32,313 [ERROR] CADModel:125 - Updater not yet initialized, retry later 
2025-12-04 11:20:32,316 [FATAL] Updater:351 - Updater called before beeing initialized
2025-12-04 11:20:32,428 [FATAL] Updater:351 - Updater called before beeing initialized
2025-12-04 11:20:32,439 [INFO] DbMcusAds:53 - JSON generation date=Tue Nov 25 22:08:32 CST 2025 (1764079712287)
2025-12-04 11:20:32,439 [FATAL] Updater:351 - Updater called before beeing initialized
2025-12-04 11:20:32,478 [WARN] DetailPanel:346 - Failed to get advertising image, set to default
2025-12-04 11:20:32,551 [FATAL] Updater:351 - Updater called before beeing initialized
2025-12-04 11:20:32,553 [FATAL] Updater:351 - Updater called before beeing initialized
2025-12-04 11:20:32,553 [FATAL] Updater:351 - Updater called before beeing initialized
2025-12-04 11:20:32,553 [WARN] DetailPanel:346 - Failed to get advertising image, set to default
2025-12-04 11:20:32,554 [FATAL] Updater:351 - Updater called before beeing initialized
2025-12-04 11:20:32,603 [ERROR] Updater:1198 - MainUpdater not yet initialized. External WinMGr cannot be set.
2025-12-04 11:20:32,605 [INFO] Updater:1134 - Updater Version found : 6.15.0
2025-12-04 11:20:32,626 [INFO] ApplicationProperties:184 - Using Application install path: C:\ST\STM32CubeIDE_1.19.0\STM32CubeIDE\plugins\com.st.stm32cube.common.mx_6.15.0.202507011659
2025-12-04 11:20:34,231 [ERROR] LogOutputStream:75 - [STDERR_REDIRECT] Dec 04, 2025 11:20:34 AM java.util.prefs.WindowsPreferences <init>
2025-12-04 11:20:34,232 [ERROR] LogOutputStream:75 - [STDERR_REDIRECT] WARNING: Could not open/create prefs root node Software\JavaSoft\Prefs at root 0xffffffff80000002. Windows RegCreateKeyEx(...) returned error code 5.
2025-12-04 11:20:34,233 [ERROR] LogOutputStream:75 - [STDERR_REDIRECT] 
2025-12-04 11:20:34,255 [INFO] ThirdPartyUpdaterWithRetryManager:70 - Updater plugin not ready yet. [2/15]
2025-12-04 11:20:34,559 [INFO] MainUpdater:2872 - connection check result : 10
2025-12-04 11:20:34,560 [INFO] MainUpdater:289 - Updater Check For Update Now.
2025-12-04 11:20:34,560 [INFO] MicroXplorer:498 - Change Database Version : DB.6.0.150
2025-12-04 11:20:34,578 [INFO] McuFinderGlobals:63 - Set McuFinder mode to 2 (CubeIDE integrated)
2025-12-04 11:20:34,579 [INFO] UserAuth:487 - Internet connection configuration mode: 1
2025-12-04 11:20:34,639 [INFO] JxBrowserEngine:152 - Initiate JxBrowser Engine with user profile folder
2025-12-04 11:20:34,742 [INFO] CheckServerUpdateThread:120 - End of CheckServer Thread
2025-12-04 11:20:35,531 [INFO] WebApp:169 - Instantiating new browser for Auth
2025-12-04 11:20:36,258 [INFO] WebApp:463 - Apply proxy settings
2025-12-04 11:20:36,259 [INFO] WebApp:548 - Chromium requires no authentication
2025-12-04 11:20:36,271 [INFO] WebApp:491 - Direct internet connection detected
2025-12-04 11:20:36,297 [INFO] WebApp:900 - Register for checkConnection events
2025-12-04 11:20:36,298 [INFO] WebApp:463 - Apply proxy settings
2025-12-04 11:20:36,298 [INFO] WebApp:548 - Chromium requires no authentication
2025-12-04 11:20:36,298 [INFO] WebApp:491 - Direct internet connection detected
2025-12-04 11:20:36,478 [INFO] WebApp:191 - Connection restablished
2025-12-04 11:20:36,508 [INFO] WebApp:225 - Starting web application
2025-12-04 11:20:36,508 [INFO] WebApp:593 - Web application path used C:\ST\STM32CubeIDE_1.19.0\STM32CubeIDE\plugins\com.st.stm32cube.common.mx_6.15.0.202507011659\db\plugins\mcufinder\reactClient1\index.html
2025-12-04 11:20:36,604 [INFO] UserAuth:487 - Internet connection configuration mode: 1
2025-12-04 11:20:37,503 [WARN] PackLoader:240 - Cannot read IP mode file for STMicroelectronics.FP-SNS-MOTENVWB1.1.4.0
2025-12-04 11:20:37,510 [WARN] PackLoader:240 - Cannot read IP mode file for STMicroelectronics.FP-ATR-ASTRA1.2.0.2
2025-12-04 11:20:37,519 [WARN] PackLoader:240 - Cannot read IP mode file for STMicroelectronics.X-CUBE-SMBUS.2.1.0
2025-12-04 11:20:37,541 [WARN] PackLoader:240 - Cannot read IP mode file for STMicroelectronics.X-CUBE-AZRTOS-F7.1.1.0
2025-12-04 11:20:37,548 [WARN] PackLoader:240 - Cannot read IP mode file for Cesanta.I-CUBE-Mongoose.7.19.0
2025-12-04 11:20:37,620 [WARN] PackLoader:240 - Cannot read IP mode file for STMicroelectronics.FP-SNS-MOTENV1.5.1.0
2025-12-04 11:20:37,635 [WARN] PackLoader:240 - Cannot read IP mode file for WES.I-CUBE-Cesium.1.4.0
2025-12-04 11:20:37,652 [WARN] PackLoader:240 - Cannot read IP mode file for Infineon.AIROC-Wi-Fi-Bluetooth-STM32.1.7.1
2025-12-04 11:20:37,670 [WARN] PackLoader:240 - Cannot read IP mode file for STMicroelectronics.X-CUBE-AZRTOS-H7.3.4.0
2025-12-04 11:20:37,680 [WARN] PackLoader:240 - Cannot read IP mode file for STMicroelectronics.X-CUBE-DISPLAY.3.0.0
2025-12-04 11:20:37,711 [WARN] PackLoader:240 - Cannot read IP mode file for STMicroelectronics.X-CUBE-NFC10.1.0.0
2025-12-04 11:20:37,746 [WARN] PackLoader:240 - Cannot read IP mode file for STMicroelectronics.X-CUBE-ST60.1.1.0
2025-12-04 11:20:37,757 [WARN] PackLoader:240 - Cannot read IP mode file for emotas.I-CUBE-CANOPEN.1.3.0
2025-12-04 11:20:37,765 [WARN] PackLoader:240 - Cannot read IP mode file for STMicroelectronics.X-CUBE-GNSS1.7.1.0
2025-12-04 11:20:37,770 [WARN] PackLoader:240 - Cannot read IP mode file for STMicroelectronics.FP-SNS-STBOX1.2.1.0
2025-12-04 11:20:37,775 [WARN] PackLoader:240 - Cannot read IP mode file for STMicroelectronics.FP-SNS-SMARTAG2.1.2.0
2025-12-04 11:20:37,780 [WARN] PackLoader:240 - Cannot read IP mode file for STMicroelectronics.FP-SNS-FLIGHT1.5.1.0
2025-12-04 11:20:37,786 [INFO] LogOutputStream:77 - [STDOUT_REDIRECT] 1 : Invalid condition id : UX_CORESTACK_Condition cause : null
2025-12-04 11:20:37,788 [INFO] LogOutputStream:77 - [STDOUT_REDIRECT] 1 : Invalid condition id : UX_CORESTACK_Condition cause : null
2025-12-04 11:20:37,789 [INFO] LogOutputStream:77 - [STDOUT_REDIRECT] 1 : Invalid condition id : UX_CORESTACK_Condition cause : null
2025-12-04 11:20:37,791 [INFO] LogOutputStream:77 - [STDOUT_REDIRECT] 1 : Invalid condition id : UX_CORESTACK_Condition cause : null
2025-12-04 11:20:37,792 [INFO] LogOutputStream:77 - [STDOUT_REDIRECT] 1 : Invalid condition id : UX_CORESTACK_Condition cause : null
2025-12-04 11:20:37,795 [WARN] PackLoader:240 - Cannot read IP mode file for STMicroelectronics.X-CUBE-AZRTOS-WL.2.0.0
2025-12-04 11:20:37,805 [WARN] PackLoader:240 - Cannot read IP mode file for STMicroelectronics.X-CUBE-AZRTOS-H7RS.1.2.0
2025-12-04 11:20:37,813 [WARN] PackLoader:240 - Cannot read IP mode file for STMicroelectronics.X-CUBE-BLE2.3.3.0
2025-12-04 11:20:37,840 [WARN] PackLoader:240 - Cannot read IP mode file for STMicroelectronics.X-CUBE-NFC9.1.0.0
2025-12-04 11:20:37,849 [WARN] PackLoader:240 - Cannot read IP mode file for wolfSSL.I-CUBE-wolfSSL.5.8.2
2025-12-04 11:20:37,856 [WARN] PackLoader:240 - Cannot read IP mode file for STMicroelectronics.X-CUBE-BLE1.7.1.0
2025-12-04 11:20:37,879 [WARN] PackLoader:240 - Cannot read IP mode file for wolfSSL.I-CUBE-wolfMQTT.1.19.2
2025-12-04 11:20:37,892 [WARN] PackLoader:240 - Cannot read IP mode file for STMicroelectronics.X-CUBE-FREERTOS.1.4.0
2025-12-04 11:20:37,905 [WARN] PackLoader:240 - Cannot read IP mode file for STMicroelectronics.X-CUBE-EEPRMA1.5.2.0
2025-12-04 11:20:37,917 [WARN] PackLoader:240 - Cannot read IP mode file for STMicroelectronics.X-CUBE-ST67W61.1.1.0
2025-12-04 11:20:37,949 [WARN] PackLoader:240 - Cannot read IP mode file for STMicroelectronics.X-CUBE-MEMS1.12.0.0
2025-12-04 11:20:38,012 [WARN] PackLoader:240 - Cannot read IP mode file for STMicroelectronics.X-CUBE-AZRTOS-G0.1.1.0
2025-12-04 11:20:38,019 [WARN] PackLoader:240 - Cannot read IP mode file for STMicroelectronics.X-CUBE-SAFEA1.1.2.2
2025-12-04 11:20:38,025 [WARN] PackLoader:240 - Cannot read IP mode file for STMicroelectronics.X-CUBE-NFC4.3.0.0
2025-12-04 11:20:38,033 [WARN] PackLoader:240 - Cannot read IP mode file for STMicroelectronics.X-CUBE-WB05N.2.0.0
2025-12-04 11:20:38,038 [WARN] PackLoader:240 - Cannot read IP mode file for wolfSSL.I-CUBE-wolfTPM.3.8.0
2025-12-04 11:20:38,045 [WARN] PackLoader:240 - Cannot read IP mode file for STMicroelectronics.X-CUBE-TCPP.4.2.0
2025-12-04 11:20:38,050 [WARN] PackLoader:240 - Cannot read IP mode file for RealThread.X-CUBE-RT-Thread_Nano.4.1.1
2025-12-04 11:20:38,057 [WARN] PackLoader:240 - Cannot read IP mode file for STMicroelectronics.FP-ATR-SIGFOX1.3.2.0
2025-12-04 11:20:38,066 [WARN] PackLoader:240 - Cannot read IP mode file for ITTIA_DB.I-CUBE-ITTIADB.8.9.0
2025-12-04 11:20:38,073 [WARN] PackLoader:240 - Cannot read IP mode file for STMicroelectronics.X-CUBE-AI.10.2.0
2025-12-04 11:20:38,095 [WARN] PackLoader:240 - Cannot read IP mode file for SEGGER.I-CUBE-embOS.1.3.1
2025-12-04 11:20:38,119 [WARN] PackLoader:240 - Cannot read IP mode file for STMicroelectronics.X-CUBE-ALGOBUILD.1.4.0
2025-12-04 11:20:38,148 [WARN] PackLoader:240 - Cannot read IP mode file for STMicroelectronics.X-CUBE-MEMS1.11.3.0
2025-12-04 11:20:38,244 [WARN] PackLoader:240 - Cannot read IP mode file for STMicroelectronics.X-CUBE-PM33A1.1.0.0
2025-12-04 11:20:38,255 [WARN] PackLoader:240 - Cannot read IP mode file for STMicroelectronics.X-CUBE-AZRTOS-F4.1.1.0
2025-12-04 11:20:38,262 [WARN] PackLoader:240 - Cannot read IP mode file for STMicroelectronics.X-CUBE-ISPU.2.1.0
2025-12-04 11:20:38,270 [WARN] PackLoader:240 - Cannot read IP mode file for STMicroelectronics.X-CUBE-IPS.3.2.0
2025-12-04 11:20:38,280 [WARN] PackLoader:240 - Cannot read IP mode file for STMicroelectronics.X-CUBE-NFC12.1.0.0
2025-12-04 11:20:38,300 [WARN] PackLoader:240 - Cannot read IP mode file for STMicroelectronics.X-CUBE-AZRTOS-L5.2.0.0
2025-12-04 11:20:38,315 [WARN] PackLoader:240 - Cannot read IP mode file for STMicroelectronics.X-CUBE-NFC6.3.1.0
2025-12-04 11:20:38,347 [WARN] PackLoader:240 - Cannot read IP mode file for STMicroelectronics.X-CUBE-FREERTOS.1.3.1
2025-12-04 11:20:38,361 [WARN] PackLoader:240 - Cannot read IP mode file for STMicroelectronics.X-CUBE-TOUCHGFX.4.26.0
2025-12-04 11:20:38,369 [WARN] PackLoader:240 - Cannot read IP mode file for STMicroelectronics.FP-SNS-STAIOTCFT.1.0.0
2025-12-04 11:20:38,377 [WARN] PackLoader:240 - Cannot read IP mode file for STMicroelectronics.X-CUBE-DPower.1.3.0
2025-12-04 11:20:38,387 [WARN] ConditionMgr:438 - getConditionDescription Invalid condition id : LAN8742 Phy interface Condition cause : null
2025-12-04 11:20:38,387 [WARN] PackLoader:240 - Cannot read IP mode file for STMicroelectronics.X-CUBE-AZRTOS-L4.2.0.0
2025-12-04 11:20:38,388 [WARN] ConditionMgr:1044 - genDependencies : Invalid condition id : LAN8742 Phy interface Condition cause : null
2025-12-04 11:20:38,388 [WARN] ConditionMgr:1044 - genDependencies : Invalid condition id : LAN8742 Phy interface Condition cause : null
2025-12-04 11:20:38,388 [WARN] ConditionMgr:1044 - genDependencies : Invalid condition id : LAN8742 Phy interface Condition cause : null
2025-12-04 11:20:38,393 [WARN] PackLoader:240 - Cannot read IP mode file for STMicroelectronics.X-CUBE-SFXS2LP1.4.0.0
2025-12-04 11:20:38,401 [WARN] PackLoader:240 - Cannot read IP mode file for STMicroelectronics.X-CUBE-BLEMGR.4.1.0
2025-12-04 11:20:38,409 [WARN] ConditionMgr:438 - getConditionDescription Invalid condition id : UX DEVICE CLASS RTOS Condition cause : null
2025-12-04 11:20:38,409 [WARN] ConditionMgr:438 - getConditionDescription Invalid condition id : UX DEVICE CLASS RTOS Condition cause : null
2025-12-04 11:20:38,410 [WARN] PackLoader:240 - Cannot read IP mode file for STMicroelectronics.X-CUBE-AZRTOS-WB.2.0.0
2025-12-04 11:20:38,411 [WARN] ConditionMgr:1044 - genDependencies : Invalid condition id : UX DEVICE CLASS RTOS Condition cause : null
2025-12-04 11:20:38,411 [WARN] ConditionMgr:1044 - genDependencies : Invalid condition id : UX DEVICE CLASS RTOS Condition cause : null
2025-12-04 11:20:38,411 [WARN] ConditionMgr:1044 - genDependencies : Invalid condition id : UX DEVICE CLASS RTOS Condition cause : null
2025-12-04 11:20:38,413 [WARN] ConditionMgr:1044 - genDependencies : Invalid condition id : UX DEVICE CLASS RTOS Condition cause : null
2025-12-04 11:20:38,413 [WARN] ConditionMgr:1044 - genDependencies : Invalid condition id : UX DEVICE CLASS RTOS Condition cause : null
2025-12-04 11:20:38,416 [WARN] PackLoader:240 - Cannot read IP mode file for STMicroelectronics.X-CUBE-GNSS1.7.0.1
2025-12-04 11:20:38,420 [WARN] ConditionMgr:438 - getConditionDescription Invalid condition id : Cortex-A Device cause : null
2025-12-04 11:20:38,430 [WARN] ConditionMgr:1044 - genDependencies : Invalid condition id : Cortex-A Device cause : null
2025-12-04 11:20:38,430 [WARN] ConditionMgr:1044 - genDependencies : Invalid condition id : Cortex-A Device cause : null
2025-12-04 11:20:38,430 [WARN] ConditionMgr:1044 - genDependencies : Invalid condition id : Cortex-A Device cause : null
2025-12-04 11:20:38,438 [WARN] PackLoader:240 - Cannot read IP mode file for STMicroelectronics.X-CUBE-SUBG2.5.0.0
2025-12-04 11:20:38,449 [WARN] PackLoader:240 - Cannot read IP mode file for STMicroelectronics.X-CUBE-AZRTOS-H7RS.1.1.0
2025-12-04 11:20:38,458 [WARN] PackLoader:240 - Cannot read IP mode file for STMicroelectronics.X-CUBE-AZRTOS-G4.2.0.0
2025-12-04 11:20:38,464 [WARN] PackLoader:240 - Cannot read IP mode file for wolfSSL.I-CUBE-wolfSSH.1.4.20
2025-12-04 11:20:38,468 [WARN] PackLoader:240 - Cannot read IP mode file for STMicroelectronics.X-CUBE-NFC7.2.0.0
2025-12-04 11:20:38,472 [WARN] PackLoader:240 - Cannot read IP mode file for STMicroelectronics.X-CUBE-ALS.1.0.2
2025-12-04 11:20:38,479 [WARN] PackLoader:240 - Cannot read IP mode file for STMicroelectronics.X-CUBE-STSE01.1.0.0
2025-12-04 11:20:38,485 [WARN] PackLoader:240 - Cannot read IP mode file for STMicroelectronics.X-CUBE-TOF1.3.4.3
2025-12-04 11:20:38,490 [INFO] ThirdParty:978 - Integrity check success = true
2025-12-04 11:20:38,491 [INFO] IntegrityCheckThread:100 - exiting critical section [integrity check]
2025-12-04 11:20:38,491 [INFO] IntegrityCheckThread:103 - End integrity checks thread
2025-12-04 11:51:14,899 [INFO] WebApp:194 - Connection lost
2025-12-04 11:51:15,078 [INFO] WebApp:191 - Connection restablished
2025-12-04 11:53:14,409 [INFO] WebApp:194 - Connection lost
2025-12-04 11:53:14,575 [INFO] WebApp:191 - Connection restablished
2025-12-04 11:56:42,409 [INFO] WebApp:194 - Connection lost
2025-12-04 11:56:42,615 [INFO] WebApp:191 - Connection restablished
2025-12-04 12:06:32,402 [INFO] WebApp:194 - Connection lost
2025-12-04 12:06:32,554 [INFO] WebApp:191 - Connection restablished
2025-12-04 12:18:01,388 [INFO] WebApp:194 - Connection lost
2025-12-04 12:18:01,794 [INFO] WebApp:191 - Connection restablished
2025-12-04 12:21:45,978 [INFO] WebApp:194 - Connection lost
2025-12-04 12:21:46,149 [INFO] WebApp:191 - Connection restablished
2025-12-04 12:50:28,934 [INFO] WebApp:194 - Connection lost
2025-12-04 12:50:29,101 [INFO] WebApp:191 - Connection restablished
2025-12-04 12:50:50,422 [INFO] WebApp:194 - Connection lost
2025-12-04 12:50:50,593 [INFO] WebApp:191 - Connection restablished
2025-12-04 13:32:04,973 [INFO] WebApp:194 - Connection lost
2025-12-04 13:32:05,130 [INFO] WebApp:191 - Connection restablished
2025-12-04 13:43:10,468 [INFO] WebApp:194 - Connection lost
2025-12-04 13:43:10,638 [INFO] WebApp:191 - Connection restablished
2025-12-04 14:23:40,948 [INFO] WebApp:194 - Connection lost
2025-12-04 14:23:41,117 [INFO] WebApp:191 - Connection restablished
