2025-11-17 10:39:33,929 [INFO] Activator:176 - 


2025-11-17 10:39:33,935 [INFO] Activator:177 - !SESSION log4j initialized
2025-11-17 10:39:41,248 [INFO] LogOutputStream:77 - [STDOUT_REDIRECT] 
2025-11-17 10:39:45,148 [INFO] ApplicationProperties:184 - Using Application install path: C:\ST\STM32CubeIDE_1.19.0\STM32CubeIDE\plugins\com.st.stm32cube.common.mx_6.15.0.202507011659
2025-11-17 10:39:45,209 [INFO] DbMcusXml:78 - Set database path to: C:\ST\STM32CubeIDE_1.19.0\STM32CubeIDE\plugins\com.st.stm32cube.common.mx_6.15.0.202507011659\\db\/mcu/
2025-11-17 10:39:45,209 [INFO] ApiDb:274 - Set plugin database path to: C:\ST\STM32CubeIDE_1.19.0\STM32CubeIDE\plugins\com.st.stm32cube.common.mx_6.15.0.202507011659\\db\/plugins/boardmanager/
2025-11-17 10:39:45,210 [WARN] ApiDb:259 - Overriding images path with different value:  => C:\ST\STM32CubeIDE_1.19.0\STM32CubeIDE\plugins\com.st.stm32cube.common.mx_6.15.0.202507011659\\db\/plugins/mcufinder/images/
2025-11-17 10:39:45,226 [INFO] ApiDb:250 - Set database path to: C:\Users\liushaw\.stmcufinder\plugins\mcufinder//mcu/
2025-11-17 10:39:45,230 [INFO] DbMcusAds:125 - Set database path to: C:\Users\liushaw\.stmcufinder\plugins\mcufinder//mcu/
2025-11-17 10:39:45,239 [INFO] CrossReferenceDbSqlite:203 - Set database path to: C:\Users\liushaw\.stmcufinder\plugins\mcufinder//mcu/cs/
2025-11-17 10:39:45,594 [INFO] RulesReader:64 - Compatibility file has been processed (317 Rules)
2025-11-17 10:39:45,871 [INFO] DbMcusXml:78 - Set database path to: C:\ST\STM32CubeIDE_1.19.0\STM32CubeIDE\plugins\com.st.stm32cube.common.mx_6.15.0.202507011659\\db\/mcu/
2025-11-17 10:39:45,872 [INFO] ApiDb:274 - Set plugin database path to: C:\ST\STM32CubeIDE_1.19.0\STM32CubeIDE\plugins\com.st.stm32cube.common.mx_6.15.0.202507011659\\db\/plugins/boardmanager/
2025-11-17 10:39:45,872 [INFO] ApiDb:261 - Set plugin images path to: C:\ST\STM32CubeIDE_1.19.0\STM32CubeIDE\plugins\com.st.stm32cube.common.mx_6.15.0.202507011659\\db\/plugins/mcufinder/images/
2025-11-17 10:39:45,872 [WARN] DbFile:41 - Overriding database path with different value: C:\Users\liushaw\.stmcufinder\plugins\mcufinder/ => C:\Users\liushaw\.stmcufinder\plugins\mcufinder
2025-11-17 10:39:45,873 [INFO] ApiDb:250 - Set database path to: C:\Users\liushaw\.stmcufinder\plugins\mcufinder//mcu/
2025-11-17 10:39:45,873 [WARN] DbFile:41 - Overriding database path with different value: C:\Users\liushaw\.stmcufinder\plugins\mcufinder/ => C:\Users\liushaw\.stmcufinder\plugins\mcufinder
2025-11-17 10:39:45,873 [INFO] DbMcusAds:125 - Set database path to: C:\Users\liushaw\.stmcufinder\plugins\mcufinder//mcu/
2025-11-17 10:39:45,873 [WARN] DbFile:41 - Overriding database path with different value: C:\Users\liushaw\.stmcufinder\plugins\mcufinder/ => C:\Users\liushaw\.stmcufinder\plugins\mcufinder
2025-11-17 10:39:45,873 [WARN] DbFile:41 - Overriding database path with different value: C:\Users\liushaw\.stmcufinder\plugins\mcufinder/ => C:\Users\liushaw\.stmcufinder\plugins\mcufinder
2025-11-17 10:39:45,873 [INFO] CrossReferenceDbSqlite:203 - Set database path to: C:\Users\liushaw\.stmcufinder\plugins\mcufinder//mcu/cs/
2025-11-17 10:39:46,123 [INFO] MainPanel:274 - HeapMemory: 287309824
2025-11-17 10:39:46,434 [INFO] DbMcusXml:78 - Set database path to: C:\ST\STM32CubeIDE_1.19.0\STM32CubeIDE\plugins\com.st.stm32cube.common.mx_6.15.0.202507011659\\db\/mcu/
2025-11-17 10:39:46,434 [INFO] ApiDb:274 - Set plugin database path to: C:\ST\STM32CubeIDE_1.19.0\STM32CubeIDE\plugins\com.st.stm32cube.common.mx_6.15.0.202507011659\\db\/plugins/boardmanager/
2025-11-17 10:39:46,434 [INFO] ApiDb:261 - Set plugin images path to: C:\ST\STM32CubeIDE_1.19.0\STM32CubeIDE\plugins\com.st.stm32cube.common.mx_6.15.0.202507011659\\db\/plugins/mcufinder/images/
2025-11-17 10:39:46,436 [WARN] DbFile:41 - Overriding database path with different value: C:\Users\liushaw\.stmcufinder\plugins\mcufinder/ => C:\Users\liushaw\.stmcufinder\plugins\mcufinder
2025-11-17 10:39:46,437 [INFO] ApiDb:250 - Set database path to: C:\Users\liushaw\.stmcufinder\plugins\mcufinder//mcu/
2025-11-17 10:39:46,437 [WARN] DbFile:41 - Overriding database path with different value: C:\Users\liushaw\.stmcufinder\plugins\mcufinder/ => C:\Users\liushaw\.stmcufinder\plugins\mcufinder
2025-11-17 10:39:46,437 [INFO] DbMcusAds:125 - Set database path to: C:\Users\liushaw\.stmcufinder\plugins\mcufinder//mcu/
2025-11-17 10:39:46,437 [WARN] DbFile:41 - Overriding database path with different value: C:\Users\liushaw\.stmcufinder\plugins\mcufinder/ => C:\Users\liushaw\.stmcufinder\plugins\mcufinder
2025-11-17 10:39:46,437 [WARN] DbFile:41 - Overriding database path with different value: C:\Users\liushaw\.stmcufinder\plugins\mcufinder/ => C:\Users\liushaw\.stmcufinder\plugins\mcufinder
2025-11-17 10:39:46,437 [INFO] CrossReferenceDbSqlite:203 - Set database path to: C:\Users\liushaw\.stmcufinder\plugins\mcufinder//mcu/cs/
2025-11-17 10:39:46,497 [INFO] ApplicationProperties:184 - Using Application install path: C:\ST\STM32CubeIDE_1.19.0\STM32CubeIDE\plugins\com.st.stm32cube.common.mx_6.15.0.202507011659
2025-11-17 10:39:46,502 [INFO] PluginManage:196 - Search for loadable plugins [exclusion list=, ]
2025-11-17 10:39:46,510 [INFO] PluginManage:310 - Check plugin analytics
2025-11-17 10:39:47,197 [INFO] AnalyticsPlugin:253 - Accepted Software Licenses: STM32CubeMX.6.15.0
2025-11-17 10:39:47,197 [INFO] AnalyticsPlugin:255 - Accepted CMSIS Pack Licenses: 
2025-11-17 10:39:47,198 [INFO] AnalyticsPlugin:257 - Accepted Firmware Licenses: FW.F4.1.28.0
2025-11-17 10:39:47,204 [INFO] PluginManage:359 - Loaded plugin analytics (category:tool,tabindex:-1)
2025-11-17 10:39:47,204 [INFO] PluginManage:310 - Check plugin cadmodel
2025-11-17 10:39:47,217 [INFO] CADModel:105 - Init CAD model plugin
2025-11-17 10:39:47,217 [INFO] PluginManage:359 - Loaded plugin cadmodel (category:power,tabindex:5)
2025-11-17 10:39:47,218 [INFO] PluginManage:310 - Check plugin clock
2025-11-17 10:39:47,243 [INFO] PluginManage:359 - Loaded plugin clock (category:base,tabindex:2)
2025-11-17 10:39:47,244 [INFO] PluginManage:310 - Check plugin ddr
2025-11-17 10:39:47,253 [INFO] PluginManage:359 - Loaded plugin ddr (category:tool,tabindex:6)
2025-11-17 10:39:47,253 [INFO] PluginManage:310 - Check plugin filemanager
2025-11-17 10:39:47,621 [INFO] PluginManage:359 - Loaded plugin filemanager (category:base,tabindex:10)
2025-11-17 10:39:47,621 [INFO] PluginManage:310 - Check plugin ipmanager
2025-11-17 10:39:47,635 [INFO] PluginManage:359 - Loaded plugin ipmanager (category:base,tabindex:5)
2025-11-17 10:39:47,636 [INFO] PluginManage:310 - Check plugin lpbam
2025-11-17 10:39:47,663 [INFO] PluginManage:359 - Loaded plugin lpbam (category:base,tabindex:0)
2025-11-17 10:39:47,664 [INFO] PluginManage:310 - Check plugin memorymap
2025-11-17 10:39:47,727 [INFO] PluginManage:359 - Loaded plugin memorymap (category:base,tabindex:4)
2025-11-17 10:39:47,727 [INFO] PluginManage:310 - Check plugin pinoutandconfiguration
2025-11-17 10:39:47,753 [INFO] PluginManage:359 - Loaded plugin pinoutandconfiguration (category:base,tabindex:1)
2025-11-17 10:39:47,753 [INFO] PluginManage:310 - Check plugin pinoutconfig
2025-11-17 10:39:48,078 [WARN] SupportedApi:132 - Cannot load RTOS API schema: s4s-elt-must-match.1: The content of 'definitions' must match (annotation?, (simpleType | complexType)?, (unique | key | keyref)*)). A problem was found starting at: attribute.
2025-11-17 10:39:48,661 [INFO] PluginManage:359 - Loaded plugin pinoutconfig (category:base,tabindex:0)
2025-11-17 10:39:48,661 [INFO] PluginManage:310 - Check plugin power
2025-11-17 10:39:48,683 [INFO] PluginManage:359 - Loaded plugin power (category:power,tabindex:4)
2025-11-17 10:39:48,683 [INFO] PluginManage:310 - Check plugin projectmanager
2025-11-17 10:39:48,713 [INFO] PluginManage:359 - Loaded plugin projectmanager (category:projectmanager,tabindex:4)
2025-11-17 10:39:48,713 [INFO] PluginManage:310 - Check plugin rif
2025-11-17 10:39:48,750 [INFO] PluginManage:359 - Loaded plugin rif (category:base,tabindex:3)
2025-11-17 10:39:48,750 [INFO] PluginManage:310 - Check plugin thirdparty
2025-11-17 10:39:49,172 [WARN] IntegrityCheckThread:84 - waiting for thirdparty lock release [integrity check]
2025-11-17 10:39:49,173 [INFO] IntegrityCheckThread:86 - entering critical section [integrity check]
2025-11-17 10:39:49,173 [INFO] PluginManage:359 - Loaded plugin thirdparty (category:base,tabindex:-1)
2025-11-17 10:39:49,174 [INFO] PluginManage:310 - Check plugin tools
2025-11-17 10:39:49,174 [INFO] ThirdPartyUpdaterWithRetryManager:70 - Updater plugin not ready yet. [1/15]
2025-11-17 10:39:49,179 [INFO] PluginManage:359 - Loaded plugin tools (category:base,tabindex:7)
2025-11-17 10:39:49,180 [INFO] PluginManage:310 - Check plugin tutovideos
2025-11-17 10:39:49,436 [INFO] PluginManage:359 - Loaded plugin tutovideos (category:base,tabindex:-1)
2025-11-17 10:39:49,436 [INFO] PluginManage:310 - Check plugin updater
2025-11-17 10:39:49,462 [INFO] PluginManage:359 - Loaded plugin updater (category:base,tabindex:12)
2025-11-17 10:39:49,462 [INFO] PluginManage:310 - Check plugin userauth
2025-11-17 10:39:49,470 [INFO] UserAuth:118 - Init User Auth plugin
2025-11-17 10:39:49,473 [INFO] PluginManage:359 - Loaded plugin userauth (category:base,tabindex:14)
2025-11-17 10:39:49,475 [INFO] PluginManage:283 - PluginManage : Loaded plugins [18]
2025-11-17 10:39:49,730 [INFO] PinOutPanel:1589 - setPackage(No Configuration,No Configuration)
2025-11-17 10:39:49,825 [INFO] CADModel:165 - CPN selected for project level
2025-11-17 10:39:49,826 [INFO] CADModel:114 - Register for checkConnection events
2025-11-17 10:39:49,846 [INFO] IPUIPlugin:80 - create IPUIPlugin
2025-11-17 10:39:49,846 [INFO] PluginManager:220 - loadIPPluginJar : add adc
2025-11-17 10:39:49,849 [INFO] IPUIPlugin:80 - create IPUIPlugin
2025-11-17 10:39:49,849 [INFO] PluginManager:220 - loadIPPluginJar : add aes
2025-11-17 10:39:49,852 [INFO] IPUIPlugin:80 - create IPUIPlugin
2025-11-17 10:39:49,852 [INFO] PluginManager:220 - loadIPPluginJar : add can
2025-11-17 10:39:49,853 [INFO] IPUIPlugin:80 - create IPUIPlugin
2025-11-17 10:39:49,853 [INFO] PluginManager:220 - loadIPPluginJar : add comp
2025-11-17 10:39:49,855 [INFO] IPUIPlugin:80 - create IPUIPlugin
2025-11-17 10:39:49,855 [INFO] PluginManager:220 - loadIPPluginJar : add cryp
2025-11-17 10:39:49,859 [INFO] IPUIPlugin:80 - create IPUIPlugin
2025-11-17 10:39:49,859 [INFO] PluginManager:220 - loadIPPluginJar : add ddr_ctrl_phy
2025-11-17 10:39:49,861 [INFO] IPUIPlugin:80 - create IPUIPlugin
2025-11-17 10:39:49,861 [INFO] PluginManager:220 - loadIPPluginJar : add dfsdm
2025-11-17 10:39:49,865 [INFO] IPUIPlugin:80 - create IPUIPlugin
2025-11-17 10:39:49,866 [INFO] PluginManager:220 - loadIPPluginJar : add dma
2025-11-17 10:39:49,868 [INFO] IPUIPlugin:80 - create IPUIPlugin
2025-11-17 10:39:49,868 [INFO] PluginManager:220 - loadIPPluginJar : add dma3
2025-11-17 10:39:49,870 [INFO] IPUIPlugin:80 - create IPUIPlugin
2025-11-17 10:39:49,870 [INFO] PluginManager:220 - loadIPPluginJar : add extmemmanager
2025-11-17 10:39:49,871 [INFO] IPUIPlugin:80 - create IPUIPlugin
2025-11-17 10:39:49,871 [INFO] PluginManager:220 - loadIPPluginJar : add fatfs
2025-11-17 10:39:49,875 [INFO] IPUIPlugin:80 - create IPUIPlugin
2025-11-17 10:39:49,875 [INFO] PluginManager:220 - loadIPPluginJar : add fmc
2025-11-17 10:39:49,880 [INFO] IPUIPlugin:80 - create IPUIPlugin
2025-11-17 10:39:49,881 [INFO] PluginManager:220 - loadIPPluginJar : add freertos
2025-11-17 10:39:49,882 [INFO] IPUIPlugin:80 - create IPUIPlugin
2025-11-17 10:39:49,882 [INFO] PluginManager:220 - loadIPPluginJar : add genericplugin
2025-11-17 10:39:49,883 [INFO] IPUIPlugin:80 - create IPUIPlugin
2025-11-17 10:39:49,883 [INFO] PluginManager:220 - loadIPPluginJar : add gfxmmu
2025-11-17 10:39:49,887 [INFO] IPUIPlugin:80 - create IPUIPlugin
2025-11-17 10:39:49,887 [INFO] PluginManager:220 - loadIPPluginJar : add gic
2025-11-17 10:39:49,891 [INFO] IPUIPlugin:80 - create IPUIPlugin
2025-11-17 10:39:49,891 [INFO] PluginManager:220 - loadIPPluginJar : add gpio
2025-11-17 10:39:49,893 [INFO] IPUIPlugin:80 - create IPUIPlugin
2025-11-17 10:39:49,893 [INFO] PluginManager:220 - loadIPPluginJar : add gtzc
2025-11-17 10:39:49,895 [INFO] IPUIPlugin:80 - create IPUIPlugin
2025-11-17 10:39:49,895 [INFO] PluginManager:220 - loadIPPluginJar : add hash
2025-11-17 10:39:49,897 [INFO] IPUIPlugin:80 - create IPUIPlugin
2025-11-17 10:39:49,897 [INFO] PluginManager:220 - loadIPPluginJar : add i2c
2025-11-17 10:39:49,898 [INFO] IPUIPlugin:80 - create IPUIPlugin
2025-11-17 10:39:49,898 [INFO] PluginManager:220 - loadIPPluginJar : add i2s
2025-11-17 10:39:49,900 [INFO] IPUIPlugin:80 - create IPUIPlugin
2025-11-17 10:39:49,900 [INFO] PluginManager:220 - loadIPPluginJar : add i3c
2025-11-17 10:39:49,903 [INFO] IPUIPlugin:80 - create IPUIPlugin
2025-11-17 10:39:49,903 [INFO] PluginManager:220 - loadIPPluginJar : add ipddr
2025-11-17 10:39:49,909 [INFO] IPUIPlugin:80 - create IPUIPlugin
2025-11-17 10:39:49,910 [INFO] PluginManager:220 - loadIPPluginJar : add linkedlist
2025-11-17 10:39:49,913 [INFO] IPUIPlugin:80 - create IPUIPlugin
2025-11-17 10:39:49,913 [INFO] PluginManager:220 - loadIPPluginJar : add lorawan
2025-11-17 10:39:49,914 [INFO] IPUIPlugin:80 - create IPUIPlugin
2025-11-17 10:39:49,914 [INFO] PluginManager:220 - loadIPPluginJar : add ltdc
2025-11-17 10:39:49,919 [INFO] IPUIPlugin:80 - create IPUIPlugin
2025-11-17 10:39:49,919 [INFO] PluginManager:220 - loadIPPluginJar : add mdma
2025-11-17 10:39:49,922 [INFO] IPUIPlugin:80 - create IPUIPlugin
2025-11-17 10:39:49,922 [INFO] PluginManager:220 - loadIPPluginJar : add nvic
2025-11-17 10:39:49,925 [INFO] IPUIPlugin:80 - create IPUIPlugin
2025-11-17 10:39:49,925 [INFO] PluginManager:220 - loadIPPluginJar : add opamp
2025-11-17 10:39:49,927 [INFO] IPUIPlugin:80 - create IPUIPlugin
2025-11-17 10:39:49,927 [INFO] PluginManager:220 - loadIPPluginJar : add openamp
2025-11-17 10:39:49,930 [INFO] IPUIPlugin:80 - create IPUIPlugin
2025-11-17 10:39:49,930 [INFO] PluginManager:220 - loadIPPluginJar : add pdm2pcm
2025-11-17 10:39:49,935 [INFO] IPUIPlugin:80 - create IPUIPlugin
2025-11-17 10:39:49,937 [INFO] PluginManager:220 - loadIPPluginJar : add plateformsettings
2025-11-17 10:39:49,938 [INFO] IPUIPlugin:80 - create IPUIPlugin
2025-11-17 10:39:49,938 [INFO] PluginManager:220 - loadIPPluginJar : add quadspi
2025-11-17 10:39:49,940 [INFO] IPUIPlugin:80 - create IPUIPlugin
2025-11-17 10:39:49,941 [INFO] PluginManager:220 - loadIPPluginJar : add radio
2025-11-17 10:39:49,944 [INFO] IPUIPlugin:80 - create IPUIPlugin
2025-11-17 10:39:49,944 [INFO] PluginManager:220 - loadIPPluginJar : add resmgrutility
2025-11-17 10:39:49,946 [INFO] IPUIPlugin:80 - create IPUIPlugin
2025-11-17 10:39:49,946 [INFO] PluginManager:220 - loadIPPluginJar : add sai
2025-11-17 10:39:49,948 [INFO] IPUIPlugin:80 - create IPUIPlugin
2025-11-17 10:39:49,948 [INFO] PluginManager:220 - loadIPPluginJar : add spi
2025-11-17 10:39:49,953 [INFO] IPUIPlugin:80 - create IPUIPlugin
2025-11-17 10:39:49,953 [INFO] PluginManager:220 - loadIPPluginJar : add stm32_wpan
2025-11-17 10:39:49,954 [INFO] IPUIPlugin:80 - create IPUIPlugin
2025-11-17 10:39:49,955 [INFO] PluginManager:220 - loadIPPluginJar : add tim
2025-11-17 10:39:49,957 [INFO] IPUIPlugin:80 - create IPUIPlugin
2025-11-17 10:39:49,957 [INFO] PluginManager:220 - loadIPPluginJar : add touchsensing
2025-11-17 10:39:49,959 [INFO] IPUIPlugin:80 - create IPUIPlugin
2025-11-17 10:39:49,959 [INFO] PluginManager:220 - loadIPPluginJar : add tracer_emb
2025-11-17 10:39:49,961 [INFO] IPUIPlugin:80 - create IPUIPlugin
2025-11-17 10:39:49,961 [INFO] PluginManager:220 - loadIPPluginJar : add ts
2025-11-17 10:39:49,962 [INFO] IPUIPlugin:80 - create IPUIPlugin
2025-11-17 10:39:49,962 [INFO] PluginManager:220 - loadIPPluginJar : add tsc
2025-11-17 10:39:49,963 [INFO] IPUIPlugin:80 - create IPUIPlugin
2025-11-17 10:39:49,963 [INFO] PluginManager:220 - loadIPPluginJar : add ucpd
2025-11-17 10:39:49,966 [INFO] IPUIPlugin:80 - create IPUIPlugin
2025-11-17 10:39:49,966 [INFO] PluginManager:220 - loadIPPluginJar : add usart
2025-11-17 10:39:49,969 [INFO] IPUIPlugin:80 - create IPUIPlugin
2025-11-17 10:39:49,970 [INFO] PluginManager:220 - loadIPPluginJar : add usbx
2025-11-17 10:39:50,105 [FATAL] Updater:351 - Updater called before beeing initialized
2025-11-17 10:39:50,130 [INFO] RulesReader:64 - Compatibility file has been processed (317 Rules)
2025-11-17 10:39:50,142 [INFO] RulesReader:64 - Compatibility file has been processed (317 Rules)
2025-11-17 10:39:50,157 [INFO] CADModel:165 - CPN selected for project level
2025-11-17 10:39:50,157 [INFO] CADModel:114 - Register for checkConnection events
2025-11-17 10:39:50,157 [FATAL] Updater:351 - Updater called before beeing initialized
2025-11-17 10:39:50,158 [ERROR] CADModel:125 - Updater not yet initialized, retry later 
2025-11-17 10:39:50,328 [FATAL] Updater:351 - Updater called before beeing initialized
2025-11-17 10:39:50,330 [INFO] CADModel:165 - CPN selected for project level
2025-11-17 10:39:50,330 [INFO] CADModel:114 - Register for checkConnection events
2025-11-17 10:39:50,330 [FATAL] Updater:351 - Updater called before beeing initialized
2025-11-17 10:39:50,330 [ERROR] CADModel:125 - Updater not yet initialized, retry later 
2025-11-17 10:39:50,333 [FATAL] Updater:351 - Updater called before beeing initialized
2025-11-17 10:39:50,451 [FATAL] Updater:351 - Updater called before beeing initialized
2025-11-17 10:39:50,461 [INFO] DbMcusAds:53 - JSON generation date=Mon Nov 10 18:43:01 CST 2025 (1762771381096)
2025-11-17 10:39:50,462 [FATAL] Updater:351 - Updater called before beeing initialized
2025-11-17 10:39:50,501 [WARN] DetailPanel:346 - Failed to get advertising image, set to default
2025-11-17 10:39:50,579 [FATAL] Updater:351 - Updater called before beeing initialized
2025-11-17 10:39:50,580 [FATAL] Updater:351 - Updater called before beeing initialized
2025-11-17 10:39:50,580 [FATAL] Updater:351 - Updater called before beeing initialized
2025-11-17 10:39:50,581 [WARN] DetailPanel:346 - Failed to get advertising image, set to default
2025-11-17 10:39:50,581 [FATAL] Updater:351 - Updater called before beeing initialized
2025-11-17 10:39:50,627 [ERROR] Updater:1198 - MainUpdater not yet initialized. External WinMGr cannot be set.
2025-11-17 10:39:50,630 [INFO] Updater:1134 - Updater Version found : 6.15.0
2025-11-17 10:39:50,650 [INFO] ApplicationProperties:184 - Using Application install path: C:\ST\STM32CubeIDE_1.19.0\STM32CubeIDE\plugins\com.st.stm32cube.common.mx_6.15.0.202507011659
2025-11-17 10:39:52,175 [INFO] ThirdPartyUpdaterWithRetryManager:70 - Updater plugin not ready yet. [2/15]
2025-11-17 10:39:52,225 [ERROR] LogOutputStream:75 - [STDERR_REDIRECT] Nov 17, 2025 10:39:52 AM java.util.prefs.WindowsPreferences <init>
2025-11-17 10:39:52,226 [ERROR] LogOutputStream:75 - [STDERR_REDIRECT] WARNING: Could not open/create prefs root node Software\JavaSoft\Prefs at root 0xffffffff80000002. Windows RegCreateKeyEx(...) returned error code 5.
2025-11-17 10:39:52,226 [ERROR] LogOutputStream:75 - [STDERR_REDIRECT] 
2025-11-17 10:39:52,649 [INFO] MainUpdater:2872 - connection check result : 10
2025-11-17 10:39:52,650 [INFO] MainUpdater:289 - Updater Check For Update Now.
2025-11-17 10:39:52,650 [INFO] MicroXplorer:498 - Change Database Version : DB.6.0.150
2025-11-17 10:39:52,658 [INFO] McuFinderGlobals:63 - Set McuFinder mode to 2 (CubeIDE integrated)
2025-11-17 10:39:52,658 [INFO] UserAuth:487 - Internet connection configuration mode: 1
2025-11-17 10:39:52,707 [INFO] JxBrowserEngine:152 - Initiate JxBrowser Engine with user profile folder
2025-11-17 10:39:52,833 [INFO] CheckServerUpdateThread:120 - End of CheckServer Thread
2025-11-17 10:39:53,667 [INFO] WebApp:169 - Instantiating new browser for Auth
2025-11-17 10:39:54,462 [INFO] WebApp:463 - Apply proxy settings
2025-11-17 10:39:54,462 [INFO] WebApp:548 - Chromium requires no authentication
2025-11-17 10:39:54,473 [INFO] WebApp:491 - Direct internet connection detected
2025-11-17 10:39:54,501 [INFO] WebApp:900 - Register for checkConnection events
2025-11-17 10:39:54,501 [INFO] WebApp:463 - Apply proxy settings
2025-11-17 10:39:54,501 [INFO] WebApp:548 - Chromium requires no authentication
2025-11-17 10:39:54,501 [INFO] WebApp:491 - Direct internet connection detected
2025-11-17 10:39:54,720 [INFO] WebApp:225 - Starting web application
2025-11-17 10:39:54,720 [INFO] WebApp:593 - Web application path used C:\ST\STM32CubeIDE_1.19.0\STM32CubeIDE\plugins\com.st.stm32cube.common.mx_6.15.0.202507011659\db\plugins\mcufinder\reactClient1\index.html
2025-11-17 10:39:54,809 [INFO] UserAuth:487 - Internet connection configuration mode: 1
2025-11-17 10:39:55,026 [INFO] WebApp:191 - Connection restablished
2025-11-17 10:39:55,543 [WARN] PackLoader:240 - Cannot read IP mode file for STMicroelectronics.FP-SNS-MOTENVWB1.1.4.0
2025-11-17 10:39:55,552 [WARN] PackLoader:240 - Cannot read IP mode file for STMicroelectronics.FP-ATR-ASTRA1.2.0.2
2025-11-17 10:39:55,564 [WARN] PackLoader:240 - Cannot read IP mode file for STMicroelectronics.X-CUBE-SMBUS.2.1.0
2025-11-17 10:39:55,592 [WARN] PackLoader:240 - Cannot read IP mode file for STMicroelectronics.X-CUBE-AZRTOS-F7.1.1.0
2025-11-17 10:39:55,599 [WARN] PackLoader:240 - Cannot read IP mode file for Cesanta.I-CUBE-Mongoose.7.19.0
2025-11-17 10:39:55,602 [WARN] PackLoader:240 - Cannot read IP mode file for STMicroelectronics.FP-SNS-MOTENV1.5.1.0
2025-11-17 10:39:55,616 [WARN] PackLoader:240 - Cannot read IP mode file for WES.I-CUBE-Cesium.1.4.0
2025-11-17 10:39:55,644 [WARN] PackLoader:240 - Cannot read IP mode file for Infineon.AIROC-Wi-Fi-Bluetooth-STM32.1.7.1
2025-11-17 10:39:55,671 [WARN] PackLoader:240 - Cannot read IP mode file for STMicroelectronics.X-CUBE-AZRTOS-H7.3.4.0
2025-11-17 10:39:55,683 [WARN] PackLoader:240 - Cannot read IP mode file for STMicroelectronics.X-CUBE-DISPLAY.3.0.0
2025-11-17 10:39:55,696 [WARN] PackLoader:240 - Cannot read IP mode file for STMicroelectronics.X-CUBE-NFC10.1.0.0
2025-11-17 10:39:55,702 [WARN] PackLoader:240 - Cannot read IP mode file for STMicroelectronics.X-CUBE-ST60.1.1.0
2025-11-17 10:39:55,708 [WARN] PackLoader:240 - Cannot read IP mode file for emotas.I-CUBE-CANOPEN.1.3.0
2025-11-17 10:39:55,713 [WARN] PackLoader:240 - Cannot read IP mode file for STMicroelectronics.X-CUBE-GNSS1.7.1.0
2025-11-17 10:39:55,718 [WARN] PackLoader:240 - Cannot read IP mode file for STMicroelectronics.FP-SNS-STBOX1.2.1.0
2025-11-17 10:39:55,724 [WARN] PackLoader:240 - Cannot read IP mode file for STMicroelectronics.FP-SNS-SMARTAG2.1.2.0
2025-11-17 10:39:55,729 [WARN] PackLoader:240 - Cannot read IP mode file for STMicroelectronics.FP-SNS-FLIGHT1.5.1.0
2025-11-17 10:39:55,735 [INFO] LogOutputStream:77 - [STDOUT_REDIRECT] 1 : Invalid condition id : UX_CORESTACK_Condition cause : null
2025-11-17 10:39:55,736 [INFO] LogOutputStream:77 - [STDOUT_REDIRECT] 1 : Invalid condition id : UX_CORESTACK_Condition cause : null
2025-11-17 10:39:55,737 [INFO] LogOutputStream:77 - [STDOUT_REDIRECT] 1 : Invalid condition id : UX_CORESTACK_Condition cause : null
2025-11-17 10:39:55,741 [INFO] LogOutputStream:77 - [STDOUT_REDIRECT] 1 : Invalid condition id : UX_CORESTACK_Condition cause : null
2025-11-17 10:39:55,742 [INFO] LogOutputStream:77 - [STDOUT_REDIRECT] 1 : Invalid condition id : UX_CORESTACK_Condition cause : null
2025-11-17 10:39:55,745 [WARN] PackLoader:240 - Cannot read IP mode file for STMicroelectronics.X-CUBE-AZRTOS-WL.2.0.0
2025-11-17 10:39:55,750 [WARN] PackLoader:240 - Cannot read IP mode file for STMicroelectronics.X-CUBE-BLE2.3.3.0
2025-11-17 10:39:55,791 [WARN] PackLoader:240 - Cannot read IP mode file for STMicroelectronics.X-CUBE-NFC9.1.0.0
2025-11-17 10:39:55,797 [WARN] PackLoader:240 - Cannot read IP mode file for wolfSSL.I-CUBE-wolfSSL.5.8.2
2025-11-17 10:39:55,802 [WARN] PackLoader:240 - Cannot read IP mode file for STMicroelectronics.X-CUBE-BLE1.7.1.0
2025-11-17 10:39:55,809 [WARN] PackLoader:240 - Cannot read IP mode file for wolfSSL.I-CUBE-wolfMQTT.1.19.2
2025-11-17 10:39:55,814 [WARN] PackLoader:240 - Cannot read IP mode file for STMicroelectronics.X-CUBE-EEPRMA1.5.2.0
2025-11-17 10:39:55,819 [WARN] PackLoader:240 - Cannot read IP mode file for STMicroelectronics.X-CUBE-ST67W61.1.1.0
2025-11-17 10:39:55,829 [WARN] PackLoader:240 - Cannot read IP mode file for STMicroelectronics.X-CUBE-AZRTOS-G0.1.1.0
2025-11-17 10:39:55,834 [WARN] PackLoader:240 - Cannot read IP mode file for STMicroelectronics.X-CUBE-SAFEA1.1.2.2
2025-11-17 10:39:55,839 [WARN] PackLoader:240 - Cannot read IP mode file for STMicroelectronics.X-CUBE-NFC4.3.0.0
2025-11-17 10:39:55,844 [WARN] PackLoader:240 - Cannot read IP mode file for STMicroelectronics.X-CUBE-WB05N.2.0.0
2025-11-17 10:39:55,848 [WARN] PackLoader:240 - Cannot read IP mode file for wolfSSL.I-CUBE-wolfTPM.3.8.0
2025-11-17 10:39:55,852 [WARN] PackLoader:240 - Cannot read IP mode file for STMicroelectronics.X-CUBE-TCPP.4.2.0
2025-11-17 10:39:55,859 [WARN] PackLoader:240 - Cannot read IP mode file for RealThread.X-CUBE-RT-Thread_Nano.4.1.1
2025-11-17 10:39:55,862 [WARN] PackLoader:240 - Cannot read IP mode file for STMicroelectronics.FP-ATR-SIGFOX1.3.2.0
2025-11-17 10:39:55,866 [WARN] PackLoader:240 - Cannot read IP mode file for ITTIA_DB.I-CUBE-ITTIADB.8.9.0
2025-11-17 10:39:55,869 [WARN] PackLoader:240 - Cannot read IP mode file for STMicroelectronics.X-CUBE-AI.10.2.0
2025-11-17 10:39:55,887 [WARN] PackLoader:240 - Cannot read IP mode file for SEGGER.I-CUBE-embOS.1.3.1
2025-11-17 10:39:55,914 [WARN] PackLoader:240 - Cannot read IP mode file for STMicroelectronics.X-CUBE-ALGOBUILD.1.4.0
2025-11-17 10:39:55,937 [WARN] PackLoader:240 - Cannot read IP mode file for STMicroelectronics.X-CUBE-MEMS1.11.3.0
2025-11-17 10:39:56,084 [WARN] PackLoader:240 - Cannot read IP mode file for STMicroelectronics.X-CUBE-PM33A1.1.0.0
2025-11-17 10:39:56,093 [WARN] PackLoader:240 - Cannot read IP mode file for STMicroelectronics.X-CUBE-AZRTOS-F4.1.1.0
2025-11-17 10:39:56,099 [WARN] PackLoader:240 - Cannot read IP mode file for STMicroelectronics.X-CUBE-ISPU.2.1.0
2025-11-17 10:39:56,109 [WARN] PackLoader:240 - Cannot read IP mode file for STMicroelectronics.X-CUBE-IPS.3.2.0
2025-11-17 10:39:56,117 [WARN] PackLoader:240 - Cannot read IP mode file for STMicroelectronics.X-CUBE-NFC12.1.0.0
2025-11-17 10:39:56,128 [WARN] PackLoader:240 - Cannot read IP mode file for STMicroelectronics.X-CUBE-AZRTOS-L5.2.0.0
2025-11-17 10:39:56,135 [WARN] PackLoader:240 - Cannot read IP mode file for STMicroelectronics.X-CUBE-NFC6.3.1.0
2025-11-17 10:39:56,141 [WARN] PackLoader:240 - Cannot read IP mode file for STMicroelectronics.X-CUBE-FREERTOS.1.3.1
2025-11-17 10:39:56,154 [WARN] PackLoader:240 - Cannot read IP mode file for STMicroelectronics.X-CUBE-TOUCHGFX.4.26.0
2025-11-17 10:39:56,161 [WARN] PackLoader:240 - Cannot read IP mode file for STMicroelectronics.FP-SNS-STAIOTCFT.1.0.0
2025-11-17 10:39:56,166 [WARN] PackLoader:240 - Cannot read IP mode file for STMicroelectronics.X-CUBE-DPower.1.3.0
2025-11-17 10:39:56,179 [WARN] ConditionMgr:438 - getConditionDescription Invalid condition id : LAN8742 Phy interface Condition cause : null
2025-11-17 10:39:56,180 [WARN] PackLoader:240 - Cannot read IP mode file for STMicroelectronics.X-CUBE-AZRTOS-L4.2.0.0
2025-11-17 10:39:56,181 [WARN] ConditionMgr:1044 - genDependencies : Invalid condition id : LAN8742 Phy interface Condition cause : null
2025-11-17 10:39:56,181 [WARN] ConditionMgr:1044 - genDependencies : Invalid condition id : LAN8742 Phy interface Condition cause : null
2025-11-17 10:39:56,181 [WARN] ConditionMgr:1044 - genDependencies : Invalid condition id : LAN8742 Phy interface Condition cause : null
2025-11-17 10:39:56,186 [WARN] PackLoader:240 - Cannot read IP mode file for STMicroelectronics.X-CUBE-SFXS2LP1.4.0.0
2025-11-17 10:39:56,198 [WARN] PackLoader:240 - Cannot read IP mode file for STMicroelectronics.X-CUBE-BLEMGR.4.1.0
2025-11-17 10:39:56,210 [WARN] ConditionMgr:438 - getConditionDescription Invalid condition id : UX DEVICE CLASS RTOS Condition cause : null
2025-11-17 10:39:56,210 [WARN] ConditionMgr:438 - getConditionDescription Invalid condition id : UX DEVICE CLASS RTOS Condition cause : null
2025-11-17 10:39:56,211 [WARN] PackLoader:240 - Cannot read IP mode file for STMicroelectronics.X-CUBE-AZRTOS-WB.2.0.0
2025-11-17 10:39:56,211 [WARN] ConditionMgr:1044 - genDependencies : Invalid condition id : UX DEVICE CLASS RTOS Condition cause : null
2025-11-17 10:39:56,211 [WARN] ConditionMgr:1044 - genDependencies : Invalid condition id : UX DEVICE CLASS RTOS Condition cause : null
2025-11-17 10:39:56,211 [WARN] ConditionMgr:1044 - genDependencies : Invalid condition id : UX DEVICE CLASS RTOS Condition cause : null
2025-11-17 10:39:56,211 [WARN] ConditionMgr:1044 - genDependencies : Invalid condition id : UX DEVICE CLASS RTOS Condition cause : null
2025-11-17 10:39:56,211 [WARN] ConditionMgr:1044 - genDependencies : Invalid condition id : UX DEVICE CLASS RTOS Condition cause : null
2025-11-17 10:39:56,215 [WARN] PackLoader:240 - Cannot read IP mode file for STMicroelectronics.X-CUBE-GNSS1.7.0.1
2025-11-17 10:39:56,219 [WARN] ConditionMgr:438 - getConditionDescription Invalid condition id : Cortex-A Device cause : null
2025-11-17 10:39:56,233 [WARN] ConditionMgr:1044 - genDependencies : Invalid condition id : Cortex-A Device cause : null
2025-11-17 10:39:56,233 [WARN] ConditionMgr:1044 - genDependencies : Invalid condition id : Cortex-A Device cause : null
2025-11-17 10:39:56,233 [WARN] ConditionMgr:1044 - genDependencies : Invalid condition id : Cortex-A Device cause : null
2025-11-17 10:39:56,242 [WARN] PackLoader:240 - Cannot read IP mode file for STMicroelectronics.X-CUBE-SUBG2.5.0.0
2025-11-17 10:39:56,254 [WARN] PackLoader:240 - Cannot read IP mode file for STMicroelectronics.X-CUBE-AZRTOS-H7RS.1.1.0
2025-11-17 10:39:56,266 [WARN] PackLoader:240 - Cannot read IP mode file for STMicroelectronics.X-CUBE-AZRTOS-G4.2.0.0
2025-11-17 10:39:56,272 [WARN] PackLoader:240 - Cannot read IP mode file for wolfSSL.I-CUBE-wolfSSH.1.4.20
2025-11-17 10:39:56,278 [WARN] PackLoader:240 - Cannot read IP mode file for STMicroelectronics.X-CUBE-NFC7.2.0.0
2025-11-17 10:39:56,282 [WARN] PackLoader:240 - Cannot read IP mode file for STMicroelectronics.X-CUBE-ALS.1.0.2
2025-11-17 10:39:56,290 [WARN] PackLoader:240 - Cannot read IP mode file for STMicroelectronics.X-CUBE-STSE01.1.0.0
2025-11-17 10:39:56,302 [WARN] PackLoader:240 - Cannot read IP mode file for STMicroelectronics.X-CUBE-TOF1.3.4.3
2025-11-17 10:39:56,312 [INFO] ThirdParty:978 - Integrity check success = true
2025-11-17 10:39:56,312 [INFO] IntegrityCheckThread:100 - exiting critical section [integrity check]
2025-11-17 10:39:56,312 [INFO] IntegrityCheckThread:103 - End integrity checks thread
2025-11-17 11:34:45,154 [INFO] WebApp:194 - Connection lost
2025-11-17 11:34:45,320 [INFO] WebApp:191 - Connection restablished
2025-11-17 11:52:58,134 [INFO] WebApp:194 - Connection lost
2025-11-17 11:52:58,287 [INFO] WebApp:191 - Connection restablished
2025-11-17 12:30:59,661 [INFO] WebApp:194 - Connection lost
2025-11-17 12:30:59,818 [INFO] WebApp:191 - Connection restablished
2025-11-17 12:34:02,673 [INFO] WebApp:194 - Connection lost
2025-11-17 12:34:02,825 [INFO] WebApp:191 - Connection restablished
2025-11-17 12:42:03,174 [INFO] WebApp:194 - Connection lost
2025-11-17 12:42:03,322 [INFO] WebApp:191 - Connection restablished
2025-11-17 12:44:04,185 [INFO] WebApp:194 - Connection lost
2025-11-17 12:44:04,336 [INFO] WebApp:191 - Connection restablished
2025-11-17 13:05:12,740 [INFO] WebApp:194 - Connection lost
2025-11-17 13:05:12,902 [INFO] WebApp:191 - Connection restablished
2025-11-17 14:05:29,718 [INFO] WebApp:194 - Connection lost
2025-11-17 14:05:29,911 [INFO] WebApp:191 - Connection restablished
2025-11-17 14:13:22,683 [INFO] WebApp:194 - Connection lost
2025-11-17 14:13:22,837 [INFO] WebApp:191 - Connection restablished
2025-11-17 14:21:35,860 [INFO] WebApp:194 - Connection lost
2025-11-17 14:21:36,005 [INFO] WebApp:191 - Connection restablished
2025-11-17 14:34:45,980 [INFO] WebApp:194 - Connection lost
2025-11-17 14:34:46,169 [INFO] WebApp:191 - Connection restablished
2025-11-17 14:34:48,236 [INFO] WebApp:194 - Connection lost
2025-11-17 14:34:48,402 [INFO] WebApp:191 - Connection restablished
2025-11-17 14:47:36,805 [INFO] WebApp:194 - Connection lost
2025-11-17 14:47:36,962 [INFO] WebApp:191 - Connection restablished
2025-11-17 15:12:39,334 [INFO] WebApp:194 - Connection lost
2025-11-17 15:12:39,489 [INFO] WebApp:191 - Connection restablished
2025-11-17 15:16:04,310 [INFO] WebApp:194 - Connection lost
2025-11-17 15:16:04,477 [INFO] WebApp:191 - Connection restablished
2025-11-17 15:21:09,329 [INFO] WebApp:194 - Connection lost
2025-11-17 15:21:09,574 [INFO] WebApp:191 - Connection restablished
2025-11-17 16:20:45,436 [INFO] WebApp:194 - Connection lost
2025-11-17 16:20:45,619 [INFO] WebApp:191 - Connection restablished
2025-11-17 16:31:31,923 [INFO] WebApp:194 - Connection lost
2025-11-17 16:31:32,087 [INFO] WebApp:191 - Connection restablished
2025-11-17 16:42:03,912 [INFO] WebApp:194 - Connection lost
2025-11-17 16:42:04,066 [INFO] WebApp:191 - Connection restablished
2025-11-17 17:11:24,491 [INFO] WebApp:403 - JxBrowser engine has been closed 
