2026-01-20 17:12:53,031 [INFO] Activator:176 - 


2026-01-20 17:12:53,037 [INFO] Activator:177 - !SESSION log4j initialized
2026-01-20 17:13:00,011 [INFO] LogOutputStream:77 - [STDOUT_REDIRECT] 
2026-01-20 17:13:02,709 [ERROR] ConfigurationRetriever:142 - IOException on connection: Read timed out
2026-01-20 17:13:03,010 [INFO] ApplicationProperties:184 - Using Application install path: C:\ST\STM32CubeIDE_1.19.0\STM32CubeIDE\plugins\com.st.stm32cube.common.mx_6.15.0.202507011659
2026-01-20 17:13:03,030 [INFO] DbMcusXml:78 - Set database path to: C:\ST\STM32CubeIDE_1.19.0\STM32CubeIDE\plugins\com.st.stm32cube.common.mx_6.15.0.202507011659\\db\/mcu/
2026-01-20 17:13:03,031 [INFO] ApiDb:274 - Set plugin database path to: C:\ST\STM32CubeIDE_1.19.0\STM32CubeIDE\plugins\com.st.stm32cube.common.mx_6.15.0.202507011659\\db\/plugins/boardmanager/
2026-01-20 17:13:03,031 [WARN] ApiDb:259 - Overriding images path with different value:  => C:\ST\STM32CubeIDE_1.19.0\STM32CubeIDE\plugins\com.st.stm32cube.common.mx_6.15.0.202507011659\\db\/plugins/mcufinder/images/
2026-01-20 17:13:03,039 [INFO] ApiDb:250 - Set database path to: C:\Users\liushaw\.stmcufinder\plugins\mcufinder//mcu/
2026-01-20 17:13:03,040 [INFO] DbMcusAds:125 - Set database path to: C:\Users\liushaw\.stmcufinder\plugins\mcufinder//mcu/
2026-01-20 17:13:03,043 [INFO] CrossReferenceDbSqlite:203 - Set database path to: C:\Users\liushaw\.stmcufinder\plugins\mcufinder//mcu/cs/
2026-01-20 17:13:03,159 [INFO] RulesReader:64 - Compatibility file has been processed (317 Rules)
2026-01-20 17:13:03,266 [INFO] DbMcusXml:78 - Set database path to: C:\ST\STM32CubeIDE_1.19.0\STM32CubeIDE\plugins\com.st.stm32cube.common.mx_6.15.0.202507011659\\db\/mcu/
2026-01-20 17:13:03,266 [INFO] ApiDb:274 - Set plugin database path to: C:\ST\STM32CubeIDE_1.19.0\STM32CubeIDE\plugins\com.st.stm32cube.common.mx_6.15.0.202507011659\\db\/plugins/boardmanager/
2026-01-20 17:13:03,266 [INFO] ApiDb:261 - Set plugin images path to: C:\ST\STM32CubeIDE_1.19.0\STM32CubeIDE\plugins\com.st.stm32cube.common.mx_6.15.0.202507011659\\db\/plugins/mcufinder/images/
2026-01-20 17:13:03,266 [WARN] DbFile:41 - Overriding database path with different value: C:\Users\liushaw\.stmcufinder\plugins\mcufinder/ => C:\Users\liushaw\.stmcufinder\plugins\mcufinder
2026-01-20 17:13:03,266 [INFO] ApiDb:250 - Set database path to: C:\Users\liushaw\.stmcufinder\plugins\mcufinder//mcu/
2026-01-20 17:13:03,267 [WARN] DbFile:41 - Overriding database path with different value: C:\Users\liushaw\.stmcufinder\plugins\mcufinder/ => C:\Users\liushaw\.stmcufinder\plugins\mcufinder
2026-01-20 17:13:03,267 [INFO] DbMcusAds:125 - Set database path to: C:\Users\liushaw\.stmcufinder\plugins\mcufinder//mcu/
2026-01-20 17:13:03,267 [WARN] DbFile:41 - Overriding database path with different value: C:\Users\liushaw\.stmcufinder\plugins\mcufinder/ => C:\Users\liushaw\.stmcufinder\plugins\mcufinder
2026-01-20 17:13:03,267 [WARN] DbFile:41 - Overriding database path with different value: C:\Users\liushaw\.stmcufinder\plugins\mcufinder/ => C:\Users\liushaw\.stmcufinder\plugins\mcufinder
2026-01-20 17:13:03,267 [INFO] CrossReferenceDbSqlite:203 - Set database path to: C:\Users\liushaw\.stmcufinder\plugins\mcufinder//mcu/cs/
2026-01-20 17:13:03,352 [INFO] MainPanel:274 - HeapMemory: 268435456
2026-01-20 17:13:03,492 [INFO] DbMcusXml:78 - Set database path to: C:\ST\STM32CubeIDE_1.19.0\STM32CubeIDE\plugins\com.st.stm32cube.common.mx_6.15.0.202507011659\\db\/mcu/
2026-01-20 17:13:03,492 [INFO] ApiDb:274 - Set plugin database path to: C:\ST\STM32CubeIDE_1.19.0\STM32CubeIDE\plugins\com.st.stm32cube.common.mx_6.15.0.202507011659\\db\/plugins/boardmanager/
2026-01-20 17:13:03,492 [INFO] ApiDb:261 - Set plugin images path to: C:\ST\STM32CubeIDE_1.19.0\STM32CubeIDE\plugins\com.st.stm32cube.common.mx_6.15.0.202507011659\\db\/plugins/mcufinder/images/
2026-01-20 17:13:03,493 [WARN] DbFile:41 - Overriding database path with different value: C:\Users\liushaw\.stmcufinder\plugins\mcufinder/ => C:\Users\liushaw\.stmcufinder\plugins\mcufinder
2026-01-20 17:13:03,493 [INFO] ApiDb:250 - Set database path to: C:\Users\liushaw\.stmcufinder\plugins\mcufinder//mcu/
2026-01-20 17:13:03,493 [WARN] DbFile:41 - Overriding database path with different value: C:\Users\liushaw\.stmcufinder\plugins\mcufinder/ => C:\Users\liushaw\.stmcufinder\plugins\mcufinder
2026-01-20 17:13:03,493 [INFO] DbMcusAds:125 - Set database path to: C:\Users\liushaw\.stmcufinder\plugins\mcufinder//mcu/
2026-01-20 17:13:03,493 [WARN] DbFile:41 - Overriding database path with different value: C:\Users\liushaw\.stmcufinder\plugins\mcufinder/ => C:\Users\liushaw\.stmcufinder\plugins\mcufinder
2026-01-20 17:13:03,493 [WARN] DbFile:41 - Overriding database path with different value: C:\Users\liushaw\.stmcufinder\plugins\mcufinder/ => C:\Users\liushaw\.stmcufinder\plugins\mcufinder
2026-01-20 17:13:03,493 [INFO] CrossReferenceDbSqlite:203 - Set database path to: C:\Users\liushaw\.stmcufinder\plugins\mcufinder//mcu/cs/
2026-01-20 17:13:03,515 [INFO] ApplicationProperties:184 - Using Application install path: C:\ST\STM32CubeIDE_1.19.0\STM32CubeIDE\plugins\com.st.stm32cube.common.mx_6.15.0.202507011659
2026-01-20 17:13:03,516 [INFO] PluginManage:196 - Search for loadable plugins [exclusion list=, ]
2026-01-20 17:13:03,517 [INFO] PluginManage:310 - Check plugin analytics
2026-01-20 17:13:03,796 [INFO] AnalyticsPlugin:253 - Accepted Software Licenses: STM32CubeMX.6.15.0
2026-01-20 17:13:03,797 [INFO] AnalyticsPlugin:255 - Accepted CMSIS Pack Licenses: 
2026-01-20 17:13:03,797 [INFO] AnalyticsPlugin:257 - Accepted Firmware Licenses: FW.F4.1.28.0
2026-01-20 17:13:03,803 [INFO] PluginManage:359 - Loaded plugin analytics (category:tool,tabindex:-1)
2026-01-20 17:13:03,803 [INFO] PluginManage:310 - Check plugin cadmodel
2026-01-20 17:13:03,812 [INFO] CADModel:105 - Init CAD model plugin
2026-01-20 17:13:03,813 [INFO] PluginManage:359 - Loaded plugin cadmodel (category:power,tabindex:5)
2026-01-20 17:13:03,813 [INFO] PluginManage:310 - Check plugin clock
2026-01-20 17:13:03,829 [INFO] PluginManage:359 - Loaded plugin clock (category:base,tabindex:2)
2026-01-20 17:13:03,829 [INFO] PluginManage:310 - Check plugin ddr
2026-01-20 17:13:03,832 [INFO] PluginManage:359 - Loaded plugin ddr (category:tool,tabindex:6)
2026-01-20 17:13:03,832 [INFO] PluginManage:310 - Check plugin filemanager
2026-01-20 17:13:03,988 [INFO] PluginManage:359 - Loaded plugin filemanager (category:base,tabindex:10)
2026-01-20 17:13:03,988 [INFO] PluginManage:310 - Check plugin ipmanager
2026-01-20 17:13:03,996 [INFO] PluginManage:359 - Loaded plugin ipmanager (category:base,tabindex:5)
2026-01-20 17:13:03,996 [INFO] PluginManage:310 - Check plugin lpbam
2026-01-20 17:13:04,005 [INFO] PluginManage:359 - Loaded plugin lpbam (category:base,tabindex:0)
2026-01-20 17:13:04,005 [INFO] PluginManage:310 - Check plugin memorymap
2026-01-20 17:13:04,023 [INFO] PluginManage:359 - Loaded plugin memorymap (category:base,tabindex:4)
2026-01-20 17:13:04,024 [INFO] PluginManage:310 - Check plugin pinoutandconfiguration
2026-01-20 17:13:04,036 [INFO] PluginManage:359 - Loaded plugin pinoutandconfiguration (category:base,tabindex:1)
2026-01-20 17:13:04,037 [INFO] PluginManage:310 - Check plugin pinoutconfig
2026-01-20 17:13:04,129 [WARN] SupportedApi:132 - Cannot load RTOS API schema: s4s-elt-must-match.1: The content of 'definitions' must match (annotation?, (simpleType | complexType)?, (unique | key | keyref)*)). A problem was found starting at: attribute.
2026-01-20 17:13:04,288 [INFO] PluginManage:359 - Loaded plugin pinoutconfig (category:base,tabindex:0)
2026-01-20 17:13:04,288 [INFO] PluginManage:310 - Check plugin power
2026-01-20 17:13:04,298 [INFO] PluginManage:359 - Loaded plugin power (category:power,tabindex:4)
2026-01-20 17:13:04,298 [INFO] PluginManage:310 - Check plugin projectmanager
2026-01-20 17:13:04,316 [INFO] PluginManage:359 - Loaded plugin projectmanager (category:projectmanager,tabindex:4)
2026-01-20 17:13:04,316 [INFO] PluginManage:310 - Check plugin rif
2026-01-20 17:13:04,328 [INFO] PluginManage:359 - Loaded plugin rif (category:base,tabindex:3)
2026-01-20 17:13:04,329 [INFO] PluginManage:310 - Check plugin thirdparty
2026-01-20 17:13:04,476 [INFO] PluginManage:359 - Loaded plugin thirdparty (category:base,tabindex:-1)
2026-01-20 17:13:04,476 [WARN] IntegrityCheckThread:84 - waiting for thirdparty lock release [integrity check]
2026-01-20 17:13:04,477 [INFO] PluginManage:310 - Check plugin tools
2026-01-20 17:13:04,477 [INFO] IntegrityCheckThread:86 - entering critical section [integrity check]
2026-01-20 17:13:04,477 [INFO] ThirdPartyUpdaterWithRetryManager:70 - Updater plugin not ready yet. [1/15]
2026-01-20 17:13:04,479 [INFO] PluginManage:359 - Loaded plugin tools (category:base,tabindex:7)
2026-01-20 17:13:04,479 [INFO] PluginManage:310 - Check plugin tutovideos
2026-01-20 17:13:04,702 [INFO] PluginManage:359 - Loaded plugin tutovideos (category:base,tabindex:-1)
2026-01-20 17:13:04,702 [INFO] PluginManage:310 - Check plugin updater
2026-01-20 17:13:04,722 [INFO] PluginManage:359 - Loaded plugin updater (category:base,tabindex:12)
2026-01-20 17:13:04,723 [INFO] PluginManage:310 - Check plugin userauth
2026-01-20 17:13:04,727 [INFO] UserAuth:118 - Init User Auth plugin
2026-01-20 17:13:04,728 [INFO] PluginManage:359 - Loaded plugin userauth (category:base,tabindex:14)
2026-01-20 17:13:04,728 [INFO] PluginManage:283 - PluginManage : Loaded plugins [18]
2026-01-20 17:13:04,998 [INFO] PinOutPanel:1589 - setPackage(No Configuration,No Configuration)
2026-01-20 17:13:05,103 [INFO] CADModel:165 - CPN selected for project level
2026-01-20 17:13:05,103 [INFO] CADModel:114 - Register for checkConnection events
2026-01-20 17:13:05,130 [INFO] IPUIPlugin:80 - create IPUIPlugin
2026-01-20 17:13:05,130 [INFO] PluginManager:220 - loadIPPluginJar : add adc
2026-01-20 17:13:05,135 [INFO] IPUIPlugin:80 - create IPUIPlugin
2026-01-20 17:13:05,135 [INFO] PluginManager:220 - loadIPPluginJar : add aes
2026-01-20 17:13:05,141 [INFO] IPUIPlugin:80 - create IPUIPlugin
2026-01-20 17:13:05,141 [INFO] PluginManager:220 - loadIPPluginJar : add can
2026-01-20 17:13:05,144 [INFO] IPUIPlugin:80 - create IPUIPlugin
2026-01-20 17:13:05,144 [INFO] PluginManager:220 - loadIPPluginJar : add comp
2026-01-20 17:13:05,148 [INFO] IPUIPlugin:80 - create IPUIPlugin
2026-01-20 17:13:05,148 [INFO] PluginManager:220 - loadIPPluginJar : add cryp
2026-01-20 17:13:05,153 [INFO] IPUIPlugin:80 - create IPUIPlugin
2026-01-20 17:13:05,153 [INFO] PluginManager:220 - loadIPPluginJar : add ddr_ctrl_phy
2026-01-20 17:13:05,157 [INFO] IPUIPlugin:80 - create IPUIPlugin
2026-01-20 17:13:05,157 [INFO] PluginManager:220 - loadIPPluginJar : add dfsdm
2026-01-20 17:13:05,165 [INFO] IPUIPlugin:80 - create IPUIPlugin
2026-01-20 17:13:05,166 [INFO] PluginManager:220 - loadIPPluginJar : add dma
2026-01-20 17:13:05,171 [INFO] IPUIPlugin:80 - create IPUIPlugin
2026-01-20 17:13:05,171 [INFO] PluginManager:220 - loadIPPluginJar : add dma3
2026-01-20 17:13:05,177 [INFO] IPUIPlugin:80 - create IPUIPlugin
2026-01-20 17:13:05,177 [INFO] PluginManager:220 - loadIPPluginJar : add extmemmanager
2026-01-20 17:13:05,179 [INFO] IPUIPlugin:80 - create IPUIPlugin
2026-01-20 17:13:05,180 [INFO] PluginManager:220 - loadIPPluginJar : add fatfs
2026-01-20 17:13:05,188 [INFO] IPUIPlugin:80 - create IPUIPlugin
2026-01-20 17:13:05,188 [INFO] PluginManager:220 - loadIPPluginJar : add fmc
2026-01-20 17:13:05,199 [INFO] IPUIPlugin:80 - create IPUIPlugin
2026-01-20 17:13:05,199 [INFO] PluginManager:220 - loadIPPluginJar : add freertos
2026-01-20 17:13:05,202 [INFO] IPUIPlugin:80 - create IPUIPlugin
2026-01-20 17:13:05,203 [INFO] PluginManager:220 - loadIPPluginJar : add genericplugin
2026-01-20 17:13:05,207 [INFO] IPUIPlugin:80 - create IPUIPlugin
2026-01-20 17:13:05,208 [INFO] PluginManager:220 - loadIPPluginJar : add gfxmmu
2026-01-20 17:13:05,213 [INFO] IPUIPlugin:80 - create IPUIPlugin
2026-01-20 17:13:05,214 [INFO] PluginManager:220 - loadIPPluginJar : add gic
2026-01-20 17:13:05,220 [INFO] IPUIPlugin:80 - create IPUIPlugin
2026-01-20 17:13:05,220 [INFO] PluginManager:220 - loadIPPluginJar : add gpio
2026-01-20 17:13:05,224 [INFO] IPUIPlugin:80 - create IPUIPlugin
2026-01-20 17:13:05,224 [INFO] PluginManager:220 - loadIPPluginJar : add gtzc
2026-01-20 17:13:05,228 [INFO] IPUIPlugin:80 - create IPUIPlugin
2026-01-20 17:13:05,228 [INFO] PluginManager:220 - loadIPPluginJar : add hash
2026-01-20 17:13:05,232 [INFO] IPUIPlugin:80 - create IPUIPlugin
2026-01-20 17:13:05,233 [INFO] PluginManager:220 - loadIPPluginJar : add i2c
2026-01-20 17:13:05,237 [INFO] IPUIPlugin:80 - create IPUIPlugin
2026-01-20 17:13:05,237 [INFO] PluginManager:220 - loadIPPluginJar : add i2s
2026-01-20 17:13:05,242 [INFO] IPUIPlugin:80 - create IPUIPlugin
2026-01-20 17:13:05,242 [INFO] PluginManager:220 - loadIPPluginJar : add i3c
2026-01-20 17:13:05,247 [INFO] IPUIPlugin:80 - create IPUIPlugin
2026-01-20 17:13:05,247 [INFO] PluginManager:220 - loadIPPluginJar : add ipddr
2026-01-20 17:13:05,258 [INFO] IPUIPlugin:80 - create IPUIPlugin
2026-01-20 17:13:05,258 [INFO] PluginManager:220 - loadIPPluginJar : add linkedlist
2026-01-20 17:13:05,263 [INFO] IPUIPlugin:80 - create IPUIPlugin
2026-01-20 17:13:05,263 [INFO] PluginManager:220 - loadIPPluginJar : add lorawan
2026-01-20 17:13:05,266 [INFO] IPUIPlugin:80 - create IPUIPlugin
2026-01-20 17:13:05,266 [INFO] PluginManager:220 - loadIPPluginJar : add ltdc
2026-01-20 17:13:05,273 [INFO] IPUIPlugin:80 - create IPUIPlugin
2026-01-20 17:13:05,273 [INFO] PluginManager:220 - loadIPPluginJar : add mdma
2026-01-20 17:13:05,277 [INFO] IPUIPlugin:80 - create IPUIPlugin
2026-01-20 17:13:05,277 [INFO] PluginManager:220 - loadIPPluginJar : add nvic
2026-01-20 17:13:05,279 [INFO] IPUIPlugin:80 - create IPUIPlugin
2026-01-20 17:13:05,279 [INFO] PluginManager:220 - loadIPPluginJar : add opamp
2026-01-20 17:13:05,282 [INFO] IPUIPlugin:80 - create IPUIPlugin
2026-01-20 17:13:05,282 [INFO] PluginManager:220 - loadIPPluginJar : add openamp
2026-01-20 17:13:05,286 [INFO] IPUIPlugin:80 - create IPUIPlugin
2026-01-20 17:13:05,286 [INFO] PluginManager:220 - loadIPPluginJar : add pdm2pcm
2026-01-20 17:13:05,293 [INFO] IPUIPlugin:80 - create IPUIPlugin
2026-01-20 17:13:05,295 [INFO] PluginManager:220 - loadIPPluginJar : add plateformsettings
2026-01-20 17:13:05,296 [INFO] IPUIPlugin:80 - create IPUIPlugin
2026-01-20 17:13:05,296 [INFO] PluginManager:220 - loadIPPluginJar : add quadspi
2026-01-20 17:13:05,298 [INFO] IPUIPlugin:80 - create IPUIPlugin
2026-01-20 17:13:05,299 [INFO] PluginManager:220 - loadIPPluginJar : add radio
2026-01-20 17:13:05,304 [INFO] IPUIPlugin:80 - create IPUIPlugin
2026-01-20 17:13:05,304 [INFO] PluginManager:220 - loadIPPluginJar : add resmgrutility
2026-01-20 17:13:05,308 [INFO] IPUIPlugin:80 - create IPUIPlugin
2026-01-20 17:13:05,308 [INFO] PluginManager:220 - loadIPPluginJar : add sai
2026-01-20 17:13:05,312 [INFO] IPUIPlugin:80 - create IPUIPlugin
2026-01-20 17:13:05,312 [INFO] PluginManager:220 - loadIPPluginJar : add spi
2026-01-20 17:13:05,319 [INFO] IPUIPlugin:80 - create IPUIPlugin
2026-01-20 17:13:05,319 [INFO] PluginManager:220 - loadIPPluginJar : add stm32_wpan
2026-01-20 17:13:05,322 [INFO] IPUIPlugin:80 - create IPUIPlugin
2026-01-20 17:13:05,322 [INFO] PluginManager:220 - loadIPPluginJar : add tim
2026-01-20 17:13:05,327 [INFO] IPUIPlugin:80 - create IPUIPlugin
2026-01-20 17:13:05,327 [INFO] PluginManager:220 - loadIPPluginJar : add touchsensing
2026-01-20 17:13:05,330 [INFO] IPUIPlugin:80 - create IPUIPlugin
2026-01-20 17:13:05,330 [INFO] PluginManager:220 - loadIPPluginJar : add tracer_emb
2026-01-20 17:13:05,333 [INFO] IPUIPlugin:80 - create IPUIPlugin
2026-01-20 17:13:05,333 [INFO] PluginManager:220 - loadIPPluginJar : add ts
2026-01-20 17:13:05,335 [INFO] IPUIPlugin:80 - create IPUIPlugin
2026-01-20 17:13:05,335 [INFO] PluginManager:220 - loadIPPluginJar : add tsc
2026-01-20 17:13:05,339 [INFO] IPUIPlugin:80 - create IPUIPlugin
2026-01-20 17:13:05,339 [INFO] PluginManager:220 - loadIPPluginJar : add ucpd
2026-01-20 17:13:05,343 [INFO] IPUIPlugin:80 - create IPUIPlugin
2026-01-20 17:13:05,343 [INFO] PluginManager:220 - loadIPPluginJar : add usart
2026-01-20 17:13:05,347 [INFO] IPUIPlugin:80 - create IPUIPlugin
2026-01-20 17:13:05,347 [INFO] PluginManager:220 - loadIPPluginJar : add usbx
2026-01-20 17:13:05,484 [FATAL] Updater:351 - Updater called before beeing initialized
2026-01-20 17:13:05,508 [INFO] RulesReader:64 - Compatibility file has been processed (317 Rules)
2026-01-20 17:13:05,515 [INFO] RulesReader:64 - Compatibility file has been processed (317 Rules)
2026-01-20 17:13:05,528 [INFO] CADModel:165 - CPN selected for project level
2026-01-20 17:13:05,528 [INFO] CADModel:114 - Register for checkConnection events
2026-01-20 17:13:05,528 [FATAL] Updater:351 - Updater called before beeing initialized
2026-01-20 17:13:05,529 [ERROR] CADModel:125 - Updater not yet initialized, retry later 
2026-01-20 17:13:05,720 [FATAL] Updater:351 - Updater called before beeing initialized
2026-01-20 17:13:05,722 [INFO] CADModel:165 - CPN selected for project level
2026-01-20 17:13:05,723 [INFO] CADModel:114 - Register for checkConnection events
2026-01-20 17:13:05,723 [FATAL] Updater:351 - Updater called before beeing initialized
2026-01-20 17:13:05,723 [ERROR] CADModel:125 - Updater not yet initialized, retry later 
2026-01-20 17:13:05,726 [FATAL] Updater:351 - Updater called before beeing initialized
2026-01-20 17:13:05,859 [FATAL] Updater:351 - Updater called before beeing initialized
2026-01-20 17:13:05,871 [INFO] DbMcusAds:53 - JSON generation date=Tue Dec 16 07:11:46 CST 2025 (1765840306612)
2026-01-20 17:13:05,872 [FATAL] Updater:351 - Updater called before beeing initialized
2026-01-20 17:13:05,911 [WARN] DetailPanel:346 - Failed to get advertising image, set to default
2026-01-20 17:13:05,988 [FATAL] Updater:351 - Updater called before beeing initialized
2026-01-20 17:13:05,991 [FATAL] Updater:351 - Updater called before beeing initialized
2026-01-20 17:13:05,991 [FATAL] Updater:351 - Updater called before beeing initialized
2026-01-20 17:13:05,991 [WARN] DetailPanel:346 - Failed to get advertising image, set to default
2026-01-20 17:13:05,992 [FATAL] Updater:351 - Updater called before beeing initialized
2026-01-20 17:13:06,043 [ERROR] Updater:1198 - MainUpdater not yet initialized. External WinMGr cannot be set.
2026-01-20 17:13:06,045 [INFO] Updater:1134 - Updater Version found : 6.15.0
2026-01-20 17:13:06,066 [INFO] ApplicationProperties:184 - Using Application install path: C:\ST\STM32CubeIDE_1.19.0\STM32CubeIDE\plugins\com.st.stm32cube.common.mx_6.15.0.202507011659
2026-01-20 17:13:07,477 [INFO] ThirdPartyUpdaterWithRetryManager:70 - Updater plugin not ready yet. [2/15]
2026-01-20 17:13:07,645 [ERROR] LogOutputStream:75 - [STDERR_REDIRECT] Jan 20, 2026 5:13:07 PM java.util.prefs.WindowsPreferences <init>
2026-01-20 17:13:07,656 [ERROR] LogOutputStream:75 - [STDERR_REDIRECT] WARNING: Could not open/create prefs root node Software\JavaSoft\Prefs at root 0xffffffff80000002. Windows RegCreateKeyEx(...) returned error code 5.
2026-01-20 17:13:07,657 [ERROR] LogOutputStream:75 - [STDERR_REDIRECT] 
2026-01-20 17:13:08,024 [INFO] MainUpdater:2872 - connection check result : 10
2026-01-20 17:13:08,025 [INFO] MainUpdater:289 - Updater Check For Update Now.
2026-01-20 17:13:08,025 [INFO] MicroXplorer:498 - Change Database Version : DB.6.0.150
2026-01-20 17:13:08,040 [INFO] McuFinderGlobals:63 - Set McuFinder mode to 2 (CubeIDE integrated)
2026-01-20 17:13:08,041 [INFO] UserAuth:487 - Internet connection configuration mode: 1
2026-01-20 17:13:08,090 [INFO] JxBrowserEngine:152 - Initiate JxBrowser Engine with user profile folder
2026-01-20 17:13:08,205 [INFO] CheckServerUpdateThread:120 - End of CheckServer Thread
2026-01-20 17:13:09,304 [INFO] WebApp:169 - Instantiating new browser for Auth
2026-01-20 17:13:10,278 [INFO] WebApp:463 - Apply proxy settings
2026-01-20 17:13:10,279 [INFO] WebApp:548 - Chromium requires no authentication
2026-01-20 17:13:10,302 [INFO] WebApp:491 - Direct internet connection detected
2026-01-20 17:13:10,352 [INFO] WebApp:900 - Register for checkConnection events
2026-01-20 17:13:10,352 [INFO] WebApp:463 - Apply proxy settings
2026-01-20 17:13:10,352 [INFO] WebApp:548 - Chromium requires no authentication
2026-01-20 17:13:10,353 [INFO] WebApp:491 - Direct internet connection detected
2026-01-20 17:13:10,636 [INFO] WebApp:191 - Connection restablished
2026-01-20 17:13:10,714 [INFO] WebApp:225 - Starting web application
2026-01-20 17:13:10,714 [INFO] WebApp:593 - Web application path used C:\ST\STM32CubeIDE_1.19.0\STM32CubeIDE\plugins\com.st.stm32cube.common.mx_6.15.0.202507011659\db\plugins\mcufinder\reactClient1\index.html
2026-01-20 17:13:10,855 [INFO] UserAuth:487 - Internet connection configuration mode: 1
2026-01-20 17:13:10,857 [WARN] PackLoader:240 - Cannot read IP mode file for STMicroelectronics.FP-SNS-MOTENVWB1.1.4.0
2026-01-20 17:13:10,872 [WARN] PackLoader:240 - Cannot read IP mode file for STMicroelectronics.FP-ATR-ASTRA1.2.0.2
2026-01-20 17:13:10,898 [WARN] PackLoader:240 - Cannot read IP mode file for STMicroelectronics.X-CUBE-SMBUS.2.1.0
2026-01-20 17:13:10,955 [WARN] PackLoader:240 - Cannot read IP mode file for STMicroelectronics.X-CUBE-AZRTOS-F7.1.1.0
2026-01-20 17:13:10,968 [WARN] PackLoader:240 - Cannot read IP mode file for Cesanta.I-CUBE-Mongoose.7.19.0
2026-01-20 17:13:11,009 [WARN] PackLoader:240 - Cannot read IP mode file for STMicroelectronics.FP-SNS-MOTENV1.5.1.0
2026-01-20 17:13:11,041 [WARN] PackLoader:240 - Cannot read IP mode file for WES.I-CUBE-Cesium.1.4.0
2026-01-20 17:13:11,062 [WARN] PackLoader:240 - Cannot read IP mode file for Infineon.AIROC-Wi-Fi-Bluetooth-STM32.1.7.1
2026-01-20 17:13:11,086 [WARN] PackLoader:240 - Cannot read IP mode file for STMicroelectronics.X-CUBE-AZRTOS-H7.3.4.0
2026-01-20 17:13:11,100 [WARN] PackLoader:240 - Cannot read IP mode file for STMicroelectronics.X-CUBE-DISPLAY.3.0.0
2026-01-20 17:13:11,121 [WARN] PackLoader:240 - Cannot read IP mode file for STMicroelectronics.X-CUBE-NFC10.1.0.0
2026-01-20 17:13:11,132 [WARN] PackLoader:240 - Cannot read IP mode file for STMicroelectronics.X-CUBE-ST60.1.1.0
2026-01-20 17:13:11,140 [WARN] PackLoader:240 - Cannot read IP mode file for emotas.I-CUBE-CANOPEN.1.3.0
2026-01-20 17:13:11,146 [WARN] PackLoader:240 - Cannot read IP mode file for STMicroelectronics.X-CUBE-GNSS1.7.1.0
2026-01-20 17:13:11,154 [WARN] PackLoader:240 - Cannot read IP mode file for STMicroelectronics.FP-SNS-STBOX1.2.1.0
2026-01-20 17:13:11,160 [WARN] PackLoader:240 - Cannot read IP mode file for STMicroelectronics.FP-SNS-SMARTAG2.1.2.0
2026-01-20 17:13:11,164 [WARN] PackLoader:240 - Cannot read IP mode file for STMicroelectronics.FP-SNS-FLIGHT1.5.1.0
2026-01-20 17:13:11,173 [INFO] LogOutputStream:77 - [STDOUT_REDIRECT] 1 : Invalid condition id : UX_CORESTACK_Condition cause : null
2026-01-20 17:13:11,175 [INFO] LogOutputStream:77 - [STDOUT_REDIRECT] 1 : Invalid condition id : UX_CORESTACK_Condition cause : null
2026-01-20 17:13:11,178 [INFO] LogOutputStream:77 - [STDOUT_REDIRECT] 1 : Invalid condition id : UX_CORESTACK_Condition cause : null
2026-01-20 17:13:11,180 [INFO] LogOutputStream:77 - [STDOUT_REDIRECT] 1 : Invalid condition id : UX_CORESTACK_Condition cause : null
2026-01-20 17:13:11,182 [INFO] LogOutputStream:77 - [STDOUT_REDIRECT] 1 : Invalid condition id : UX_CORESTACK_Condition cause : null
2026-01-20 17:13:11,186 [WARN] PackLoader:240 - Cannot read IP mode file for STMicroelectronics.X-CUBE-AZRTOS-WL.2.0.0
2026-01-20 17:13:11,203 [WARN] PackLoader:240 - Cannot read IP mode file for STMicroelectronics.X-CUBE-AZRTOS-H7RS.1.2.0
2026-01-20 17:13:11,213 [WARN] PackLoader:240 - Cannot read IP mode file for STMicroelectronics.X-CUBE-BLE2.3.3.0
2026-01-20 17:13:11,247 [WARN] PackLoader:240 - Cannot read IP mode file for STMicroelectronics.X-CUBE-NFC9.1.0.0
2026-01-20 17:13:11,256 [WARN] PackLoader:240 - Cannot read IP mode file for wolfSSL.I-CUBE-wolfSSL.5.8.2
2026-01-20 17:13:11,263 [WARN] PackLoader:240 - Cannot read IP mode file for STMicroelectronics.X-CUBE-BLE1.7.1.0
2026-01-20 17:13:11,272 [WARN] PackLoader:240 - Cannot read IP mode file for wolfSSL.I-CUBE-wolfMQTT.1.19.2
2026-01-20 17:13:11,282 [WARN] PackLoader:240 - Cannot read IP mode file for STMicroelectronics.X-CUBE-FREERTOS.1.4.0
2026-01-20 17:13:11,295 [WARN] PackLoader:240 - Cannot read IP mode file for STMicroelectronics.X-CUBE-EEPRMA1.5.2.0
2026-01-20 17:13:11,309 [WARN] PackLoader:240 - Cannot read IP mode file for STMicroelectronics.X-CUBE-ST67W61.1.1.0
2026-01-20 17:13:11,377 [WARN] PackLoader:240 - Cannot read IP mode file for STMicroelectronics.X-CUBE-MEMS1.12.0.0
2026-01-20 17:13:11,469 [WARN] PackLoader:240 - Cannot read IP mode file for STMicroelectronics.X-CUBE-AZRTOS-G0.1.1.0
2026-01-20 17:13:11,480 [WARN] PackLoader:240 - Cannot read IP mode file for STMicroelectronics.X-CUBE-SAFEA1.1.2.2
2026-01-20 17:13:11,487 [WARN] PackLoader:240 - Cannot read IP mode file for STMicroelectronics.X-CUBE-NFC4.3.0.0
2026-01-20 17:13:11,496 [WARN] PackLoader:240 - Cannot read IP mode file for STMicroelectronics.X-CUBE-WB05N.2.0.0
2026-01-20 17:13:11,504 [WARN] PackLoader:240 - Cannot read IP mode file for wolfSSL.I-CUBE-wolfTPM.3.8.0
2026-01-20 17:13:11,513 [WARN] PackLoader:240 - Cannot read IP mode file for STMicroelectronics.X-CUBE-TCPP.4.2.0
2026-01-20 17:13:11,522 [WARN] PackLoader:240 - Cannot read IP mode file for RealThread.X-CUBE-RT-Thread_Nano.4.1.1
2026-01-20 17:13:11,528 [WARN] PackLoader:240 - Cannot read IP mode file for STMicroelectronics.FP-ATR-SIGFOX1.3.2.0
2026-01-20 17:13:11,539 [WARN] PackLoader:240 - Cannot read IP mode file for ITTIA_DB.I-CUBE-ITTIADB.8.9.0
2026-01-20 17:13:11,546 [WARN] PackLoader:240 - Cannot read IP mode file for STMicroelectronics.X-CUBE-AI.10.2.0
2026-01-20 17:13:11,564 [WARN] PackLoader:240 - Cannot read IP mode file for SEGGER.I-CUBE-embOS.1.3.1
2026-01-20 17:13:11,596 [WARN] PackLoader:240 - Cannot read IP mode file for STMicroelectronics.X-CUBE-ALGOBUILD.1.4.0
2026-01-20 17:13:11,638 [WARN] PackLoader:240 - Cannot read IP mode file for STMicroelectronics.X-CUBE-MEMS1.11.3.0
2026-01-20 17:13:11,865 [WARN] PackLoader:240 - Cannot read IP mode file for STMicroelectronics.X-CUBE-PM33A1.1.0.0
2026-01-20 17:13:11,883 [WARN] PackLoader:240 - Cannot read IP mode file for STMicroelectronics.X-CUBE-AZRTOS-F4.1.1.0
2026-01-20 17:13:11,895 [WARN] PackLoader:240 - Cannot read IP mode file for STMicroelectronics.X-CUBE-ISPU.2.1.0
2026-01-20 17:13:11,909 [WARN] PackLoader:240 - Cannot read IP mode file for STMicroelectronics.X-CUBE-IPS.3.2.0
2026-01-20 17:13:11,921 [WARN] PackLoader:240 - Cannot read IP mode file for STMicroelectronics.X-CUBE-NFC12.1.0.0
2026-01-20 17:13:11,932 [WARN] PackLoader:240 - Cannot read IP mode file for STMicroelectronics.X-CUBE-AZRTOS-L5.2.0.0
2026-01-20 17:13:11,947 [WARN] PackLoader:240 - Cannot read IP mode file for STMicroelectronics.X-CUBE-NFC6.3.1.0
2026-01-20 17:13:11,956 [WARN] PackLoader:240 - Cannot read IP mode file for STMicroelectronics.X-CUBE-FREERTOS.1.3.1
2026-01-20 17:13:11,964 [WARN] PackLoader:240 - Cannot read IP mode file for STMicroelectronics.X-CUBE-TOUCHGFX.4.26.0
2026-01-20 17:13:11,971 [WARN] PackLoader:240 - Cannot read IP mode file for STMicroelectronics.FP-SNS-STAIOTCFT.1.0.0
2026-01-20 17:13:11,977 [WARN] PackLoader:240 - Cannot read IP mode file for STMicroelectronics.X-CUBE-DPower.1.3.0
2026-01-20 17:13:11,996 [WARN] ConditionMgr:438 - getConditionDescription Invalid condition id : LAN8742 Phy interface Condition cause : null
2026-01-20 17:13:11,996 [WARN] PackLoader:240 - Cannot read IP mode file for STMicroelectronics.X-CUBE-AZRTOS-L4.2.0.0
2026-01-20 17:13:11,998 [WARN] ConditionMgr:1044 - genDependencies : Invalid condition id : LAN8742 Phy interface Condition cause : null
2026-01-20 17:13:11,999 [WARN] ConditionMgr:1044 - genDependencies : Invalid condition id : LAN8742 Phy interface Condition cause : null
2026-01-20 17:13:11,999 [WARN] ConditionMgr:1044 - genDependencies : Invalid condition id : LAN8742 Phy interface Condition cause : null
2026-01-20 17:13:12,013 [WARN] PackLoader:240 - Cannot read IP mode file for STMicroelectronics.X-CUBE-SFXS2LP1.4.0.0
2026-01-20 17:13:12,024 [WARN] PackLoader:240 - Cannot read IP mode file for STMicroelectronics.X-CUBE-ST67W61.1.2.0
2026-01-20 17:13:12,036 [WARN] PackLoader:240 - Cannot read IP mode file for STMicroelectronics.X-CUBE-BLEMGR.4.1.0
2026-01-20 17:13:12,050 [WARN] ConditionMgr:438 - getConditionDescription Invalid condition id : UX DEVICE CLASS RTOS Condition cause : null
2026-01-20 17:13:12,050 [WARN] ConditionMgr:438 - getConditionDescription Invalid condition id : UX DEVICE CLASS RTOS Condition cause : null
2026-01-20 17:13:12,054 [WARN] PackLoader:240 - Cannot read IP mode file for STMicroelectronics.X-CUBE-AZRTOS-WB.2.0.0
2026-01-20 17:13:12,055 [WARN] ConditionMgr:1044 - genDependencies : Invalid condition id : UX DEVICE CLASS RTOS Condition cause : null
2026-01-20 17:13:12,055 [WARN] ConditionMgr:1044 - genDependencies : Invalid condition id : UX DEVICE CLASS RTOS Condition cause : null
2026-01-20 17:13:12,055 [WARN] ConditionMgr:1044 - genDependencies : Invalid condition id : UX DEVICE CLASS RTOS Condition cause : null
2026-01-20 17:13:12,056 [WARN] ConditionMgr:1044 - genDependencies : Invalid condition id : UX DEVICE CLASS RTOS Condition cause : null
2026-01-20 17:13:12,056 [WARN] ConditionMgr:1044 - genDependencies : Invalid condition id : UX DEVICE CLASS RTOS Condition cause : null
2026-01-20 17:13:12,063 [WARN] PackLoader:240 - Cannot read IP mode file for STMicroelectronics.X-CUBE-GNSS1.7.0.1
2026-01-20 17:13:12,072 [WARN] ConditionMgr:438 - getConditionDescription Invalid condition id : Cortex-A Device cause : null
2026-01-20 17:13:12,087 [WARN] ConditionMgr:1044 - genDependencies : Invalid condition id : Cortex-A Device cause : null
2026-01-20 17:13:12,088 [WARN] ConditionMgr:1044 - genDependencies : Invalid condition id : Cortex-A Device cause : null
2026-01-20 17:13:12,088 [WARN] ConditionMgr:1044 - genDependencies : Invalid condition id : Cortex-A Device cause : null
2026-01-20 17:13:12,097 [WARN] PackLoader:240 - Cannot read IP mode file for STMicroelectronics.X-CUBE-SUBG2.5.0.0
2026-01-20 17:13:12,111 [WARN] PackLoader:240 - Cannot read IP mode file for STMicroelectronics.X-CUBE-AZRTOS-H7RS.1.1.0
2026-01-20 17:13:12,125 [WARN] PackLoader:240 - Cannot read IP mode file for STMicroelectronics.X-CUBE-AZRTOS-G4.2.0.0
2026-01-20 17:13:12,130 [WARN] PackLoader:240 - Cannot read IP mode file for wolfSSL.I-CUBE-wolfSSH.1.4.20
2026-01-20 17:13:12,138 [WARN] PackLoader:240 - Cannot read IP mode file for STMicroelectronics.X-CUBE-NFC7.2.0.0
2026-01-20 17:13:12,147 [WARN] PackLoader:240 - Cannot read IP mode file for STMicroelectronics.X-CUBE-ALS.1.0.2
2026-01-20 17:13:12,157 [WARN] PackLoader:240 - Cannot read IP mode file for STMicroelectronics.X-CUBE-STSE01.1.0.0
2026-01-20 17:13:12,166 [WARN] PackLoader:240 - Cannot read IP mode file for STMicroelectronics.X-CUBE-TOF1.3.4.3
2026-01-20 17:13:12,173 [INFO] ThirdParty:978 - Integrity check success = true
2026-01-20 17:13:12,174 [INFO] IntegrityCheckThread:100 - exiting critical section [integrity check]
2026-01-20 17:13:12,174 [INFO] IntegrityCheckThread:103 - End integrity checks thread
2026-01-20 17:56:10,078 [INFO] WebApp:403 - JxBrowser engine has been closed 
2026-01-20 17:56:12,172 [ERROR] LogOutputStream:75 - [STDERR_REDIRECT] 
