2025-12-22 11:12:47,986 [INFO] Activator:176 - 


2025-12-22 11:12:47,993 [INFO] Activator:177 - !SESSION log4j initialized
2025-12-22 11:12:55,322 [INFO] LogOutputStream:77 - [STDOUT_REDIRECT] 
2025-12-22 11:12:59,619 [INFO] ApplicationProperties:184 - Using Application install path: C:\ST\STM32CubeIDE_1.19.0\STM32CubeIDE\plugins\com.st.stm32cube.common.mx_6.15.0.202507011659
2025-12-22 11:12:59,660 [INFO] DbMcusXml:78 - Set database path to: C:\ST\STM32CubeIDE_1.19.0\STM32CubeIDE\plugins\com.st.stm32cube.common.mx_6.15.0.202507011659\\db\/mcu/
2025-12-22 11:12:59,660 [INFO] ApiDb:274 - Set plugin database path to: C:\ST\STM32CubeIDE_1.19.0\STM32CubeIDE\plugins\com.st.stm32cube.common.mx_6.15.0.202507011659\\db\/plugins/boardmanager/
2025-12-22 11:12:59,661 [WARN] ApiDb:259 - Overriding images path with different value:  => C:\ST\STM32CubeIDE_1.19.0\STM32CubeIDE\plugins\com.st.stm32cube.common.mx_6.15.0.202507011659\\db\/plugins/mcufinder/images/
2025-12-22 11:12:59,675 [INFO] ApiDb:250 - Set database path to: C:\Users\liushaw\.stmcufinder\plugins\mcufinder//mcu/
2025-12-22 11:12:59,678 [INFO] DbMcusAds:125 - Set database path to: C:\Users\liushaw\.stmcufinder\plugins\mcufinder//mcu/
2025-12-22 11:12:59,686 [INFO] CrossReferenceDbSqlite:203 - Set database path to: C:\Users\liushaw\.stmcufinder\plugins\mcufinder//mcu/cs/
2025-12-22 11:12:59,968 [INFO] RulesReader:64 - Compatibility file has been processed (317 Rules)
2025-12-22 11:13:00,190 [INFO] DbMcusXml:78 - Set database path to: C:\ST\STM32CubeIDE_1.19.0\STM32CubeIDE\plugins\com.st.stm32cube.common.mx_6.15.0.202507011659\\db\/mcu/
2025-12-22 11:13:00,191 [INFO] ApiDb:274 - Set plugin database path to: C:\ST\STM32CubeIDE_1.19.0\STM32CubeIDE\plugins\com.st.stm32cube.common.mx_6.15.0.202507011659\\db\/plugins/boardmanager/
2025-12-22 11:13:00,191 [INFO] ApiDb:261 - Set plugin images path to: C:\ST\STM32CubeIDE_1.19.0\STM32CubeIDE\plugins\com.st.stm32cube.common.mx_6.15.0.202507011659\\db\/plugins/mcufinder/images/
2025-12-22 11:13:00,191 [WARN] DbFile:41 - Overriding database path with different value: C:\Users\liushaw\.stmcufinder\plugins\mcufinder/ => C:\Users\liushaw\.stmcufinder\plugins\mcufinder
2025-12-22 11:13:00,191 [INFO] ApiDb:250 - Set database path to: C:\Users\liushaw\.stmcufinder\plugins\mcufinder//mcu/
2025-12-22 11:13:00,191 [WARN] DbFile:41 - Overriding database path with different value: C:\Users\liushaw\.stmcufinder\plugins\mcufinder/ => C:\Users\liushaw\.stmcufinder\plugins\mcufinder
2025-12-22 11:13:00,191 [INFO] DbMcusAds:125 - Set database path to: C:\Users\liushaw\.stmcufinder\plugins\mcufinder//mcu/
2025-12-22 11:13:00,191 [WARN] DbFile:41 - Overriding database path with different value: C:\Users\liushaw\.stmcufinder\plugins\mcufinder/ => C:\Users\liushaw\.stmcufinder\plugins\mcufinder
2025-12-22 11:13:00,191 [WARN] DbFile:41 - Overriding database path with different value: C:\Users\liushaw\.stmcufinder\plugins\mcufinder/ => C:\Users\liushaw\.stmcufinder\plugins\mcufinder
2025-12-22 11:13:00,191 [INFO] CrossReferenceDbSqlite:203 - Set database path to: C:\Users\liushaw\.stmcufinder\plugins\mcufinder//mcu/cs/
2025-12-22 11:13:00,270 [INFO] MainPanel:274 - HeapMemory: 308281344
2025-12-22 11:13:00,374 [INFO] DbMcusXml:78 - Set database path to: C:\ST\STM32CubeIDE_1.19.0\STM32CubeIDE\plugins\com.st.stm32cube.common.mx_6.15.0.202507011659\\db\/mcu/
2025-12-22 11:13:00,374 [INFO] ApiDb:274 - Set plugin database path to: C:\ST\STM32CubeIDE_1.19.0\STM32CubeIDE\plugins\com.st.stm32cube.common.mx_6.15.0.202507011659\\db\/plugins/boardmanager/
2025-12-22 11:13:00,374 [INFO] ApiDb:261 - Set plugin images path to: C:\ST\STM32CubeIDE_1.19.0\STM32CubeIDE\plugins\com.st.stm32cube.common.mx_6.15.0.202507011659\\db\/plugins/mcufinder/images/
2025-12-22 11:13:00,374 [WARN] DbFile:41 - Overriding database path with different value: C:\Users\liushaw\.stmcufinder\plugins\mcufinder/ => C:\Users\liushaw\.stmcufinder\plugins\mcufinder
2025-12-22 11:13:00,374 [INFO] ApiDb:250 - Set database path to: C:\Users\liushaw\.stmcufinder\plugins\mcufinder//mcu/
2025-12-22 11:13:00,375 [WARN] DbFile:41 - Overriding database path with different value: C:\Users\liushaw\.stmcufinder\plugins\mcufinder/ => C:\Users\liushaw\.stmcufinder\plugins\mcufinder
2025-12-22 11:13:00,375 [INFO] DbMcusAds:125 - Set database path to: C:\Users\liushaw\.stmcufinder\plugins\mcufinder//mcu/
2025-12-22 11:13:00,375 [WARN] DbFile:41 - Overriding database path with different value: C:\Users\liushaw\.stmcufinder\plugins\mcufinder/ => C:\Users\liushaw\.stmcufinder\plugins\mcufinder
2025-12-22 11:13:00,375 [WARN] DbFile:41 - Overriding database path with different value: C:\Users\liushaw\.stmcufinder\plugins\mcufinder/ => C:\Users\liushaw\.stmcufinder\plugins\mcufinder
2025-12-22 11:13:00,375 [INFO] CrossReferenceDbSqlite:203 - Set database path to: C:\Users\liushaw\.stmcufinder\plugins\mcufinder//mcu/cs/
2025-12-22 11:13:00,391 [INFO] ApplicationProperties:184 - Using Application install path: C:\ST\STM32CubeIDE_1.19.0\STM32CubeIDE\plugins\com.st.stm32cube.common.mx_6.15.0.202507011659
2025-12-22 11:13:00,393 [INFO] PluginManage:196 - Search for loadable plugins [exclusion list=, ]
2025-12-22 11:13:00,394 [INFO] PluginManage:310 - Check plugin analytics
2025-12-22 11:13:00,682 [INFO] AnalyticsPlugin:253 - Accepted Software Licenses: STM32CubeMX.6.15.0
2025-12-22 11:13:00,683 [INFO] AnalyticsPlugin:255 - Accepted CMSIS Pack Licenses: 
2025-12-22 11:13:00,683 [INFO] AnalyticsPlugin:257 - Accepted Firmware Licenses: FW.F4.1.28.0
2025-12-22 11:13:00,692 [INFO] PluginManage:359 - Loaded plugin analytics (category:tool,tabindex:-1)
2025-12-22 11:13:00,693 [INFO] PluginManage:310 - Check plugin cadmodel
2025-12-22 11:13:00,704 [INFO] CADModel:105 - Init CAD model plugin
2025-12-22 11:13:00,705 [INFO] PluginManage:359 - Loaded plugin cadmodel (category:power,tabindex:5)
2025-12-22 11:13:00,705 [INFO] PluginManage:310 - Check plugin clock
2025-12-22 11:13:00,724 [INFO] PluginManage:359 - Loaded plugin clock (category:base,tabindex:2)
2025-12-22 11:13:00,724 [INFO] PluginManage:310 - Check plugin ddr
2025-12-22 11:13:00,731 [INFO] PluginManage:359 - Loaded plugin ddr (category:tool,tabindex:6)
2025-12-22 11:13:00,732 [INFO] PluginManage:310 - Check plugin filemanager
2025-12-22 11:13:00,875 [INFO] PluginManage:359 - Loaded plugin filemanager (category:base,tabindex:10)
2025-12-22 11:13:00,876 [INFO] PluginManage:310 - Check plugin ipmanager
2025-12-22 11:13:00,883 [INFO] PluginManage:359 - Loaded plugin ipmanager (category:base,tabindex:5)
2025-12-22 11:13:00,884 [INFO] PluginManage:310 - Check plugin lpbam
2025-12-22 11:13:00,894 [INFO] PluginManage:359 - Loaded plugin lpbam (category:base,tabindex:0)
2025-12-22 11:13:00,894 [INFO] PluginManage:310 - Check plugin memorymap
2025-12-22 11:13:00,908 [INFO] PluginManage:359 - Loaded plugin memorymap (category:base,tabindex:4)
2025-12-22 11:13:00,909 [INFO] PluginManage:310 - Check plugin pinoutandconfiguration
2025-12-22 11:13:00,917 [INFO] PluginManage:359 - Loaded plugin pinoutandconfiguration (category:base,tabindex:1)
2025-12-22 11:13:00,917 [INFO] PluginManage:310 - Check plugin pinoutconfig
2025-12-22 11:13:00,997 [WARN] SupportedApi:132 - Cannot load RTOS API schema: s4s-elt-must-match.1: The content of 'definitions' must match (annotation?, (simpleType | complexType)?, (unique | key | keyref)*)). A problem was found starting at: attribute.
2025-12-22 11:13:01,151 [INFO] PluginManage:359 - Loaded plugin pinoutconfig (category:base,tabindex:0)
2025-12-22 11:13:01,151 [INFO] PluginManage:310 - Check plugin power
2025-12-22 11:13:01,162 [INFO] PluginManage:359 - Loaded plugin power (category:power,tabindex:4)
2025-12-22 11:13:01,162 [INFO] PluginManage:310 - Check plugin projectmanager
2025-12-22 11:13:01,182 [INFO] PluginManage:359 - Loaded plugin projectmanager (category:projectmanager,tabindex:4)
2025-12-22 11:13:01,183 [INFO] PluginManage:310 - Check plugin rif
2025-12-22 11:13:01,192 [INFO] PluginManage:359 - Loaded plugin rif (category:base,tabindex:3)
2025-12-22 11:13:01,192 [INFO] PluginManage:310 - Check plugin thirdparty
2025-12-22 11:13:01,365 [INFO] PluginManage:359 - Loaded plugin thirdparty (category:base,tabindex:-1)
2025-12-22 11:13:01,365 [INFO] PluginManage:310 - Check plugin tools
2025-12-22 11:13:01,365 [WARN] IntegrityCheckThread:84 - waiting for thirdparty lock release [integrity check]
2025-12-22 11:13:01,365 [INFO] IntegrityCheckThread:86 - entering critical section [integrity check]
2025-12-22 11:13:01,366 [INFO] ThirdPartyUpdaterWithRetryManager:70 - Updater plugin not ready yet. [1/15]
2025-12-22 11:13:01,368 [INFO] PluginManage:359 - Loaded plugin tools (category:base,tabindex:7)
2025-12-22 11:13:01,369 [INFO] PluginManage:310 - Check plugin tutovideos
2025-12-22 11:13:01,595 [INFO] PluginManage:359 - Loaded plugin tutovideos (category:base,tabindex:-1)
2025-12-22 11:13:01,595 [INFO] PluginManage:310 - Check plugin updater
2025-12-22 11:13:01,618 [INFO] PluginManage:359 - Loaded plugin updater (category:base,tabindex:12)
2025-12-22 11:13:01,618 [INFO] PluginManage:310 - Check plugin userauth
2025-12-22 11:13:01,623 [INFO] UserAuth:118 - Init User Auth plugin
2025-12-22 11:13:01,625 [INFO] PluginManage:359 - Loaded plugin userauth (category:base,tabindex:14)
2025-12-22 11:13:01,626 [INFO] PluginManage:283 - PluginManage : Loaded plugins [18]
2025-12-22 11:13:01,846 [INFO] PinOutPanel:1589 - setPackage(No Configuration,No Configuration)
2025-12-22 11:13:01,928 [INFO] CADModel:165 - CPN selected for project level
2025-12-22 11:13:01,929 [INFO] CADModel:114 - Register for checkConnection events
2025-12-22 11:13:01,946 [INFO] IPUIPlugin:80 - create IPUIPlugin
2025-12-22 11:13:01,946 [INFO] PluginManager:220 - loadIPPluginJar : add adc
2025-12-22 11:13:01,949 [INFO] IPUIPlugin:80 - create IPUIPlugin
2025-12-22 11:13:01,949 [INFO] PluginManager:220 - loadIPPluginJar : add aes
2025-12-22 11:13:01,952 [INFO] IPUIPlugin:80 - create IPUIPlugin
2025-12-22 11:13:01,952 [INFO] PluginManager:220 - loadIPPluginJar : add can
2025-12-22 11:13:01,954 [INFO] IPUIPlugin:80 - create IPUIPlugin
2025-12-22 11:13:01,954 [INFO] PluginManager:220 - loadIPPluginJar : add comp
2025-12-22 11:13:01,956 [INFO] IPUIPlugin:80 - create IPUIPlugin
2025-12-22 11:13:01,956 [INFO] PluginManager:220 - loadIPPluginJar : add cryp
2025-12-22 11:13:01,960 [INFO] IPUIPlugin:80 - create IPUIPlugin
2025-12-22 11:13:01,960 [INFO] PluginManager:220 - loadIPPluginJar : add ddr_ctrl_phy
2025-12-22 11:13:01,962 [INFO] IPUIPlugin:80 - create IPUIPlugin
2025-12-22 11:13:01,962 [INFO] PluginManager:220 - loadIPPluginJar : add dfsdm
2025-12-22 11:13:01,968 [INFO] IPUIPlugin:80 - create IPUIPlugin
2025-12-22 11:13:01,968 [INFO] PluginManager:220 - loadIPPluginJar : add dma
2025-12-22 11:13:01,972 [INFO] IPUIPlugin:80 - create IPUIPlugin
2025-12-22 11:13:01,972 [INFO] PluginManager:220 - loadIPPluginJar : add dma3
2025-12-22 11:13:01,975 [INFO] IPUIPlugin:80 - create IPUIPlugin
2025-12-22 11:13:01,975 [INFO] PluginManager:220 - loadIPPluginJar : add extmemmanager
2025-12-22 11:13:01,976 [INFO] IPUIPlugin:80 - create IPUIPlugin
2025-12-22 11:13:01,976 [INFO] PluginManager:220 - loadIPPluginJar : add fatfs
2025-12-22 11:13:01,980 [INFO] IPUIPlugin:80 - create IPUIPlugin
2025-12-22 11:13:01,981 [INFO] PluginManager:220 - loadIPPluginJar : add fmc
2025-12-22 11:13:01,988 [INFO] IPUIPlugin:80 - create IPUIPlugin
2025-12-22 11:13:01,989 [INFO] PluginManager:220 - loadIPPluginJar : add freertos
2025-12-22 11:13:01,990 [INFO] IPUIPlugin:80 - create IPUIPlugin
2025-12-22 11:13:01,990 [INFO] PluginManager:220 - loadIPPluginJar : add genericplugin
2025-12-22 11:13:01,992 [INFO] IPUIPlugin:80 - create IPUIPlugin
2025-12-22 11:13:01,992 [INFO] PluginManager:220 - loadIPPluginJar : add gfxmmu
2025-12-22 11:13:01,996 [INFO] IPUIPlugin:80 - create IPUIPlugin
2025-12-22 11:13:01,997 [INFO] PluginManager:220 - loadIPPluginJar : add gic
2025-12-22 11:13:02,001 [INFO] IPUIPlugin:80 - create IPUIPlugin
2025-12-22 11:13:02,001 [INFO] PluginManager:220 - loadIPPluginJar : add gpio
2025-12-22 11:13:02,004 [INFO] IPUIPlugin:80 - create IPUIPlugin
2025-12-22 11:13:02,004 [INFO] PluginManager:220 - loadIPPluginJar : add gtzc
2025-12-22 11:13:02,006 [INFO] IPUIPlugin:80 - create IPUIPlugin
2025-12-22 11:13:02,006 [INFO] PluginManager:220 - loadIPPluginJar : add hash
2025-12-22 11:13:02,008 [INFO] IPUIPlugin:80 - create IPUIPlugin
2025-12-22 11:13:02,008 [INFO] PluginManager:220 - loadIPPluginJar : add i2c
2025-12-22 11:13:02,010 [INFO] IPUIPlugin:80 - create IPUIPlugin
2025-12-22 11:13:02,010 [INFO] PluginManager:220 - loadIPPluginJar : add i2s
2025-12-22 11:13:02,012 [INFO] IPUIPlugin:80 - create IPUIPlugin
2025-12-22 11:13:02,012 [INFO] PluginManager:220 - loadIPPluginJar : add i3c
2025-12-22 11:13:02,016 [INFO] IPUIPlugin:80 - create IPUIPlugin
2025-12-22 11:13:02,016 [INFO] PluginManager:220 - loadIPPluginJar : add ipddr
2025-12-22 11:13:02,022 [INFO] IPUIPlugin:80 - create IPUIPlugin
2025-12-22 11:13:02,022 [INFO] PluginManager:220 - loadIPPluginJar : add linkedlist
2025-12-22 11:13:02,026 [INFO] IPUIPlugin:80 - create IPUIPlugin
2025-12-22 11:13:02,026 [INFO] PluginManager:220 - loadIPPluginJar : add lorawan
2025-12-22 11:13:02,027 [INFO] IPUIPlugin:80 - create IPUIPlugin
2025-12-22 11:13:02,027 [INFO] PluginManager:220 - loadIPPluginJar : add ltdc
2025-12-22 11:13:02,033 [INFO] IPUIPlugin:80 - create IPUIPlugin
2025-12-22 11:13:02,033 [INFO] PluginManager:220 - loadIPPluginJar : add mdma
2025-12-22 11:13:02,037 [INFO] IPUIPlugin:80 - create IPUIPlugin
2025-12-22 11:13:02,037 [INFO] PluginManager:220 - loadIPPluginJar : add nvic
2025-12-22 11:13:02,040 [INFO] IPUIPlugin:80 - create IPUIPlugin
2025-12-22 11:13:02,040 [INFO] PluginManager:220 - loadIPPluginJar : add opamp
2025-12-22 11:13:02,042 [INFO] IPUIPlugin:80 - create IPUIPlugin
2025-12-22 11:13:02,042 [INFO] PluginManager:220 - loadIPPluginJar : add openamp
2025-12-22 11:13:02,045 [INFO] IPUIPlugin:80 - create IPUIPlugin
2025-12-22 11:13:02,045 [INFO] PluginManager:220 - loadIPPluginJar : add pdm2pcm
2025-12-22 11:13:02,052 [INFO] IPUIPlugin:80 - create IPUIPlugin
2025-12-22 11:13:02,055 [INFO] PluginManager:220 - loadIPPluginJar : add plateformsettings
2025-12-22 11:13:02,057 [INFO] IPUIPlugin:80 - create IPUIPlugin
2025-12-22 11:13:02,057 [INFO] PluginManager:220 - loadIPPluginJar : add quadspi
2025-12-22 11:13:02,059 [INFO] IPUIPlugin:80 - create IPUIPlugin
2025-12-22 11:13:02,060 [INFO] PluginManager:220 - loadIPPluginJar : add radio
2025-12-22 11:13:02,064 [INFO] IPUIPlugin:80 - create IPUIPlugin
2025-12-22 11:13:02,065 [INFO] PluginManager:220 - loadIPPluginJar : add resmgrutility
2025-12-22 11:13:02,068 [INFO] IPUIPlugin:80 - create IPUIPlugin
2025-12-22 11:13:02,068 [INFO] PluginManager:220 - loadIPPluginJar : add sai
2025-12-22 11:13:02,070 [INFO] IPUIPlugin:80 - create IPUIPlugin
2025-12-22 11:13:02,071 [INFO] PluginManager:220 - loadIPPluginJar : add spi
2025-12-22 11:13:02,076 [INFO] IPUIPlugin:80 - create IPUIPlugin
2025-12-22 11:13:02,076 [INFO] PluginManager:220 - loadIPPluginJar : add stm32_wpan
2025-12-22 11:13:02,078 [INFO] IPUIPlugin:80 - create IPUIPlugin
2025-12-22 11:13:02,078 [INFO] PluginManager:220 - loadIPPluginJar : add tim
2025-12-22 11:13:02,081 [INFO] IPUIPlugin:80 - create IPUIPlugin
2025-12-22 11:13:02,081 [INFO] PluginManager:220 - loadIPPluginJar : add touchsensing
2025-12-22 11:13:02,083 [INFO] IPUIPlugin:80 - create IPUIPlugin
2025-12-22 11:13:02,083 [INFO] PluginManager:220 - loadIPPluginJar : add tracer_emb
2025-12-22 11:13:02,086 [INFO] IPUIPlugin:80 - create IPUIPlugin
2025-12-22 11:13:02,086 [INFO] PluginManager:220 - loadIPPluginJar : add ts
2025-12-22 11:13:02,087 [INFO] IPUIPlugin:80 - create IPUIPlugin
2025-12-22 11:13:02,088 [INFO] PluginManager:220 - loadIPPluginJar : add tsc
2025-12-22 11:13:02,089 [INFO] IPUIPlugin:80 - create IPUIPlugin
2025-12-22 11:13:02,089 [INFO] PluginManager:220 - loadIPPluginJar : add ucpd
2025-12-22 11:13:02,091 [INFO] IPUIPlugin:80 - create IPUIPlugin
2025-12-22 11:13:02,091 [INFO] PluginManager:220 - loadIPPluginJar : add usart
2025-12-22 11:13:02,094 [INFO] IPUIPlugin:80 - create IPUIPlugin
2025-12-22 11:13:02,094 [INFO] PluginManager:220 - loadIPPluginJar : add usbx
2025-12-22 11:13:02,223 [FATAL] Updater:351 - Updater called before beeing initialized
2025-12-22 11:13:02,253 [INFO] RulesReader:64 - Compatibility file has been processed (317 Rules)
2025-12-22 11:13:02,261 [INFO] RulesReader:64 - Compatibility file has been processed (317 Rules)
2025-12-22 11:13:02,277 [INFO] CADModel:165 - CPN selected for project level
2025-12-22 11:13:02,277 [INFO] CADModel:114 - Register for checkConnection events
2025-12-22 11:13:02,278 [FATAL] Updater:351 - Updater called before beeing initialized
2025-12-22 11:13:02,278 [ERROR] CADModel:125 - Updater not yet initialized, retry later 
2025-12-22 11:13:02,475 [FATAL] Updater:351 - Updater called before beeing initialized
2025-12-22 11:13:02,478 [INFO] CADModel:165 - CPN selected for project level
2025-12-22 11:13:02,479 [INFO] CADModel:114 - Register for checkConnection events
2025-12-22 11:13:02,479 [FATAL] Updater:351 - Updater called before beeing initialized
2025-12-22 11:13:02,479 [ERROR] CADModel:125 - Updater not yet initialized, retry later 
2025-12-22 11:13:02,494 [FATAL] Updater:351 - Updater called before beeing initialized
2025-12-22 11:13:02,627 [FATAL] Updater:351 - Updater called before beeing initialized
2025-12-22 11:13:02,636 [INFO] DbMcusAds:53 - JSON generation date=Tue Dec 16 07:11:46 CST 2025 (1765840306612)
2025-12-22 11:13:02,636 [FATAL] Updater:351 - Updater called before beeing initialized
2025-12-22 11:13:02,670 [WARN] DetailPanel:346 - Failed to get advertising image, set to default
2025-12-22 11:13:02,746 [FATAL] Updater:351 - Updater called before beeing initialized
2025-12-22 11:13:02,747 [FATAL] Updater:351 - Updater called before beeing initialized
2025-12-22 11:13:02,748 [FATAL] Updater:351 - Updater called before beeing initialized
2025-12-22 11:13:02,748 [WARN] DetailPanel:346 - Failed to get advertising image, set to default
2025-12-22 11:13:02,749 [FATAL] Updater:351 - Updater called before beeing initialized
2025-12-22 11:13:02,795 [ERROR] Updater:1198 - MainUpdater not yet initialized. External WinMGr cannot be set.
2025-12-22 11:13:02,798 [INFO] Updater:1134 - Updater Version found : 6.15.0
2025-12-22 11:13:02,816 [INFO] ApplicationProperties:184 - Using Application install path: C:\ST\STM32CubeIDE_1.19.0\STM32CubeIDE\plugins\com.st.stm32cube.common.mx_6.15.0.202507011659
2025-12-22 11:13:04,367 [INFO] ThirdPartyUpdaterWithRetryManager:70 - Updater plugin not ready yet. [2/15]
2025-12-22 11:13:04,388 [ERROR] LogOutputStream:75 - [STDERR_REDIRECT] Dec 22, 2025 11:13:04 AM java.util.prefs.WindowsPreferences <init>
2025-12-22 11:13:04,390 [ERROR] LogOutputStream:75 - [STDERR_REDIRECT] WARNING: Could not open/create prefs root node Software\JavaSoft\Prefs at root 0xffffffff80000002. Windows RegCreateKeyEx(...) returned error code 5.
2025-12-22 11:13:04,390 [ERROR] LogOutputStream:75 - [STDERR_REDIRECT] 
2025-12-22 11:13:04,771 [INFO] MainUpdater:2872 - connection check result : 10
2025-12-22 11:13:04,771 [INFO] MainUpdater:3604 - Updater definition file requires update
2025-12-22 11:13:04,772 [INFO] MainUpdater:289 - Updater Check For Update Now.
2025-12-22 11:13:04,772 [INFO] MicroXplorer:498 - Change Database Version : DB.6.0.150
2025-12-22 11:13:04,792 [INFO] ServerAccessManage:452 - Complete download http(s) 200
2025-12-22 11:13:04,793 [INFO] ServerAccessManage:509 - Download File updaters.zip
2025-12-22 11:13:04,844 [INFO] McuFinderGlobals:63 - Set McuFinder mode to 2 (CubeIDE integrated)
2025-12-22 11:13:04,845 [INFO] UserAuth:487 - Internet connection configuration mode: 1
2025-12-22 11:13:04,861 [INFO] JxBrowserEngine:152 - Initiate JxBrowser Engine with user profile folder
2025-12-22 11:13:05,840 [INFO] WebApp:169 - Instantiating new browser for Auth
2025-12-22 11:13:06,656 [INFO] WebApp:463 - Apply proxy settings
2025-12-22 11:13:06,656 [INFO] WebApp:548 - Chromium requires no authentication
2025-12-22 11:13:06,671 [INFO] WebApp:491 - Direct internet connection detected
2025-12-22 11:13:06,702 [INFO] WebApp:900 - Register for checkConnection events
2025-12-22 11:13:06,702 [INFO] WebApp:463 - Apply proxy settings
2025-12-22 11:13:06,702 [INFO] WebApp:548 - Chromium requires no authentication
2025-12-22 11:13:06,703 [INFO] WebApp:491 - Direct internet connection detected
2025-12-22 11:13:06,864 [INFO] WebApp:191 - Connection restablished
2025-12-22 11:13:06,906 [INFO] WebApp:225 - Starting web application
2025-12-22 11:13:06,906 [INFO] WebApp:593 - Web application path used C:\ST\STM32CubeIDE_1.19.0\STM32CubeIDE\plugins\com.st.stm32cube.common.mx_6.15.0.202507011659\db\plugins\mcufinder\reactClient1\index.html
2025-12-22 11:13:06,996 [INFO] UserAuth:487 - Internet connection configuration mode: 1
2025-12-22 11:13:07,153 [INFO] FileExtend:248 - Unzip File : updaters.zip
2025-12-22 11:13:07,153 [INFO] FileExtend:263 - Standard Zip Deflate
2025-12-22 11:13:07,368 [WARN] MainUpdater:1193 - Updater busy. Cannot search thirdparties
2025-12-22 11:13:07,368 [INFO] ThirdPartyUpdaterWithRetryManager:96 - Updater plugin is busy. [1/15]
2025-12-22 11:13:07,866 [INFO] ServerAccessManage:452 - Complete download http(s) 200
2025-12-22 11:13:07,867 [INFO] ServerAccessManage:509 - Download File PacksControlFlags.xml
2025-12-22 11:13:08,013 [INFO] ServerAccessManage:452 - Complete download http(s) 200
2025-12-22 11:13:08,013 [INFO] ServerAccessManage:509 - Download File cubemx.pidx
2025-12-22 11:13:08,131 [INFO] LoadServerUpdatesThread:375 - End of LoadServerUpdate Thread
2025-12-22 11:13:08,301 [INFO] CheckServerUpdateThread:120 - End of CheckServer Thread
2025-12-22 11:13:10,571 [WARN] PackLoader:240 - Cannot read IP mode file for STMicroelectronics.FP-SNS-MOTENVWB1.1.4.0
2025-12-22 11:13:10,579 [WARN] PackLoader:240 - Cannot read IP mode file for STMicroelectronics.FP-ATR-ASTRA1.2.0.2
2025-12-22 11:13:10,586 [WARN] PackLoader:240 - Cannot read IP mode file for STMicroelectronics.X-CUBE-SMBUS.2.1.0
2025-12-22 11:13:10,612 [WARN] PackLoader:240 - Cannot read IP mode file for STMicroelectronics.X-CUBE-AZRTOS-F7.1.1.0
2025-12-22 11:13:10,619 [WARN] PackLoader:240 - Cannot read IP mode file for Cesanta.I-CUBE-Mongoose.7.19.0
2025-12-22 11:13:10,624 [WARN] PackLoader:240 - Cannot read IP mode file for STMicroelectronics.FP-SNS-MOTENV1.5.1.0
2025-12-22 11:13:10,636 [WARN] PackLoader:240 - Cannot read IP mode file for WES.I-CUBE-Cesium.1.4.0
2025-12-22 11:13:10,656 [WARN] PackLoader:240 - Cannot read IP mode file for Infineon.AIROC-Wi-Fi-Bluetooth-STM32.1.7.1
2025-12-22 11:13:10,678 [WARN] PackLoader:240 - Cannot read IP mode file for STMicroelectronics.X-CUBE-AZRTOS-H7.3.4.0
2025-12-22 11:13:10,689 [WARN] PackLoader:240 - Cannot read IP mode file for STMicroelectronics.X-CUBE-DISPLAY.3.0.0
2025-12-22 11:13:10,702 [WARN] PackLoader:240 - Cannot read IP mode file for STMicroelectronics.X-CUBE-NFC10.1.0.0
2025-12-22 11:13:10,709 [WARN] PackLoader:240 - Cannot read IP mode file for STMicroelectronics.X-CUBE-ST60.1.1.0
2025-12-22 11:13:10,716 [WARN] PackLoader:240 - Cannot read IP mode file for emotas.I-CUBE-CANOPEN.1.3.0
2025-12-22 11:13:10,722 [WARN] PackLoader:240 - Cannot read IP mode file for STMicroelectronics.X-CUBE-GNSS1.7.1.0
2025-12-22 11:13:10,728 [WARN] PackLoader:240 - Cannot read IP mode file for STMicroelectronics.FP-SNS-STBOX1.2.1.0
2025-12-22 11:13:10,735 [WARN] PackLoader:240 - Cannot read IP mode file for STMicroelectronics.FP-SNS-SMARTAG2.1.2.0
2025-12-22 11:13:10,739 [WARN] PackLoader:240 - Cannot read IP mode file for STMicroelectronics.FP-SNS-FLIGHT1.5.1.0
2025-12-22 11:13:10,747 [INFO] LogOutputStream:77 - [STDOUT_REDIRECT] 1 : Invalid condition id : UX_CORESTACK_Condition cause : null
2025-12-22 11:13:10,748 [INFO] LogOutputStream:77 - [STDOUT_REDIRECT] 1 : Invalid condition id : UX_CORESTACK_Condition cause : null
2025-12-22 11:13:10,749 [INFO] LogOutputStream:77 - [STDOUT_REDIRECT] 1 : Invalid condition id : UX_CORESTACK_Condition cause : null
2025-12-22 11:13:10,751 [INFO] LogOutputStream:77 - [STDOUT_REDIRECT] 1 : Invalid condition id : UX_CORESTACK_Condition cause : null
2025-12-22 11:13:10,752 [INFO] LogOutputStream:77 - [STDOUT_REDIRECT] 1 : Invalid condition id : UX_CORESTACK_Condition cause : null
2025-12-22 11:13:10,755 [WARN] PackLoader:240 - Cannot read IP mode file for STMicroelectronics.X-CUBE-AZRTOS-WL.2.0.0
2025-12-22 11:13:10,771 [WARN] PackLoader:240 - Cannot read IP mode file for STMicroelectronics.X-CUBE-AZRTOS-H7RS.1.2.0
2025-12-22 11:13:10,779 [WARN] PackLoader:240 - Cannot read IP mode file for STMicroelectronics.X-CUBE-BLE2.3.3.0
2025-12-22 11:13:10,804 [WARN] PackLoader:240 - Cannot read IP mode file for STMicroelectronics.X-CUBE-NFC9.1.0.0
2025-12-22 11:13:10,811 [WARN] PackLoader:240 - Cannot read IP mode file for wolfSSL.I-CUBE-wolfSSL.5.8.2
2025-12-22 11:13:10,815 [WARN] PackLoader:240 - Cannot read IP mode file for STMicroelectronics.X-CUBE-BLE1.7.1.0
2025-12-22 11:13:10,820 [WARN] PackLoader:240 - Cannot read IP mode file for wolfSSL.I-CUBE-wolfMQTT.1.19.2
2025-12-22 11:13:10,826 [WARN] PackLoader:240 - Cannot read IP mode file for STMicroelectronics.X-CUBE-FREERTOS.1.4.0
2025-12-22 11:13:10,832 [WARN] PackLoader:240 - Cannot read IP mode file for STMicroelectronics.X-CUBE-EEPRMA1.5.2.0
2025-12-22 11:13:10,840 [WARN] PackLoader:240 - Cannot read IP mode file for STMicroelectronics.X-CUBE-ST67W61.1.1.0
2025-12-22 11:13:10,872 [WARN] PackLoader:240 - Cannot read IP mode file for STMicroelectronics.X-CUBE-MEMS1.12.0.0
2025-12-22 11:13:10,938 [WARN] PackLoader:240 - Cannot read IP mode file for STMicroelectronics.X-CUBE-AZRTOS-G0.1.1.0
2025-12-22 11:13:10,944 [WARN] PackLoader:240 - Cannot read IP mode file for STMicroelectronics.X-CUBE-SAFEA1.1.2.2
2025-12-22 11:13:10,950 [WARN] PackLoader:240 - Cannot read IP mode file for STMicroelectronics.X-CUBE-NFC4.3.0.0
2025-12-22 11:13:10,956 [WARN] PackLoader:240 - Cannot read IP mode file for STMicroelectronics.X-CUBE-WB05N.2.0.0
2025-12-22 11:13:10,960 [WARN] PackLoader:240 - Cannot read IP mode file for wolfSSL.I-CUBE-wolfTPM.3.8.0
2025-12-22 11:13:10,964 [WARN] PackLoader:240 - Cannot read IP mode file for STMicroelectronics.X-CUBE-TCPP.4.2.0
2025-12-22 11:13:10,971 [WARN] PackLoader:240 - Cannot read IP mode file for RealThread.X-CUBE-RT-Thread_Nano.4.1.1
2025-12-22 11:13:10,975 [WARN] PackLoader:240 - Cannot read IP mode file for STMicroelectronics.FP-ATR-SIGFOX1.3.2.0
2025-12-22 11:13:10,979 [WARN] PackLoader:240 - Cannot read IP mode file for ITTIA_DB.I-CUBE-ITTIADB.8.9.0
2025-12-22 11:13:10,984 [WARN] PackLoader:240 - Cannot read IP mode file for STMicroelectronics.X-CUBE-AI.10.2.0
2025-12-22 11:13:11,007 [WARN] PackLoader:240 - Cannot read IP mode file for SEGGER.I-CUBE-embOS.1.3.1
2025-12-22 11:13:11,063 [WARN] PackLoader:240 - Cannot read IP mode file for STMicroelectronics.X-CUBE-ALGOBUILD.1.4.0
2025-12-22 11:13:11,094 [WARN] PackLoader:240 - Cannot read IP mode file for STMicroelectronics.X-CUBE-MEMS1.11.3.0
2025-12-22 11:13:11,173 [WARN] PackLoader:240 - Cannot read IP mode file for STMicroelectronics.X-CUBE-PM33A1.1.0.0
2025-12-22 11:13:11,184 [WARN] PackLoader:240 - Cannot read IP mode file for STMicroelectronics.X-CUBE-AZRTOS-F4.1.1.0
2025-12-22 11:13:11,190 [WARN] PackLoader:240 - Cannot read IP mode file for STMicroelectronics.X-CUBE-ISPU.2.1.0
2025-12-22 11:13:11,202 [WARN] PackLoader:240 - Cannot read IP mode file for STMicroelectronics.X-CUBE-IPS.3.2.0
2025-12-22 11:13:11,211 [WARN] PackLoader:240 - Cannot read IP mode file for STMicroelectronics.X-CUBE-NFC12.1.0.0
2025-12-22 11:13:11,224 [WARN] PackLoader:240 - Cannot read IP mode file for STMicroelectronics.X-CUBE-AZRTOS-L5.2.0.0
2025-12-22 11:13:11,232 [WARN] PackLoader:240 - Cannot read IP mode file for STMicroelectronics.X-CUBE-NFC6.3.1.0
2025-12-22 11:13:11,238 [WARN] PackLoader:240 - Cannot read IP mode file for STMicroelectronics.X-CUBE-FREERTOS.1.3.1
2025-12-22 11:13:11,245 [WARN] PackLoader:240 - Cannot read IP mode file for STMicroelectronics.X-CUBE-TOUCHGFX.4.26.0
2025-12-22 11:13:11,250 [WARN] PackLoader:240 - Cannot read IP mode file for STMicroelectronics.FP-SNS-STAIOTCFT.1.0.0
2025-12-22 11:13:11,255 [WARN] PackLoader:240 - Cannot read IP mode file for STMicroelectronics.X-CUBE-DPower.1.3.0
2025-12-22 11:13:11,266 [WARN] ConditionMgr:438 - getConditionDescription Invalid condition id : LAN8742 Phy interface Condition cause : null
2025-12-22 11:13:11,267 [WARN] PackLoader:240 - Cannot read IP mode file for STMicroelectronics.X-CUBE-AZRTOS-L4.2.0.0
2025-12-22 11:13:11,268 [WARN] ConditionMgr:1044 - genDependencies : Invalid condition id : LAN8742 Phy interface Condition cause : null
2025-12-22 11:13:11,268 [WARN] ConditionMgr:1044 - genDependencies : Invalid condition id : LAN8742 Phy interface Condition cause : null
2025-12-22 11:13:11,268 [WARN] ConditionMgr:1044 - genDependencies : Invalid condition id : LAN8742 Phy interface Condition cause : null
2025-12-22 11:13:11,275 [WARN] PackLoader:240 - Cannot read IP mode file for STMicroelectronics.X-CUBE-SFXS2LP1.4.0.0
2025-12-22 11:13:11,284 [WARN] PackLoader:240 - Cannot read IP mode file for STMicroelectronics.X-CUBE-BLEMGR.4.1.0
2025-12-22 11:13:11,294 [WARN] ConditionMgr:438 - getConditionDescription Invalid condition id : UX DEVICE CLASS RTOS Condition cause : null
2025-12-22 11:13:11,294 [WARN] ConditionMgr:438 - getConditionDescription Invalid condition id : UX DEVICE CLASS RTOS Condition cause : null
2025-12-22 11:13:11,296 [WARN] PackLoader:240 - Cannot read IP mode file for STMicroelectronics.X-CUBE-AZRTOS-WB.2.0.0
2025-12-22 11:13:11,297 [WARN] ConditionMgr:1044 - genDependencies : Invalid condition id : UX DEVICE CLASS RTOS Condition cause : null
2025-12-22 11:13:11,297 [WARN] ConditionMgr:1044 - genDependencies : Invalid condition id : UX DEVICE CLASS RTOS Condition cause : null
2025-12-22 11:13:11,297 [WARN] ConditionMgr:1044 - genDependencies : Invalid condition id : UX DEVICE CLASS RTOS Condition cause : null
2025-12-22 11:13:11,297 [WARN] ConditionMgr:1044 - genDependencies : Invalid condition id : UX DEVICE CLASS RTOS Condition cause : null
2025-12-22 11:13:11,297 [WARN] ConditionMgr:1044 - genDependencies : Invalid condition id : UX DEVICE CLASS RTOS Condition cause : null
2025-12-22 11:13:11,303 [WARN] PackLoader:240 - Cannot read IP mode file for STMicroelectronics.X-CUBE-GNSS1.7.0.1
2025-12-22 11:13:11,308 [WARN] ConditionMgr:438 - getConditionDescription Invalid condition id : Cortex-A Device cause : null
2025-12-22 11:13:11,317 [WARN] ConditionMgr:1044 - genDependencies : Invalid condition id : Cortex-A Device cause : null
2025-12-22 11:13:11,317 [WARN] ConditionMgr:1044 - genDependencies : Invalid condition id : Cortex-A Device cause : null
2025-12-22 11:13:11,318 [WARN] ConditionMgr:1044 - genDependencies : Invalid condition id : Cortex-A Device cause : null
2025-12-22 11:13:11,326 [WARN] PackLoader:240 - Cannot read IP mode file for STMicroelectronics.X-CUBE-SUBG2.5.0.0
2025-12-22 11:13:11,343 [WARN] PackLoader:240 - Cannot read IP mode file for STMicroelectronics.X-CUBE-AZRTOS-H7RS.1.1.0
2025-12-22 11:13:11,357 [WARN] PackLoader:240 - Cannot read IP mode file for STMicroelectronics.X-CUBE-AZRTOS-G4.2.0.0
2025-12-22 11:13:11,363 [WARN] PackLoader:240 - Cannot read IP mode file for wolfSSL.I-CUBE-wolfSSH.1.4.20
2025-12-22 11:13:11,368 [WARN] PackLoader:240 - Cannot read IP mode file for STMicroelectronics.X-CUBE-NFC7.2.0.0
2025-12-22 11:13:11,373 [WARN] PackLoader:240 - Cannot read IP mode file for STMicroelectronics.X-CUBE-ALS.1.0.2
2025-12-22 11:13:11,379 [WARN] PackLoader:240 - Cannot read IP mode file for STMicroelectronics.X-CUBE-STSE01.1.0.0
2025-12-22 11:13:11,396 [WARN] PackLoader:240 - Cannot read IP mode file for STMicroelectronics.X-CUBE-TOF1.3.4.3
2025-12-22 11:13:11,410 [INFO] ThirdParty:978 - Integrity check success = true
2025-12-22 11:13:11,411 [INFO] IntegrityCheckThread:100 - exiting critical section [integrity check]
2025-12-22 11:13:11,411 [INFO] IntegrityCheckThread:103 - End integrity checks thread
2025-12-22 12:13:22,311 [INFO] WebApp:194 - Connection lost
2025-12-22 12:13:22,473 [INFO] WebApp:191 - Connection restablished
2025-12-22 13:17:30,235 [INFO] WebApp:403 - JxBrowser engine has been closed 
2025-12-22 16:19:25,661 [INFO] Activator:176 - 


2025-12-22 16:19:25,663 [INFO] Activator:177 - !SESSION log4j initialized
2025-12-22 16:19:31,852 [INFO] LogOutputStream:77 - [STDOUT_REDIRECT] 
2025-12-22 16:19:34,793 [INFO] ApplicationProperties:184 - Using Application install path: C:\ST\STM32CubeIDE_1.19.0\STM32CubeIDE\plugins\com.st.stm32cube.common.mx_6.15.0.202507011659
2025-12-22 16:19:34,814 [INFO] DbMcusXml:78 - Set database path to: C:\ST\STM32CubeIDE_1.19.0\STM32CubeIDE\plugins\com.st.stm32cube.common.mx_6.15.0.202507011659\\db\/mcu/
2025-12-22 16:19:34,814 [INFO] ApiDb:274 - Set plugin database path to: C:\ST\STM32CubeIDE_1.19.0\STM32CubeIDE\plugins\com.st.stm32cube.common.mx_6.15.0.202507011659\\db\/plugins/boardmanager/
2025-12-22 16:19:34,814 [WARN] ApiDb:259 - Overriding images path with different value:  => C:\ST\STM32CubeIDE_1.19.0\STM32CubeIDE\plugins\com.st.stm32cube.common.mx_6.15.0.202507011659\\db\/plugins/mcufinder/images/
2025-12-22 16:19:34,822 [INFO] ApiDb:250 - Set database path to: C:\Users\liushaw\.stmcufinder\plugins\mcufinder//mcu/
2025-12-22 16:19:34,824 [INFO] DbMcusAds:125 - Set database path to: C:\Users\liushaw\.stmcufinder\plugins\mcufinder//mcu/
2025-12-22 16:19:34,826 [INFO] CrossReferenceDbSqlite:203 - Set database path to: C:\Users\liushaw\.stmcufinder\plugins\mcufinder//mcu/cs/
2025-12-22 16:19:34,940 [INFO] RulesReader:64 - Compatibility file has been processed (317 Rules)
2025-12-22 16:19:35,047 [INFO] DbMcusXml:78 - Set database path to: C:\ST\STM32CubeIDE_1.19.0\STM32CubeIDE\plugins\com.st.stm32cube.common.mx_6.15.0.202507011659\\db\/mcu/
2025-12-22 16:19:35,047 [INFO] ApiDb:274 - Set plugin database path to: C:\ST\STM32CubeIDE_1.19.0\STM32CubeIDE\plugins\com.st.stm32cube.common.mx_6.15.0.202507011659\\db\/plugins/boardmanager/
2025-12-22 16:19:35,047 [INFO] ApiDb:261 - Set plugin images path to: C:\ST\STM32CubeIDE_1.19.0\STM32CubeIDE\plugins\com.st.stm32cube.common.mx_6.15.0.202507011659\\db\/plugins/mcufinder/images/
2025-12-22 16:19:35,048 [WARN] DbFile:41 - Overriding database path with different value: C:\Users\liushaw\.stmcufinder\plugins\mcufinder/ => C:\Users\liushaw\.stmcufinder\plugins\mcufinder
2025-12-22 16:19:35,048 [INFO] ApiDb:250 - Set database path to: C:\Users\liushaw\.stmcufinder\plugins\mcufinder//mcu/
2025-12-22 16:19:35,048 [WARN] DbFile:41 - Overriding database path with different value: C:\Users\liushaw\.stmcufinder\plugins\mcufinder/ => C:\Users\liushaw\.stmcufinder\plugins\mcufinder
2025-12-22 16:19:35,048 [INFO] DbMcusAds:125 - Set database path to: C:\Users\liushaw\.stmcufinder\plugins\mcufinder//mcu/
2025-12-22 16:19:35,048 [WARN] DbFile:41 - Overriding database path with different value: C:\Users\liushaw\.stmcufinder\plugins\mcufinder/ => C:\Users\liushaw\.stmcufinder\plugins\mcufinder
2025-12-22 16:19:35,048 [WARN] DbFile:41 - Overriding database path with different value: C:\Users\liushaw\.stmcufinder\plugins\mcufinder/ => C:\Users\liushaw\.stmcufinder\plugins\mcufinder
2025-12-22 16:19:35,048 [INFO] CrossReferenceDbSqlite:203 - Set database path to: C:\Users\liushaw\.stmcufinder\plugins\mcufinder//mcu/cs/
2025-12-22 16:19:35,123 [INFO] MainPanel:274 - HeapMemory: 268435456
2025-12-22 16:19:35,238 [INFO] DbMcusXml:78 - Set database path to: C:\ST\STM32CubeIDE_1.19.0\STM32CubeIDE\plugins\com.st.stm32cube.common.mx_6.15.0.202507011659\\db\/mcu/
2025-12-22 16:19:35,238 [INFO] ApiDb:274 - Set plugin database path to: C:\ST\STM32CubeIDE_1.19.0\STM32CubeIDE\plugins\com.st.stm32cube.common.mx_6.15.0.202507011659\\db\/plugins/boardmanager/
2025-12-22 16:19:35,239 [INFO] ApiDb:261 - Set plugin images path to: C:\ST\STM32CubeIDE_1.19.0\STM32CubeIDE\plugins\com.st.stm32cube.common.mx_6.15.0.202507011659\\db\/plugins/mcufinder/images/
2025-12-22 16:19:35,239 [WARN] DbFile:41 - Overriding database path with different value: C:\Users\liushaw\.stmcufinder\plugins\mcufinder/ => C:\Users\liushaw\.stmcufinder\plugins\mcufinder
2025-12-22 16:19:35,239 [INFO] ApiDb:250 - Set database path to: C:\Users\liushaw\.stmcufinder\plugins\mcufinder//mcu/
2025-12-22 16:19:35,239 [WARN] DbFile:41 - Overriding database path with different value: C:\Users\liushaw\.stmcufinder\plugins\mcufinder/ => C:\Users\liushaw\.stmcufinder\plugins\mcufinder
2025-12-22 16:19:35,239 [INFO] DbMcusAds:125 - Set database path to: C:\Users\liushaw\.stmcufinder\plugins\mcufinder//mcu/
2025-12-22 16:19:35,239 [WARN] DbFile:41 - Overriding database path with different value: C:\Users\liushaw\.stmcufinder\plugins\mcufinder/ => C:\Users\liushaw\.stmcufinder\plugins\mcufinder
2025-12-22 16:19:35,239 [WARN] DbFile:41 - Overriding database path with different value: C:\Users\liushaw\.stmcufinder\plugins\mcufinder/ => C:\Users\liushaw\.stmcufinder\plugins\mcufinder
2025-12-22 16:19:35,239 [INFO] CrossReferenceDbSqlite:203 - Set database path to: C:\Users\liushaw\.stmcufinder\plugins\mcufinder//mcu/cs/
2025-12-22 16:19:35,259 [INFO] ApplicationProperties:184 - Using Application install path: C:\ST\STM32CubeIDE_1.19.0\STM32CubeIDE\plugins\com.st.stm32cube.common.mx_6.15.0.202507011659
2025-12-22 16:19:35,261 [INFO] PluginManage:196 - Search for loadable plugins [exclusion list=, ]
2025-12-22 16:19:35,262 [INFO] PluginManage:310 - Check plugin analytics
2025-12-22 16:19:35,492 [INFO] AnalyticsPlugin:253 - Accepted Software Licenses: STM32CubeMX.6.15.0
2025-12-22 16:19:35,492 [INFO] AnalyticsPlugin:255 - Accepted CMSIS Pack Licenses: 
2025-12-22 16:19:35,492 [INFO] AnalyticsPlugin:257 - Accepted Firmware Licenses: FW.F4.1.28.0
2025-12-22 16:19:35,495 [INFO] PluginManage:359 - Loaded plugin analytics (category:tool,tabindex:-1)
2025-12-22 16:19:35,496 [INFO] PluginManage:310 - Check plugin cadmodel
2025-12-22 16:19:35,503 [INFO] CADModel:105 - Init CAD model plugin
2025-12-22 16:19:35,503 [INFO] PluginManage:359 - Loaded plugin cadmodel (category:power,tabindex:5)
2025-12-22 16:19:35,503 [INFO] PluginManage:310 - Check plugin clock
2025-12-22 16:19:35,514 [INFO] PluginManage:359 - Loaded plugin clock (category:base,tabindex:2)
2025-12-22 16:19:35,514 [INFO] PluginManage:310 - Check plugin ddr
2025-12-22 16:19:35,519 [INFO] PluginManage:359 - Loaded plugin ddr (category:tool,tabindex:6)
2025-12-22 16:19:35,520 [INFO] PluginManage:310 - Check plugin filemanager
2025-12-22 16:19:35,725 [INFO] PluginManage:359 - Loaded plugin filemanager (category:base,tabindex:10)
2025-12-22 16:19:35,725 [INFO] PluginManage:310 - Check plugin ipmanager
2025-12-22 16:19:35,733 [INFO] PluginManage:359 - Loaded plugin ipmanager (category:base,tabindex:5)
2025-12-22 16:19:35,734 [INFO] PluginManage:310 - Check plugin lpbam
2025-12-22 16:19:35,747 [INFO] PluginManage:359 - Loaded plugin lpbam (category:base,tabindex:0)
2025-12-22 16:19:35,747 [INFO] PluginManage:310 - Check plugin memorymap
2025-12-22 16:19:35,770 [INFO] PluginManage:359 - Loaded plugin memorymap (category:base,tabindex:4)
2025-12-22 16:19:35,770 [INFO] PluginManage:310 - Check plugin pinoutandconfiguration
2025-12-22 16:19:35,785 [INFO] PluginManage:359 - Loaded plugin pinoutandconfiguration (category:base,tabindex:1)
2025-12-22 16:19:35,785 [INFO] PluginManage:310 - Check plugin pinoutconfig
2025-12-22 16:19:35,882 [WARN] SupportedApi:132 - Cannot load RTOS API schema: s4s-elt-must-match.1: The content of 'definitions' must match (annotation?, (simpleType | complexType)?, (unique | key | keyref)*)). A problem was found starting at: attribute.
2025-12-22 16:19:36,051 [INFO] PluginManage:359 - Loaded plugin pinoutconfig (category:base,tabindex:0)
2025-12-22 16:19:36,051 [INFO] PluginManage:310 - Check plugin power
2025-12-22 16:19:36,061 [INFO] PluginManage:359 - Loaded plugin power (category:power,tabindex:4)
2025-12-22 16:19:36,061 [INFO] PluginManage:310 - Check plugin projectmanager
2025-12-22 16:19:36,075 [INFO] PluginManage:359 - Loaded plugin projectmanager (category:projectmanager,tabindex:4)
2025-12-22 16:19:36,075 [INFO] PluginManage:310 - Check plugin rif
2025-12-22 16:19:36,086 [INFO] PluginManage:359 - Loaded plugin rif (category:base,tabindex:3)
2025-12-22 16:19:36,087 [INFO] PluginManage:310 - Check plugin thirdparty
2025-12-22 16:19:36,228 [INFO] PluginManage:359 - Loaded plugin thirdparty (category:base,tabindex:-1)
2025-12-22 16:19:36,228 [WARN] IntegrityCheckThread:84 - waiting for thirdparty lock release [integrity check]
2025-12-22 16:19:36,229 [INFO] PluginManage:310 - Check plugin tools
2025-12-22 16:19:36,229 [INFO] IntegrityCheckThread:86 - entering critical section [integrity check]
2025-12-22 16:19:36,229 [INFO] ThirdPartyUpdaterWithRetryManager:70 - Updater plugin not ready yet. [1/15]
2025-12-22 16:19:36,233 [INFO] PluginManage:359 - Loaded plugin tools (category:base,tabindex:7)
2025-12-22 16:19:36,233 [INFO] PluginManage:310 - Check plugin tutovideos
2025-12-22 16:19:36,445 [INFO] PluginManage:359 - Loaded plugin tutovideos (category:base,tabindex:-1)
2025-12-22 16:19:36,445 [INFO] PluginManage:310 - Check plugin updater
2025-12-22 16:19:36,468 [INFO] PluginManage:359 - Loaded plugin updater (category:base,tabindex:12)
2025-12-22 16:19:36,468 [INFO] PluginManage:310 - Check plugin userauth
2025-12-22 16:19:36,473 [INFO] UserAuth:118 - Init User Auth plugin
2025-12-22 16:19:36,474 [INFO] PluginManage:359 - Loaded plugin userauth (category:base,tabindex:14)
2025-12-22 16:19:36,475 [INFO] PluginManage:283 - PluginManage : Loaded plugins [18]
2025-12-22 16:19:36,729 [INFO] PinOutPanel:1589 - setPackage(No Configuration,No Configuration)
2025-12-22 16:19:36,821 [INFO] CADModel:165 - CPN selected for project level
2025-12-22 16:19:36,821 [INFO] CADModel:114 - Register for checkConnection events
2025-12-22 16:19:36,847 [INFO] IPUIPlugin:80 - create IPUIPlugin
2025-12-22 16:19:36,847 [INFO] PluginManager:220 - loadIPPluginJar : add adc
2025-12-22 16:19:36,851 [INFO] IPUIPlugin:80 - create IPUIPlugin
2025-12-22 16:19:36,851 [INFO] PluginManager:220 - loadIPPluginJar : add aes
2025-12-22 16:19:36,854 [INFO] IPUIPlugin:80 - create IPUIPlugin
2025-12-22 16:19:36,854 [INFO] PluginManager:220 - loadIPPluginJar : add can
2025-12-22 16:19:36,857 [INFO] IPUIPlugin:80 - create IPUIPlugin
2025-12-22 16:19:36,857 [INFO] PluginManager:220 - loadIPPluginJar : add comp
2025-12-22 16:19:36,861 [INFO] IPUIPlugin:80 - create IPUIPlugin
2025-12-22 16:19:36,861 [INFO] PluginManager:220 - loadIPPluginJar : add cryp
2025-12-22 16:19:36,866 [INFO] IPUIPlugin:80 - create IPUIPlugin
2025-12-22 16:19:36,866 [INFO] PluginManager:220 - loadIPPluginJar : add ddr_ctrl_phy
2025-12-22 16:19:36,869 [INFO] IPUIPlugin:80 - create IPUIPlugin
2025-12-22 16:19:36,869 [INFO] PluginManager:220 - loadIPPluginJar : add dfsdm
2025-12-22 16:19:36,875 [INFO] IPUIPlugin:80 - create IPUIPlugin
2025-12-22 16:19:36,876 [INFO] PluginManager:220 - loadIPPluginJar : add dma
2025-12-22 16:19:36,879 [INFO] IPUIPlugin:80 - create IPUIPlugin
2025-12-22 16:19:36,880 [INFO] PluginManager:220 - loadIPPluginJar : add dma3
2025-12-22 16:19:36,884 [INFO] IPUIPlugin:80 - create IPUIPlugin
2025-12-22 16:19:36,884 [INFO] PluginManager:220 - loadIPPluginJar : add extmemmanager
2025-12-22 16:19:36,887 [INFO] IPUIPlugin:80 - create IPUIPlugin
2025-12-22 16:19:36,887 [INFO] PluginManager:220 - loadIPPluginJar : add fatfs
2025-12-22 16:19:36,893 [INFO] IPUIPlugin:80 - create IPUIPlugin
2025-12-22 16:19:36,894 [INFO] PluginManager:220 - loadIPPluginJar : add fmc
2025-12-22 16:19:36,904 [INFO] IPUIPlugin:80 - create IPUIPlugin
2025-12-22 16:19:36,904 [INFO] PluginManager:220 - loadIPPluginJar : add freertos
2025-12-22 16:19:36,907 [INFO] IPUIPlugin:80 - create IPUIPlugin
2025-12-22 16:19:36,908 [INFO] PluginManager:220 - loadIPPluginJar : add genericplugin
2025-12-22 16:19:36,911 [INFO] IPUIPlugin:80 - create IPUIPlugin
2025-12-22 16:19:36,911 [INFO] PluginManager:220 - loadIPPluginJar : add gfxmmu
2025-12-22 16:19:36,917 [INFO] IPUIPlugin:80 - create IPUIPlugin
2025-12-22 16:19:36,917 [INFO] PluginManager:220 - loadIPPluginJar : add gic
2025-12-22 16:19:36,922 [INFO] IPUIPlugin:80 - create IPUIPlugin
2025-12-22 16:19:36,922 [INFO] PluginManager:220 - loadIPPluginJar : add gpio
2025-12-22 16:19:36,926 [INFO] IPUIPlugin:80 - create IPUIPlugin
2025-12-22 16:19:36,926 [INFO] PluginManager:220 - loadIPPluginJar : add gtzc
2025-12-22 16:19:36,929 [INFO] IPUIPlugin:80 - create IPUIPlugin
2025-12-22 16:19:36,929 [INFO] PluginManager:220 - loadIPPluginJar : add hash
2025-12-22 16:19:36,933 [INFO] IPUIPlugin:80 - create IPUIPlugin
2025-12-22 16:19:36,933 [INFO] PluginManager:220 - loadIPPluginJar : add i2c
2025-12-22 16:19:36,935 [INFO] IPUIPlugin:80 - create IPUIPlugin
2025-12-22 16:19:36,936 [INFO] PluginManager:220 - loadIPPluginJar : add i2s
2025-12-22 16:19:36,939 [INFO] IPUIPlugin:80 - create IPUIPlugin
2025-12-22 16:19:36,939 [INFO] PluginManager:220 - loadIPPluginJar : add i3c
2025-12-22 16:19:36,943 [INFO] IPUIPlugin:80 - create IPUIPlugin
2025-12-22 16:19:36,943 [INFO] PluginManager:220 - loadIPPluginJar : add ipddr
2025-12-22 16:19:36,951 [INFO] IPUIPlugin:80 - create IPUIPlugin
2025-12-22 16:19:36,951 [INFO] PluginManager:220 - loadIPPluginJar : add linkedlist
2025-12-22 16:19:36,954 [INFO] IPUIPlugin:80 - create IPUIPlugin
2025-12-22 16:19:36,954 [INFO] PluginManager:220 - loadIPPluginJar : add lorawan
2025-12-22 16:19:36,956 [INFO] IPUIPlugin:80 - create IPUIPlugin
2025-12-22 16:19:36,956 [INFO] PluginManager:220 - loadIPPluginJar : add ltdc
2025-12-22 16:19:36,962 [INFO] IPUIPlugin:80 - create IPUIPlugin
2025-12-22 16:19:36,962 [INFO] PluginManager:220 - loadIPPluginJar : add mdma
2025-12-22 16:19:36,966 [INFO] IPUIPlugin:80 - create IPUIPlugin
2025-12-22 16:19:36,966 [INFO] PluginManager:220 - loadIPPluginJar : add nvic
2025-12-22 16:19:36,969 [INFO] IPUIPlugin:80 - create IPUIPlugin
2025-12-22 16:19:36,969 [INFO] PluginManager:220 - loadIPPluginJar : add opamp
2025-12-22 16:19:36,972 [INFO] IPUIPlugin:80 - create IPUIPlugin
2025-12-22 16:19:36,972 [INFO] PluginManager:220 - loadIPPluginJar : add openamp
2025-12-22 16:19:36,976 [INFO] IPUIPlugin:80 - create IPUIPlugin
2025-12-22 16:19:36,976 [INFO] PluginManager:220 - loadIPPluginJar : add pdm2pcm
2025-12-22 16:19:36,982 [INFO] IPUIPlugin:80 - create IPUIPlugin
2025-12-22 16:19:36,984 [INFO] PluginManager:220 - loadIPPluginJar : add plateformsettings
2025-12-22 16:19:36,986 [INFO] IPUIPlugin:80 - create IPUIPlugin
2025-12-22 16:19:36,986 [INFO] PluginManager:220 - loadIPPluginJar : add quadspi
2025-12-22 16:19:36,989 [INFO] IPUIPlugin:80 - create IPUIPlugin
2025-12-22 16:19:36,990 [INFO] PluginManager:220 - loadIPPluginJar : add radio
2025-12-22 16:19:36,994 [INFO] IPUIPlugin:80 - create IPUIPlugin
2025-12-22 16:19:36,994 [INFO] PluginManager:220 - loadIPPluginJar : add resmgrutility
2025-12-22 16:19:36,997 [INFO] IPUIPlugin:80 - create IPUIPlugin
2025-12-22 16:19:36,998 [INFO] PluginManager:220 - loadIPPluginJar : add sai
2025-12-22 16:19:37,001 [INFO] IPUIPlugin:80 - create IPUIPlugin
2025-12-22 16:19:37,001 [INFO] PluginManager:220 - loadIPPluginJar : add spi
2025-12-22 16:19:37,007 [INFO] IPUIPlugin:80 - create IPUIPlugin
2025-12-22 16:19:37,008 [INFO] PluginManager:220 - loadIPPluginJar : add stm32_wpan
2025-12-22 16:19:37,009 [INFO] IPUIPlugin:80 - create IPUIPlugin
2025-12-22 16:19:37,010 [INFO] PluginManager:220 - loadIPPluginJar : add tim
2025-12-22 16:19:37,013 [INFO] IPUIPlugin:80 - create IPUIPlugin
2025-12-22 16:19:37,013 [INFO] PluginManager:220 - loadIPPluginJar : add touchsensing
2025-12-22 16:19:37,015 [INFO] IPUIPlugin:80 - create IPUIPlugin
2025-12-22 16:19:37,015 [INFO] PluginManager:220 - loadIPPluginJar : add tracer_emb
2025-12-22 16:19:37,017 [INFO] IPUIPlugin:80 - create IPUIPlugin
2025-12-22 16:19:37,017 [INFO] PluginManager:220 - loadIPPluginJar : add ts
2025-12-22 16:19:37,019 [INFO] IPUIPlugin:80 - create IPUIPlugin
2025-12-22 16:19:37,019 [INFO] PluginManager:220 - loadIPPluginJar : add tsc
2025-12-22 16:19:37,020 [INFO] IPUIPlugin:80 - create IPUIPlugin
2025-12-22 16:19:37,020 [INFO] PluginManager:220 - loadIPPluginJar : add ucpd
2025-12-22 16:19:37,023 [INFO] IPUIPlugin:80 - create IPUIPlugin
2025-12-22 16:19:37,023 [INFO] PluginManager:220 - loadIPPluginJar : add usart
2025-12-22 16:19:37,027 [INFO] IPUIPlugin:80 - create IPUIPlugin
2025-12-22 16:19:37,027 [INFO] PluginManager:220 - loadIPPluginJar : add usbx
2025-12-22 16:19:37,154 [FATAL] Updater:351 - Updater called before beeing initialized
2025-12-22 16:19:37,176 [INFO] RulesReader:64 - Compatibility file has been processed (317 Rules)
2025-12-22 16:19:37,184 [INFO] RulesReader:64 - Compatibility file has been processed (317 Rules)
2025-12-22 16:19:37,197 [INFO] CADModel:165 - CPN selected for project level
2025-12-22 16:19:37,197 [INFO] CADModel:114 - Register for checkConnection events
2025-12-22 16:19:37,198 [FATAL] Updater:351 - Updater called before beeing initialized
2025-12-22 16:19:37,198 [ERROR] CADModel:125 - Updater not yet initialized, retry later 
2025-12-22 16:19:37,366 [FATAL] Updater:351 - Updater called before beeing initialized
2025-12-22 16:19:37,368 [INFO] CADModel:165 - CPN selected for project level
2025-12-22 16:19:37,368 [INFO] CADModel:114 - Register for checkConnection events
2025-12-22 16:19:37,368 [FATAL] Updater:351 - Updater called before beeing initialized
2025-12-22 16:19:37,368 [ERROR] CADModel:125 - Updater not yet initialized, retry later 
2025-12-22 16:19:37,371 [FATAL] Updater:351 - Updater called before beeing initialized
2025-12-22 16:19:37,506 [FATAL] Updater:351 - Updater called before beeing initialized
2025-12-22 16:19:37,514 [INFO] DbMcusAds:53 - JSON generation date=Tue Dec 16 07:11:46 CST 2025 (1765840306612)
2025-12-22 16:19:37,515 [FATAL] Updater:351 - Updater called before beeing initialized
2025-12-22 16:19:37,555 [WARN] DetailPanel:346 - Failed to get advertising image, set to default
2025-12-22 16:19:37,630 [FATAL] Updater:351 - Updater called before beeing initialized
2025-12-22 16:19:37,632 [FATAL] Updater:351 - Updater called before beeing initialized
2025-12-22 16:19:37,632 [FATAL] Updater:351 - Updater called before beeing initialized
2025-12-22 16:19:37,632 [WARN] DetailPanel:346 - Failed to get advertising image, set to default
2025-12-22 16:19:37,633 [FATAL] Updater:351 - Updater called before beeing initialized
2025-12-22 16:19:37,684 [ERROR] Updater:1198 - MainUpdater not yet initialized. External WinMGr cannot be set.
2025-12-22 16:19:37,686 [INFO] Updater:1134 - Updater Version found : 6.15.0
2025-12-22 16:19:37,709 [INFO] ApplicationProperties:184 - Using Application install path: C:\ST\STM32CubeIDE_1.19.0\STM32CubeIDE\plugins\com.st.stm32cube.common.mx_6.15.0.202507011659
2025-12-22 16:19:39,232 [INFO] ThirdPartyUpdaterWithRetryManager:70 - Updater plugin not ready yet. [2/15]
2025-12-22 16:19:39,286 [ERROR] LogOutputStream:75 - [STDERR_REDIRECT] Dec 22, 2025 4:19:39 PM java.util.prefs.WindowsPreferences <init>
2025-12-22 16:19:39,287 [ERROR] LogOutputStream:75 - [STDERR_REDIRECT] WARNING: Could not open/create prefs root node Software\JavaSoft\Prefs at root 0xffffffff80000002. Windows RegCreateKeyEx(...) returned error code 5.
2025-12-22 16:19:39,287 [ERROR] LogOutputStream:75 - [STDERR_REDIRECT] 
2025-12-22 16:19:39,673 [INFO] MainUpdater:2872 - connection check result : 10
2025-12-22 16:19:39,675 [INFO] MainUpdater:289 - Updater Check For Update Now.
2025-12-22 16:19:39,675 [INFO] MicroXplorer:498 - Change Database Version : DB.6.0.150
2025-12-22 16:19:39,691 [INFO] McuFinderGlobals:63 - Set McuFinder mode to 2 (CubeIDE integrated)
2025-12-22 16:19:39,694 [INFO] UserAuth:487 - Internet connection configuration mode: 1
2025-12-22 16:19:39,768 [INFO] JxBrowserEngine:152 - Initiate JxBrowser Engine with user profile folder
2025-12-22 16:19:39,895 [INFO] CheckServerUpdateThread:120 - End of CheckServer Thread
2025-12-22 16:19:40,768 [INFO] WebApp:169 - Instantiating new browser for Auth
2025-12-22 16:19:41,510 [INFO] WebApp:463 - Apply proxy settings
2025-12-22 16:19:41,511 [INFO] WebApp:548 - Chromium requires no authentication
2025-12-22 16:19:41,521 [INFO] WebApp:491 - Direct internet connection detected
2025-12-22 16:19:41,547 [INFO] WebApp:900 - Register for checkConnection events
2025-12-22 16:19:41,547 [INFO] WebApp:463 - Apply proxy settings
2025-12-22 16:19:41,547 [INFO] WebApp:548 - Chromium requires no authentication
2025-12-22 16:19:41,547 [INFO] WebApp:491 - Direct internet connection detected
2025-12-22 16:19:41,704 [INFO] WebApp:191 - Connection restablished
2025-12-22 16:19:41,778 [INFO] WebApp:225 - Starting web application
2025-12-22 16:19:41,778 [INFO] WebApp:593 - Web application path used C:\ST\STM32CubeIDE_1.19.0\STM32CubeIDE\plugins\com.st.stm32cube.common.mx_6.15.0.202507011659\db\plugins\mcufinder\reactClient1\index.html
2025-12-22 16:19:41,875 [INFO] UserAuth:487 - Internet connection configuration mode: 1
2025-12-22 16:19:42,494 [WARN] PackLoader:240 - Cannot read IP mode file for STMicroelectronics.FP-SNS-MOTENVWB1.1.4.0
2025-12-22 16:19:42,502 [WARN] PackLoader:240 - Cannot read IP mode file for STMicroelectronics.FP-ATR-ASTRA1.2.0.2
2025-12-22 16:19:42,512 [WARN] PackLoader:240 - Cannot read IP mode file for STMicroelectronics.X-CUBE-SMBUS.2.1.0
2025-12-22 16:19:42,535 [WARN] PackLoader:240 - Cannot read IP mode file for STMicroelectronics.X-CUBE-AZRTOS-F7.1.1.0
2025-12-22 16:19:42,543 [WARN] PackLoader:240 - Cannot read IP mode file for Cesanta.I-CUBE-Mongoose.7.19.0
2025-12-22 16:19:42,547 [WARN] PackLoader:240 - Cannot read IP mode file for STMicroelectronics.FP-SNS-MOTENV1.5.1.0
2025-12-22 16:19:42,561 [WARN] PackLoader:240 - Cannot read IP mode file for WES.I-CUBE-Cesium.1.4.0
2025-12-22 16:19:42,592 [WARN] PackLoader:240 - Cannot read IP mode file for Infineon.AIROC-Wi-Fi-Bluetooth-STM32.1.7.1
2025-12-22 16:19:42,644 [WARN] PackLoader:240 - Cannot read IP mode file for STMicroelectronics.X-CUBE-AZRTOS-H7.3.4.0
2025-12-22 16:19:42,660 [WARN] PackLoader:240 - Cannot read IP mode file for STMicroelectronics.X-CUBE-DISPLAY.3.0.0
2025-12-22 16:19:42,673 [WARN] PackLoader:240 - Cannot read IP mode file for STMicroelectronics.X-CUBE-NFC10.1.0.0
2025-12-22 16:19:42,680 [WARN] PackLoader:240 - Cannot read IP mode file for STMicroelectronics.X-CUBE-ST60.1.1.0
2025-12-22 16:19:42,685 [WARN] PackLoader:240 - Cannot read IP mode file for emotas.I-CUBE-CANOPEN.1.3.0
2025-12-22 16:19:42,690 [WARN] PackLoader:240 - Cannot read IP mode file for STMicroelectronics.X-CUBE-GNSS1.7.1.0
2025-12-22 16:19:42,696 [WARN] PackLoader:240 - Cannot read IP mode file for STMicroelectronics.FP-SNS-STBOX1.2.1.0
2025-12-22 16:19:42,701 [WARN] PackLoader:240 - Cannot read IP mode file for STMicroelectronics.FP-SNS-SMARTAG2.1.2.0
2025-12-22 16:19:42,705 [WARN] PackLoader:240 - Cannot read IP mode file for STMicroelectronics.FP-SNS-FLIGHT1.5.1.0
2025-12-22 16:19:42,712 [INFO] LogOutputStream:77 - [STDOUT_REDIRECT] 1 : Invalid condition id : UX_CORESTACK_Condition cause : null
2025-12-22 16:19:42,714 [INFO] LogOutputStream:77 - [STDOUT_REDIRECT] 1 : Invalid condition id : UX_CORESTACK_Condition cause : null
2025-12-22 16:19:42,715 [INFO] LogOutputStream:77 - [STDOUT_REDIRECT] 1 : Invalid condition id : UX_CORESTACK_Condition cause : null
2025-12-22 16:19:42,716 [INFO] LogOutputStream:77 - [STDOUT_REDIRECT] 1 : Invalid condition id : UX_CORESTACK_Condition cause : null
2025-12-22 16:19:42,717 [INFO] LogOutputStream:77 - [STDOUT_REDIRECT] 1 : Invalid condition id : UX_CORESTACK_Condition cause : null
2025-12-22 16:19:42,719 [WARN] PackLoader:240 - Cannot read IP mode file for STMicroelectronics.X-CUBE-AZRTOS-WL.2.0.0
2025-12-22 16:19:42,730 [WARN] PackLoader:240 - Cannot read IP mode file for STMicroelectronics.X-CUBE-AZRTOS-H7RS.1.2.0
2025-12-22 16:19:42,737 [WARN] PackLoader:240 - Cannot read IP mode file for STMicroelectronics.X-CUBE-BLE2.3.3.0
2025-12-22 16:19:42,764 [WARN] PackLoader:240 - Cannot read IP mode file for STMicroelectronics.X-CUBE-NFC9.1.0.0
2025-12-22 16:19:42,769 [WARN] PackLoader:240 - Cannot read IP mode file for wolfSSL.I-CUBE-wolfSSL.5.8.2
2025-12-22 16:19:42,774 [WARN] PackLoader:240 - Cannot read IP mode file for STMicroelectronics.X-CUBE-BLE1.7.1.0
2025-12-22 16:19:42,779 [WARN] PackLoader:240 - Cannot read IP mode file for wolfSSL.I-CUBE-wolfMQTT.1.19.2
2025-12-22 16:19:42,783 [WARN] PackLoader:240 - Cannot read IP mode file for STMicroelectronics.X-CUBE-FREERTOS.1.4.0
2025-12-22 16:19:42,788 [WARN] PackLoader:240 - Cannot read IP mode file for STMicroelectronics.X-CUBE-EEPRMA1.5.2.0
2025-12-22 16:19:42,795 [WARN] PackLoader:240 - Cannot read IP mode file for STMicroelectronics.X-CUBE-ST67W61.1.1.0
2025-12-22 16:19:42,817 [WARN] PackLoader:240 - Cannot read IP mode file for STMicroelectronics.X-CUBE-MEMS1.12.0.0
2025-12-22 16:19:42,885 [WARN] PackLoader:240 - Cannot read IP mode file for STMicroelectronics.X-CUBE-AZRTOS-G0.1.1.0
2025-12-22 16:19:42,890 [WARN] PackLoader:240 - Cannot read IP mode file for STMicroelectronics.X-CUBE-SAFEA1.1.2.2
2025-12-22 16:19:42,895 [WARN] PackLoader:240 - Cannot read IP mode file for STMicroelectronics.X-CUBE-NFC4.3.0.0
2025-12-22 16:19:42,900 [WARN] PackLoader:240 - Cannot read IP mode file for STMicroelectronics.X-CUBE-WB05N.2.0.0
2025-12-22 16:19:42,904 [WARN] PackLoader:240 - Cannot read IP mode file for wolfSSL.I-CUBE-wolfTPM.3.8.0
2025-12-22 16:19:42,911 [WARN] PackLoader:240 - Cannot read IP mode file for STMicroelectronics.X-CUBE-TCPP.4.2.0
2025-12-22 16:19:42,916 [WARN] PackLoader:240 - Cannot read IP mode file for RealThread.X-CUBE-RT-Thread_Nano.4.1.1
2025-12-22 16:19:42,922 [WARN] PackLoader:240 - Cannot read IP mode file for STMicroelectronics.FP-ATR-SIGFOX1.3.2.0
2025-12-22 16:19:42,929 [WARN] PackLoader:240 - Cannot read IP mode file for ITTIA_DB.I-CUBE-ITTIADB.8.9.0
2025-12-22 16:19:42,934 [WARN] PackLoader:240 - Cannot read IP mode file for STMicroelectronics.X-CUBE-AI.10.2.0
2025-12-22 16:19:42,951 [WARN] PackLoader:240 - Cannot read IP mode file for SEGGER.I-CUBE-embOS.1.3.1
2025-12-22 16:19:42,981 [WARN] PackLoader:240 - Cannot read IP mode file for STMicroelectronics.X-CUBE-ALGOBUILD.1.4.0
2025-12-22 16:19:43,014 [WARN] PackLoader:240 - Cannot read IP mode file for STMicroelectronics.X-CUBE-MEMS1.11.3.0
2025-12-22 16:19:43,093 [WARN] PackLoader:240 - Cannot read IP mode file for STMicroelectronics.X-CUBE-PM33A1.1.0.0
2025-12-22 16:19:43,109 [WARN] PackLoader:240 - Cannot read IP mode file for STMicroelectronics.X-CUBE-AZRTOS-F4.1.1.0
2025-12-22 16:19:43,123 [WARN] PackLoader:240 - Cannot read IP mode file for STMicroelectronics.X-CUBE-ISPU.2.1.0
2025-12-22 16:19:43,137 [WARN] PackLoader:240 - Cannot read IP mode file for STMicroelectronics.X-CUBE-IPS.3.2.0
2025-12-22 16:19:43,182 [WARN] PackLoader:240 - Cannot read IP mode file for STMicroelectronics.X-CUBE-NFC12.1.0.0
2025-12-22 16:19:43,195 [WARN] PackLoader:240 - Cannot read IP mode file for STMicroelectronics.X-CUBE-AZRTOS-L5.2.0.0
2025-12-22 16:19:43,201 [WARN] PackLoader:240 - Cannot read IP mode file for STMicroelectronics.X-CUBE-NFC6.3.1.0
2025-12-22 16:19:43,207 [WARN] PackLoader:240 - Cannot read IP mode file for STMicroelectronics.X-CUBE-FREERTOS.1.3.1
2025-12-22 16:19:43,213 [WARN] PackLoader:240 - Cannot read IP mode file for STMicroelectronics.X-CUBE-TOUCHGFX.4.26.0
2025-12-22 16:19:43,217 [WARN] PackLoader:240 - Cannot read IP mode file for STMicroelectronics.FP-SNS-STAIOTCFT.1.0.0
2025-12-22 16:19:43,222 [WARN] PackLoader:240 - Cannot read IP mode file for STMicroelectronics.X-CUBE-DPower.1.3.0
2025-12-22 16:19:43,231 [WARN] ConditionMgr:438 - getConditionDescription Invalid condition id : LAN8742 Phy interface Condition cause : null
2025-12-22 16:19:43,232 [WARN] PackLoader:240 - Cannot read IP mode file for STMicroelectronics.X-CUBE-AZRTOS-L4.2.0.0
2025-12-22 16:19:43,232 [WARN] ConditionMgr:1044 - genDependencies : Invalid condition id : LAN8742 Phy interface Condition cause : null
2025-12-22 16:19:43,233 [WARN] ConditionMgr:1044 - genDependencies : Invalid condition id : LAN8742 Phy interface Condition cause : null
2025-12-22 16:19:43,233 [WARN] ConditionMgr:1044 - genDependencies : Invalid condition id : LAN8742 Phy interface Condition cause : null
2025-12-22 16:19:43,238 [WARN] PackLoader:240 - Cannot read IP mode file for STMicroelectronics.X-CUBE-SFXS2LP1.4.0.0
2025-12-22 16:19:43,246 [WARN] PackLoader:240 - Cannot read IP mode file for STMicroelectronics.X-CUBE-BLEMGR.4.1.0
2025-12-22 16:19:43,254 [WARN] ConditionMgr:438 - getConditionDescription Invalid condition id : UX DEVICE CLASS RTOS Condition cause : null
2025-12-22 16:19:43,254 [WARN] ConditionMgr:438 - getConditionDescription Invalid condition id : UX DEVICE CLASS RTOS Condition cause : null
2025-12-22 16:19:43,256 [WARN] PackLoader:240 - Cannot read IP mode file for STMicroelectronics.X-CUBE-AZRTOS-WB.2.0.0
2025-12-22 16:19:43,256 [WARN] ConditionMgr:1044 - genDependencies : Invalid condition id : UX DEVICE CLASS RTOS Condition cause : null
2025-12-22 16:19:43,256 [WARN] ConditionMgr:1044 - genDependencies : Invalid condition id : UX DEVICE CLASS RTOS Condition cause : null
2025-12-22 16:19:43,257 [WARN] ConditionMgr:1044 - genDependencies : Invalid condition id : UX DEVICE CLASS RTOS Condition cause : null
2025-12-22 16:19:43,257 [WARN] ConditionMgr:1044 - genDependencies : Invalid condition id : UX DEVICE CLASS RTOS Condition cause : null
2025-12-22 16:19:43,257 [WARN] ConditionMgr:1044 - genDependencies : Invalid condition id : UX DEVICE CLASS RTOS Condition cause : null
2025-12-22 16:19:43,261 [WARN] PackLoader:240 - Cannot read IP mode file for STMicroelectronics.X-CUBE-GNSS1.7.0.1
2025-12-22 16:19:43,265 [WARN] ConditionMgr:438 - getConditionDescription Invalid condition id : Cortex-A Device cause : null
2025-12-22 16:19:43,279 [WARN] ConditionMgr:1044 - genDependencies : Invalid condition id : Cortex-A Device cause : null
2025-12-22 16:19:43,280 [WARN] ConditionMgr:1044 - genDependencies : Invalid condition id : Cortex-A Device cause : null
2025-12-22 16:19:43,280 [WARN] ConditionMgr:1044 - genDependencies : Invalid condition id : Cortex-A Device cause : null
2025-12-22 16:19:43,285 [WARN] PackLoader:240 - Cannot read IP mode file for STMicroelectronics.X-CUBE-SUBG2.5.0.0
2025-12-22 16:19:43,297 [WARN] PackLoader:240 - Cannot read IP mode file for STMicroelectronics.X-CUBE-AZRTOS-H7RS.1.1.0
2025-12-22 16:19:43,310 [WARN] PackLoader:240 - Cannot read IP mode file for STMicroelectronics.X-CUBE-AZRTOS-G4.2.0.0
2025-12-22 16:19:43,314 [WARN] PackLoader:240 - Cannot read IP mode file for wolfSSL.I-CUBE-wolfSSH.1.4.20
2025-12-22 16:19:43,319 [WARN] PackLoader:240 - Cannot read IP mode file for STMicroelectronics.X-CUBE-NFC7.2.0.0
2025-12-22 16:19:43,325 [WARN] PackLoader:240 - Cannot read IP mode file for STMicroelectronics.X-CUBE-ALS.1.0.2
2025-12-22 16:19:43,332 [WARN] PackLoader:240 - Cannot read IP mode file for STMicroelectronics.X-CUBE-STSE01.1.0.0
2025-12-22 16:19:43,340 [WARN] PackLoader:240 - Cannot read IP mode file for STMicroelectronics.X-CUBE-TOF1.3.4.3
2025-12-22 16:19:43,348 [INFO] ThirdParty:978 - Integrity check success = true
2025-12-22 16:19:43,348 [INFO] IntegrityCheckThread:100 - exiting critical section [integrity check]
2025-12-22 16:19:43,348 [INFO] IntegrityCheckThread:103 - End integrity checks thread
2025-12-22 17:20:44,066 [INFO] WebApp:403 - JxBrowser engine has been closed 
