2025-12-02 13:03:21,690 [INFO] Activator:176 - 


2025-12-02 13:03:21,702 [INFO] Activator:177 - !SESSION log4j initialized
2025-12-02 13:03:28,934 [INFO] LogOutputStream:77 - [STDOUT_REDIRECT] 
2025-12-02 16:59:30,937 [INFO] Activator:176 - 


2025-12-02 16:59:30,939 [INFO] Activator:177 - !SESSION log4j initialized
2025-12-02 16:59:36,976 [INFO] LogOutputStream:77 - [STDOUT_REDIRECT] 
2025-12-02 16:59:39,920 [INFO] ApplicationProperties:184 - Using Application install path: C:\ST\STM32CubeIDE_1.19.0\STM32CubeIDE\plugins\com.st.stm32cube.common.mx_6.15.0.202507011659
2025-12-02 16:59:39,943 [INFO] DbMcusXml:78 - Set database path to: C:\ST\STM32CubeIDE_1.19.0\STM32CubeIDE\plugins\com.st.stm32cube.common.mx_6.15.0.202507011659\\db\/mcu/
2025-12-02 16:59:39,943 [INFO] ApiDb:274 - Set plugin database path to: C:\ST\STM32CubeIDE_1.19.0\STM32CubeIDE\plugins\com.st.stm32cube.common.mx_6.15.0.202507011659\\db\/plugins/boardmanager/
2025-12-02 16:59:39,944 [WARN] ApiDb:259 - Overriding images path with different value:  => C:\ST\STM32CubeIDE_1.19.0\STM32CubeIDE\plugins\com.st.stm32cube.common.mx_6.15.0.202507011659\\db\/plugins/mcufinder/images/
2025-12-02 16:59:39,952 [INFO] ApiDb:250 - Set database path to: C:\Users\liushaw\.stmcufinder\plugins\mcufinder//mcu/
2025-12-02 16:59:39,953 [INFO] DbMcusAds:125 - Set database path to: C:\Users\liushaw\.stmcufinder\plugins\mcufinder//mcu/
2025-12-02 16:59:39,956 [INFO] CrossReferenceDbSqlite:203 - Set database path to: C:\Users\liushaw\.stmcufinder\plugins\mcufinder//mcu/cs/
2025-12-02 16:59:40,074 [INFO] RulesReader:64 - Compatibility file has been processed (317 Rules)
2025-12-02 16:59:40,182 [INFO] DbMcusXml:78 - Set database path to: C:\ST\STM32CubeIDE_1.19.0\STM32CubeIDE\plugins\com.st.stm32cube.common.mx_6.15.0.202507011659\\db\/mcu/
2025-12-02 16:59:40,182 [INFO] ApiDb:274 - Set plugin database path to: C:\ST\STM32CubeIDE_1.19.0\STM32CubeIDE\plugins\com.st.stm32cube.common.mx_6.15.0.202507011659\\db\/plugins/boardmanager/
2025-12-02 16:59:40,182 [INFO] ApiDb:261 - Set plugin images path to: C:\ST\STM32CubeIDE_1.19.0\STM32CubeIDE\plugins\com.st.stm32cube.common.mx_6.15.0.202507011659\\db\/plugins/mcufinder/images/
2025-12-02 16:59:40,182 [WARN] DbFile:41 - Overriding database path with different value: C:\Users\liushaw\.stmcufinder\plugins\mcufinder/ => C:\Users\liushaw\.stmcufinder\plugins\mcufinder
2025-12-02 16:59:40,183 [INFO] ApiDb:250 - Set database path to: C:\Users\liushaw\.stmcufinder\plugins\mcufinder//mcu/
2025-12-02 16:59:40,183 [WARN] DbFile:41 - Overriding database path with different value: C:\Users\liushaw\.stmcufinder\plugins\mcufinder/ => C:\Users\liushaw\.stmcufinder\plugins\mcufinder
2025-12-02 16:59:40,183 [INFO] DbMcusAds:125 - Set database path to: C:\Users\liushaw\.stmcufinder\plugins\mcufinder//mcu/
2025-12-02 16:59:40,183 [WARN] DbFile:41 - Overriding database path with different value: C:\Users\liushaw\.stmcufinder\plugins\mcufinder/ => C:\Users\liushaw\.stmcufinder\plugins\mcufinder
2025-12-02 16:59:40,183 [WARN] DbFile:41 - Overriding database path with different value: C:\Users\liushaw\.stmcufinder\plugins\mcufinder/ => C:\Users\liushaw\.stmcufinder\plugins\mcufinder
2025-12-02 16:59:40,183 [INFO] CrossReferenceDbSqlite:203 - Set database path to: C:\Users\liushaw\.stmcufinder\plugins\mcufinder//mcu/cs/
2025-12-02 16:59:40,288 [INFO] MainPanel:274 - HeapMemory: 268435456
2025-12-02 16:59:40,408 [INFO] DbMcusXml:78 - Set database path to: C:\ST\STM32CubeIDE_1.19.0\STM32CubeIDE\plugins\com.st.stm32cube.common.mx_6.15.0.202507011659\\db\/mcu/
2025-12-02 16:59:40,408 [INFO] ApiDb:274 - Set plugin database path to: C:\ST\STM32CubeIDE_1.19.0\STM32CubeIDE\plugins\com.st.stm32cube.common.mx_6.15.0.202507011659\\db\/plugins/boardmanager/
2025-12-02 16:59:40,408 [INFO] ApiDb:261 - Set plugin images path to: C:\ST\STM32CubeIDE_1.19.0\STM32CubeIDE\plugins\com.st.stm32cube.common.mx_6.15.0.202507011659\\db\/plugins/mcufinder/images/
2025-12-02 16:59:40,408 [WARN] DbFile:41 - Overriding database path with different value: C:\Users\liushaw\.stmcufinder\plugins\mcufinder/ => C:\Users\liushaw\.stmcufinder\plugins\mcufinder
2025-12-02 16:59:40,409 [INFO] ApiDb:250 - Set database path to: C:\Users\liushaw\.stmcufinder\plugins\mcufinder//mcu/
2025-12-02 16:59:40,409 [WARN] DbFile:41 - Overriding database path with different value: C:\Users\liushaw\.stmcufinder\plugins\mcufinder/ => C:\Users\liushaw\.stmcufinder\plugins\mcufinder
2025-12-02 16:59:40,409 [INFO] DbMcusAds:125 - Set database path to: C:\Users\liushaw\.stmcufinder\plugins\mcufinder//mcu/
2025-12-02 16:59:40,409 [WARN] DbFile:41 - Overriding database path with different value: C:\Users\liushaw\.stmcufinder\plugins\mcufinder/ => C:\Users\liushaw\.stmcufinder\plugins\mcufinder
2025-12-02 16:59:40,409 [WARN] DbFile:41 - Overriding database path with different value: C:\Users\liushaw\.stmcufinder\plugins\mcufinder/ => C:\Users\liushaw\.stmcufinder\plugins\mcufinder
2025-12-02 16:59:40,409 [INFO] CrossReferenceDbSqlite:203 - Set database path to: C:\Users\liushaw\.stmcufinder\plugins\mcufinder//mcu/cs/
2025-12-02 16:59:40,429 [INFO] ApplicationProperties:184 - Using Application install path: C:\ST\STM32CubeIDE_1.19.0\STM32CubeIDE\plugins\com.st.stm32cube.common.mx_6.15.0.202507011659
2025-12-02 16:59:40,431 [INFO] PluginManage:196 - Search for loadable plugins [exclusion list=, ]
2025-12-02 16:59:40,432 [INFO] PluginManage:310 - Check plugin analytics
2025-12-02 16:59:40,660 [INFO] AnalyticsPlugin:253 - Accepted Software Licenses: STM32CubeMX.6.15.0
2025-12-02 16:59:40,661 [INFO] AnalyticsPlugin:255 - Accepted CMSIS Pack Licenses: 
2025-12-02 16:59:40,661 [INFO] AnalyticsPlugin:257 - Accepted Firmware Licenses: FW.F4.1.28.0
2025-12-02 16:59:40,667 [INFO] PluginManage:359 - Loaded plugin analytics (category:tool,tabindex:-1)
2025-12-02 16:59:40,667 [INFO] PluginManage:310 - Check plugin cadmodel
2025-12-02 16:59:40,673 [INFO] CADModel:105 - Init CAD model plugin
2025-12-02 16:59:40,673 [INFO] PluginManage:359 - Loaded plugin cadmodel (category:power,tabindex:5)
2025-12-02 16:59:40,673 [INFO] PluginManage:310 - Check plugin clock
2025-12-02 16:59:40,684 [INFO] PluginManage:359 - Loaded plugin clock (category:base,tabindex:2)
2025-12-02 16:59:40,685 [INFO] PluginManage:310 - Check plugin ddr
2025-12-02 16:59:40,688 [INFO] PluginManage:359 - Loaded plugin ddr (category:tool,tabindex:6)
2025-12-02 16:59:40,688 [INFO] PluginManage:310 - Check plugin filemanager
2025-12-02 16:59:40,858 [INFO] PluginManage:359 - Loaded plugin filemanager (category:base,tabindex:10)
2025-12-02 16:59:40,858 [INFO] PluginManage:310 - Check plugin ipmanager
2025-12-02 16:59:40,868 [INFO] PluginManage:359 - Loaded plugin ipmanager (category:base,tabindex:5)
2025-12-02 16:59:40,868 [INFO] PluginManage:310 - Check plugin lpbam
2025-12-02 16:59:40,880 [INFO] PluginManage:359 - Loaded plugin lpbam (category:base,tabindex:0)
2025-12-02 16:59:40,880 [INFO] PluginManage:310 - Check plugin memorymap
2025-12-02 16:59:40,898 [INFO] PluginManage:359 - Loaded plugin memorymap (category:base,tabindex:4)
2025-12-02 16:59:40,899 [INFO] PluginManage:310 - Check plugin pinoutandconfiguration
2025-12-02 16:59:40,910 [INFO] PluginManage:359 - Loaded plugin pinoutandconfiguration (category:base,tabindex:1)
2025-12-02 16:59:40,910 [INFO] PluginManage:310 - Check plugin pinoutconfig
2025-12-02 16:59:41,005 [WARN] SupportedApi:132 - Cannot load RTOS API schema: s4s-elt-must-match.1: The content of 'definitions' must match (annotation?, (simpleType | complexType)?, (unique | key | keyref)*)). A problem was found starting at: attribute.
2025-12-02 16:59:41,168 [INFO] PluginManage:359 - Loaded plugin pinoutconfig (category:base,tabindex:0)
2025-12-02 16:59:41,168 [INFO] PluginManage:310 - Check plugin power
2025-12-02 16:59:41,177 [INFO] PluginManage:359 - Loaded plugin power (category:power,tabindex:4)
2025-12-02 16:59:41,177 [INFO] PluginManage:310 - Check plugin projectmanager
2025-12-02 16:59:41,194 [INFO] PluginManage:359 - Loaded plugin projectmanager (category:projectmanager,tabindex:4)
2025-12-02 16:59:41,194 [INFO] PluginManage:310 - Check plugin rif
2025-12-02 16:59:41,209 [INFO] PluginManage:359 - Loaded plugin rif (category:base,tabindex:3)
2025-12-02 16:59:41,209 [INFO] PluginManage:310 - Check plugin thirdparty
2025-12-02 16:59:41,379 [INFO] PluginManage:359 - Loaded plugin thirdparty (category:base,tabindex:-1)
2025-12-02 16:59:41,379 [WARN] IntegrityCheckThread:84 - waiting for thirdparty lock release [integrity check]
2025-12-02 16:59:41,380 [INFO] PluginManage:310 - Check plugin tools
2025-12-02 16:59:41,380 [INFO] IntegrityCheckThread:86 - entering critical section [integrity check]
2025-12-02 16:59:41,380 [INFO] ThirdPartyUpdaterWithRetryManager:70 - Updater plugin not ready yet. [1/15]
2025-12-02 16:59:41,382 [INFO] PluginManage:359 - Loaded plugin tools (category:base,tabindex:7)
2025-12-02 16:59:41,382 [INFO] PluginManage:310 - Check plugin tutovideos
2025-12-02 16:59:41,634 [INFO] PluginManage:359 - Loaded plugin tutovideos (category:base,tabindex:-1)
2025-12-02 16:59:41,634 [INFO] PluginManage:310 - Check plugin updater
2025-12-02 16:59:41,660 [INFO] PluginManage:359 - Loaded plugin updater (category:base,tabindex:12)
2025-12-02 16:59:41,661 [INFO] PluginManage:310 - Check plugin userauth
2025-12-02 16:59:41,667 [INFO] UserAuth:118 - Init User Auth plugin
2025-12-02 16:59:41,668 [INFO] PluginManage:359 - Loaded plugin userauth (category:base,tabindex:14)
2025-12-02 16:59:41,669 [INFO] PluginManage:283 - PluginManage : Loaded plugins [18]
2025-12-02 16:59:41,950 [INFO] PinOutPanel:1589 - setPackage(No Configuration,No Configuration)
2025-12-02 16:59:42,059 [INFO] CADModel:165 - CPN selected for project level
2025-12-02 16:59:42,059 [INFO] CADModel:114 - Register for checkConnection events
2025-12-02 16:59:42,084 [INFO] IPUIPlugin:80 - create IPUIPlugin
2025-12-02 16:59:42,084 [INFO] PluginManager:220 - loadIPPluginJar : add adc
2025-12-02 16:59:42,088 [INFO] IPUIPlugin:80 - create IPUIPlugin
2025-12-02 16:59:42,088 [INFO] PluginManager:220 - loadIPPluginJar : add aes
2025-12-02 16:59:42,091 [INFO] IPUIPlugin:80 - create IPUIPlugin
2025-12-02 16:59:42,091 [INFO] PluginManager:220 - loadIPPluginJar : add can
2025-12-02 16:59:42,093 [INFO] IPUIPlugin:80 - create IPUIPlugin
2025-12-02 16:59:42,093 [INFO] PluginManager:220 - loadIPPluginJar : add comp
2025-12-02 16:59:42,095 [INFO] IPUIPlugin:80 - create IPUIPlugin
2025-12-02 16:59:42,095 [INFO] PluginManager:220 - loadIPPluginJar : add cryp
2025-12-02 16:59:42,099 [INFO] IPUIPlugin:80 - create IPUIPlugin
2025-12-02 16:59:42,099 [INFO] PluginManager:220 - loadIPPluginJar : add ddr_ctrl_phy
2025-12-02 16:59:42,102 [INFO] IPUIPlugin:80 - create IPUIPlugin
2025-12-02 16:59:42,103 [INFO] PluginManager:220 - loadIPPluginJar : add dfsdm
2025-12-02 16:59:42,111 [INFO] IPUIPlugin:80 - create IPUIPlugin
2025-12-02 16:59:42,111 [INFO] PluginManager:220 - loadIPPluginJar : add dma
2025-12-02 16:59:42,115 [INFO] IPUIPlugin:80 - create IPUIPlugin
2025-12-02 16:59:42,116 [INFO] PluginManager:220 - loadIPPluginJar : add dma3
2025-12-02 16:59:42,119 [INFO] IPUIPlugin:80 - create IPUIPlugin
2025-12-02 16:59:42,120 [INFO] PluginManager:220 - loadIPPluginJar : add extmemmanager
2025-12-02 16:59:42,122 [INFO] IPUIPlugin:80 - create IPUIPlugin
2025-12-02 16:59:42,122 [INFO] PluginManager:220 - loadIPPluginJar : add fatfs
2025-12-02 16:59:42,127 [INFO] IPUIPlugin:80 - create IPUIPlugin
2025-12-02 16:59:42,127 [INFO] PluginManager:220 - loadIPPluginJar : add fmc
2025-12-02 16:59:42,133 [INFO] IPUIPlugin:80 - create IPUIPlugin
2025-12-02 16:59:42,134 [INFO] PluginManager:220 - loadIPPluginJar : add freertos
2025-12-02 16:59:42,135 [INFO] IPUIPlugin:80 - create IPUIPlugin
2025-12-02 16:59:42,135 [INFO] PluginManager:220 - loadIPPluginJar : add genericplugin
2025-12-02 16:59:42,137 [INFO] IPUIPlugin:80 - create IPUIPlugin
2025-12-02 16:59:42,137 [INFO] PluginManager:220 - loadIPPluginJar : add gfxmmu
2025-12-02 16:59:42,143 [INFO] IPUIPlugin:80 - create IPUIPlugin
2025-12-02 16:59:42,143 [INFO] PluginManager:220 - loadIPPluginJar : add gic
2025-12-02 16:59:42,147 [INFO] IPUIPlugin:80 - create IPUIPlugin
2025-12-02 16:59:42,148 [INFO] PluginManager:220 - loadIPPluginJar : add gpio
2025-12-02 16:59:42,150 [INFO] IPUIPlugin:80 - create IPUIPlugin
2025-12-02 16:59:42,150 [INFO] PluginManager:220 - loadIPPluginJar : add gtzc
2025-12-02 16:59:42,152 [INFO] IPUIPlugin:80 - create IPUIPlugin
2025-12-02 16:59:42,152 [INFO] PluginManager:220 - loadIPPluginJar : add hash
2025-12-02 16:59:42,154 [INFO] IPUIPlugin:80 - create IPUIPlugin
2025-12-02 16:59:42,155 [INFO] PluginManager:220 - loadIPPluginJar : add i2c
2025-12-02 16:59:42,157 [INFO] IPUIPlugin:80 - create IPUIPlugin
2025-12-02 16:59:42,157 [INFO] PluginManager:220 - loadIPPluginJar : add i2s
2025-12-02 16:59:42,159 [INFO] IPUIPlugin:80 - create IPUIPlugin
2025-12-02 16:59:42,159 [INFO] PluginManager:220 - loadIPPluginJar : add i3c
2025-12-02 16:59:42,163 [INFO] IPUIPlugin:80 - create IPUIPlugin
2025-12-02 16:59:42,164 [INFO] PluginManager:220 - loadIPPluginJar : add ipddr
2025-12-02 16:59:42,171 [INFO] IPUIPlugin:80 - create IPUIPlugin
2025-12-02 16:59:42,171 [INFO] PluginManager:220 - loadIPPluginJar : add linkedlist
2025-12-02 16:59:42,174 [INFO] IPUIPlugin:80 - create IPUIPlugin
2025-12-02 16:59:42,175 [INFO] PluginManager:220 - loadIPPluginJar : add lorawan
2025-12-02 16:59:42,176 [INFO] IPUIPlugin:80 - create IPUIPlugin
2025-12-02 16:59:42,176 [INFO] PluginManager:220 - loadIPPluginJar : add ltdc
2025-12-02 16:59:42,183 [INFO] IPUIPlugin:80 - create IPUIPlugin
2025-12-02 16:59:42,183 [INFO] PluginManager:220 - loadIPPluginJar : add mdma
2025-12-02 16:59:42,188 [INFO] IPUIPlugin:80 - create IPUIPlugin
2025-12-02 16:59:42,188 [INFO] PluginManager:220 - loadIPPluginJar : add nvic
2025-12-02 16:59:42,191 [INFO] IPUIPlugin:80 - create IPUIPlugin
2025-12-02 16:59:42,191 [INFO] PluginManager:220 - loadIPPluginJar : add opamp
2025-12-02 16:59:42,194 [INFO] IPUIPlugin:80 - create IPUIPlugin
2025-12-02 16:59:42,194 [INFO] PluginManager:220 - loadIPPluginJar : add openamp
2025-12-02 16:59:42,197 [INFO] IPUIPlugin:80 - create IPUIPlugin
2025-12-02 16:59:42,197 [INFO] PluginManager:220 - loadIPPluginJar : add pdm2pcm
2025-12-02 16:59:42,203 [INFO] IPUIPlugin:80 - create IPUIPlugin
2025-12-02 16:59:42,205 [INFO] PluginManager:220 - loadIPPluginJar : add plateformsettings
2025-12-02 16:59:42,207 [INFO] IPUIPlugin:80 - create IPUIPlugin
2025-12-02 16:59:42,207 [INFO] PluginManager:220 - loadIPPluginJar : add quadspi
2025-12-02 16:59:42,208 [INFO] IPUIPlugin:80 - create IPUIPlugin
2025-12-02 16:59:42,210 [INFO] PluginManager:220 - loadIPPluginJar : add radio
2025-12-02 16:59:42,216 [INFO] IPUIPlugin:80 - create IPUIPlugin
2025-12-02 16:59:42,216 [INFO] PluginManager:220 - loadIPPluginJar : add resmgrutility
2025-12-02 16:59:42,219 [INFO] IPUIPlugin:80 - create IPUIPlugin
2025-12-02 16:59:42,219 [INFO] PluginManager:220 - loadIPPluginJar : add sai
2025-12-02 16:59:42,221 [INFO] IPUIPlugin:80 - create IPUIPlugin
2025-12-02 16:59:42,222 [INFO] PluginManager:220 - loadIPPluginJar : add spi
2025-12-02 16:59:42,231 [INFO] IPUIPlugin:80 - create IPUIPlugin
2025-12-02 16:59:42,231 [INFO] PluginManager:220 - loadIPPluginJar : add stm32_wpan
2025-12-02 16:59:42,233 [INFO] IPUIPlugin:80 - create IPUIPlugin
2025-12-02 16:59:42,233 [INFO] PluginManager:220 - loadIPPluginJar : add tim
2025-12-02 16:59:42,237 [INFO] IPUIPlugin:80 - create IPUIPlugin
2025-12-02 16:59:42,237 [INFO] PluginManager:220 - loadIPPluginJar : add touchsensing
2025-12-02 16:59:42,240 [INFO] IPUIPlugin:80 - create IPUIPlugin
2025-12-02 16:59:42,240 [INFO] PluginManager:220 - loadIPPluginJar : add tracer_emb
2025-12-02 16:59:42,242 [INFO] IPUIPlugin:80 - create IPUIPlugin
2025-12-02 16:59:42,242 [INFO] PluginManager:220 - loadIPPluginJar : add ts
2025-12-02 16:59:42,244 [INFO] IPUIPlugin:80 - create IPUIPlugin
2025-12-02 16:59:42,244 [INFO] PluginManager:220 - loadIPPluginJar : add tsc
2025-12-02 16:59:42,245 [INFO] IPUIPlugin:80 - create IPUIPlugin
2025-12-02 16:59:42,246 [INFO] PluginManager:220 - loadIPPluginJar : add ucpd
2025-12-02 16:59:42,249 [INFO] IPUIPlugin:80 - create IPUIPlugin
2025-12-02 16:59:42,249 [INFO] PluginManager:220 - loadIPPluginJar : add usart
2025-12-02 16:59:42,253 [INFO] IPUIPlugin:80 - create IPUIPlugin
2025-12-02 16:59:42,253 [INFO] PluginManager:220 - loadIPPluginJar : add usbx
2025-12-02 16:59:42,387 [FATAL] Updater:351 - Updater called before beeing initialized
2025-12-02 16:59:42,416 [INFO] RulesReader:64 - Compatibility file has been processed (317 Rules)
2025-12-02 16:59:42,427 [INFO] RulesReader:64 - Compatibility file has been processed (317 Rules)
2025-12-02 16:59:42,441 [INFO] CADModel:165 - CPN selected for project level
2025-12-02 16:59:42,441 [INFO] CADModel:114 - Register for checkConnection events
2025-12-02 16:59:42,441 [FATAL] Updater:351 - Updater called before beeing initialized
2025-12-02 16:59:42,441 [ERROR] CADModel:125 - Updater not yet initialized, retry later 
2025-12-02 16:59:42,619 [FATAL] Updater:351 - Updater called before beeing initialized
2025-12-02 16:59:42,621 [INFO] CADModel:165 - CPN selected for project level
2025-12-02 16:59:42,621 [INFO] CADModel:114 - Register for checkConnection events
2025-12-02 16:59:42,621 [FATAL] Updater:351 - Updater called before beeing initialized
2025-12-02 16:59:42,621 [ERROR] CADModel:125 - Updater not yet initialized, retry later 
2025-12-02 16:59:42,624 [FATAL] Updater:351 - Updater called before beeing initialized
2025-12-02 16:59:42,732 [FATAL] Updater:351 - Updater called before beeing initialized
2025-12-02 16:59:42,736 [INFO] DbMcusAds:53 - JSON generation date=Tue Nov 25 22:08:32 CST 2025 (1764079712287)
2025-12-02 16:59:42,737 [FATAL] Updater:351 - Updater called before beeing initialized
2025-12-02 16:59:42,771 [WARN] DetailPanel:346 - Failed to get advertising image, set to default
2025-12-02 16:59:42,850 [FATAL] Updater:351 - Updater called before beeing initialized
2025-12-02 16:59:42,852 [FATAL] Updater:351 - Updater called before beeing initialized
2025-12-02 16:59:42,853 [FATAL] Updater:351 - Updater called before beeing initialized
2025-12-02 16:59:42,853 [WARN] DetailPanel:346 - Failed to get advertising image, set to default
2025-12-02 16:59:42,854 [FATAL] Updater:351 - Updater called before beeing initialized
2025-12-02 16:59:42,901 [ERROR] Updater:1198 - MainUpdater not yet initialized. External WinMGr cannot be set.
2025-12-02 16:59:42,903 [INFO] Updater:1134 - Updater Version found : 6.15.0
2025-12-02 16:59:42,925 [INFO] ApplicationProperties:184 - Using Application install path: C:\ST\STM32CubeIDE_1.19.0\STM32CubeIDE\plugins\com.st.stm32cube.common.mx_6.15.0.202507011659
2025-12-02 16:59:44,382 [INFO] ThirdPartyUpdaterWithRetryManager:70 - Updater plugin not ready yet. [2/15]
2025-12-02 16:59:44,499 [ERROR] LogOutputStream:75 - [STDERR_REDIRECT] Dec 02, 2025 4:59:44 PM java.util.prefs.WindowsPreferences <init>
2025-12-02 16:59:44,501 [ERROR] LogOutputStream:75 - [STDERR_REDIRECT] WARNING: Could not open/create prefs root node Software\JavaSoft\Prefs at root 0xffffffff80000002. Windows RegCreateKeyEx(...) returned error code 5.
2025-12-02 16:59:44,501 [ERROR] LogOutputStream:75 - [STDERR_REDIRECT] 
2025-12-02 16:59:44,951 [INFO] MainUpdater:2872 - connection check result : 10
2025-12-02 16:59:44,953 [INFO] MainUpdater:289 - Updater Check For Update Now.
2025-12-02 16:59:44,953 [INFO] MicroXplorer:498 - Change Database Version : DB.6.0.150
2025-12-02 16:59:44,961 [INFO] McuFinderGlobals:63 - Set McuFinder mode to 2 (CubeIDE integrated)
2025-12-02 16:59:44,962 [INFO] UserAuth:487 - Internet connection configuration mode: 1
2025-12-02 16:59:45,043 [INFO] JxBrowserEngine:152 - Initiate JxBrowser Engine with user profile folder
2025-12-02 16:59:45,198 [INFO] CheckServerUpdateThread:120 - End of CheckServer Thread
2025-12-02 16:59:46,201 [INFO] WebApp:169 - Instantiating new browser for Auth
2025-12-02 16:59:47,174 [INFO] WebApp:463 - Apply proxy settings
2025-12-02 16:59:47,175 [INFO] WebApp:548 - Chromium requires no authentication
2025-12-02 16:59:47,193 [INFO] WebApp:491 - Direct internet connection detected
2025-12-02 16:59:47,230 [INFO] WebApp:900 - Register for checkConnection events
2025-12-02 16:59:47,231 [INFO] WebApp:463 - Apply proxy settings
2025-12-02 16:59:47,231 [INFO] WebApp:548 - Chromium requires no authentication
2025-12-02 16:59:47,231 [INFO] WebApp:491 - Direct internet connection detected
2025-12-02 16:59:47,405 [INFO] WebApp:191 - Connection restablished
2025-12-02 16:59:47,571 [INFO] WebApp:225 - Starting web application
2025-12-02 16:59:47,571 [INFO] WebApp:593 - Web application path used C:\ST\STM32CubeIDE_1.19.0\STM32CubeIDE\plugins\com.st.stm32cube.common.mx_6.15.0.202507011659\db\plugins\mcufinder\reactClient1\index.html
2025-12-02 16:59:47,703 [INFO] UserAuth:487 - Internet connection configuration mode: 1
2025-12-02 16:59:47,856 [WARN] PackLoader:240 - Cannot read IP mode file for STMicroelectronics.FP-SNS-MOTENVWB1.1.4.0
2025-12-02 16:59:47,874 [WARN] PackLoader:240 - Cannot read IP mode file for STMicroelectronics.FP-ATR-ASTRA1.2.0.2
2025-12-02 16:59:47,896 [WARN] PackLoader:240 - Cannot read IP mode file for STMicroelectronics.X-CUBE-SMBUS.2.1.0
2025-12-02 16:59:47,974 [WARN] PackLoader:240 - Cannot read IP mode file for STMicroelectronics.X-CUBE-AZRTOS-F7.1.1.0
2025-12-02 16:59:47,989 [WARN] PackLoader:240 - Cannot read IP mode file for Cesanta.I-CUBE-Mongoose.7.19.0
2025-12-02 16:59:47,998 [WARN] PackLoader:240 - Cannot read IP mode file for STMicroelectronics.FP-SNS-MOTENV1.5.1.0
2025-12-02 16:59:48,024 [WARN] PackLoader:240 - Cannot read IP mode file for WES.I-CUBE-Cesium.1.4.0
2025-12-02 16:59:48,071 [WARN] PackLoader:240 - Cannot read IP mode file for Infineon.AIROC-Wi-Fi-Bluetooth-STM32.1.7.1
2025-12-02 16:59:48,145 [WARN] PackLoader:240 - Cannot read IP mode file for STMicroelectronics.X-CUBE-AZRTOS-H7.3.4.0
2025-12-02 16:59:48,214 [WARN] PackLoader:240 - Cannot read IP mode file for STMicroelectronics.X-CUBE-DISPLAY.3.0.0
2025-12-02 16:59:48,243 [WARN] PackLoader:240 - Cannot read IP mode file for STMicroelectronics.X-CUBE-NFC10.1.0.0
2025-12-02 16:59:48,261 [WARN] PackLoader:240 - Cannot read IP mode file for STMicroelectronics.X-CUBE-ST60.1.1.0
2025-12-02 16:59:48,276 [WARN] PackLoader:240 - Cannot read IP mode file for emotas.I-CUBE-CANOPEN.1.3.0
2025-12-02 16:59:48,288 [WARN] PackLoader:240 - Cannot read IP mode file for STMicroelectronics.X-CUBE-GNSS1.7.1.0
2025-12-02 16:59:48,301 [WARN] PackLoader:240 - Cannot read IP mode file for STMicroelectronics.FP-SNS-STBOX1.2.1.0
2025-12-02 16:59:48,315 [WARN] PackLoader:240 - Cannot read IP mode file for STMicroelectronics.FP-SNS-SMARTAG2.1.2.0
2025-12-02 16:59:48,324 [WARN] PackLoader:240 - Cannot read IP mode file for STMicroelectronics.FP-SNS-FLIGHT1.5.1.0
2025-12-02 16:59:48,343 [INFO] LogOutputStream:77 - [STDOUT_REDIRECT] 1 : Invalid condition id : UX_CORESTACK_Condition cause : null
2025-12-02 16:59:48,346 [INFO] LogOutputStream:77 - [STDOUT_REDIRECT] 1 : Invalid condition id : UX_CORESTACK_Condition cause : null
2025-12-02 16:59:48,349 [INFO] LogOutputStream:77 - [STDOUT_REDIRECT] 1 : Invalid condition id : UX_CORESTACK_Condition cause : null
2025-12-02 16:59:48,351 [INFO] LogOutputStream:77 - [STDOUT_REDIRECT] 1 : Invalid condition id : UX_CORESTACK_Condition cause : null
2025-12-02 16:59:48,353 [INFO] LogOutputStream:77 - [STDOUT_REDIRECT] 1 : Invalid condition id : UX_CORESTACK_Condition cause : null
2025-12-02 16:59:48,357 [WARN] PackLoader:240 - Cannot read IP mode file for STMicroelectronics.X-CUBE-AZRTOS-WL.2.0.0
2025-12-02 16:59:48,392 [WARN] PackLoader:240 - Cannot read IP mode file for STMicroelectronics.X-CUBE-AZRTOS-H7RS.1.2.0
2025-12-02 16:59:48,407 [WARN] PackLoader:240 - Cannot read IP mode file for STMicroelectronics.X-CUBE-BLE2.3.3.0
2025-12-02 16:59:48,453 [WARN] PackLoader:240 - Cannot read IP mode file for STMicroelectronics.X-CUBE-NFC9.1.0.0
2025-12-02 16:59:48,466 [WARN] PackLoader:240 - Cannot read IP mode file for wolfSSL.I-CUBE-wolfSSL.5.8.2
2025-12-02 16:59:48,473 [WARN] PackLoader:240 - Cannot read IP mode file for STMicroelectronics.X-CUBE-BLE1.7.1.0
2025-12-02 16:59:48,483 [WARN] PackLoader:240 - Cannot read IP mode file for wolfSSL.I-CUBE-wolfMQTT.1.19.2
2025-12-02 16:59:48,491 [WARN] PackLoader:240 - Cannot read IP mode file for STMicroelectronics.X-CUBE-FREERTOS.1.4.0
2025-12-02 16:59:48,500 [WARN] PackLoader:240 - Cannot read IP mode file for STMicroelectronics.X-CUBE-EEPRMA1.5.2.0
2025-12-02 16:59:48,512 [WARN] PackLoader:240 - Cannot read IP mode file for STMicroelectronics.X-CUBE-ST67W61.1.1.0
2025-12-02 16:59:48,567 [WARN] PackLoader:240 - Cannot read IP mode file for STMicroelectronics.X-CUBE-MEMS1.12.0.0
2025-12-02 16:59:48,677 [WARN] PackLoader:240 - Cannot read IP mode file for STMicroelectronics.X-CUBE-AZRTOS-G0.1.1.0
2025-12-02 16:59:48,687 [WARN] PackLoader:240 - Cannot read IP mode file for STMicroelectronics.X-CUBE-SAFEA1.1.2.2
2025-12-02 16:59:48,698 [WARN] PackLoader:240 - Cannot read IP mode file for STMicroelectronics.X-CUBE-NFC4.3.0.0
2025-12-02 16:59:48,708 [WARN] PackLoader:240 - Cannot read IP mode file for STMicroelectronics.X-CUBE-WB05N.2.0.0
2025-12-02 16:59:48,715 [WARN] PackLoader:240 - Cannot read IP mode file for wolfSSL.I-CUBE-wolfTPM.3.8.0
2025-12-02 16:59:48,723 [WARN] PackLoader:240 - Cannot read IP mode file for STMicroelectronics.X-CUBE-TCPP.4.2.0
2025-12-02 16:59:48,733 [WARN] PackLoader:240 - Cannot read IP mode file for RealThread.X-CUBE-RT-Thread_Nano.4.1.1
2025-12-02 16:59:48,742 [WARN] PackLoader:240 - Cannot read IP mode file for STMicroelectronics.FP-ATR-SIGFOX1.3.2.0
2025-12-02 16:59:48,753 [WARN] PackLoader:240 - Cannot read IP mode file for ITTIA_DB.I-CUBE-ITTIADB.8.9.0
2025-12-02 16:59:48,759 [WARN] PackLoader:240 - Cannot read IP mode file for STMicroelectronics.X-CUBE-AI.10.2.0
2025-12-02 16:59:48,788 [WARN] PackLoader:240 - Cannot read IP mode file for SEGGER.I-CUBE-embOS.1.3.1
2025-12-02 16:59:48,839 [WARN] PackLoader:240 - Cannot read IP mode file for STMicroelectronics.X-CUBE-ALGOBUILD.1.4.0
2025-12-02 16:59:48,883 [WARN] PackLoader:240 - Cannot read IP mode file for STMicroelectronics.X-CUBE-MEMS1.11.3.0
2025-12-02 16:59:49,008 [WARN] PackLoader:240 - Cannot read IP mode file for STMicroelectronics.X-CUBE-PM33A1.1.0.0
2025-12-02 16:59:49,027 [WARN] PackLoader:240 - Cannot read IP mode file for STMicroelectronics.X-CUBE-AZRTOS-F4.1.1.0
2025-12-02 16:59:49,070 [WARN] PackLoader:240 - Cannot read IP mode file for STMicroelectronics.X-CUBE-ISPU.2.1.0
2025-12-02 16:59:49,107 [WARN] PackLoader:240 - Cannot read IP mode file for STMicroelectronics.X-CUBE-IPS.3.2.0
2025-12-02 16:59:49,135 [WARN] PackLoader:240 - Cannot read IP mode file for STMicroelectronics.X-CUBE-NFC12.1.0.0
2025-12-02 16:59:49,166 [WARN] PackLoader:240 - Cannot read IP mode file for STMicroelectronics.X-CUBE-AZRTOS-L5.2.0.0
2025-12-02 16:59:49,183 [WARN] PackLoader:240 - Cannot read IP mode file for STMicroelectronics.X-CUBE-NFC6.3.1.0
2025-12-02 16:59:49,193 [WARN] PackLoader:240 - Cannot read IP mode file for STMicroelectronics.X-CUBE-FREERTOS.1.3.1
2025-12-02 16:59:49,203 [WARN] PackLoader:240 - Cannot read IP mode file for STMicroelectronics.X-CUBE-TOUCHGFX.4.26.0
2025-12-02 16:59:49,210 [WARN] PackLoader:240 - Cannot read IP mode file for STMicroelectronics.FP-SNS-STAIOTCFT.1.0.0
2025-12-02 16:59:49,218 [WARN] PackLoader:240 - Cannot read IP mode file for STMicroelectronics.X-CUBE-DPower.1.3.0
2025-12-02 16:59:49,235 [WARN] ConditionMgr:438 - getConditionDescription Invalid condition id : LAN8742 Phy interface Condition cause : null
2025-12-02 16:59:49,236 [WARN] PackLoader:240 - Cannot read IP mode file for STMicroelectronics.X-CUBE-AZRTOS-L4.2.0.0
2025-12-02 16:59:49,238 [WARN] ConditionMgr:1044 - genDependencies : Invalid condition id : LAN8742 Phy interface Condition cause : null
2025-12-02 16:59:49,238 [WARN] ConditionMgr:1044 - genDependencies : Invalid condition id : LAN8742 Phy interface Condition cause : null
2025-12-02 16:59:49,238 [WARN] ConditionMgr:1044 - genDependencies : Invalid condition id : LAN8742 Phy interface Condition cause : null
2025-12-02 16:59:49,250 [WARN] PackLoader:240 - Cannot read IP mode file for STMicroelectronics.X-CUBE-SFXS2LP1.4.0.0
2025-12-02 16:59:49,262 [WARN] PackLoader:240 - Cannot read IP mode file for STMicroelectronics.X-CUBE-BLEMGR.4.1.0
2025-12-02 16:59:49,279 [WARN] ConditionMgr:438 - getConditionDescription Invalid condition id : UX DEVICE CLASS RTOS Condition cause : null
2025-12-02 16:59:49,280 [WARN] ConditionMgr:438 - getConditionDescription Invalid condition id : UX DEVICE CLASS RTOS Condition cause : null
2025-12-02 16:59:49,285 [WARN] PackLoader:240 - Cannot read IP mode file for STMicroelectronics.X-CUBE-AZRTOS-WB.2.0.0
2025-12-02 16:59:49,285 [WARN] ConditionMgr:1044 - genDependencies : Invalid condition id : UX DEVICE CLASS RTOS Condition cause : null
2025-12-02 16:59:49,285 [WARN] ConditionMgr:1044 - genDependencies : Invalid condition id : UX DEVICE CLASS RTOS Condition cause : null
2025-12-02 16:59:49,286 [WARN] ConditionMgr:1044 - genDependencies : Invalid condition id : UX DEVICE CLASS RTOS Condition cause : null
2025-12-02 16:59:49,286 [WARN] ConditionMgr:1044 - genDependencies : Invalid condition id : UX DEVICE CLASS RTOS Condition cause : null
2025-12-02 16:59:49,286 [WARN] ConditionMgr:1044 - genDependencies : Invalid condition id : UX DEVICE CLASS RTOS Condition cause : null
2025-12-02 16:59:49,294 [WARN] PackLoader:240 - Cannot read IP mode file for STMicroelectronics.X-CUBE-GNSS1.7.0.1
2025-12-02 16:59:49,302 [WARN] ConditionMgr:438 - getConditionDescription Invalid condition id : Cortex-A Device cause : null
2025-12-02 16:59:49,320 [WARN] ConditionMgr:1044 - genDependencies : Invalid condition id : Cortex-A Device cause : null
2025-12-02 16:59:49,320 [WARN] ConditionMgr:1044 - genDependencies : Invalid condition id : Cortex-A Device cause : null
2025-12-02 16:59:49,320 [WARN] ConditionMgr:1044 - genDependencies : Invalid condition id : Cortex-A Device cause : null
2025-12-02 16:59:49,334 [WARN] PackLoader:240 - Cannot read IP mode file for STMicroelectronics.X-CUBE-SUBG2.5.0.0
2025-12-02 16:59:49,354 [WARN] PackLoader:240 - Cannot read IP mode file for STMicroelectronics.X-CUBE-AZRTOS-H7RS.1.1.0
2025-12-02 16:59:49,376 [WARN] PackLoader:240 - Cannot read IP mode file for STMicroelectronics.X-CUBE-AZRTOS-G4.2.0.0
2025-12-02 16:59:49,386 [WARN] PackLoader:240 - Cannot read IP mode file for wolfSSL.I-CUBE-wolfSSH.1.4.20
2025-12-02 16:59:49,394 [WARN] PackLoader:240 - Cannot read IP mode file for STMicroelectronics.X-CUBE-NFC7.2.0.0
2025-12-02 16:59:49,402 [WARN] PackLoader:240 - Cannot read IP mode file for STMicroelectronics.X-CUBE-ALS.1.0.2
2025-12-02 16:59:49,412 [WARN] PackLoader:240 - Cannot read IP mode file for STMicroelectronics.X-CUBE-STSE01.1.0.0
2025-12-02 16:59:49,427 [WARN] PackLoader:240 - Cannot read IP mode file for STMicroelectronics.X-CUBE-TOF1.3.4.3
2025-12-02 16:59:49,438 [INFO] ThirdParty:978 - Integrity check success = true
2025-12-02 16:59:49,438 [INFO] IntegrityCheckThread:100 - exiting critical section [integrity check]
2025-12-02 16:59:49,438 [INFO] IntegrityCheckThread:103 - End integrity checks thread
2025-12-02 17:25:07,574 [INFO] WebApp:194 - Connection lost
2025-12-02 17:25:07,731 [INFO] WebApp:191 - Connection restablished
2025-12-02 17:50:11,615 [INFO] WebApp:194 - Connection lost
2025-12-02 17:50:11,775 [INFO] WebApp:191 - Connection restablished
2025-12-02 17:50:24,122 [INFO] WebApp:194 - Connection lost
2025-12-02 17:50:24,402 [INFO] WebApp:191 - Connection restablished
2025-12-02 17:50:55,092 [INFO] WebApp:194 - Connection lost
2025-12-02 17:51:42,336 [INFO] WebApp:191 - Connection restablished
2025-12-02 17:51:56,085 [INFO] WebApp:194 - Connection lost
2025-12-02 17:51:56,241 [INFO] WebApp:191 - Connection restablished
2025-12-02 17:52:08,095 [INFO] WebApp:194 - Connection lost
2025-12-02 17:52:08,257 [INFO] WebApp:191 - Connection restablished
2025-12-02 17:52:16,636 [INFO] WebApp:194 - Connection lost
2025-12-02 17:52:16,799 [INFO] WebApp:191 - Connection restablished
2025-12-02 17:52:26,122 [INFO] WebApp:194 - Connection lost
2025-12-02 17:52:26,279 [INFO] WebApp:191 - Connection restablished
2025-12-02 17:52:53,628 [INFO] WebApp:194 - Connection lost
2025-12-02 17:52:53,905 [INFO] WebApp:191 - Connection restablished
2025-12-02 18:04:42,959 [ERROR] LogOutputStream:75 - [STDERR_REDIRECT] 
