2025-11-18 08:08:17,308 [INFO] Activator:176 - 


2025-11-18 08:08:17,316 [INFO] Activator:177 - !SESSION log4j initialized
2025-11-18 08:08:23,916 [INFO] LogOutputStream:77 - [STDOUT_REDIRECT] 
2025-11-18 08:08:26,598 [INFO] ApplicationProperties:184 - Using Application install path: C:\ST\STM32CubeIDE_1.19.0\STM32CubeIDE\plugins\com.st.stm32cube.common.mx_6.15.0.202507011659
2025-11-18 08:08:26,627 [INFO] DbMcusXml:78 - Set database path to: C:\ST\STM32CubeIDE_1.19.0\STM32CubeIDE\plugins\com.st.stm32cube.common.mx_6.15.0.202507011659\\db\/mcu/
2025-11-18 08:08:26,627 [INFO] ApiDb:274 - Set plugin database path to: C:\ST\STM32CubeIDE_1.19.0\STM32CubeIDE\plugins\com.st.stm32cube.common.mx_6.15.0.202507011659\\db\/plugins/boardmanager/
2025-11-18 08:08:26,628 [WARN] ApiDb:259 - Overriding images path with different value:  => C:\ST\STM32CubeIDE_1.19.0\STM32CubeIDE\plugins\com.st.stm32cube.common.mx_6.15.0.202507011659\\db\/plugins/mcufinder/images/
2025-11-18 08:08:26,639 [INFO] ApiDb:250 - Set database path to: C:\Users\liushaw\.stmcufinder\plugins\mcufinder//mcu/
2025-11-18 08:08:26,641 [INFO] DbMcusAds:125 - Set database path to: C:\Users\liushaw\.stmcufinder\plugins\mcufinder//mcu/
2025-11-18 08:08:26,645 [INFO] CrossReferenceDbSqlite:203 - Set database path to: C:\Users\liushaw\.stmcufinder\plugins\mcufinder//mcu/cs/
2025-11-18 08:08:26,801 [INFO] RulesReader:64 - Compatibility file has been processed (317 Rules)
2025-11-18 08:08:26,952 [INFO] DbMcusXml:78 - Set database path to: C:\ST\STM32CubeIDE_1.19.0\STM32CubeIDE\plugins\com.st.stm32cube.common.mx_6.15.0.202507011659\\db\/mcu/
2025-11-18 08:08:26,953 [INFO] ApiDb:274 - Set plugin database path to: C:\ST\STM32CubeIDE_1.19.0\STM32CubeIDE\plugins\com.st.stm32cube.common.mx_6.15.0.202507011659\\db\/plugins/boardmanager/
2025-11-18 08:08:26,953 [INFO] ApiDb:261 - Set plugin images path to: C:\ST\STM32CubeIDE_1.19.0\STM32CubeIDE\plugins\com.st.stm32cube.common.mx_6.15.0.202507011659\\db\/plugins/mcufinder/images/
2025-11-18 08:08:26,953 [WARN] DbFile:41 - Overriding database path with different value: C:\Users\liushaw\.stmcufinder\plugins\mcufinder/ => C:\Users\liushaw\.stmcufinder\plugins\mcufinder
2025-11-18 08:08:26,953 [INFO] ApiDb:250 - Set database path to: C:\Users\liushaw\.stmcufinder\plugins\mcufinder//mcu/
2025-11-18 08:08:26,953 [WARN] DbFile:41 - Overriding database path with different value: C:\Users\liushaw\.stmcufinder\plugins\mcufinder/ => C:\Users\liushaw\.stmcufinder\plugins\mcufinder
2025-11-18 08:08:26,953 [INFO] DbMcusAds:125 - Set database path to: C:\Users\liushaw\.stmcufinder\plugins\mcufinder//mcu/
2025-11-18 08:08:26,953 [WARN] DbFile:41 - Overriding database path with different value: C:\Users\liushaw\.stmcufinder\plugins\mcufinder/ => C:\Users\liushaw\.stmcufinder\plugins\mcufinder
2025-11-18 08:08:26,954 [WARN] DbFile:41 - Overriding database path with different value: C:\Users\liushaw\.stmcufinder\plugins\mcufinder/ => C:\Users\liushaw\.stmcufinder\plugins\mcufinder
2025-11-18 08:08:26,954 [INFO] CrossReferenceDbSqlite:203 - Set database path to: C:\Users\liushaw\.stmcufinder\plugins\mcufinder//mcu/cs/
2025-11-18 08:08:27,068 [INFO] MainPanel:274 - HeapMemory: 268435456
2025-11-18 08:08:27,227 [INFO] DbMcusXml:78 - Set database path to: C:\ST\STM32CubeIDE_1.19.0\STM32CubeIDE\plugins\com.st.stm32cube.common.mx_6.15.0.202507011659\\db\/mcu/
2025-11-18 08:08:27,228 [INFO] ApiDb:274 - Set plugin database path to: C:\ST\STM32CubeIDE_1.19.0\STM32CubeIDE\plugins\com.st.stm32cube.common.mx_6.15.0.202507011659\\db\/plugins/boardmanager/
2025-11-18 08:08:27,228 [INFO] ApiDb:261 - Set plugin images path to: C:\ST\STM32CubeIDE_1.19.0\STM32CubeIDE\plugins\com.st.stm32cube.common.mx_6.15.0.202507011659\\db\/plugins/mcufinder/images/
2025-11-18 08:08:27,228 [WARN] DbFile:41 - Overriding database path with different value: C:\Users\liushaw\.stmcufinder\plugins\mcufinder/ => C:\Users\liushaw\.stmcufinder\plugins\mcufinder
2025-11-18 08:08:27,228 [INFO] ApiDb:250 - Set database path to: C:\Users\liushaw\.stmcufinder\plugins\mcufinder//mcu/
2025-11-18 08:08:27,228 [WARN] DbFile:41 - Overriding database path with different value: C:\Users\liushaw\.stmcufinder\plugins\mcufinder/ => C:\Users\liushaw\.stmcufinder\plugins\mcufinder
2025-11-18 08:08:27,228 [INFO] DbMcusAds:125 - Set database path to: C:\Users\liushaw\.stmcufinder\plugins\mcufinder//mcu/
2025-11-18 08:08:27,228 [WARN] DbFile:41 - Overriding database path with different value: C:\Users\liushaw\.stmcufinder\plugins\mcufinder/ => C:\Users\liushaw\.stmcufinder\plugins\mcufinder
2025-11-18 08:08:27,228 [WARN] DbFile:41 - Overriding database path with different value: C:\Users\liushaw\.stmcufinder\plugins\mcufinder/ => C:\Users\liushaw\.stmcufinder\plugins\mcufinder
2025-11-18 08:08:27,228 [INFO] CrossReferenceDbSqlite:203 - Set database path to: C:\Users\liushaw\.stmcufinder\plugins\mcufinder//mcu/cs/
2025-11-18 08:08:27,248 [INFO] ApplicationProperties:184 - Using Application install path: C:\ST\STM32CubeIDE_1.19.0\STM32CubeIDE\plugins\com.st.stm32cube.common.mx_6.15.0.202507011659
2025-11-18 08:08:27,250 [INFO] PluginManage:196 - Search for loadable plugins [exclusion list=, ]
2025-11-18 08:08:27,252 [INFO] PluginManage:310 - Check plugin analytics
2025-11-18 08:08:27,518 [INFO] AnalyticsPlugin:253 - Accepted Software Licenses: STM32CubeMX.6.15.0
2025-11-18 08:08:27,519 [INFO] AnalyticsPlugin:255 - Accepted CMSIS Pack Licenses: 
2025-11-18 08:08:27,519 [INFO] AnalyticsPlugin:257 - Accepted Firmware Licenses: FW.F4.1.28.0
2025-11-18 08:08:27,524 [INFO] PluginManage:359 - Loaded plugin analytics (category:tool,tabindex:-1)
2025-11-18 08:08:27,525 [INFO] PluginManage:310 - Check plugin cadmodel
2025-11-18 08:08:27,533 [INFO] CADModel:105 - Init CAD model plugin
2025-11-18 08:08:27,533 [INFO] PluginManage:359 - Loaded plugin cadmodel (category:power,tabindex:5)
2025-11-18 08:08:27,533 [INFO] PluginManage:310 - Check plugin clock
2025-11-18 08:08:27,548 [INFO] PluginManage:359 - Loaded plugin clock (category:base,tabindex:2)
2025-11-18 08:08:27,549 [INFO] PluginManage:310 - Check plugin ddr
2025-11-18 08:08:27,552 [INFO] PluginManage:359 - Loaded plugin ddr (category:tool,tabindex:6)
2025-11-18 08:08:27,553 [INFO] PluginManage:310 - Check plugin filemanager
2025-11-18 08:08:27,739 [INFO] PluginManage:359 - Loaded plugin filemanager (category:base,tabindex:10)
2025-11-18 08:08:27,739 [INFO] PluginManage:310 - Check plugin ipmanager
2025-11-18 08:08:27,748 [INFO] PluginManage:359 - Loaded plugin ipmanager (category:base,tabindex:5)
2025-11-18 08:08:27,748 [INFO] PluginManage:310 - Check plugin lpbam
2025-11-18 08:08:27,760 [INFO] PluginManage:359 - Loaded plugin lpbam (category:base,tabindex:0)
2025-11-18 08:08:27,760 [INFO] PluginManage:310 - Check plugin memorymap
2025-11-18 08:08:27,780 [INFO] PluginManage:359 - Loaded plugin memorymap (category:base,tabindex:4)
2025-11-18 08:08:27,781 [INFO] PluginManage:310 - Check plugin pinoutandconfiguration
2025-11-18 08:08:27,792 [INFO] PluginManage:359 - Loaded plugin pinoutandconfiguration (category:base,tabindex:1)
2025-11-18 08:08:27,792 [INFO] PluginManage:310 - Check plugin pinoutconfig
2025-11-18 08:08:27,884 [WARN] SupportedApi:132 - Cannot load RTOS API schema: s4s-elt-must-match.1: The content of 'definitions' must match (annotation?, (simpleType | complexType)?, (unique | key | keyref)*)). A problem was found starting at: attribute.
2025-11-18 08:08:28,043 [INFO] PluginManage:359 - Loaded plugin pinoutconfig (category:base,tabindex:0)
2025-11-18 08:08:28,043 [INFO] PluginManage:310 - Check plugin power
2025-11-18 08:08:28,057 [INFO] PluginManage:359 - Loaded plugin power (category:power,tabindex:4)
2025-11-18 08:08:28,057 [INFO] PluginManage:310 - Check plugin projectmanager
2025-11-18 08:08:28,073 [INFO] PluginManage:359 - Loaded plugin projectmanager (category:projectmanager,tabindex:4)
2025-11-18 08:08:28,073 [INFO] PluginManage:310 - Check plugin rif
2025-11-18 08:08:28,086 [INFO] PluginManage:359 - Loaded plugin rif (category:base,tabindex:3)
2025-11-18 08:08:28,087 [INFO] PluginManage:310 - Check plugin thirdparty
2025-11-18 08:08:28,281 [INFO] PluginManage:359 - Loaded plugin thirdparty (category:base,tabindex:-1)
2025-11-18 08:08:28,282 [WARN] IntegrityCheckThread:84 - waiting for thirdparty lock release [integrity check]
2025-11-18 08:08:28,282 [INFO] PluginManage:310 - Check plugin tools
2025-11-18 08:08:28,282 [INFO] IntegrityCheckThread:86 - entering critical section [integrity check]
2025-11-18 08:08:28,282 [INFO] ThirdPartyUpdaterWithRetryManager:70 - Updater plugin not ready yet. [1/15]
2025-11-18 08:08:28,285 [INFO] PluginManage:359 - Loaded plugin tools (category:base,tabindex:7)
2025-11-18 08:08:28,286 [INFO] PluginManage:310 - Check plugin tutovideos
2025-11-18 08:08:28,549 [INFO] PluginManage:359 - Loaded plugin tutovideos (category:base,tabindex:-1)
2025-11-18 08:08:28,549 [INFO] PluginManage:310 - Check plugin updater
2025-11-18 08:08:28,579 [INFO] PluginManage:359 - Loaded plugin updater (category:base,tabindex:12)
2025-11-18 08:08:28,580 [INFO] PluginManage:310 - Check plugin userauth
2025-11-18 08:08:28,588 [INFO] UserAuth:118 - Init User Auth plugin
2025-11-18 08:08:28,590 [INFO] PluginManage:359 - Loaded plugin userauth (category:base,tabindex:14)
2025-11-18 08:08:28,590 [INFO] PluginManage:283 - PluginManage : Loaded plugins [18]
2025-11-18 08:08:28,870 [INFO] PinOutPanel:1589 - setPackage(No Configuration,No Configuration)
2025-11-18 08:08:28,967 [INFO] CADModel:165 - CPN selected for project level
2025-11-18 08:08:28,967 [INFO] CADModel:114 - Register for checkConnection events
2025-11-18 08:08:28,994 [INFO] IPUIPlugin:80 - create IPUIPlugin
2025-11-18 08:08:28,994 [INFO] PluginManager:220 - loadIPPluginJar : add adc
2025-11-18 08:08:28,998 [INFO] IPUIPlugin:80 - create IPUIPlugin
2025-11-18 08:08:28,998 [INFO] PluginManager:220 - loadIPPluginJar : add aes
2025-11-18 08:08:29,001 [INFO] IPUIPlugin:80 - create IPUIPlugin
2025-11-18 08:08:29,001 [INFO] PluginManager:220 - loadIPPluginJar : add can
2025-11-18 08:08:29,004 [INFO] IPUIPlugin:80 - create IPUIPlugin
2025-11-18 08:08:29,005 [INFO] PluginManager:220 - loadIPPluginJar : add comp
2025-11-18 08:08:29,008 [INFO] IPUIPlugin:80 - create IPUIPlugin
2025-11-18 08:08:29,009 [INFO] PluginManager:220 - loadIPPluginJar : add cryp
2025-11-18 08:08:29,013 [INFO] IPUIPlugin:80 - create IPUIPlugin
2025-11-18 08:08:29,013 [INFO] PluginManager:220 - loadIPPluginJar : add ddr_ctrl_phy
2025-11-18 08:08:29,016 [INFO] IPUIPlugin:80 - create IPUIPlugin
2025-11-18 08:08:29,016 [INFO] PluginManager:220 - loadIPPluginJar : add dfsdm
2025-11-18 08:08:29,025 [INFO] IPUIPlugin:80 - create IPUIPlugin
2025-11-18 08:08:29,026 [INFO] PluginManager:220 - loadIPPluginJar : add dma
2025-11-18 08:08:29,030 [INFO] IPUIPlugin:80 - create IPUIPlugin
2025-11-18 08:08:29,030 [INFO] PluginManager:220 - loadIPPluginJar : add dma3
2025-11-18 08:08:29,033 [INFO] IPUIPlugin:80 - create IPUIPlugin
2025-11-18 08:08:29,034 [INFO] PluginManager:220 - loadIPPluginJar : add extmemmanager
2025-11-18 08:08:29,036 [INFO] IPUIPlugin:80 - create IPUIPlugin
2025-11-18 08:08:29,037 [INFO] PluginManager:220 - loadIPPluginJar : add fatfs
2025-11-18 08:08:29,043 [INFO] IPUIPlugin:80 - create IPUIPlugin
2025-11-18 08:08:29,043 [INFO] PluginManager:220 - loadIPPluginJar : add fmc
2025-11-18 08:08:29,050 [INFO] IPUIPlugin:80 - create IPUIPlugin
2025-11-18 08:08:29,051 [INFO] PluginManager:220 - loadIPPluginJar : add freertos
2025-11-18 08:08:29,053 [INFO] IPUIPlugin:80 - create IPUIPlugin
2025-11-18 08:08:29,053 [INFO] PluginManager:220 - loadIPPluginJar : add genericplugin
2025-11-18 08:08:29,057 [INFO] IPUIPlugin:80 - create IPUIPlugin
2025-11-18 08:08:29,057 [INFO] PluginManager:220 - loadIPPluginJar : add gfxmmu
2025-11-18 08:08:29,062 [INFO] IPUIPlugin:80 - create IPUIPlugin
2025-11-18 08:08:29,062 [INFO] PluginManager:220 - loadIPPluginJar : add gic
2025-11-18 08:08:29,067 [INFO] IPUIPlugin:80 - create IPUIPlugin
2025-11-18 08:08:29,067 [INFO] PluginManager:220 - loadIPPluginJar : add gpio
2025-11-18 08:08:29,071 [INFO] IPUIPlugin:80 - create IPUIPlugin
2025-11-18 08:08:29,071 [INFO] PluginManager:220 - loadIPPluginJar : add gtzc
2025-11-18 08:08:29,074 [INFO] IPUIPlugin:80 - create IPUIPlugin
2025-11-18 08:08:29,074 [INFO] PluginManager:220 - loadIPPluginJar : add hash
2025-11-18 08:08:29,077 [INFO] IPUIPlugin:80 - create IPUIPlugin
2025-11-18 08:08:29,077 [INFO] PluginManager:220 - loadIPPluginJar : add i2c
2025-11-18 08:08:29,081 [INFO] IPUIPlugin:80 - create IPUIPlugin
2025-11-18 08:08:29,081 [INFO] PluginManager:220 - loadIPPluginJar : add i2s
2025-11-18 08:08:29,084 [INFO] IPUIPlugin:80 - create IPUIPlugin
2025-11-18 08:08:29,084 [INFO] PluginManager:220 - loadIPPluginJar : add i3c
2025-11-18 08:08:29,089 [INFO] IPUIPlugin:80 - create IPUIPlugin
2025-11-18 08:08:29,089 [INFO] PluginManager:220 - loadIPPluginJar : add ipddr
2025-11-18 08:08:29,097 [INFO] IPUIPlugin:80 - create IPUIPlugin
2025-11-18 08:08:29,097 [INFO] PluginManager:220 - loadIPPluginJar : add linkedlist
2025-11-18 08:08:29,101 [INFO] IPUIPlugin:80 - create IPUIPlugin
2025-11-18 08:08:29,101 [INFO] PluginManager:220 - loadIPPluginJar : add lorawan
2025-11-18 08:08:29,104 [INFO] IPUIPlugin:80 - create IPUIPlugin
2025-11-18 08:08:29,105 [INFO] PluginManager:220 - loadIPPluginJar : add ltdc
2025-11-18 08:08:29,112 [INFO] IPUIPlugin:80 - create IPUIPlugin
2025-11-18 08:08:29,112 [INFO] PluginManager:220 - loadIPPluginJar : add mdma
2025-11-18 08:08:29,116 [INFO] IPUIPlugin:80 - create IPUIPlugin
2025-11-18 08:08:29,116 [INFO] PluginManager:220 - loadIPPluginJar : add nvic
2025-11-18 08:08:29,120 [INFO] IPUIPlugin:80 - create IPUIPlugin
2025-11-18 08:08:29,120 [INFO] PluginManager:220 - loadIPPluginJar : add opamp
2025-11-18 08:08:29,124 [INFO] IPUIPlugin:80 - create IPUIPlugin
2025-11-18 08:08:29,124 [INFO] PluginManager:220 - loadIPPluginJar : add openamp
2025-11-18 08:08:29,128 [INFO] IPUIPlugin:80 - create IPUIPlugin
2025-11-18 08:08:29,128 [INFO] PluginManager:220 - loadIPPluginJar : add pdm2pcm
2025-11-18 08:08:29,135 [INFO] IPUIPlugin:80 - create IPUIPlugin
2025-11-18 08:08:29,139 [INFO] PluginManager:220 - loadIPPluginJar : add plateformsettings
2025-11-18 08:08:29,141 [INFO] IPUIPlugin:80 - create IPUIPlugin
2025-11-18 08:08:29,142 [INFO] PluginManager:220 - loadIPPluginJar : add quadspi
2025-11-18 08:08:29,145 [INFO] IPUIPlugin:80 - create IPUIPlugin
2025-11-18 08:08:29,146 [INFO] PluginManager:220 - loadIPPluginJar : add radio
2025-11-18 08:08:29,149 [INFO] IPUIPlugin:80 - create IPUIPlugin
2025-11-18 08:08:29,150 [INFO] PluginManager:220 - loadIPPluginJar : add resmgrutility
2025-11-18 08:08:29,154 [INFO] IPUIPlugin:80 - create IPUIPlugin
2025-11-18 08:08:29,154 [INFO] PluginManager:220 - loadIPPluginJar : add sai
2025-11-18 08:08:29,157 [INFO] IPUIPlugin:80 - create IPUIPlugin
2025-11-18 08:08:29,158 [INFO] PluginManager:220 - loadIPPluginJar : add spi
2025-11-18 08:08:29,165 [INFO] IPUIPlugin:80 - create IPUIPlugin
2025-11-18 08:08:29,165 [INFO] PluginManager:220 - loadIPPluginJar : add stm32_wpan
2025-11-18 08:08:29,168 [INFO] IPUIPlugin:80 - create IPUIPlugin
2025-11-18 08:08:29,168 [INFO] PluginManager:220 - loadIPPluginJar : add tim
2025-11-18 08:08:29,172 [INFO] IPUIPlugin:80 - create IPUIPlugin
2025-11-18 08:08:29,172 [INFO] PluginManager:220 - loadIPPluginJar : add touchsensing
2025-11-18 08:08:29,175 [INFO] IPUIPlugin:80 - create IPUIPlugin
2025-11-18 08:08:29,176 [INFO] PluginManager:220 - loadIPPluginJar : add tracer_emb
2025-11-18 08:08:29,179 [INFO] IPUIPlugin:80 - create IPUIPlugin
2025-11-18 08:08:29,179 [INFO] PluginManager:220 - loadIPPluginJar : add ts
2025-11-18 08:08:29,181 [INFO] IPUIPlugin:80 - create IPUIPlugin
2025-11-18 08:08:29,181 [INFO] PluginManager:220 - loadIPPluginJar : add tsc
2025-11-18 08:08:29,183 [INFO] IPUIPlugin:80 - create IPUIPlugin
2025-11-18 08:08:29,183 [INFO] PluginManager:220 - loadIPPluginJar : add ucpd
2025-11-18 08:08:29,187 [INFO] IPUIPlugin:80 - create IPUIPlugin
2025-11-18 08:08:29,187 [INFO] PluginManager:220 - loadIPPluginJar : add usart
2025-11-18 08:08:29,192 [INFO] IPUIPlugin:80 - create IPUIPlugin
2025-11-18 08:08:29,193 [INFO] PluginManager:220 - loadIPPluginJar : add usbx
2025-11-18 08:08:29,337 [FATAL] Updater:351 - Updater called before beeing initialized
2025-11-18 08:08:29,363 [INFO] RulesReader:64 - Compatibility file has been processed (317 Rules)
2025-11-18 08:08:29,375 [INFO] RulesReader:64 - Compatibility file has been processed (317 Rules)
2025-11-18 08:08:29,390 [INFO] CADModel:165 - CPN selected for project level
2025-11-18 08:08:29,390 [INFO] CADModel:114 - Register for checkConnection events
2025-11-18 08:08:29,391 [FATAL] Updater:351 - Updater called before beeing initialized
2025-11-18 08:08:29,391 [ERROR] CADModel:125 - Updater not yet initialized, retry later 
2025-11-18 08:08:29,578 [FATAL] Updater:351 - Updater called before beeing initialized
2025-11-18 08:08:29,596 [INFO] CADModel:165 - CPN selected for project level
2025-11-18 08:08:29,597 [INFO] CADModel:114 - Register for checkConnection events
2025-11-18 08:08:29,597 [FATAL] Updater:351 - Updater called before beeing initialized
2025-11-18 08:08:29,597 [ERROR] CADModel:125 - Updater not yet initialized, retry later 
2025-11-18 08:08:29,604 [FATAL] Updater:351 - Updater called before beeing initialized
2025-11-18 08:08:29,751 [FATAL] Updater:351 - Updater called before beeing initialized
2025-11-18 08:08:29,763 [INFO] DbMcusAds:53 - JSON generation date=Mon Nov 10 18:43:01 CST 2025 (1762771381096)
2025-11-18 08:08:29,764 [FATAL] Updater:351 - Updater called before beeing initialized
2025-11-18 08:08:29,807 [WARN] DetailPanel:346 - Failed to get advertising image, set to default
2025-11-18 08:08:29,884 [FATAL] Updater:351 - Updater called before beeing initialized
2025-11-18 08:08:29,887 [FATAL] Updater:351 - Updater called before beeing initialized
2025-11-18 08:08:29,888 [FATAL] Updater:351 - Updater called before beeing initialized
2025-11-18 08:08:29,888 [WARN] DetailPanel:346 - Failed to get advertising image, set to default
2025-11-18 08:08:29,889 [FATAL] Updater:351 - Updater called before beeing initialized
2025-11-18 08:08:29,936 [ERROR] Updater:1198 - MainUpdater not yet initialized. External WinMGr cannot be set.
2025-11-18 08:08:29,939 [INFO] Updater:1134 - Updater Version found : 6.15.0
2025-11-18 08:08:29,961 [INFO] ApplicationProperties:184 - Using Application install path: C:\ST\STM32CubeIDE_1.19.0\STM32CubeIDE\plugins\com.st.stm32cube.common.mx_6.15.0.202507011659
2025-11-18 08:08:31,283 [INFO] ThirdPartyUpdaterWithRetryManager:70 - Updater plugin not ready yet. [2/15]
2025-11-18 08:08:31,550 [ERROR] LogOutputStream:75 - [STDERR_REDIRECT] Nov 18, 2025 8:08:31 AM java.util.prefs.WindowsPreferences <init>
2025-11-18 08:08:31,553 [ERROR] LogOutputStream:75 - [STDERR_REDIRECT] WARNING: Could not open/create prefs root node Software\JavaSoft\Prefs at root 0xffffffff80000002. Windows RegCreateKeyEx(...) returned error code 5.
2025-11-18 08:08:31,554 [ERROR] LogOutputStream:75 - [STDERR_REDIRECT] 
2025-11-18 08:08:32,266 [INFO] MainUpdater:2872 - connection check result : 10
2025-11-18 08:08:32,268 [INFO] MainUpdater:289 - Updater Check For Update Now.
2025-11-18 08:08:32,268 [INFO] MicroXplorer:498 - Change Database Version : DB.6.0.150
2025-11-18 08:08:32,298 [INFO] McuFinderGlobals:63 - Set McuFinder mode to 2 (CubeIDE integrated)
2025-11-18 08:08:32,299 [INFO] UserAuth:487 - Internet connection configuration mode: 1
2025-11-18 08:08:32,357 [INFO] JxBrowserEngine:152 - Initiate JxBrowser Engine with user profile folder
2025-11-18 08:08:32,456 [INFO] CheckServerUpdateThread:120 - End of CheckServer Thread
2025-11-18 08:08:33,417 [INFO] WebApp:169 - Instantiating new browser for Auth
2025-11-18 08:08:34,166 [INFO] WebApp:463 - Apply proxy settings
2025-11-18 08:08:34,167 [INFO] WebApp:548 - Chromium requires no authentication
2025-11-18 08:08:34,181 [INFO] WebApp:491 - Direct internet connection detected
2025-11-18 08:08:34,213 [INFO] WebApp:900 - Register for checkConnection events
2025-11-18 08:08:34,213 [INFO] WebApp:463 - Apply proxy settings
2025-11-18 08:08:34,213 [INFO] WebApp:548 - Chromium requires no authentication
2025-11-18 08:08:34,214 [INFO] WebApp:491 - Direct internet connection detected
2025-11-18 08:08:34,381 [INFO] WebApp:191 - Connection restablished
2025-11-18 08:08:34,621 [WARN] PackLoader:240 - Cannot read IP mode file for STMicroelectronics.FP-SNS-MOTENVWB1.1.4.0
2025-11-18 08:08:34,631 [WARN] PackLoader:240 - Cannot read IP mode file for STMicroelectronics.FP-ATR-ASTRA1.2.0.2
2025-11-18 08:08:34,639 [INFO] WebApp:225 - Starting web application
2025-11-18 08:08:34,640 [INFO] WebApp:593 - Web application path used C:\ST\STM32CubeIDE_1.19.0\STM32CubeIDE\plugins\com.st.stm32cube.common.mx_6.15.0.202507011659\db\plugins\mcufinder\reactClient1\index.html
2025-11-18 08:08:34,648 [WARN] PackLoader:240 - Cannot read IP mode file for STMicroelectronics.X-CUBE-SMBUS.2.1.0
2025-11-18 08:08:34,679 [WARN] PackLoader:240 - Cannot read IP mode file for STMicroelectronics.X-CUBE-AZRTOS-F7.1.1.0
2025-11-18 08:08:34,685 [WARN] PackLoader:240 - Cannot read IP mode file for Cesanta.I-CUBE-Mongoose.7.19.0
2025-11-18 08:08:34,691 [WARN] PackLoader:240 - Cannot read IP mode file for STMicroelectronics.FP-SNS-MOTENV1.5.1.0
2025-11-18 08:08:34,706 [WARN] PackLoader:240 - Cannot read IP mode file for WES.I-CUBE-Cesium.1.4.0
2025-11-18 08:08:34,726 [WARN] PackLoader:240 - Cannot read IP mode file for Infineon.AIROC-Wi-Fi-Bluetooth-STM32.1.7.1
2025-11-18 08:08:34,745 [WARN] PackLoader:240 - Cannot read IP mode file for STMicroelectronics.X-CUBE-AZRTOS-H7.3.4.0
2025-11-18 08:08:34,754 [WARN] PackLoader:240 - Cannot read IP mode file for STMicroelectronics.X-CUBE-DISPLAY.3.0.0
2025-11-18 08:08:34,772 [WARN] PackLoader:240 - Cannot read IP mode file for STMicroelectronics.X-CUBE-NFC10.1.0.0
2025-11-18 08:08:34,777 [WARN] PackLoader:240 - Cannot read IP mode file for STMicroelectronics.X-CUBE-ST60.1.1.0
2025-11-18 08:08:34,781 [WARN] PackLoader:240 - Cannot read IP mode file for emotas.I-CUBE-CANOPEN.1.3.0
2025-11-18 08:08:34,788 [WARN] PackLoader:240 - Cannot read IP mode file for STMicroelectronics.X-CUBE-GNSS1.7.1.0
2025-11-18 08:08:34,794 [WARN] PackLoader:240 - Cannot read IP mode file for STMicroelectronics.FP-SNS-STBOX1.2.1.0
2025-11-18 08:08:34,798 [WARN] PackLoader:240 - Cannot read IP mode file for STMicroelectronics.FP-SNS-SMARTAG2.1.2.0
2025-11-18 08:08:34,801 [WARN] PackLoader:240 - Cannot read IP mode file for STMicroelectronics.FP-SNS-FLIGHT1.5.1.0
2025-11-18 08:08:34,809 [INFO] LogOutputStream:77 - [STDOUT_REDIRECT] 1 : Invalid condition id : UX_CORESTACK_Condition cause : null
2025-11-18 08:08:34,810 [INFO] LogOutputStream:77 - [STDOUT_REDIRECT] 1 : Invalid condition id : UX_CORESTACK_Condition cause : null
2025-11-18 08:08:34,812 [INFO] LogOutputStream:77 - [STDOUT_REDIRECT] 1 : Invalid condition id : UX_CORESTACK_Condition cause : null
2025-11-18 08:08:34,813 [INFO] LogOutputStream:77 - [STDOUT_REDIRECT] 1 : Invalid condition id : UX_CORESTACK_Condition cause : null
2025-11-18 08:08:34,814 [INFO] LogOutputStream:77 - [STDOUT_REDIRECT] 1 : Invalid condition id : UX_CORESTACK_Condition cause : null
2025-11-18 08:08:34,817 [WARN] PackLoader:240 - Cannot read IP mode file for STMicroelectronics.X-CUBE-AZRTOS-WL.2.0.0
2025-11-18 08:08:34,837 [WARN] PackLoader:240 - Cannot read IP mode file for STMicroelectronics.X-CUBE-BLE2.3.3.0
2025-11-18 08:08:34,916 [WARN] PackLoader:240 - Cannot read IP mode file for STMicroelectronics.X-CUBE-NFC9.1.0.0
2025-11-18 08:08:34,925 [WARN] PackLoader:240 - Cannot read IP mode file for wolfSSL.I-CUBE-wolfSSL.5.8.2
2025-11-18 08:08:34,932 [WARN] PackLoader:240 - Cannot read IP mode file for STMicroelectronics.X-CUBE-BLE1.7.1.0
2025-11-18 08:08:34,937 [WARN] PackLoader:240 - Cannot read IP mode file for wolfSSL.I-CUBE-wolfMQTT.1.19.2
2025-11-18 08:08:34,944 [WARN] PackLoader:240 - Cannot read IP mode file for STMicroelectronics.X-CUBE-EEPRMA1.5.2.0
2025-11-18 08:08:34,951 [WARN] PackLoader:240 - Cannot read IP mode file for STMicroelectronics.X-CUBE-ST67W61.1.1.0
2025-11-18 08:08:34,965 [WARN] PackLoader:240 - Cannot read IP mode file for STMicroelectronics.X-CUBE-AZRTOS-G0.1.1.0
2025-11-18 08:08:34,972 [INFO] UserAuth:487 - Internet connection configuration mode: 1
2025-11-18 08:08:34,974 [WARN] PackLoader:240 - Cannot read IP mode file for STMicroelectronics.X-CUBE-SAFEA1.1.2.2
2025-11-18 08:08:34,979 [WARN] PackLoader:240 - Cannot read IP mode file for STMicroelectronics.X-CUBE-NFC4.3.0.0
2025-11-18 08:08:34,987 [WARN] PackLoader:240 - Cannot read IP mode file for STMicroelectronics.X-CUBE-WB05N.2.0.0
2025-11-18 08:08:34,992 [WARN] PackLoader:240 - Cannot read IP mode file for wolfSSL.I-CUBE-wolfTPM.3.8.0
2025-11-18 08:08:34,997 [WARN] PackLoader:240 - Cannot read IP mode file for STMicroelectronics.X-CUBE-TCPP.4.2.0
2025-11-18 08:08:35,005 [WARN] PackLoader:240 - Cannot read IP mode file for RealThread.X-CUBE-RT-Thread_Nano.4.1.1
2025-11-18 08:08:35,008 [WARN] PackLoader:240 - Cannot read IP mode file for STMicroelectronics.FP-ATR-SIGFOX1.3.2.0
2025-11-18 08:08:35,015 [WARN] PackLoader:240 - Cannot read IP mode file for ITTIA_DB.I-CUBE-ITTIADB.8.9.0
2025-11-18 08:08:35,019 [WARN] PackLoader:240 - Cannot read IP mode file for STMicroelectronics.X-CUBE-AI.10.2.0
2025-11-18 08:08:35,042 [WARN] PackLoader:240 - Cannot read IP mode file for SEGGER.I-CUBE-embOS.1.3.1
2025-11-18 08:08:35,064 [WARN] PackLoader:240 - Cannot read IP mode file for STMicroelectronics.X-CUBE-ALGOBUILD.1.4.0
2025-11-18 08:08:35,099 [WARN] PackLoader:240 - Cannot read IP mode file for STMicroelectronics.X-CUBE-MEMS1.11.3.0
2025-11-18 08:08:35,195 [WARN] PackLoader:240 - Cannot read IP mode file for STMicroelectronics.X-CUBE-PM33A1.1.0.0
2025-11-18 08:08:35,207 [WARN] PackLoader:240 - Cannot read IP mode file for STMicroelectronics.X-CUBE-AZRTOS-F4.1.1.0
2025-11-18 08:08:35,211 [WARN] PackLoader:240 - Cannot read IP mode file for STMicroelectronics.X-CUBE-ISPU.2.1.0
2025-11-18 08:08:35,225 [WARN] PackLoader:240 - Cannot read IP mode file for STMicroelectronics.X-CUBE-IPS.3.2.0
2025-11-18 08:08:35,240 [WARN] PackLoader:240 - Cannot read IP mode file for STMicroelectronics.X-CUBE-NFC12.1.0.0
2025-11-18 08:08:35,260 [WARN] PackLoader:240 - Cannot read IP mode file for STMicroelectronics.X-CUBE-AZRTOS-L5.2.0.0
2025-11-18 08:08:35,267 [WARN] PackLoader:240 - Cannot read IP mode file for STMicroelectronics.X-CUBE-NFC6.3.1.0
2025-11-18 08:08:35,274 [WARN] PackLoader:240 - Cannot read IP mode file for STMicroelectronics.X-CUBE-FREERTOS.1.3.1
2025-11-18 08:08:35,282 [WARN] PackLoader:240 - Cannot read IP mode file for STMicroelectronics.X-CUBE-TOUCHGFX.4.26.0
2025-11-18 08:08:35,291 [WARN] PackLoader:240 - Cannot read IP mode file for STMicroelectronics.FP-SNS-STAIOTCFT.1.0.0
2025-11-18 08:08:35,296 [WARN] PackLoader:240 - Cannot read IP mode file for STMicroelectronics.X-CUBE-DPower.1.3.0
2025-11-18 08:08:35,307 [WARN] ConditionMgr:438 - getConditionDescription Invalid condition id : LAN8742 Phy interface Condition cause : null
2025-11-18 08:08:35,308 [WARN] PackLoader:240 - Cannot read IP mode file for STMicroelectronics.X-CUBE-AZRTOS-L4.2.0.0
2025-11-18 08:08:35,309 [WARN] ConditionMgr:1044 - genDependencies : Invalid condition id : LAN8742 Phy interface Condition cause : null
2025-11-18 08:08:35,309 [WARN] ConditionMgr:1044 - genDependencies : Invalid condition id : LAN8742 Phy interface Condition cause : null
2025-11-18 08:08:35,310 [WARN] ConditionMgr:1044 - genDependencies : Invalid condition id : LAN8742 Phy interface Condition cause : null
2025-11-18 08:08:35,317 [WARN] PackLoader:240 - Cannot read IP mode file for STMicroelectronics.X-CUBE-SFXS2LP1.4.0.0
2025-11-18 08:08:35,329 [WARN] PackLoader:240 - Cannot read IP mode file for STMicroelectronics.X-CUBE-BLEMGR.4.1.0
2025-11-18 08:08:35,339 [WARN] ConditionMgr:438 - getConditionDescription Invalid condition id : UX DEVICE CLASS RTOS Condition cause : null
2025-11-18 08:08:35,339 [WARN] ConditionMgr:438 - getConditionDescription Invalid condition id : UX DEVICE CLASS RTOS Condition cause : null
2025-11-18 08:08:35,340 [WARN] PackLoader:240 - Cannot read IP mode file for STMicroelectronics.X-CUBE-AZRTOS-WB.2.0.0
2025-11-18 08:08:35,340 [WARN] ConditionMgr:1044 - genDependencies : Invalid condition id : UX DEVICE CLASS RTOS Condition cause : null
2025-11-18 08:08:35,340 [WARN] ConditionMgr:1044 - genDependencies : Invalid condition id : UX DEVICE CLASS RTOS Condition cause : null
2025-11-18 08:08:35,340 [WARN] ConditionMgr:1044 - genDependencies : Invalid condition id : UX DEVICE CLASS RTOS Condition cause : null
2025-11-18 08:08:35,340 [WARN] ConditionMgr:1044 - genDependencies : Invalid condition id : UX DEVICE CLASS RTOS Condition cause : null
2025-11-18 08:08:35,340 [WARN] ConditionMgr:1044 - genDependencies : Invalid condition id : UX DEVICE CLASS RTOS Condition cause : null
2025-11-18 08:08:35,345 [WARN] PackLoader:240 - Cannot read IP mode file for STMicroelectronics.X-CUBE-GNSS1.7.0.1
2025-11-18 08:08:35,348 [WARN] ConditionMgr:438 - getConditionDescription Invalid condition id : Cortex-A Device cause : null
2025-11-18 08:08:35,363 [WARN] ConditionMgr:1044 - genDependencies : Invalid condition id : Cortex-A Device cause : null
2025-11-18 08:08:35,363 [WARN] ConditionMgr:1044 - genDependencies : Invalid condition id : Cortex-A Device cause : null
2025-11-18 08:08:35,363 [WARN] ConditionMgr:1044 - genDependencies : Invalid condition id : Cortex-A Device cause : null
2025-11-18 08:08:35,372 [WARN] PackLoader:240 - Cannot read IP mode file for STMicroelectronics.X-CUBE-SUBG2.5.0.0
2025-11-18 08:08:35,388 [WARN] PackLoader:240 - Cannot read IP mode file for STMicroelectronics.X-CUBE-AZRTOS-H7RS.1.1.0
2025-11-18 08:08:35,396 [WARN] PackLoader:240 - Cannot read IP mode file for STMicroelectronics.X-CUBE-AZRTOS-G4.2.0.0
2025-11-18 08:08:35,401 [WARN] PackLoader:240 - Cannot read IP mode file for wolfSSL.I-CUBE-wolfSSH.1.4.20
2025-11-18 08:08:35,407 [WARN] PackLoader:240 - Cannot read IP mode file for STMicroelectronics.X-CUBE-NFC7.2.0.0
2025-11-18 08:08:35,412 [WARN] PackLoader:240 - Cannot read IP mode file for STMicroelectronics.X-CUBE-ALS.1.0.2
2025-11-18 08:08:35,418 [WARN] PackLoader:240 - Cannot read IP mode file for STMicroelectronics.X-CUBE-STSE01.1.0.0
2025-11-18 08:08:35,425 [WARN] PackLoader:240 - Cannot read IP mode file for STMicroelectronics.X-CUBE-TOF1.3.4.3
2025-11-18 08:08:35,431 [INFO] ThirdParty:978 - Integrity check success = true
2025-11-18 08:08:35,431 [INFO] IntegrityCheckThread:100 - exiting critical section [integrity check]
2025-11-18 08:08:35,431 [INFO] IntegrityCheckThread:103 - End integrity checks thread
2025-11-18 08:41:32,533 [INFO] WebApp:194 - Connection lost
2025-11-18 08:41:32,788 [INFO] WebApp:191 - Connection restablished
2025-11-18 08:41:33,609 [INFO] WebApp:194 - Connection lost
2025-11-18 08:41:33,803 [INFO] WebApp:191 - Connection restablished
2025-11-18 08:41:34,463 [INFO] WebApp:194 - Connection lost
2025-11-18 08:41:34,572 [INFO] WebApp:191 - Connection restablished
2025-11-18 10:45:10,483 [INFO] WebApp:194 - Connection lost
2025-11-18 10:45:10,675 [INFO] WebApp:191 - Connection restablished
2025-11-18 11:53:48,122 [INFO] WebApp:194 - Connection lost
2025-11-18 11:53:48,476 [INFO] WebApp:191 - Connection restablished
2025-11-18 11:53:56,039 [INFO] WebApp:194 - Connection lost
2025-11-18 11:53:56,205 [INFO] WebApp:191 - Connection restablished
2025-11-18 11:57:54,000 [INFO] WebApp:194 - Connection lost
2025-11-18 11:57:54,218 [INFO] WebApp:191 - Connection restablished
2025-11-18 12:12:11,046 [INFO] WebApp:194 - Connection lost
2025-11-18 12:12:11,195 [INFO] WebApp:191 - Connection restablished
2025-11-18 12:17:06,070 [INFO] WebApp:194 - Connection lost
2025-11-18 12:17:06,252 [INFO] WebApp:191 - Connection restablished
2025-11-18 12:20:08,531 [INFO] WebApp:194 - Connection lost
2025-11-18 12:20:08,691 [INFO] WebApp:191 - Connection restablished
2025-11-18 12:58:24,836 [INFO] WebApp:194 - Connection lost
2025-11-18 12:58:25,042 [INFO] WebApp:191 - Connection restablished
2025-11-18 13:01:16,550 [INFO] WebApp:194 - Connection lost
2025-11-18 13:01:16,699 [INFO] WebApp:191 - Connection restablished
2025-11-18 13:01:32,062 [INFO] WebApp:194 - Connection lost
2025-11-18 13:01:32,572 [INFO] WebApp:191 - Connection restablished
2025-11-18 13:01:39,059 [INFO] WebApp:194 - Connection lost
2025-11-18 13:01:39,207 [INFO] WebApp:191 - Connection restablished
2025-11-18 13:03:36,537 [INFO] WebApp:194 - Connection lost
2025-11-18 13:03:36,742 [INFO] WebApp:191 - Connection restablished
2025-11-18 13:03:47,565 [INFO] WebApp:194 - Connection lost
2025-11-18 13:03:47,726 [INFO] WebApp:191 - Connection restablished
2025-11-18 13:04:07,065 [INFO] WebApp:194 - Connection lost
2025-11-18 13:04:07,508 [INFO] WebApp:191 - Connection restablished
2025-11-18 13:04:19,540 [INFO] WebApp:194 - Connection lost
2025-11-18 13:04:19,763 [INFO] WebApp:191 - Connection restablished
2025-11-18 13:04:34,545 [INFO] WebApp:194 - Connection lost
2025-11-18 13:04:39,363 [INFO] WebApp:191 - Connection restablished
2025-11-18 13:04:43,575 [INFO] WebApp:194 - Connection lost
2025-11-18 13:04:43,728 [INFO] WebApp:191 - Connection restablished
2025-11-18 13:05:24,550 [INFO] WebApp:194 - Connection lost
2025-11-18 13:05:24,707 [INFO] WebApp:191 - Connection restablished
2025-11-18 13:05:54,227 [INFO] WebApp:194 - Connection lost
2025-11-18 13:06:49,219 [INFO] WebApp:191 - Connection restablished
2025-11-18 13:07:09,026 [INFO] WebApp:194 - Connection lost
2025-11-18 13:07:09,175 [INFO] WebApp:191 - Connection restablished
2025-11-18 15:43:37,187 [INFO] WebApp:194 - Connection lost
2025-11-18 15:43:37,403 [INFO] WebApp:191 - Connection restablished
2025-11-18 16:51:54,281 [INFO] WebApp:194 - Connection lost
2025-11-18 16:51:54,468 [INFO] WebApp:191 - Connection restablished
2025-11-18 16:56:03,257 [INFO] WebApp:194 - Connection lost
2025-11-18 16:56:03,398 [INFO] WebApp:191 - Connection restablished
2025-11-18 17:53:01,954 [INFO] WebApp:403 - JxBrowser engine has been closed 
2025-11-18 17:53:02,032 [ERROR] LogOutputStream:75 - [STDERR_REDIRECT] 
