2026-01-16 15:26:19,171 [INFO] Activator:176 - 


2026-01-16 15:26:19,177 [INFO] Activator:177 - !SESSION log4j initialized
2026-01-16 15:26:25,892 [INFO] LogOutputStream:77 - [STDOUT_REDIRECT] 
2026-01-16 15:26:28,997 [INFO] ApplicationProperties:184 - Using Application install path: C:\ST\STM32CubeIDE_1.19.0\STM32CubeIDE\plugins\com.st.stm32cube.common.mx_6.15.0.202507011659
2026-01-16 15:26:29,021 [INFO] DbMcusXml:78 - Set database path to: C:\ST\STM32CubeIDE_1.19.0\STM32CubeIDE\plugins\com.st.stm32cube.common.mx_6.15.0.202507011659\\db\/mcu/
2026-01-16 15:26:29,021 [INFO] ApiDb:274 - Set plugin database path to: C:\ST\STM32CubeIDE_1.19.0\STM32CubeIDE\plugins\com.st.stm32cube.common.mx_6.15.0.202507011659\\db\/plugins/boardmanager/
2026-01-16 15:26:29,021 [WARN] ApiDb:259 - Overriding images path with different value:  => C:\ST\STM32CubeIDE_1.19.0\STM32CubeIDE\plugins\com.st.stm32cube.common.mx_6.15.0.202507011659\\db\/plugins/mcufinder/images/
2026-01-16 15:26:29,028 [INFO] ApiDb:250 - Set database path to: C:\Users\liushaw\.stmcufinder\plugins\mcufinder//mcu/
2026-01-16 15:26:29,030 [INFO] DbMcusAds:125 - Set database path to: C:\Users\liushaw\.stmcufinder\plugins\mcufinder//mcu/
2026-01-16 15:26:29,032 [INFO] CrossReferenceDbSqlite:203 - Set database path to: C:\Users\liushaw\.stmcufinder\plugins\mcufinder//mcu/cs/
2026-01-16 15:26:29,147 [INFO] RulesReader:64 - Compatibility file has been processed (317 Rules)
2026-01-16 15:26:29,251 [INFO] DbMcusXml:78 - Set database path to: C:\ST\STM32CubeIDE_1.19.0\STM32CubeIDE\plugins\com.st.stm32cube.common.mx_6.15.0.202507011659\\db\/mcu/
2026-01-16 15:26:29,251 [INFO] ApiDb:274 - Set plugin database path to: C:\ST\STM32CubeIDE_1.19.0\STM32CubeIDE\plugins\com.st.stm32cube.common.mx_6.15.0.202507011659\\db\/plugins/boardmanager/
2026-01-16 15:26:29,251 [INFO] ApiDb:261 - Set plugin images path to: C:\ST\STM32CubeIDE_1.19.0\STM32CubeIDE\plugins\com.st.stm32cube.common.mx_6.15.0.202507011659\\db\/plugins/mcufinder/images/
2026-01-16 15:26:29,251 [WARN] DbFile:41 - Overriding database path with different value: C:\Users\liushaw\.stmcufinder\plugins\mcufinder/ => C:\Users\liushaw\.stmcufinder\plugins\mcufinder
2026-01-16 15:26:29,251 [INFO] ApiDb:250 - Set database path to: C:\Users\liushaw\.stmcufinder\plugins\mcufinder//mcu/
2026-01-16 15:26:29,252 [WARN] DbFile:41 - Overriding database path with different value: C:\Users\liushaw\.stmcufinder\plugins\mcufinder/ => C:\Users\liushaw\.stmcufinder\plugins\mcufinder
2026-01-16 15:26:29,252 [INFO] DbMcusAds:125 - Set database path to: C:\Users\liushaw\.stmcufinder\plugins\mcufinder//mcu/
2026-01-16 15:26:29,252 [WARN] DbFile:41 - Overriding database path with different value: C:\Users\liushaw\.stmcufinder\plugins\mcufinder/ => C:\Users\liushaw\.stmcufinder\plugins\mcufinder
2026-01-16 15:26:29,252 [WARN] DbFile:41 - Overriding database path with different value: C:\Users\liushaw\.stmcufinder\plugins\mcufinder/ => C:\Users\liushaw\.stmcufinder\plugins\mcufinder
2026-01-16 15:26:29,252 [INFO] CrossReferenceDbSqlite:203 - Set database path to: C:\Users\liushaw\.stmcufinder\plugins\mcufinder//mcu/cs/
2026-01-16 15:26:29,335 [INFO] MainPanel:274 - HeapMemory: 268435456
2026-01-16 15:26:29,451 [INFO] DbMcusXml:78 - Set database path to: C:\ST\STM32CubeIDE_1.19.0\STM32CubeIDE\plugins\com.st.stm32cube.common.mx_6.15.0.202507011659\\db\/mcu/
2026-01-16 15:26:29,451 [INFO] ApiDb:274 - Set plugin database path to: C:\ST\STM32CubeIDE_1.19.0\STM32CubeIDE\plugins\com.st.stm32cube.common.mx_6.15.0.202507011659\\db\/plugins/boardmanager/
2026-01-16 15:26:29,451 [INFO] ApiDb:261 - Set plugin images path to: C:\ST\STM32CubeIDE_1.19.0\STM32CubeIDE\plugins\com.st.stm32cube.common.mx_6.15.0.202507011659\\db\/plugins/mcufinder/images/
2026-01-16 15:26:29,452 [WARN] DbFile:41 - Overriding database path with different value: C:\Users\liushaw\.stmcufinder\plugins\mcufinder/ => C:\Users\liushaw\.stmcufinder\plugins\mcufinder
2026-01-16 15:26:29,452 [INFO] ApiDb:250 - Set database path to: C:\Users\liushaw\.stmcufinder\plugins\mcufinder//mcu/
2026-01-16 15:26:29,452 [WARN] DbFile:41 - Overriding database path with different value: C:\Users\liushaw\.stmcufinder\plugins\mcufinder/ => C:\Users\liushaw\.stmcufinder\plugins\mcufinder
2026-01-16 15:26:29,452 [INFO] DbMcusAds:125 - Set database path to: C:\Users\liushaw\.stmcufinder\plugins\mcufinder//mcu/
2026-01-16 15:26:29,452 [WARN] DbFile:41 - Overriding database path with different value: C:\Users\liushaw\.stmcufinder\plugins\mcufinder/ => C:\Users\liushaw\.stmcufinder\plugins\mcufinder
2026-01-16 15:26:29,452 [WARN] DbFile:41 - Overriding database path with different value: C:\Users\liushaw\.stmcufinder\plugins\mcufinder/ => C:\Users\liushaw\.stmcufinder\plugins\mcufinder
2026-01-16 15:26:29,452 [INFO] CrossReferenceDbSqlite:203 - Set database path to: C:\Users\liushaw\.stmcufinder\plugins\mcufinder//mcu/cs/
2026-01-16 15:26:29,472 [INFO] ApplicationProperties:184 - Using Application install path: C:\ST\STM32CubeIDE_1.19.0\STM32CubeIDE\plugins\com.st.stm32cube.common.mx_6.15.0.202507011659
2026-01-16 15:26:29,473 [INFO] PluginManage:196 - Search for loadable plugins [exclusion list=, ]
2026-01-16 15:26:29,475 [INFO] PluginManage:310 - Check plugin analytics
2026-01-16 15:26:29,752 [INFO] AnalyticsPlugin:253 - Accepted Software Licenses: STM32CubeMX.6.15.0
2026-01-16 15:26:29,753 [INFO] AnalyticsPlugin:255 - Accepted CMSIS Pack Licenses: 
2026-01-16 15:26:29,753 [INFO] AnalyticsPlugin:257 - Accepted Firmware Licenses: FW.F4.1.28.0
2026-01-16 15:26:29,757 [INFO] PluginManage:359 - Loaded plugin analytics (category:tool,tabindex:-1)
2026-01-16 15:26:29,758 [INFO] PluginManage:310 - Check plugin cadmodel
2026-01-16 15:26:29,766 [INFO] CADModel:105 - Init CAD model plugin
2026-01-16 15:26:29,767 [INFO] PluginManage:359 - Loaded plugin cadmodel (category:power,tabindex:5)
2026-01-16 15:26:29,767 [INFO] PluginManage:310 - Check plugin clock
2026-01-16 15:26:29,784 [INFO] PluginManage:359 - Loaded plugin clock (category:base,tabindex:2)
2026-01-16 15:26:29,784 [INFO] PluginManage:310 - Check plugin ddr
2026-01-16 15:26:29,789 [INFO] PluginManage:359 - Loaded plugin ddr (category:tool,tabindex:6)
2026-01-16 15:26:29,790 [INFO] PluginManage:310 - Check plugin filemanager
2026-01-16 15:26:29,981 [INFO] PluginManage:359 - Loaded plugin filemanager (category:base,tabindex:10)
2026-01-16 15:26:29,981 [INFO] PluginManage:310 - Check plugin ipmanager
2026-01-16 15:26:29,989 [INFO] PluginManage:359 - Loaded plugin ipmanager (category:base,tabindex:5)
2026-01-16 15:26:29,989 [INFO] PluginManage:310 - Check plugin lpbam
2026-01-16 15:26:30,001 [INFO] PluginManage:359 - Loaded plugin lpbam (category:base,tabindex:0)
2026-01-16 15:26:30,001 [INFO] PluginManage:310 - Check plugin memorymap
2026-01-16 15:26:30,027 [INFO] PluginManage:359 - Loaded plugin memorymap (category:base,tabindex:4)
2026-01-16 15:26:30,027 [INFO] PluginManage:310 - Check plugin pinoutandconfiguration
2026-01-16 15:26:30,039 [INFO] PluginManage:359 - Loaded plugin pinoutandconfiguration (category:base,tabindex:1)
2026-01-16 15:26:30,040 [INFO] PluginManage:310 - Check plugin pinoutconfig
2026-01-16 15:26:30,164 [WARN] SupportedApi:132 - Cannot load RTOS API schema: s4s-elt-must-match.1: The content of 'definitions' must match (annotation?, (simpleType | complexType)?, (unique | key | keyref)*)). A problem was found starting at: attribute.
2026-01-16 15:26:30,334 [INFO] PluginManage:359 - Loaded plugin pinoutconfig (category:base,tabindex:0)
2026-01-16 15:26:30,334 [INFO] PluginManage:310 - Check plugin power
2026-01-16 15:26:30,343 [INFO] PluginManage:359 - Loaded plugin power (category:power,tabindex:4)
2026-01-16 15:26:30,343 [INFO] PluginManage:310 - Check plugin projectmanager
2026-01-16 15:26:30,361 [INFO] PluginManage:359 - Loaded plugin projectmanager (category:projectmanager,tabindex:4)
2026-01-16 15:26:30,361 [INFO] PluginManage:310 - Check plugin rif
2026-01-16 15:26:30,375 [INFO] PluginManage:359 - Loaded plugin rif (category:base,tabindex:3)
2026-01-16 15:26:30,376 [INFO] PluginManage:310 - Check plugin thirdparty
2026-01-16 15:26:30,538 [WARN] IntegrityCheckThread:84 - waiting for thirdparty lock release [integrity check]
2026-01-16 15:26:30,538 [INFO] PluginManage:359 - Loaded plugin thirdparty (category:base,tabindex:-1)
2026-01-16 15:26:30,538 [INFO] IntegrityCheckThread:86 - entering critical section [integrity check]
2026-01-16 15:26:30,539 [INFO] PluginManage:310 - Check plugin tools
2026-01-16 15:26:30,539 [INFO] ThirdPartyUpdaterWithRetryManager:70 - Updater plugin not ready yet. [1/15]
2026-01-16 15:26:30,541 [INFO] PluginManage:359 - Loaded plugin tools (category:base,tabindex:7)
2026-01-16 15:26:30,542 [INFO] PluginManage:310 - Check plugin tutovideos
2026-01-16 15:26:30,811 [INFO] PluginManage:359 - Loaded plugin tutovideos (category:base,tabindex:-1)
2026-01-16 15:26:30,811 [INFO] PluginManage:310 - Check plugin updater
2026-01-16 15:26:30,835 [INFO] PluginManage:359 - Loaded plugin updater (category:base,tabindex:12)
2026-01-16 15:26:30,835 [INFO] PluginManage:310 - Check plugin userauth
2026-01-16 15:26:30,841 [INFO] UserAuth:118 - Init User Auth plugin
2026-01-16 15:26:30,844 [INFO] PluginManage:359 - Loaded plugin userauth (category:base,tabindex:14)
2026-01-16 15:26:30,845 [INFO] PluginManage:283 - PluginManage : Loaded plugins [18]
2026-01-16 15:26:31,102 [INFO] PinOutPanel:1589 - setPackage(No Configuration,No Configuration)
2026-01-16 15:26:31,196 [INFO] CADModel:165 - CPN selected for project level
2026-01-16 15:26:31,196 [INFO] CADModel:114 - Register for checkConnection events
2026-01-16 15:26:31,215 [INFO] IPUIPlugin:80 - create IPUIPlugin
2026-01-16 15:26:31,216 [INFO] PluginManager:220 - loadIPPluginJar : add adc
2026-01-16 15:26:31,218 [INFO] IPUIPlugin:80 - create IPUIPlugin
2026-01-16 15:26:31,218 [INFO] PluginManager:220 - loadIPPluginJar : add aes
2026-01-16 15:26:31,220 [INFO] IPUIPlugin:80 - create IPUIPlugin
2026-01-16 15:26:31,221 [INFO] PluginManager:220 - loadIPPluginJar : add can
2026-01-16 15:26:31,223 [INFO] IPUIPlugin:80 - create IPUIPlugin
2026-01-16 15:26:31,224 [INFO] PluginManager:220 - loadIPPluginJar : add comp
2026-01-16 15:26:31,226 [INFO] IPUIPlugin:80 - create IPUIPlugin
2026-01-16 15:26:31,226 [INFO] PluginManager:220 - loadIPPluginJar : add cryp
2026-01-16 15:26:31,230 [INFO] IPUIPlugin:80 - create IPUIPlugin
2026-01-16 15:26:31,230 [INFO] PluginManager:220 - loadIPPluginJar : add ddr_ctrl_phy
2026-01-16 15:26:31,232 [INFO] IPUIPlugin:80 - create IPUIPlugin
2026-01-16 15:26:31,232 [INFO] PluginManager:220 - loadIPPluginJar : add dfsdm
2026-01-16 15:26:31,238 [INFO] IPUIPlugin:80 - create IPUIPlugin
2026-01-16 15:26:31,238 [INFO] PluginManager:220 - loadIPPluginJar : add dma
2026-01-16 15:26:31,241 [INFO] IPUIPlugin:80 - create IPUIPlugin
2026-01-16 15:26:31,241 [INFO] PluginManager:220 - loadIPPluginJar : add dma3
2026-01-16 15:26:31,245 [INFO] IPUIPlugin:80 - create IPUIPlugin
2026-01-16 15:26:31,245 [INFO] PluginManager:220 - loadIPPluginJar : add extmemmanager
2026-01-16 15:26:31,246 [INFO] IPUIPlugin:80 - create IPUIPlugin
2026-01-16 15:26:31,246 [INFO] PluginManager:220 - loadIPPluginJar : add fatfs
2026-01-16 15:26:31,251 [INFO] IPUIPlugin:80 - create IPUIPlugin
2026-01-16 15:26:31,251 [INFO] PluginManager:220 - loadIPPluginJar : add fmc
2026-01-16 15:26:31,256 [INFO] IPUIPlugin:80 - create IPUIPlugin
2026-01-16 15:26:31,257 [INFO] PluginManager:220 - loadIPPluginJar : add freertos
2026-01-16 15:26:31,258 [INFO] IPUIPlugin:80 - create IPUIPlugin
2026-01-16 15:26:31,258 [INFO] PluginManager:220 - loadIPPluginJar : add genericplugin
2026-01-16 15:26:31,260 [INFO] IPUIPlugin:80 - create IPUIPlugin
2026-01-16 15:26:31,260 [INFO] PluginManager:220 - loadIPPluginJar : add gfxmmu
2026-01-16 15:26:31,265 [INFO] IPUIPlugin:80 - create IPUIPlugin
2026-01-16 15:26:31,265 [INFO] PluginManager:220 - loadIPPluginJar : add gic
2026-01-16 15:26:31,269 [INFO] IPUIPlugin:80 - create IPUIPlugin
2026-01-16 15:26:31,270 [INFO] PluginManager:220 - loadIPPluginJar : add gpio
2026-01-16 15:26:31,272 [INFO] IPUIPlugin:80 - create IPUIPlugin
2026-01-16 15:26:31,272 [INFO] PluginManager:220 - loadIPPluginJar : add gtzc
2026-01-16 15:26:31,275 [INFO] IPUIPlugin:80 - create IPUIPlugin
2026-01-16 15:26:31,275 [INFO] PluginManager:220 - loadIPPluginJar : add hash
2026-01-16 15:26:31,278 [INFO] IPUIPlugin:80 - create IPUIPlugin
2026-01-16 15:26:31,278 [INFO] PluginManager:220 - loadIPPluginJar : add i2c
2026-01-16 15:26:31,280 [INFO] IPUIPlugin:80 - create IPUIPlugin
2026-01-16 15:26:31,280 [INFO] PluginManager:220 - loadIPPluginJar : add i2s
2026-01-16 15:26:31,282 [INFO] IPUIPlugin:80 - create IPUIPlugin
2026-01-16 15:26:31,282 [INFO] PluginManager:220 - loadIPPluginJar : add i3c
2026-01-16 15:26:31,285 [INFO] IPUIPlugin:80 - create IPUIPlugin
2026-01-16 15:26:31,286 [INFO] PluginManager:220 - loadIPPluginJar : add ipddr
2026-01-16 15:26:31,295 [INFO] IPUIPlugin:80 - create IPUIPlugin
2026-01-16 15:26:31,295 [INFO] PluginManager:220 - loadIPPluginJar : add linkedlist
2026-01-16 15:26:31,299 [INFO] IPUIPlugin:80 - create IPUIPlugin
2026-01-16 15:26:31,299 [INFO] PluginManager:220 - loadIPPluginJar : add lorawan
2026-01-16 15:26:31,301 [INFO] IPUIPlugin:80 - create IPUIPlugin
2026-01-16 15:26:31,301 [INFO] PluginManager:220 - loadIPPluginJar : add ltdc
2026-01-16 15:26:31,307 [INFO] IPUIPlugin:80 - create IPUIPlugin
2026-01-16 15:26:31,308 [INFO] PluginManager:220 - loadIPPluginJar : add mdma
2026-01-16 15:26:31,311 [INFO] IPUIPlugin:80 - create IPUIPlugin
2026-01-16 15:26:31,311 [INFO] PluginManager:220 - loadIPPluginJar : add nvic
2026-01-16 15:26:31,314 [INFO] IPUIPlugin:80 - create IPUIPlugin
2026-01-16 15:26:31,314 [INFO] PluginManager:220 - loadIPPluginJar : add opamp
2026-01-16 15:26:31,316 [INFO] IPUIPlugin:80 - create IPUIPlugin
2026-01-16 15:26:31,316 [INFO] PluginManager:220 - loadIPPluginJar : add openamp
2026-01-16 15:26:31,319 [INFO] IPUIPlugin:80 - create IPUIPlugin
2026-01-16 15:26:31,319 [INFO] PluginManager:220 - loadIPPluginJar : add pdm2pcm
2026-01-16 15:26:31,325 [INFO] IPUIPlugin:80 - create IPUIPlugin
2026-01-16 15:26:31,327 [INFO] PluginManager:220 - loadIPPluginJar : add plateformsettings
2026-01-16 15:26:31,328 [INFO] IPUIPlugin:80 - create IPUIPlugin
2026-01-16 15:26:31,329 [INFO] PluginManager:220 - loadIPPluginJar : add quadspi
2026-01-16 15:26:31,330 [INFO] IPUIPlugin:80 - create IPUIPlugin
2026-01-16 15:26:31,331 [INFO] PluginManager:220 - loadIPPluginJar : add radio
2026-01-16 15:26:31,334 [INFO] IPUIPlugin:80 - create IPUIPlugin
2026-01-16 15:26:31,335 [INFO] PluginManager:220 - loadIPPluginJar : add resmgrutility
2026-01-16 15:26:31,338 [INFO] IPUIPlugin:80 - create IPUIPlugin
2026-01-16 15:26:31,338 [INFO] PluginManager:220 - loadIPPluginJar : add sai
2026-01-16 15:26:31,341 [INFO] IPUIPlugin:80 - create IPUIPlugin
2026-01-16 15:26:31,341 [INFO] PluginManager:220 - loadIPPluginJar : add spi
2026-01-16 15:26:31,348 [INFO] IPUIPlugin:80 - create IPUIPlugin
2026-01-16 15:26:31,348 [INFO] PluginManager:220 - loadIPPluginJar : add stm32_wpan
2026-01-16 15:26:31,350 [INFO] IPUIPlugin:80 - create IPUIPlugin
2026-01-16 15:26:31,350 [INFO] PluginManager:220 - loadIPPluginJar : add tim
2026-01-16 15:26:31,353 [INFO] IPUIPlugin:80 - create IPUIPlugin
2026-01-16 15:26:31,353 [INFO] PluginManager:220 - loadIPPluginJar : add touchsensing
2026-01-16 15:26:31,354 [INFO] IPUIPlugin:80 - create IPUIPlugin
2026-01-16 15:26:31,354 [INFO] PluginManager:220 - loadIPPluginJar : add tracer_emb
2026-01-16 15:26:31,356 [INFO] IPUIPlugin:80 - create IPUIPlugin
2026-01-16 15:26:31,356 [INFO] PluginManager:220 - loadIPPluginJar : add ts
2026-01-16 15:26:31,358 [INFO] IPUIPlugin:80 - create IPUIPlugin
2026-01-16 15:26:31,358 [INFO] PluginManager:220 - loadIPPluginJar : add tsc
2026-01-16 15:26:31,359 [INFO] IPUIPlugin:80 - create IPUIPlugin
2026-01-16 15:26:31,359 [INFO] PluginManager:220 - loadIPPluginJar : add ucpd
2026-01-16 15:26:31,361 [INFO] IPUIPlugin:80 - create IPUIPlugin
2026-01-16 15:26:31,362 [INFO] PluginManager:220 - loadIPPluginJar : add usart
2026-01-16 15:26:31,365 [INFO] IPUIPlugin:80 - create IPUIPlugin
2026-01-16 15:26:31,365 [INFO] PluginManager:220 - loadIPPluginJar : add usbx
2026-01-16 15:26:31,508 [FATAL] Updater:351 - Updater called before beeing initialized
2026-01-16 15:26:31,531 [INFO] RulesReader:64 - Compatibility file has been processed (317 Rules)
2026-01-16 15:26:31,543 [INFO] RulesReader:64 - Compatibility file has been processed (317 Rules)
2026-01-16 15:26:31,557 [INFO] CADModel:165 - CPN selected for project level
2026-01-16 15:26:31,557 [INFO] CADModel:114 - Register for checkConnection events
2026-01-16 15:26:31,557 [FATAL] Updater:351 - Updater called before beeing initialized
2026-01-16 15:26:31,557 [ERROR] CADModel:125 - Updater not yet initialized, retry later 
2026-01-16 15:26:31,737 [FATAL] Updater:351 - Updater called before beeing initialized
2026-01-16 15:26:31,740 [INFO] CADModel:165 - CPN selected for project level
2026-01-16 15:26:31,741 [INFO] CADModel:114 - Register for checkConnection events
2026-01-16 15:26:31,741 [FATAL] Updater:351 - Updater called before beeing initialized
2026-01-16 15:26:31,741 [ERROR] CADModel:125 - Updater not yet initialized, retry later 
2026-01-16 15:26:31,760 [FATAL] Updater:351 - Updater called before beeing initialized
2026-01-16 15:26:31,906 [FATAL] Updater:351 - Updater called before beeing initialized
2026-01-16 15:26:31,922 [INFO] DbMcusAds:53 - JSON generation date=Tue Dec 16 07:11:46 CST 2025 (1765840306612)
2026-01-16 15:26:31,923 [FATAL] Updater:351 - Updater called before beeing initialized
2026-01-16 15:26:31,972 [WARN] DetailPanel:346 - Failed to get advertising image, set to default
2026-01-16 15:26:32,058 [FATAL] Updater:351 - Updater called before beeing initialized
2026-01-16 15:26:32,063 [FATAL] Updater:351 - Updater called before beeing initialized
2026-01-16 15:26:32,063 [FATAL] Updater:351 - Updater called before beeing initialized
2026-01-16 15:26:32,063 [WARN] DetailPanel:346 - Failed to get advertising image, set to default
2026-01-16 15:26:32,064 [FATAL] Updater:351 - Updater called before beeing initialized
2026-01-16 15:26:32,157 [ERROR] Updater:1198 - MainUpdater not yet initialized. External WinMGr cannot be set.
2026-01-16 15:26:32,163 [INFO] Updater:1134 - Updater Version found : 6.15.0
2026-01-16 15:26:32,210 [INFO] ApplicationProperties:184 - Using Application install path: C:\ST\STM32CubeIDE_1.19.0\STM32CubeIDE\plugins\com.st.stm32cube.common.mx_6.15.0.202507011659
2026-01-16 15:26:33,541 [INFO] ThirdPartyUpdaterWithRetryManager:70 - Updater plugin not ready yet. [2/15]
2026-01-16 15:26:33,831 [ERROR] LogOutputStream:75 - [STDERR_REDIRECT] Jan 16, 2026 3:26:33 PM java.util.prefs.WindowsPreferences <init>
2026-01-16 15:26:33,833 [ERROR] LogOutputStream:75 - [STDERR_REDIRECT] WARNING: Could not open/create prefs root node Software\JavaSoft\Prefs at root 0xffffffff80000002. Windows RegCreateKeyEx(...) returned error code 5.
2026-01-16 15:26:33,833 [ERROR] LogOutputStream:75 - [STDERR_REDIRECT] 
2026-01-16 15:26:34,229 [INFO] MainUpdater:2872 - connection check result : 10
2026-01-16 15:26:34,230 [INFO] MainUpdater:289 - Updater Check For Update Now.
2026-01-16 15:26:34,230 [INFO] MicroXplorer:498 - Change Database Version : DB.6.0.150
2026-01-16 15:26:34,244 [INFO] McuFinderGlobals:63 - Set McuFinder mode to 2 (CubeIDE integrated)
2026-01-16 15:26:34,245 [INFO] UserAuth:487 - Internet connection configuration mode: 1
2026-01-16 15:26:34,305 [INFO] JxBrowserEngine:152 - Initiate JxBrowser Engine with user profile folder
2026-01-16 15:26:34,425 [INFO] CheckServerUpdateThread:120 - End of CheckServer Thread
2026-01-16 15:26:35,677 [INFO] WebApp:169 - Instantiating new browser for Auth
2026-01-16 15:26:36,652 [INFO] WebApp:463 - Apply proxy settings
2026-01-16 15:26:36,652 [INFO] WebApp:548 - Chromium requires no authentication
2026-01-16 15:26:36,672 [INFO] WebApp:491 - Direct internet connection detected
2026-01-16 15:26:36,720 [INFO] WebApp:900 - Register for checkConnection events
2026-01-16 15:26:36,720 [INFO] WebApp:463 - Apply proxy settings
2026-01-16 15:26:36,720 [INFO] WebApp:548 - Chromium requires no authentication
2026-01-16 15:26:36,721 [INFO] WebApp:491 - Direct internet connection detected
2026-01-16 15:26:36,805 [WARN] PackLoader:240 - Cannot read IP mode file for STMicroelectronics.FP-SNS-MOTENVWB1.1.4.0
2026-01-16 15:26:36,817 [WARN] PackLoader:240 - Cannot read IP mode file for STMicroelectronics.FP-ATR-ASTRA1.2.0.2
2026-01-16 15:26:36,829 [WARN] PackLoader:240 - Cannot read IP mode file for STMicroelectronics.X-CUBE-SMBUS.2.1.0
2026-01-16 15:26:36,855 [WARN] PackLoader:240 - Cannot read IP mode file for STMicroelectronics.X-CUBE-AZRTOS-F7.1.1.0
2026-01-16 15:26:36,862 [WARN] PackLoader:240 - Cannot read IP mode file for Cesanta.I-CUBE-Mongoose.7.19.0
2026-01-16 15:26:36,867 [WARN] PackLoader:240 - Cannot read IP mode file for STMicroelectronics.FP-SNS-MOTENV1.5.1.0
2026-01-16 15:26:36,881 [WARN] PackLoader:240 - Cannot read IP mode file for WES.I-CUBE-Cesium.1.4.0
2026-01-16 15:26:36,901 [WARN] PackLoader:240 - Cannot read IP mode file for Infineon.AIROC-Wi-Fi-Bluetooth-STM32.1.7.1
2026-01-16 15:26:36,929 [WARN] PackLoader:240 - Cannot read IP mode file for STMicroelectronics.X-CUBE-AZRTOS-H7.3.4.0
2026-01-16 15:26:36,938 [WARN] PackLoader:240 - Cannot read IP mode file for STMicroelectronics.X-CUBE-DISPLAY.3.0.0
2026-01-16 15:26:36,963 [WARN] PackLoader:240 - Cannot read IP mode file for STMicroelectronics.X-CUBE-NFC10.1.0.0
2026-01-16 15:26:36,969 [WARN] PackLoader:240 - Cannot read IP mode file for STMicroelectronics.X-CUBE-ST60.1.1.0
2026-01-16 15:26:36,976 [WARN] PackLoader:240 - Cannot read IP mode file for emotas.I-CUBE-CANOPEN.1.3.0
2026-01-16 15:26:36,982 [WARN] PackLoader:240 - Cannot read IP mode file for STMicroelectronics.X-CUBE-GNSS1.7.1.0
2026-01-16 15:26:36,992 [WARN] PackLoader:240 - Cannot read IP mode file for STMicroelectronics.FP-SNS-STBOX1.2.1.0
2026-01-16 15:26:36,999 [WARN] PackLoader:240 - Cannot read IP mode file for STMicroelectronics.FP-SNS-SMARTAG2.1.2.0
2026-01-16 15:26:37,008 [WARN] PackLoader:240 - Cannot read IP mode file for STMicroelectronics.FP-SNS-FLIGHT1.5.1.0
2026-01-16 15:26:37,020 [INFO] LogOutputStream:77 - [STDOUT_REDIRECT] 1 : Invalid condition id : UX_CORESTACK_Condition cause : null
2026-01-16 15:26:37,021 [INFO] LogOutputStream:77 - [STDOUT_REDIRECT] 1 : Invalid condition id : UX_CORESTACK_Condition cause : null
2026-01-16 15:26:37,023 [INFO] LogOutputStream:77 - [STDOUT_REDIRECT] 1 : Invalid condition id : UX_CORESTACK_Condition cause : null
2026-01-16 15:26:37,025 [INFO] LogOutputStream:77 - [STDOUT_REDIRECT] 1 : Invalid condition id : UX_CORESTACK_Condition cause : null
2026-01-16 15:26:37,027 [INFO] LogOutputStream:77 - [STDOUT_REDIRECT] 1 : Invalid condition id : UX_CORESTACK_Condition cause : null
2026-01-16 15:26:37,029 [WARN] PackLoader:240 - Cannot read IP mode file for STMicroelectronics.X-CUBE-AZRTOS-WL.2.0.0
2026-01-16 15:26:37,038 [INFO] WebApp:191 - Connection restablished
2026-01-16 15:26:37,044 [WARN] PackLoader:240 - Cannot read IP mode file for STMicroelectronics.X-CUBE-AZRTOS-H7RS.1.2.0
2026-01-16 15:26:37,052 [WARN] PackLoader:240 - Cannot read IP mode file for STMicroelectronics.X-CUBE-BLE2.3.3.0
2026-01-16 15:26:37,089 [WARN] PackLoader:240 - Cannot read IP mode file for STMicroelectronics.X-CUBE-NFC9.1.0.0
2026-01-16 15:26:37,098 [WARN] PackLoader:240 - Cannot read IP mode file for wolfSSL.I-CUBE-wolfSSL.5.8.2
2026-01-16 15:26:37,108 [WARN] PackLoader:240 - Cannot read IP mode file for STMicroelectronics.X-CUBE-BLE1.7.1.0
2026-01-16 15:26:37,117 [WARN] PackLoader:240 - Cannot read IP mode file for wolfSSL.I-CUBE-wolfMQTT.1.19.2
2026-01-16 15:26:37,127 [WARN] PackLoader:240 - Cannot read IP mode file for STMicroelectronics.X-CUBE-FREERTOS.1.4.0
2026-01-16 15:26:37,133 [WARN] PackLoader:240 - Cannot read IP mode file for STMicroelectronics.X-CUBE-EEPRMA1.5.2.0
2026-01-16 15:26:37,141 [WARN] PackLoader:240 - Cannot read IP mode file for STMicroelectronics.X-CUBE-ST67W61.1.1.0
2026-01-16 15:26:37,172 [WARN] PackLoader:240 - Cannot read IP mode file for STMicroelectronics.X-CUBE-MEMS1.12.0.0
2026-01-16 15:26:37,246 [WARN] PackLoader:240 - Cannot read IP mode file for STMicroelectronics.X-CUBE-AZRTOS-G0.1.1.0
2026-01-16 15:26:37,253 [WARN] PackLoader:240 - Cannot read IP mode file for STMicroelectronics.X-CUBE-SAFEA1.1.2.2
2026-01-16 15:26:37,259 [WARN] PackLoader:240 - Cannot read IP mode file for STMicroelectronics.X-CUBE-NFC4.3.0.0
2026-01-16 15:26:37,265 [WARN] PackLoader:240 - Cannot read IP mode file for STMicroelectronics.X-CUBE-WB05N.2.0.0
2026-01-16 15:26:37,269 [WARN] PackLoader:240 - Cannot read IP mode file for wolfSSL.I-CUBE-wolfTPM.3.8.0
2026-01-16 15:26:37,276 [WARN] PackLoader:240 - Cannot read IP mode file for STMicroelectronics.X-CUBE-TCPP.4.2.0
2026-01-16 15:26:37,283 [WARN] PackLoader:240 - Cannot read IP mode file for RealThread.X-CUBE-RT-Thread_Nano.4.1.1
2026-01-16 15:26:37,288 [WARN] PackLoader:240 - Cannot read IP mode file for STMicroelectronics.FP-ATR-SIGFOX1.3.2.0
2026-01-16 15:26:37,295 [WARN] PackLoader:240 - Cannot read IP mode file for ITTIA_DB.I-CUBE-ITTIADB.8.9.0
2026-01-16 15:26:37,302 [WARN] PackLoader:240 - Cannot read IP mode file for STMicroelectronics.X-CUBE-AI.10.2.0
2026-01-16 15:26:37,321 [WARN] PackLoader:240 - Cannot read IP mode file for SEGGER.I-CUBE-embOS.1.3.1
2026-01-16 15:26:37,364 [WARN] PackLoader:240 - Cannot read IP mode file for STMicroelectronics.X-CUBE-ALGOBUILD.1.4.0
2026-01-16 15:26:37,454 [WARN] PackLoader:240 - Cannot read IP mode file for STMicroelectronics.X-CUBE-MEMS1.11.3.0
2026-01-16 15:26:37,539 [WARN] PackLoader:240 - Cannot read IP mode file for STMicroelectronics.X-CUBE-PM33A1.1.0.0
2026-01-16 15:26:37,561 [WARN] PackLoader:240 - Cannot read IP mode file for STMicroelectronics.X-CUBE-AZRTOS-F4.1.1.0
2026-01-16 15:26:37,574 [WARN] PackLoader:240 - Cannot read IP mode file for STMicroelectronics.X-CUBE-ISPU.2.1.0
2026-01-16 15:26:37,587 [WARN] PackLoader:240 - Cannot read IP mode file for STMicroelectronics.X-CUBE-IPS.3.2.0
2026-01-16 15:26:37,604 [WARN] PackLoader:240 - Cannot read IP mode file for STMicroelectronics.X-CUBE-NFC12.1.0.0
2026-01-16 15:26:37,618 [WARN] PackLoader:240 - Cannot read IP mode file for STMicroelectronics.X-CUBE-AZRTOS-L5.2.0.0
2026-01-16 15:26:37,629 [WARN] PackLoader:240 - Cannot read IP mode file for STMicroelectronics.X-CUBE-NFC6.3.1.0
2026-01-16 15:26:37,634 [WARN] PackLoader:240 - Cannot read IP mode file for STMicroelectronics.X-CUBE-FREERTOS.1.3.1
2026-01-16 15:26:37,644 [WARN] PackLoader:240 - Cannot read IP mode file for STMicroelectronics.X-CUBE-TOUCHGFX.4.26.0
2026-01-16 15:26:37,649 [WARN] PackLoader:240 - Cannot read IP mode file for STMicroelectronics.FP-SNS-STAIOTCFT.1.0.0
2026-01-16 15:26:37,659 [WARN] PackLoader:240 - Cannot read IP mode file for STMicroelectronics.X-CUBE-DPower.1.3.0
2026-01-16 15:26:37,675 [WARN] ConditionMgr:438 - getConditionDescription Invalid condition id : LAN8742 Phy interface Condition cause : null
2026-01-16 15:26:37,676 [WARN] PackLoader:240 - Cannot read IP mode file for STMicroelectronics.X-CUBE-AZRTOS-L4.2.0.0
2026-01-16 15:26:37,677 [WARN] ConditionMgr:1044 - genDependencies : Invalid condition id : LAN8742 Phy interface Condition cause : null
2026-01-16 15:26:37,678 [WARN] ConditionMgr:1044 - genDependencies : Invalid condition id : LAN8742 Phy interface Condition cause : null
2026-01-16 15:26:37,678 [WARN] ConditionMgr:1044 - genDependencies : Invalid condition id : LAN8742 Phy interface Condition cause : null
2026-01-16 15:26:37,688 [WARN] PackLoader:240 - Cannot read IP mode file for STMicroelectronics.X-CUBE-SFXS2LP1.4.0.0
2026-01-16 15:26:37,697 [WARN] PackLoader:240 - Cannot read IP mode file for STMicroelectronics.X-CUBE-ST67W61.1.2.0
2026-01-16 15:26:37,707 [WARN] PackLoader:240 - Cannot read IP mode file for STMicroelectronics.X-CUBE-BLEMGR.4.1.0
2026-01-16 15:26:37,733 [WARN] ConditionMgr:438 - getConditionDescription Invalid condition id : UX DEVICE CLASS RTOS Condition cause : null
2026-01-16 15:26:37,733 [WARN] ConditionMgr:438 - getConditionDescription Invalid condition id : UX DEVICE CLASS RTOS Condition cause : null
2026-01-16 15:26:37,734 [WARN] PackLoader:240 - Cannot read IP mode file for STMicroelectronics.X-CUBE-AZRTOS-WB.2.0.0
2026-01-16 15:26:37,734 [WARN] ConditionMgr:1044 - genDependencies : Invalid condition id : UX DEVICE CLASS RTOS Condition cause : null
2026-01-16 15:26:37,734 [WARN] ConditionMgr:1044 - genDependencies : Invalid condition id : UX DEVICE CLASS RTOS Condition cause : null
2026-01-16 15:26:37,734 [WARN] ConditionMgr:1044 - genDependencies : Invalid condition id : UX DEVICE CLASS RTOS Condition cause : null
2026-01-16 15:26:37,735 [WARN] ConditionMgr:1044 - genDependencies : Invalid condition id : UX DEVICE CLASS RTOS Condition cause : null
2026-01-16 15:26:37,735 [WARN] ConditionMgr:1044 - genDependencies : Invalid condition id : UX DEVICE CLASS RTOS Condition cause : null
2026-01-16 15:26:37,741 [WARN] PackLoader:240 - Cannot read IP mode file for STMicroelectronics.X-CUBE-GNSS1.7.0.1
2026-01-16 15:26:37,746 [WARN] ConditionMgr:438 - getConditionDescription Invalid condition id : Cortex-A Device cause : null
2026-01-16 15:26:37,756 [WARN] ConditionMgr:1044 - genDependencies : Invalid condition id : Cortex-A Device cause : null
2026-01-16 15:26:37,756 [WARN] ConditionMgr:1044 - genDependencies : Invalid condition id : Cortex-A Device cause : null
2026-01-16 15:26:37,756 [WARN] ConditionMgr:1044 - genDependencies : Invalid condition id : Cortex-A Device cause : null
2026-01-16 15:26:37,764 [WARN] PackLoader:240 - Cannot read IP mode file for STMicroelectronics.X-CUBE-SUBG2.5.0.0
2026-01-16 15:26:37,777 [WARN] PackLoader:240 - Cannot read IP mode file for STMicroelectronics.X-CUBE-AZRTOS-H7RS.1.1.0
2026-01-16 15:26:37,787 [WARN] PackLoader:240 - Cannot read IP mode file for STMicroelectronics.X-CUBE-AZRTOS-G4.2.0.0
2026-01-16 15:26:37,793 [WARN] PackLoader:240 - Cannot read IP mode file for wolfSSL.I-CUBE-wolfSSH.1.4.20
2026-01-16 15:26:37,798 [WARN] PackLoader:240 - Cannot read IP mode file for STMicroelectronics.X-CUBE-NFC7.2.0.0
2026-01-16 15:26:37,803 [WARN] PackLoader:240 - Cannot read IP mode file for STMicroelectronics.X-CUBE-ALS.1.0.2
2026-01-16 15:26:37,809 [WARN] PackLoader:240 - Cannot read IP mode file for STMicroelectronics.X-CUBE-STSE01.1.0.0
2026-01-16 15:26:37,815 [WARN] PackLoader:240 - Cannot read IP mode file for STMicroelectronics.X-CUBE-TOF1.3.4.3
2026-01-16 15:26:37,822 [INFO] ThirdParty:978 - Integrity check success = true
2026-01-16 15:26:37,823 [INFO] IntegrityCheckThread:100 - exiting critical section [integrity check]
2026-01-16 15:26:37,823 [INFO] IntegrityCheckThread:103 - End integrity checks thread
2026-01-16 15:26:37,975 [INFO] WebApp:225 - Starting web application
2026-01-16 15:26:37,975 [INFO] WebApp:593 - Web application path used C:\ST\STM32CubeIDE_1.19.0\STM32CubeIDE\plugins\com.st.stm32cube.common.mx_6.15.0.202507011659\db\plugins\mcufinder\reactClient1\index.html
2026-01-16 15:26:38,252 [INFO] UserAuth:487 - Internet connection configuration mode: 1
2026-01-16 15:47:35,730 [INFO] WebApp:194 - Connection lost
2026-01-16 15:47:35,906 [INFO] WebApp:191 - Connection restablished
2026-01-16 15:50:34,636 [INFO] WebApp:194 - Connection lost
2026-01-16 15:50:34,804 [INFO] WebApp:191 - Connection restablished
2026-01-16 15:57:48,150 [INFO] WebApp:194 - Connection lost
2026-01-16 15:57:48,344 [INFO] WebApp:191 - Connection restablished
2026-01-16 16:18:21,171 [INFO] WebApp:194 - Connection lost
2026-01-16 16:18:21,402 [INFO] WebApp:191 - Connection restablished
2026-01-16 17:04:12,222 [ERROR] LogOutputStream:75 - [STDERR_REDIRECT] 
