2026-01-07 16:43:28,263 [INFO] Activator:176 - 


2026-01-07 16:43:28,269 [INFO] Activator:177 - !SESSION log4j initialized
2026-01-07 16:43:34,341 [INFO] LogOutputStream:77 - [STDOUT_REDIRECT] 
2026-01-07 16:43:37,122 [INFO] ApplicationProperties:184 - Using Application install path: C:\ST\STM32CubeIDE_1.19.0\STM32CubeIDE\plugins\com.st.stm32cube.common.mx_6.15.0.202507011659
2026-01-07 16:43:37,145 [INFO] DbMcusXml:78 - Set database path to: C:\ST\STM32CubeIDE_1.19.0\STM32CubeIDE\plugins\com.st.stm32cube.common.mx_6.15.0.202507011659\\db\/mcu/
2026-01-07 16:43:37,145 [INFO] ApiDb:274 - Set plugin database path to: C:\ST\STM32CubeIDE_1.19.0\STM32CubeIDE\plugins\com.st.stm32cube.common.mx_6.15.0.202507011659\\db\/plugins/boardmanager/
2026-01-07 16:43:37,145 [WARN] ApiDb:259 - Overriding images path with different value:  => C:\ST\STM32CubeIDE_1.19.0\STM32CubeIDE\plugins\com.st.stm32cube.common.mx_6.15.0.202507011659\\db\/plugins/mcufinder/images/
2026-01-07 16:43:37,151 [INFO] ApiDb:250 - Set database path to: C:\Users\liushaw\.stmcufinder\plugins\mcufinder//mcu/
2026-01-07 16:43:37,153 [INFO] DbMcusAds:125 - Set database path to: C:\Users\liushaw\.stmcufinder\plugins\mcufinder//mcu/
2026-01-07 16:43:37,155 [INFO] CrossReferenceDbSqlite:203 - Set database path to: C:\Users\liushaw\.stmcufinder\plugins\mcufinder//mcu/cs/
2026-01-07 16:43:37,270 [INFO] RulesReader:64 - Compatibility file has been processed (317 Rules)
2026-01-07 16:43:37,396 [INFO] DbMcusXml:78 - Set database path to: C:\ST\STM32CubeIDE_1.19.0\STM32CubeIDE\plugins\com.st.stm32cube.common.mx_6.15.0.202507011659\\db\/mcu/
2026-01-07 16:43:37,397 [INFO] ApiDb:274 - Set plugin database path to: C:\ST\STM32CubeIDE_1.19.0\STM32CubeIDE\plugins\com.st.stm32cube.common.mx_6.15.0.202507011659\\db\/plugins/boardmanager/
2026-01-07 16:43:37,397 [INFO] ApiDb:261 - Set plugin images path to: C:\ST\STM32CubeIDE_1.19.0\STM32CubeIDE\plugins\com.st.stm32cube.common.mx_6.15.0.202507011659\\db\/plugins/mcufinder/images/
2026-01-07 16:43:37,397 [WARN] DbFile:41 - Overriding database path with different value: C:\Users\liushaw\.stmcufinder\plugins\mcufinder/ => C:\Users\liushaw\.stmcufinder\plugins\mcufinder
2026-01-07 16:43:37,397 [INFO] ApiDb:250 - Set database path to: C:\Users\liushaw\.stmcufinder\plugins\mcufinder//mcu/
2026-01-07 16:43:37,397 [WARN] DbFile:41 - Overriding database path with different value: C:\Users\liushaw\.stmcufinder\plugins\mcufinder/ => C:\Users\liushaw\.stmcufinder\plugins\mcufinder
2026-01-07 16:43:37,397 [INFO] DbMcusAds:125 - Set database path to: C:\Users\liushaw\.stmcufinder\plugins\mcufinder//mcu/
2026-01-07 16:43:37,397 [WARN] DbFile:41 - Overriding database path with different value: C:\Users\liushaw\.stmcufinder\plugins\mcufinder/ => C:\Users\liushaw\.stmcufinder\plugins\mcufinder
2026-01-07 16:43:37,397 [WARN] DbFile:41 - Overriding database path with different value: C:\Users\liushaw\.stmcufinder\plugins\mcufinder/ => C:\Users\liushaw\.stmcufinder\plugins\mcufinder
2026-01-07 16:43:37,397 [INFO] CrossReferenceDbSqlite:203 - Set database path to: C:\Users\liushaw\.stmcufinder\plugins\mcufinder//mcu/cs/
2026-01-07 16:43:37,480 [INFO] MainPanel:274 - HeapMemory: 268435456
2026-01-07 16:43:37,599 [INFO] DbMcusXml:78 - Set database path to: C:\ST\STM32CubeIDE_1.19.0\STM32CubeIDE\plugins\com.st.stm32cube.common.mx_6.15.0.202507011659\\db\/mcu/
2026-01-07 16:43:37,599 [INFO] ApiDb:274 - Set plugin database path to: C:\ST\STM32CubeIDE_1.19.0\STM32CubeIDE\plugins\com.st.stm32cube.common.mx_6.15.0.202507011659\\db\/plugins/boardmanager/
2026-01-07 16:43:37,599 [INFO] ApiDb:261 - Set plugin images path to: C:\ST\STM32CubeIDE_1.19.0\STM32CubeIDE\plugins\com.st.stm32cube.common.mx_6.15.0.202507011659\\db\/plugins/mcufinder/images/
2026-01-07 16:43:37,600 [WARN] DbFile:41 - Overriding database path with different value: C:\Users\liushaw\.stmcufinder\plugins\mcufinder/ => C:\Users\liushaw\.stmcufinder\plugins\mcufinder
2026-01-07 16:43:37,600 [INFO] ApiDb:250 - Set database path to: C:\Users\liushaw\.stmcufinder\plugins\mcufinder//mcu/
2026-01-07 16:43:37,600 [WARN] DbFile:41 - Overriding database path with different value: C:\Users\liushaw\.stmcufinder\plugins\mcufinder/ => C:\Users\liushaw\.stmcufinder\plugins\mcufinder
2026-01-07 16:43:37,600 [INFO] DbMcusAds:125 - Set database path to: C:\Users\liushaw\.stmcufinder\plugins\mcufinder//mcu/
2026-01-07 16:43:37,600 [WARN] DbFile:41 - Overriding database path with different value: C:\Users\liushaw\.stmcufinder\plugins\mcufinder/ => C:\Users\liushaw\.stmcufinder\plugins\mcufinder
2026-01-07 16:43:37,600 [WARN] DbFile:41 - Overriding database path with different value: C:\Users\liushaw\.stmcufinder\plugins\mcufinder/ => C:\Users\liushaw\.stmcufinder\plugins\mcufinder
2026-01-07 16:43:37,600 [INFO] CrossReferenceDbSqlite:203 - Set database path to: C:\Users\liushaw\.stmcufinder\plugins\mcufinder//mcu/cs/
2026-01-07 16:43:37,620 [INFO] ApplicationProperties:184 - Using Application install path: C:\ST\STM32CubeIDE_1.19.0\STM32CubeIDE\plugins\com.st.stm32cube.common.mx_6.15.0.202507011659
2026-01-07 16:43:37,621 [INFO] PluginManage:196 - Search for loadable plugins [exclusion list=, ]
2026-01-07 16:43:37,623 [INFO] PluginManage:310 - Check plugin analytics
2026-01-07 16:43:37,999 [INFO] AnalyticsPlugin:253 - Accepted Software Licenses: STM32CubeMX.6.15.0
2026-01-07 16:43:37,999 [INFO] AnalyticsPlugin:255 - Accepted CMSIS Pack Licenses: 
2026-01-07 16:43:37,999 [INFO] AnalyticsPlugin:257 - Accepted Firmware Licenses: FW.F4.1.28.0
2026-01-07 16:43:38,007 [INFO] PluginManage:359 - Loaded plugin analytics (category:tool,tabindex:-1)
2026-01-07 16:43:38,007 [INFO] PluginManage:310 - Check plugin cadmodel
2026-01-07 16:43:38,017 [INFO] CADModel:105 - Init CAD model plugin
2026-01-07 16:43:38,017 [INFO] PluginManage:359 - Loaded plugin cadmodel (category:power,tabindex:5)
2026-01-07 16:43:38,018 [INFO] PluginManage:310 - Check plugin clock
2026-01-07 16:43:38,042 [INFO] PluginManage:359 - Loaded plugin clock (category:base,tabindex:2)
2026-01-07 16:43:38,042 [INFO] PluginManage:310 - Check plugin ddr
2026-01-07 16:43:38,047 [INFO] PluginManage:359 - Loaded plugin ddr (category:tool,tabindex:6)
2026-01-07 16:43:38,047 [INFO] PluginManage:310 - Check plugin filemanager
2026-01-07 16:43:38,252 [INFO] PluginManage:359 - Loaded plugin filemanager (category:base,tabindex:10)
2026-01-07 16:43:38,252 [INFO] PluginManage:310 - Check plugin ipmanager
2026-01-07 16:43:38,261 [INFO] PluginManage:359 - Loaded plugin ipmanager (category:base,tabindex:5)
2026-01-07 16:43:38,261 [INFO] PluginManage:310 - Check plugin lpbam
2026-01-07 16:43:38,275 [INFO] PluginManage:359 - Loaded plugin lpbam (category:base,tabindex:0)
2026-01-07 16:43:38,276 [INFO] PluginManage:310 - Check plugin memorymap
2026-01-07 16:43:38,296 [INFO] PluginManage:359 - Loaded plugin memorymap (category:base,tabindex:4)
2026-01-07 16:43:38,296 [INFO] PluginManage:310 - Check plugin pinoutandconfiguration
2026-01-07 16:43:38,306 [INFO] PluginManage:359 - Loaded plugin pinoutandconfiguration (category:base,tabindex:1)
2026-01-07 16:43:38,306 [INFO] PluginManage:310 - Check plugin pinoutconfig
2026-01-07 16:43:38,413 [WARN] SupportedApi:132 - Cannot load RTOS API schema: s4s-elt-must-match.1: The content of 'definitions' must match (annotation?, (simpleType | complexType)?, (unique | key | keyref)*)). A problem was found starting at: attribute.
2026-01-07 16:43:38,605 [INFO] PluginManage:359 - Loaded plugin pinoutconfig (category:base,tabindex:0)
2026-01-07 16:43:38,605 [INFO] PluginManage:310 - Check plugin power
2026-01-07 16:43:38,623 [INFO] PluginManage:359 - Loaded plugin power (category:power,tabindex:4)
2026-01-07 16:43:38,623 [INFO] PluginManage:310 - Check plugin projectmanager
2026-01-07 16:43:38,649 [INFO] PluginManage:359 - Loaded plugin projectmanager (category:projectmanager,tabindex:4)
2026-01-07 16:43:38,649 [INFO] PluginManage:310 - Check plugin rif
2026-01-07 16:43:38,681 [INFO] PluginManage:359 - Loaded plugin rif (category:base,tabindex:3)
2026-01-07 16:43:38,681 [INFO] PluginManage:310 - Check plugin thirdparty
2026-01-07 16:43:38,994 [INFO] PluginManage:359 - Loaded plugin thirdparty (category:base,tabindex:-1)
2026-01-07 16:43:38,994 [WARN] IntegrityCheckThread:84 - waiting for thirdparty lock release [integrity check]
2026-01-07 16:43:38,994 [INFO] PluginManage:310 - Check plugin tools
2026-01-07 16:43:38,994 [INFO] IntegrityCheckThread:86 - entering critical section [integrity check]
2026-01-07 16:43:38,995 [INFO] ThirdPartyUpdaterWithRetryManager:70 - Updater plugin not ready yet. [1/15]
2026-01-07 16:43:38,996 [INFO] PluginManage:359 - Loaded plugin tools (category:base,tabindex:7)
2026-01-07 16:43:38,997 [INFO] PluginManage:310 - Check plugin tutovideos
2026-01-07 16:43:39,245 [INFO] PluginManage:359 - Loaded plugin tutovideos (category:base,tabindex:-1)
2026-01-07 16:43:39,246 [INFO] PluginManage:310 - Check plugin updater
2026-01-07 16:43:39,265 [INFO] PluginManage:359 - Loaded plugin updater (category:base,tabindex:12)
2026-01-07 16:43:39,265 [INFO] PluginManage:310 - Check plugin userauth
2026-01-07 16:43:39,270 [INFO] UserAuth:118 - Init User Auth plugin
2026-01-07 16:43:39,271 [INFO] PluginManage:359 - Loaded plugin userauth (category:base,tabindex:14)
2026-01-07 16:43:39,271 [INFO] PluginManage:283 - PluginManage : Loaded plugins [18]
2026-01-07 16:43:39,498 [INFO] PinOutPanel:1589 - setPackage(No Configuration,No Configuration)
2026-01-07 16:43:39,583 [INFO] CADModel:165 - CPN selected for project level
2026-01-07 16:43:39,583 [INFO] CADModel:114 - Register for checkConnection events
2026-01-07 16:43:39,601 [INFO] IPUIPlugin:80 - create IPUIPlugin
2026-01-07 16:43:39,601 [INFO] PluginManager:220 - loadIPPluginJar : add adc
2026-01-07 16:43:39,603 [INFO] IPUIPlugin:80 - create IPUIPlugin
2026-01-07 16:43:39,603 [INFO] PluginManager:220 - loadIPPluginJar : add aes
2026-01-07 16:43:39,606 [INFO] IPUIPlugin:80 - create IPUIPlugin
2026-01-07 16:43:39,606 [INFO] PluginManager:220 - loadIPPluginJar : add can
2026-01-07 16:43:39,607 [INFO] IPUIPlugin:80 - create IPUIPlugin
2026-01-07 16:43:39,607 [INFO] PluginManager:220 - loadIPPluginJar : add comp
2026-01-07 16:43:39,609 [INFO] IPUIPlugin:80 - create IPUIPlugin
2026-01-07 16:43:39,609 [INFO] PluginManager:220 - loadIPPluginJar : add cryp
2026-01-07 16:43:39,611 [INFO] IPUIPlugin:80 - create IPUIPlugin
2026-01-07 16:43:39,611 [INFO] PluginManager:220 - loadIPPluginJar : add ddr_ctrl_phy
2026-01-07 16:43:39,613 [INFO] IPUIPlugin:80 - create IPUIPlugin
2026-01-07 16:43:39,613 [INFO] PluginManager:220 - loadIPPluginJar : add dfsdm
2026-01-07 16:43:39,618 [INFO] IPUIPlugin:80 - create IPUIPlugin
2026-01-07 16:43:39,618 [INFO] PluginManager:220 - loadIPPluginJar : add dma
2026-01-07 16:43:39,620 [INFO] IPUIPlugin:80 - create IPUIPlugin
2026-01-07 16:43:39,620 [INFO] PluginManager:220 - loadIPPluginJar : add dma3
2026-01-07 16:43:39,623 [INFO] IPUIPlugin:80 - create IPUIPlugin
2026-01-07 16:43:39,623 [INFO] PluginManager:220 - loadIPPluginJar : add extmemmanager
2026-01-07 16:43:39,624 [INFO] IPUIPlugin:80 - create IPUIPlugin
2026-01-07 16:43:39,624 [INFO] PluginManager:220 - loadIPPluginJar : add fatfs
2026-01-07 16:43:39,627 [INFO] IPUIPlugin:80 - create IPUIPlugin
2026-01-07 16:43:39,627 [INFO] PluginManager:220 - loadIPPluginJar : add fmc
2026-01-07 16:43:39,635 [INFO] IPUIPlugin:80 - create IPUIPlugin
2026-01-07 16:43:39,635 [INFO] PluginManager:220 - loadIPPluginJar : add freertos
2026-01-07 16:43:39,636 [INFO] IPUIPlugin:80 - create IPUIPlugin
2026-01-07 16:43:39,636 [INFO] PluginManager:220 - loadIPPluginJar : add genericplugin
2026-01-07 16:43:39,638 [INFO] IPUIPlugin:80 - create IPUIPlugin
2026-01-07 16:43:39,638 [INFO] PluginManager:220 - loadIPPluginJar : add gfxmmu
2026-01-07 16:43:39,642 [INFO] IPUIPlugin:80 - create IPUIPlugin
2026-01-07 16:43:39,643 [INFO] PluginManager:220 - loadIPPluginJar : add gic
2026-01-07 16:43:39,647 [INFO] IPUIPlugin:80 - create IPUIPlugin
2026-01-07 16:43:39,647 [INFO] PluginManager:220 - loadIPPluginJar : add gpio
2026-01-07 16:43:39,650 [INFO] IPUIPlugin:80 - create IPUIPlugin
2026-01-07 16:43:39,650 [INFO] PluginManager:220 - loadIPPluginJar : add gtzc
2026-01-07 16:43:39,651 [INFO] IPUIPlugin:80 - create IPUIPlugin
2026-01-07 16:43:39,652 [INFO] PluginManager:220 - loadIPPluginJar : add hash
2026-01-07 16:43:39,654 [INFO] IPUIPlugin:80 - create IPUIPlugin
2026-01-07 16:43:39,654 [INFO] PluginManager:220 - loadIPPluginJar : add i2c
2026-01-07 16:43:39,655 [INFO] IPUIPlugin:80 - create IPUIPlugin
2026-01-07 16:43:39,655 [INFO] PluginManager:220 - loadIPPluginJar : add i2s
2026-01-07 16:43:39,657 [INFO] IPUIPlugin:80 - create IPUIPlugin
2026-01-07 16:43:39,657 [INFO] PluginManager:220 - loadIPPluginJar : add i3c
2026-01-07 16:43:39,661 [INFO] IPUIPlugin:80 - create IPUIPlugin
2026-01-07 16:43:39,661 [INFO] PluginManager:220 - loadIPPluginJar : add ipddr
2026-01-07 16:43:39,667 [INFO] IPUIPlugin:80 - create IPUIPlugin
2026-01-07 16:43:39,667 [INFO] PluginManager:220 - loadIPPluginJar : add linkedlist
2026-01-07 16:43:39,671 [INFO] IPUIPlugin:80 - create IPUIPlugin
2026-01-07 16:43:39,671 [INFO] PluginManager:220 - loadIPPluginJar : add lorawan
2026-01-07 16:43:39,672 [INFO] IPUIPlugin:80 - create IPUIPlugin
2026-01-07 16:43:39,672 [INFO] PluginManager:220 - loadIPPluginJar : add ltdc
2026-01-07 16:43:39,677 [INFO] IPUIPlugin:80 - create IPUIPlugin
2026-01-07 16:43:39,677 [INFO] PluginManager:220 - loadIPPluginJar : add mdma
2026-01-07 16:43:39,682 [INFO] IPUIPlugin:80 - create IPUIPlugin
2026-01-07 16:43:39,682 [INFO] PluginManager:220 - loadIPPluginJar : add nvic
2026-01-07 16:43:39,684 [INFO] IPUIPlugin:80 - create IPUIPlugin
2026-01-07 16:43:39,684 [INFO] PluginManager:220 - loadIPPluginJar : add opamp
2026-01-07 16:43:39,686 [INFO] IPUIPlugin:80 - create IPUIPlugin
2026-01-07 16:43:39,686 [INFO] PluginManager:220 - loadIPPluginJar : add openamp
2026-01-07 16:43:39,688 [INFO] IPUIPlugin:80 - create IPUIPlugin
2026-01-07 16:43:39,688 [INFO] PluginManager:220 - loadIPPluginJar : add pdm2pcm
2026-01-07 16:43:39,693 [INFO] IPUIPlugin:80 - create IPUIPlugin
2026-01-07 16:43:39,695 [INFO] PluginManager:220 - loadIPPluginJar : add plateformsettings
2026-01-07 16:43:39,696 [INFO] IPUIPlugin:80 - create IPUIPlugin
2026-01-07 16:43:39,696 [INFO] PluginManager:220 - loadIPPluginJar : add quadspi
2026-01-07 16:43:39,697 [INFO] IPUIPlugin:80 - create IPUIPlugin
2026-01-07 16:43:39,698 [INFO] PluginManager:220 - loadIPPluginJar : add radio
2026-01-07 16:43:39,700 [INFO] IPUIPlugin:80 - create IPUIPlugin
2026-01-07 16:43:39,700 [INFO] PluginManager:220 - loadIPPluginJar : add resmgrutility
2026-01-07 16:43:39,702 [INFO] IPUIPlugin:80 - create IPUIPlugin
2026-01-07 16:43:39,703 [INFO] PluginManager:220 - loadIPPluginJar : add sai
2026-01-07 16:43:39,704 [INFO] IPUIPlugin:80 - create IPUIPlugin
2026-01-07 16:43:39,704 [INFO] PluginManager:220 - loadIPPluginJar : add spi
2026-01-07 16:43:39,709 [INFO] IPUIPlugin:80 - create IPUIPlugin
2026-01-07 16:43:39,709 [INFO] PluginManager:220 - loadIPPluginJar : add stm32_wpan
2026-01-07 16:43:39,710 [INFO] IPUIPlugin:80 - create IPUIPlugin
2026-01-07 16:43:39,710 [INFO] PluginManager:220 - loadIPPluginJar : add tim
2026-01-07 16:43:39,712 [INFO] IPUIPlugin:80 - create IPUIPlugin
2026-01-07 16:43:39,712 [INFO] PluginManager:220 - loadIPPluginJar : add touchsensing
2026-01-07 16:43:39,713 [INFO] IPUIPlugin:80 - create IPUIPlugin
2026-01-07 16:43:39,713 [INFO] PluginManager:220 - loadIPPluginJar : add tracer_emb
2026-01-07 16:43:39,715 [INFO] IPUIPlugin:80 - create IPUIPlugin
2026-01-07 16:43:39,715 [INFO] PluginManager:220 - loadIPPluginJar : add ts
2026-01-07 16:43:39,716 [INFO] IPUIPlugin:80 - create IPUIPlugin
2026-01-07 16:43:39,716 [INFO] PluginManager:220 - loadIPPluginJar : add tsc
2026-01-07 16:43:39,717 [INFO] IPUIPlugin:80 - create IPUIPlugin
2026-01-07 16:43:39,717 [INFO] PluginManager:220 - loadIPPluginJar : add ucpd
2026-01-07 16:43:39,719 [INFO] IPUIPlugin:80 - create IPUIPlugin
2026-01-07 16:43:39,719 [INFO] PluginManager:220 - loadIPPluginJar : add usart
2026-01-07 16:43:39,721 [INFO] IPUIPlugin:80 - create IPUIPlugin
2026-01-07 16:43:39,721 [INFO] PluginManager:220 - loadIPPluginJar : add usbx
2026-01-07 16:43:39,844 [FATAL] Updater:351 - Updater called before beeing initialized
2026-01-07 16:43:39,866 [INFO] RulesReader:64 - Compatibility file has been processed (317 Rules)
2026-01-07 16:43:39,874 [INFO] RulesReader:64 - Compatibility file has been processed (317 Rules)
2026-01-07 16:43:39,889 [INFO] CADModel:165 - CPN selected for project level
2026-01-07 16:43:39,889 [INFO] CADModel:114 - Register for checkConnection events
2026-01-07 16:43:39,889 [FATAL] Updater:351 - Updater called before beeing initialized
2026-01-07 16:43:39,889 [ERROR] CADModel:125 - Updater not yet initialized, retry later 
2026-01-07 16:43:40,057 [FATAL] Updater:351 - Updater called before beeing initialized
2026-01-07 16:43:40,058 [INFO] CADModel:165 - CPN selected for project level
2026-01-07 16:43:40,058 [INFO] CADModel:114 - Register for checkConnection events
2026-01-07 16:43:40,058 [FATAL] Updater:351 - Updater called before beeing initialized
2026-01-07 16:43:40,058 [ERROR] CADModel:125 - Updater not yet initialized, retry later 
2026-01-07 16:43:40,060 [FATAL] Updater:351 - Updater called before beeing initialized
2026-01-07 16:43:40,181 [FATAL] Updater:351 - Updater called before beeing initialized
2026-01-07 16:43:40,189 [INFO] DbMcusAds:53 - JSON generation date=Tue Dec 16 07:11:46 CST 2025 (1765840306612)
2026-01-07 16:43:40,189 [FATAL] Updater:351 - Updater called before beeing initialized
2026-01-07 16:43:40,220 [WARN] DetailPanel:346 - Failed to get advertising image, set to default
2026-01-07 16:43:40,295 [FATAL] Updater:351 - Updater called before beeing initialized
2026-01-07 16:43:40,297 [FATAL] Updater:351 - Updater called before beeing initialized
2026-01-07 16:43:40,297 [FATAL] Updater:351 - Updater called before beeing initialized
2026-01-07 16:43:40,297 [WARN] DetailPanel:346 - Failed to get advertising image, set to default
2026-01-07 16:43:40,298 [FATAL] Updater:351 - Updater called before beeing initialized
2026-01-07 16:43:40,340 [ERROR] Updater:1198 - MainUpdater not yet initialized. External WinMGr cannot be set.
2026-01-07 16:43:40,342 [INFO] Updater:1134 - Updater Version found : 6.15.0
2026-01-07 16:43:40,358 [INFO] ApplicationProperties:184 - Using Application install path: C:\ST\STM32CubeIDE_1.19.0\STM32CubeIDE\plugins\com.st.stm32cube.common.mx_6.15.0.202507011659
2026-01-07 16:43:41,928 [ERROR] LogOutputStream:75 - [STDERR_REDIRECT] Jan 07, 2026 4:43:41 PM java.util.prefs.WindowsPreferences <init>
2026-01-07 16:43:41,929 [ERROR] LogOutputStream:75 - [STDERR_REDIRECT] WARNING: Could not open/create prefs root node Software\JavaSoft\Prefs at root 0xffffffff80000002. Windows RegCreateKeyEx(...) returned error code 5.
2026-01-07 16:43:41,929 [ERROR] LogOutputStream:75 - [STDERR_REDIRECT] 
2026-01-07 16:43:42,004 [INFO] ThirdPartyUpdaterWithRetryManager:70 - Updater plugin not ready yet. [2/15]
2026-01-07 16:43:42,263 [INFO] MainUpdater:2872 - connection check result : 10
2026-01-07 16:43:42,263 [INFO] MainUpdater:3604 - Updater definition file requires update
2026-01-07 16:43:42,264 [INFO] MainUpdater:289 - Updater Check For Update Now.
2026-01-07 16:43:42,264 [INFO] MicroXplorer:498 - Change Database Version : DB.6.0.150
2026-01-07 16:43:42,270 [INFO] McuFinderGlobals:63 - Set McuFinder mode to 2 (CubeIDE integrated)
2026-01-07 16:43:42,271 [INFO] UserAuth:487 - Internet connection configuration mode: 1
2026-01-07 16:43:42,282 [INFO] ServerAccessManage:452 - Complete download http(s) 200
2026-01-07 16:43:42,282 [INFO] ServerAccessManage:509 - Download File updaters.zip
2026-01-07 16:43:42,291 [INFO] JxBrowserEngine:152 - Initiate JxBrowser Engine with user profile folder
2026-01-07 16:43:42,553 [INFO] FileExtend:248 - Unzip File : updaters.zip
2026-01-07 16:43:42,553 [INFO] FileExtend:263 - Standard Zip Deflate
2026-01-07 16:43:43,154 [INFO] ServerAccessManage:452 - Complete download http(s) 200
2026-01-07 16:43:43,154 [INFO] ServerAccessManage:509 - Download File PacksControlFlags.xml
2026-01-07 16:43:43,231 [INFO] ServerAccessManage:452 - Complete download http(s) 200
2026-01-07 16:43:43,231 [INFO] ServerAccessManage:509 - Download File cubemx.pidx
2026-01-07 16:43:43,347 [INFO] LoadServerUpdatesThread:375 - End of LoadServerUpdate Thread
2026-01-07 16:43:43,445 [INFO] WebApp:169 - Instantiating new browser for Auth
2026-01-07 16:43:43,511 [INFO] CheckServerUpdateThread:120 - End of CheckServer Thread
2026-01-07 16:43:44,647 [INFO] WebApp:463 - Apply proxy settings
2026-01-07 16:43:44,648 [INFO] WebApp:548 - Chromium requires no authentication
2026-01-07 16:43:44,663 [INFO] WebApp:491 - Direct internet connection detected
2026-01-07 16:43:44,705 [INFO] WebApp:900 - Register for checkConnection events
2026-01-07 16:43:44,705 [INFO] WebApp:463 - Apply proxy settings
2026-01-07 16:43:44,705 [INFO] WebApp:548 - Chromium requires no authentication
2026-01-07 16:43:44,706 [INFO] WebApp:491 - Direct internet connection detected
2026-01-07 16:43:44,902 [INFO] WebApp:191 - Connection restablished
2026-01-07 16:43:45,001 [INFO] WebApp:225 - Starting web application
2026-01-07 16:43:45,001 [INFO] WebApp:593 - Web application path used C:\ST\STM32CubeIDE_1.19.0\STM32CubeIDE\plugins\com.st.stm32cube.common.mx_6.15.0.202507011659\db\plugins\mcufinder\reactClient1\index.html
2026-01-07 16:43:45,165 [INFO] UserAuth:487 - Internet connection configuration mode: 1
2026-01-07 16:43:45,579 [WARN] PackLoader:240 - Cannot read IP mode file for STMicroelectronics.FP-SNS-MOTENVWB1.1.4.0
2026-01-07 16:43:45,592 [WARN] PackLoader:240 - Cannot read IP mode file for STMicroelectronics.FP-ATR-ASTRA1.2.0.2
2026-01-07 16:43:45,603 [WARN] PackLoader:240 - Cannot read IP mode file for STMicroelectronics.X-CUBE-SMBUS.2.1.0
2026-01-07 16:43:45,638 [WARN] PackLoader:240 - Cannot read IP mode file for STMicroelectronics.X-CUBE-AZRTOS-F7.1.1.0
2026-01-07 16:43:45,650 [WARN] PackLoader:240 - Cannot read IP mode file for Cesanta.I-CUBE-Mongoose.7.19.0
2026-01-07 16:43:45,657 [WARN] PackLoader:240 - Cannot read IP mode file for STMicroelectronics.FP-SNS-MOTENV1.5.1.0
2026-01-07 16:43:45,678 [WARN] PackLoader:240 - Cannot read IP mode file for WES.I-CUBE-Cesium.1.4.0
2026-01-07 16:43:45,706 [WARN] PackLoader:240 - Cannot read IP mode file for Infineon.AIROC-Wi-Fi-Bluetooth-STM32.1.7.1
2026-01-07 16:43:45,733 [WARN] PackLoader:240 - Cannot read IP mode file for STMicroelectronics.X-CUBE-AZRTOS-H7.3.4.0
2026-01-07 16:43:45,750 [WARN] PackLoader:240 - Cannot read IP mode file for STMicroelectronics.X-CUBE-DISPLAY.3.0.0
2026-01-07 16:43:45,768 [WARN] PackLoader:240 - Cannot read IP mode file for STMicroelectronics.X-CUBE-NFC10.1.0.0
2026-01-07 16:43:45,777 [WARN] PackLoader:240 - Cannot read IP mode file for STMicroelectronics.X-CUBE-ST60.1.1.0
2026-01-07 16:43:45,786 [WARN] PackLoader:240 - Cannot read IP mode file for emotas.I-CUBE-CANOPEN.1.3.0
2026-01-07 16:43:45,793 [WARN] PackLoader:240 - Cannot read IP mode file for STMicroelectronics.X-CUBE-GNSS1.7.1.0
2026-01-07 16:43:45,803 [WARN] PackLoader:240 - Cannot read IP mode file for STMicroelectronics.FP-SNS-STBOX1.2.1.0
2026-01-07 16:43:45,809 [WARN] PackLoader:240 - Cannot read IP mode file for STMicroelectronics.FP-SNS-SMARTAG2.1.2.0
2026-01-07 16:43:45,816 [WARN] PackLoader:240 - Cannot read IP mode file for STMicroelectronics.FP-SNS-FLIGHT1.5.1.0
2026-01-07 16:43:45,828 [INFO] LogOutputStream:77 - [STDOUT_REDIRECT] 1 : Invalid condition id : UX_CORESTACK_Condition cause : null
2026-01-07 16:43:45,829 [INFO] LogOutputStream:77 - [STDOUT_REDIRECT] 1 : Invalid condition id : UX_CORESTACK_Condition cause : null
2026-01-07 16:43:45,832 [INFO] LogOutputStream:77 - [STDOUT_REDIRECT] 1 : Invalid condition id : UX_CORESTACK_Condition cause : null
2026-01-07 16:43:45,834 [INFO] LogOutputStream:77 - [STDOUT_REDIRECT] 1 : Invalid condition id : UX_CORESTACK_Condition cause : null
2026-01-07 16:43:45,835 [INFO] LogOutputStream:77 - [STDOUT_REDIRECT] 1 : Invalid condition id : UX_CORESTACK_Condition cause : null
2026-01-07 16:43:45,837 [WARN] PackLoader:240 - Cannot read IP mode file for STMicroelectronics.X-CUBE-AZRTOS-WL.2.0.0
2026-01-07 16:43:45,857 [WARN] PackLoader:240 - Cannot read IP mode file for STMicroelectronics.X-CUBE-AZRTOS-H7RS.1.2.0
2026-01-07 16:43:45,868 [WARN] PackLoader:240 - Cannot read IP mode file for STMicroelectronics.X-CUBE-BLE2.3.3.0
2026-01-07 16:43:45,904 [WARN] PackLoader:240 - Cannot read IP mode file for STMicroelectronics.X-CUBE-NFC9.1.0.0
2026-01-07 16:43:45,914 [WARN] PackLoader:240 - Cannot read IP mode file for wolfSSL.I-CUBE-wolfSSL.5.8.2
2026-01-07 16:43:45,921 [WARN] PackLoader:240 - Cannot read IP mode file for STMicroelectronics.X-CUBE-BLE1.7.1.0
2026-01-07 16:43:45,927 [WARN] PackLoader:240 - Cannot read IP mode file for wolfSSL.I-CUBE-wolfMQTT.1.19.2
2026-01-07 16:43:45,935 [WARN] PackLoader:240 - Cannot read IP mode file for STMicroelectronics.X-CUBE-FREERTOS.1.4.0
2026-01-07 16:43:45,942 [WARN] PackLoader:240 - Cannot read IP mode file for STMicroelectronics.X-CUBE-EEPRMA1.5.2.0
2026-01-07 16:43:45,949 [WARN] PackLoader:240 - Cannot read IP mode file for STMicroelectronics.X-CUBE-ST67W61.1.1.0
2026-01-07 16:43:45,981 [WARN] PackLoader:240 - Cannot read IP mode file for STMicroelectronics.X-CUBE-MEMS1.12.0.0
2026-01-07 16:43:46,055 [WARN] PackLoader:240 - Cannot read IP mode file for STMicroelectronics.X-CUBE-AZRTOS-G0.1.1.0
2026-01-07 16:43:46,062 [WARN] PackLoader:240 - Cannot read IP mode file for STMicroelectronics.X-CUBE-SAFEA1.1.2.2
2026-01-07 16:43:46,069 [WARN] PackLoader:240 - Cannot read IP mode file for STMicroelectronics.X-CUBE-NFC4.3.0.0
2026-01-07 16:43:46,074 [WARN] PackLoader:240 - Cannot read IP mode file for STMicroelectronics.X-CUBE-WB05N.2.0.0
2026-01-07 16:43:46,080 [WARN] PackLoader:240 - Cannot read IP mode file for wolfSSL.I-CUBE-wolfTPM.3.8.0
2026-01-07 16:43:46,085 [WARN] PackLoader:240 - Cannot read IP mode file for STMicroelectronics.X-CUBE-TCPP.4.2.0
2026-01-07 16:43:46,090 [WARN] PackLoader:240 - Cannot read IP mode file for RealThread.X-CUBE-RT-Thread_Nano.4.1.1
2026-01-07 16:43:46,094 [WARN] PackLoader:240 - Cannot read IP mode file for STMicroelectronics.FP-ATR-SIGFOX1.3.2.0
2026-01-07 16:43:46,100 [WARN] PackLoader:240 - Cannot read IP mode file for ITTIA_DB.I-CUBE-ITTIADB.8.9.0
2026-01-07 16:43:46,104 [WARN] PackLoader:240 - Cannot read IP mode file for STMicroelectronics.X-CUBE-AI.10.2.0
2026-01-07 16:43:46,121 [WARN] PackLoader:240 - Cannot read IP mode file for SEGGER.I-CUBE-embOS.1.3.1
2026-01-07 16:43:46,150 [WARN] PackLoader:240 - Cannot read IP mode file for STMicroelectronics.X-CUBE-ALGOBUILD.1.4.0
2026-01-07 16:43:46,175 [WARN] PackLoader:240 - Cannot read IP mode file for STMicroelectronics.X-CUBE-MEMS1.11.3.0
2026-01-07 16:43:46,315 [WARN] PackLoader:240 - Cannot read IP mode file for STMicroelectronics.X-CUBE-PM33A1.1.0.0
2026-01-07 16:43:46,323 [WARN] PackLoader:240 - Cannot read IP mode file for STMicroelectronics.X-CUBE-AZRTOS-F4.1.1.0
2026-01-07 16:43:46,328 [WARN] PackLoader:240 - Cannot read IP mode file for STMicroelectronics.X-CUBE-ISPU.2.1.0
2026-01-07 16:43:46,339 [WARN] PackLoader:240 - Cannot read IP mode file for STMicroelectronics.X-CUBE-IPS.3.2.0
2026-01-07 16:43:46,348 [WARN] PackLoader:240 - Cannot read IP mode file for STMicroelectronics.X-CUBE-NFC12.1.0.0
2026-01-07 16:43:46,358 [WARN] PackLoader:240 - Cannot read IP mode file for STMicroelectronics.X-CUBE-AZRTOS-L5.2.0.0
2026-01-07 16:43:46,366 [WARN] PackLoader:240 - Cannot read IP mode file for STMicroelectronics.X-CUBE-NFC6.3.1.0
2026-01-07 16:43:46,370 [WARN] PackLoader:240 - Cannot read IP mode file for STMicroelectronics.X-CUBE-FREERTOS.1.3.1
2026-01-07 16:43:46,380 [WARN] PackLoader:240 - Cannot read IP mode file for STMicroelectronics.X-CUBE-TOUCHGFX.4.26.0
2026-01-07 16:43:46,385 [WARN] PackLoader:240 - Cannot read IP mode file for STMicroelectronics.FP-SNS-STAIOTCFT.1.0.0
2026-01-07 16:43:46,389 [WARN] PackLoader:240 - Cannot read IP mode file for STMicroelectronics.X-CUBE-DPower.1.3.0
2026-01-07 16:43:46,400 [WARN] ConditionMgr:438 - getConditionDescription Invalid condition id : LAN8742 Phy interface Condition cause : null
2026-01-07 16:43:46,401 [WARN] PackLoader:240 - Cannot read IP mode file for STMicroelectronics.X-CUBE-AZRTOS-L4.2.0.0
2026-01-07 16:43:46,401 [WARN] ConditionMgr:1044 - genDependencies : Invalid condition id : LAN8742 Phy interface Condition cause : null
2026-01-07 16:43:46,401 [WARN] ConditionMgr:1044 - genDependencies : Invalid condition id : LAN8742 Phy interface Condition cause : null
2026-01-07 16:43:46,402 [WARN] ConditionMgr:1044 - genDependencies : Invalid condition id : LAN8742 Phy interface Condition cause : null
2026-01-07 16:43:46,407 [WARN] PackLoader:240 - Cannot read IP mode file for STMicroelectronics.X-CUBE-SFXS2LP1.4.0.0
2026-01-07 16:43:46,416 [WARN] PackLoader:240 - Cannot read IP mode file for STMicroelectronics.X-CUBE-BLEMGR.4.1.0
2026-01-07 16:43:46,425 [WARN] ConditionMgr:438 - getConditionDescription Invalid condition id : UX DEVICE CLASS RTOS Condition cause : null
2026-01-07 16:43:46,425 [WARN] ConditionMgr:438 - getConditionDescription Invalid condition id : UX DEVICE CLASS RTOS Condition cause : null
2026-01-07 16:43:46,427 [WARN] PackLoader:240 - Cannot read IP mode file for STMicroelectronics.X-CUBE-AZRTOS-WB.2.0.0
2026-01-07 16:43:46,428 [WARN] ConditionMgr:1044 - genDependencies : Invalid condition id : UX DEVICE CLASS RTOS Condition cause : null
2026-01-07 16:43:46,428 [WARN] ConditionMgr:1044 - genDependencies : Invalid condition id : UX DEVICE CLASS RTOS Condition cause : null
2026-01-07 16:43:46,429 [WARN] ConditionMgr:1044 - genDependencies : Invalid condition id : UX DEVICE CLASS RTOS Condition cause : null
2026-01-07 16:43:46,429 [WARN] ConditionMgr:1044 - genDependencies : Invalid condition id : UX DEVICE CLASS RTOS Condition cause : null
2026-01-07 16:43:46,430 [WARN] ConditionMgr:1044 - genDependencies : Invalid condition id : UX DEVICE CLASS RTOS Condition cause : null
2026-01-07 16:43:46,435 [WARN] PackLoader:240 - Cannot read IP mode file for STMicroelectronics.X-CUBE-GNSS1.7.0.1
2026-01-07 16:43:46,440 [WARN] ConditionMgr:438 - getConditionDescription Invalid condition id : Cortex-A Device cause : null
2026-01-07 16:43:46,449 [WARN] ConditionMgr:1044 - genDependencies : Invalid condition id : Cortex-A Device cause : null
2026-01-07 16:43:46,449 [WARN] ConditionMgr:1044 - genDependencies : Invalid condition id : Cortex-A Device cause : null
2026-01-07 16:43:46,449 [WARN] ConditionMgr:1044 - genDependencies : Invalid condition id : Cortex-A Device cause : null
2026-01-07 16:43:46,455 [WARN] PackLoader:240 - Cannot read IP mode file for STMicroelectronics.X-CUBE-SUBG2.5.0.0
2026-01-07 16:43:46,472 [WARN] PackLoader:240 - Cannot read IP mode file for STMicroelectronics.X-CUBE-AZRTOS-H7RS.1.1.0
2026-01-07 16:43:46,481 [WARN] PackLoader:240 - Cannot read IP mode file for STMicroelectronics.X-CUBE-AZRTOS-G4.2.0.0
2026-01-07 16:43:46,485 [WARN] PackLoader:240 - Cannot read IP mode file for wolfSSL.I-CUBE-wolfSSH.1.4.20
2026-01-07 16:43:46,490 [WARN] PackLoader:240 - Cannot read IP mode file for STMicroelectronics.X-CUBE-NFC7.2.0.0
2026-01-07 16:43:46,494 [WARN] PackLoader:240 - Cannot read IP mode file for STMicroelectronics.X-CUBE-ALS.1.0.2
2026-01-07 16:43:46,499 [WARN] PackLoader:240 - Cannot read IP mode file for STMicroelectronics.X-CUBE-STSE01.1.0.0
2026-01-07 16:43:46,506 [WARN] PackLoader:240 - Cannot read IP mode file for STMicroelectronics.X-CUBE-TOF1.3.4.3
2026-01-07 16:43:46,512 [INFO] ThirdParty:978 - Integrity check success = true
2026-01-07 16:43:46,512 [INFO] IntegrityCheckThread:100 - exiting critical section [integrity check]
2026-01-07 16:43:46,512 [INFO] IntegrityCheckThread:103 - End integrity checks thread
