../Core/Src/main.c:74:6:pin_on	16	static
../Core/Src/main.c:77:6:pin_off	16	static
../Core/Src/main.c:80:6:blue_button_pressed	8	static
../Core/Src/main.c:83:6:HAL_GPIO_EXTI_Callback	16	static
../Core/Src/main.c:105:5:main	16	static
../Core/Src/main.c:158:6:SystemClock_Config	88	static
../Core/Src/main.c:201:13:MX_I2C1_Init	8	static
../Core/Src/main.c:231:13:MX_I2S3_Init	8	static
../Core/Src/main.c:261:13:MX_SPI1_Init	8	static
../Core/Src/main.c:295:13:MX_GPIO_Init	56	static
../Core/Src/main.c:400:6:Error_Handler	4	static,ignoring_inline_asm
