15:51:39 **** Incremental Build of configuration Debug for project Motor_bridge ****
make -j18 all 
arm-none-eabi-gcc "../Middlewares/Third_Party/Agv/Control/src/pid.c" -mcpu=cortex-m4 -std=gnu11 -g3 -DDEBUG -DUSE_HAL_DRIVER -DSTM32F407xx -DSTM32_THREAD_SAFE_STRATEGY=5 -c -I../Core/Inc -I../Drivers/STM32F4xx_HAL_Driver/Inc -I../Drivers/STM32F4xx_HAL_Driver/Inc/Legacy -I../Middlewares/Third_Party/FreeRTOS/Source/include -I../Middlewares/Third_Party/FreeRTOS/Source/CMSIS_RTOS_V2 -I../Middlewares/Third_Party/FreeRTOS/Source/portable/GCC/ARM_CM4F -I../Drivers/CMSIS/Device/ST/STM32F4xx/Include -I../Drivers/CMSIS/Include -I../Core/ThreadSafe -I"C:/Users/liushaw/Desktop/STM32F407/Motor_bridge/Middlewares/Third_Party/Agv/Core/include" -I"C:/Users/liushaw/Desktop/STM32F407/Motor_bridge/Middlewares/Third_Party/Agv/Factory/include" -I"C:/Users/liushaw/Desktop/STM32F407/Motor_bridge/Middlewares/Third_Party/Agv/Communication_pack/include" -I"C:/Users/liushaw/Desktop/STM32F407/Motor_bridge/Middlewares/Third_Party/Agv/Host_communication/include" -I"C:/Users/liushaw/Desktop/STM32F407/Motor_bridge/Middlewares/Third_Party/Agv/Motors/include" -I"C:/Users/liushaw/Desktop/STM32F407/Motor_bridge/Middlewares/Third_Party/Agv/Control/include" -I"C:/Users/liushaw/Desktop/STM32F407/Motor_bridge/Middlewares/Third_Party/Agv/Kinematics/include" -O0 -ffunction-sections -fdata-sections -Wall -fstack-usage -fcyclomatic-complexity -MMD -MP -MF"Middlewares/Third_Party/Agv/Control/src/pid.d" -MT"Middlewares/Third_Party/Agv/Control/src/pid.o" --specs=nano.specs -mfpu=fpv4-sp-d16 -mfloat-abi=hard -mthumb -o "Middlewares/Third_Party/Agv/Control/src/pid.o"
In file included from ../Middlewares/Third_Party/Agv/Control/src/pid.c:4:
C:/Users/liushaw/Desktop/STM32F407/Motor_bridge/Middlewares/Third_Party/Agv/Control/include/Agv_control/pid_config.h:15:5: error: unknown type name 'XYYaw'
   15 |     XYYaw max_acc;
      |     ^~~~~
../Middlewares/Third_Party/Agv/Control/src/pid.c: In function 'Ctrl_pid_create':
../Middlewares/Third_Party/Agv/Control/src/pid.c:77:5: warning: implicit declaration of function 'memset' [-Wimplicit-function-declaration]
   77 |     memset(&impl->vel_des, 0, sizeof(Twist2D));
      |     ^~~~~~
../Middlewares/Third_Party/Agv/Control/src/pid.c:12:1: note: include '<string.h>' or provide a declaration of 'memset'
   11 | #include "semphr.h"
  +++ |+#include <string.h>
   12 | 
../Middlewares/Third_Party/Agv/Control/src/pid.c:77:5: warning: incompatible implicit declaration of built-in function 'memset' [-Wbuiltin-declaration-mismatch]
   77 |     memset(&impl->vel_des, 0, sizeof(Twist2D));
      |     ^~~~~~
../Middlewares/Third_Party/Agv/Control/src/pid.c:77:5: note: include '<string.h>' or provide a declaration of 'memset'
../Middlewares/Third_Party/Agv/Control/src/pid.c:87:15: warning: assignment discards 'const' qualifier from pointer target type [-Wdiscarded-qualifiers]
   87 |     out->name = name;
      |               ^
../Middlewares/Third_Party/Agv/Control/src/pid.c: In function 'pid_set_des_vel':
../Middlewares/Third_Party/Agv/Control/src/pid.c:130:5: warning: implicit declaration of function 'memcpy' [-Wimplicit-function-declaration]
  130 |     memcpy(&impl->vel_des, cmd_in, sizeof(impl->vel_des));
      |     ^~~~~~
../Middlewares/Third_Party/Agv/Control/src/pid.c:130:5: note: include '<string.h>' or provide a declaration of 'memcpy'
../Middlewares/Third_Party/Agv/Control/src/pid.c:130:5: warning: incompatible implicit declaration of built-in function 'memcpy' [-Wbuiltin-declaration-mismatch]
../Middlewares/Third_Party/Agv/Control/src/pid.c:130:5: note: include '<string.h>' or provide a declaration of 'memcpy'
../Middlewares/Third_Party/Agv/Control/src/pid.c: In function 'pid_set_curr_vel':
../Middlewares/Third_Party/Agv/Control/src/pid.c:142:5: warning: incompatible implicit declaration of built-in function 'memcpy' [-Wbuiltin-declaration-mismatch]
  142 |     memcpy(&impl->vel_curr, curr_vel, sizeof(impl->vel_curr));
      |     ^~~~~~
../Middlewares/Third_Party/Agv/Control/src/pid.c:142:5: note: include '<string.h>' or provide a declaration of 'memcpy'
make: *** [Middlewares/Third_Party/Agv/Control/src/subdir.mk:22: Middlewares/Third_Party/Agv/Control/src/pid.o] Error 1
"make -j18 all" terminated with exit code 2. Build might be incomplete.
15:52:15 **** Incremental Build of configuration Debug for project Motor_bridge ****
make -j18 all 
arm-none-eabi-gcc "../Middlewares/Third_Party/Agv/Factory/src/agv_factory.c" -mcpu=cortex-m4 -std=gnu11 -g3 -DDEBUG -DUSE_HAL_DRIVER -DSTM32F407xx -DSTM32_THREAD_SAFE_STRATEGY=5 -c -I../Core/Inc -I../Drivers/STM32F4xx_HAL_Driver/Inc -I../Drivers/STM32F4xx_HAL_Driver/Inc/Legacy -I../Middlewares/Third_Party/FreeRTOS/Source/include -I../Middlewares/Third_Party/FreeRTOS/Source/CMSIS_RTOS_V2 -I../Middlewares/Third_Party/FreeRTOS/Source/portable/GCC/ARM_CM4F -I../Drivers/CMSIS/Device/ST/STM32F4xx/Include -I../Drivers/CMSIS/Include -I../Core/ThreadSafe -I"C:/Users/liushaw/Desktop/STM32F407/Motor_bridge/Middlewares/Third_Party/Agv/Core/include" -I"C:/Users/liushaw/Desktop/STM32F407/Motor_bridge/Middlewares/Third_Party/Agv/Factory/include" -I"C:/Users/liushaw/Desktop/STM32F407/Motor_bridge/Middlewares/Third_Party/Agv/Communication_pack/include" -I"C:/Users/liushaw/Desktop/STM32F407/Motor_bridge/Middlewares/Third_Party/Agv/Host_communication/include" -I"C:/Users/liushaw/Desktop/STM32F407/Motor_bridge/Middlewares/Third_Party/Agv/Motors/include" -I"C:/Users/liushaw/Desktop/STM32F407/Motor_bridge/Middlewares/Third_Party/Agv/Control/include" -I"C:/Users/liushaw/Desktop/STM32F407/Motor_bridge/Middlewares/Third_Party/Agv/Kinematics/include" -O0 -ffunction-sections -fdata-sections -Wall -fstack-usage -fcyclomatic-complexity -MMD -MP -MF"Middlewares/Third_Party/Agv/Factory/src/agv_factory.d" -MT"Middlewares/Third_Party/Agv/Factory/src/agv_factory.o" --specs=nano.specs -mfpu=fpv4-sp-d16 -mfloat-abi=hard -mthumb -o "Middlewares/Third_Party/Agv/Factory/src/agv_factory.o"
arm-none-eabi-gcc "../Middlewares/Third_Party/Agv/Control/src/passthrough.c" -mcpu=cortex-m4 -std=gnu11 -g3 -DDEBUG -DUSE_HAL_DRIVER -DSTM32F407xx -DSTM32_THREAD_SAFE_STRATEGY=5 -c -I../Core/Inc -I../Drivers/STM32F4xx_HAL_Driver/Inc -I../Drivers/STM32F4xx_HAL_Driver/Inc/Legacy -I../Middlewares/Third_Party/FreeRTOS/Source/include -I../Middlewares/Third_Party/FreeRTOS/Source/CMSIS_RTOS_V2 -I../Middlewares/Third_Party/FreeRTOS/Source/portable/GCC/ARM_CM4F -I../Drivers/CMSIS/Device/ST/STM32F4xx/Include -I../Drivers/CMSIS/Include -I../Core/ThreadSafe -I"C:/Users/liushaw/Desktop/STM32F407/Motor_bridge/Middlewares/Third_Party/Agv/Core/include" -I"C:/Users/liushaw/Desktop/STM32F407/Motor_bridge/Middlewares/Third_Party/Agv/Factory/include" -I"C:/Users/liushaw/Desktop/STM32F407/Motor_bridge/Middlewares/Third_Party/Agv/Communication_pack/include" -I"C:/Users/liushaw/Desktop/STM32F407/Motor_bridge/Middlewares/Third_Party/Agv/Host_communication/include" -I"C:/Users/liushaw/Desktop/STM32F407/Motor_bridge/Middlewares/Third_Party/Agv/Motors/include" -I"C:/Users/liushaw/Desktop/STM32F407/Motor_bridge/Middlewares/Third_Party/Agv/Control/include" -I"C:/Users/liushaw/Desktop/STM32F407/Motor_bridge/Middlewares/Third_Party/Agv/Kinematics/include" -O0 -ffunction-sections -fdata-sections -Wall -fstack-usage -fcyclomatic-complexity -MMD -MP -MF"Middlewares/Third_Party/Agv/Control/src/passthrough.d" -MT"Middlewares/Third_Party/Agv/Control/src/passthrough.o" --specs=nano.specs -mfpu=fpv4-sp-d16 -mfloat-abi=hard -mthumb -o "Middlewares/Third_Party/Agv/Control/src/passthrough.o"
arm-none-eabi-gcc "../Middlewares/Third_Party/Agv/Control/src/pid.c" -mcpu=cortex-m4 -std=gnu11 -g3 -DDEBUG -DUSE_HAL_DRIVER -DSTM32F407xx -DSTM32_THREAD_SAFE_STRATEGY=5 -c -I../Core/Inc -I../Drivers/STM32F4xx_HAL_Driver/Inc -I../Drivers/STM32F4xx_HAL_Driver/Inc/Legacy -I../Middlewares/Third_Party/FreeRTOS/Source/include -I../Middlewares/Third_Party/FreeRTOS/Source/CMSIS_RTOS_V2 -I../Middlewares/Third_Party/FreeRTOS/Source/portable/GCC/ARM_CM4F -I../Drivers/CMSIS/Device/ST/STM32F4xx/Include -I../Drivers/CMSIS/Include -I../Core/ThreadSafe -I"C:/Users/liushaw/Desktop/STM32F407/Motor_bridge/Middlewares/Third_Party/Agv/Core/include" -I"C:/Users/liushaw/Desktop/STM32F407/Motor_bridge/Middlewares/Third_Party/Agv/Factory/include" -I"C:/Users/liushaw/Desktop/STM32F407/Motor_bridge/Middlewares/Third_Party/Agv/Communication_pack/include" -I"C:/Users/liushaw/Desktop/STM32F407/Motor_bridge/Middlewares/Third_Party/Agv/Host_communication/include" -I"C:/Users/liushaw/Desktop/STM32F407/Motor_bridge/Middlewares/Third_Party/Agv/Motors/include" -I"C:/Users/liushaw/Desktop/STM32F407/Motor_bridge/Middlewares/Third_Party/Agv/Control/include" -I"C:/Users/liushaw/Desktop/STM32F407/Motor_bridge/Middlewares/Third_Party/Agv/Kinematics/include" -O0 -ffunction-sections -fdata-sections -Wall -fstack-usage -fcyclomatic-complexity -MMD -MP -MF"Middlewares/Third_Party/Agv/Control/src/pid.d" -MT"Middlewares/Third_Party/Agv/Control/src/pid.o" --specs=nano.specs -mfpu=fpv4-sp-d16 -mfloat-abi=hard -mthumb -o "Middlewares/Third_Party/Agv/Control/src/pid.o"
arm-none-eabi-gcc "../Core/Src/agv_app.c" -mcpu=cortex-m4 -std=gnu11 -g3 -DDEBUG -DUSE_HAL_DRIVER -DSTM32F407xx -DSTM32_THREAD_SAFE_STRATEGY=5 -c -I../Core/Inc -I../Drivers/STM32F4xx_HAL_Driver/Inc -I../Drivers/STM32F4xx_HAL_Driver/Inc/Legacy -I../Middlewares/Third_Party/FreeRTOS/Source/include -I../Middlewares/Third_Party/FreeRTOS/Source/CMSIS_RTOS_V2 -I../Middlewares/Third_Party/FreeRTOS/Source/portable/GCC/ARM_CM4F -I../Drivers/CMSIS/Device/ST/STM32F4xx/Include -I../Drivers/CMSIS/Include -I../Core/ThreadSafe -I"C:/Users/liushaw/Desktop/STM32F407/Motor_bridge/Middlewares/Third_Party/Agv/Core/include" -I"C:/Users/liushaw/Desktop/STM32F407/Motor_bridge/Middlewares/Third_Party/Agv/Factory/include" -I"C:/Users/liushaw/Desktop/STM32F407/Motor_bridge/Middlewares/Third_Party/Agv/Communication_pack/include" -I"C:/Users/liushaw/Desktop/STM32F407/Motor_bridge/Middlewares/Third_Party/Agv/Host_communication/include" -I"C:/Users/liushaw/Desktop/STM32F407/Motor_bridge/Middlewares/Third_Party/Agv/Motors/include" -I"C:/Users/liushaw/Desktop/STM32F407/Motor_bridge/Middlewares/Third_Party/Agv/Control/include" -I"C:/Users/liushaw/Desktop/STM32F407/Motor_bridge/Middlewares/Third_Party/Agv/Kinematics/include" -O0 -ffunction-sections -fdata-sections -Wall -fstack-usage -fcyclomatic-complexity -MMD -MP -MF"Core/Src/agv_app.d" -MT"Core/Src/agv_app.o" --specs=nano.specs -mfpu=fpv4-sp-d16 -mfloat-abi=hard -mthumb -o "Core/Src/agv_app.o"
arm-none-eabi-gcc "../Core/Src/freertos.c" -mcpu=cortex-m4 -std=gnu11 -g3 -DDEBUG -DUSE_HAL_DRIVER -DSTM32F407xx -DSTM32_THREAD_SAFE_STRATEGY=5 -c -I../Core/Inc -I../Drivers/STM32F4xx_HAL_Driver/Inc -I../Drivers/STM32F4xx_HAL_Driver/Inc/Legacy -I../Middlewares/Third_Party/FreeRTOS/Source/include -I../Middlewares/Third_Party/FreeRTOS/Source/CMSIS_RTOS_V2 -I../Middlewares/Third_Party/FreeRTOS/Source/portable/GCC/ARM_CM4F -I../Drivers/CMSIS/Device/ST/STM32F4xx/Include -I../Drivers/CMSIS/Include -I../Core/ThreadSafe -I"C:/Users/liushaw/Desktop/STM32F407/Motor_bridge/Middlewares/Third_Party/Agv/Core/include" -I"C:/Users/liushaw/Desktop/STM32F407/Motor_bridge/Middlewares/Third_Party/Agv/Factory/include" -I"C:/Users/liushaw/Desktop/STM32F407/Motor_bridge/Middlewares/Third_Party/Agv/Communication_pack/include" -I"C:/Users/liushaw/Desktop/STM32F407/Motor_bridge/Middlewares/Third_Party/Agv/Host_communication/include" -I"C:/Users/liushaw/Desktop/STM32F407/Motor_bridge/Middlewares/Third_Party/Agv/Motors/include" -I"C:/Users/liushaw/Desktop/STM32F407/Motor_bridge/Middlewares/Third_Party/Agv/Control/include" -I"C:/Users/liushaw/Desktop/STM32F407/Motor_bridge/Middlewares/Third_Party/Agv/Kinematics/include" -O0 -ffunction-sections -fdata-sections -Wall -fstack-usage -fcyclomatic-complexity -MMD -MP -MF"Core/Src/freertos.d" -MT"Core/Src/freertos.o" --specs=nano.specs -mfpu=fpv4-sp-d16 -mfloat-abi=hard -mthumb -o "Core/Src/freertos.o"
arm-none-eabi-gcc "../Core/Src/main.c" -mcpu=cortex-m4 -std=gnu11 -g3 -DDEBUG -DUSE_HAL_DRIVER -DSTM32F407xx -DSTM32_THREAD_SAFE_STRATEGY=5 -c -I../Core/Inc -I../Drivers/STM32F4xx_HAL_Driver/Inc -I../Drivers/STM32F4xx_HAL_Driver/Inc/Legacy -I../Middlewares/Third_Party/FreeRTOS/Source/include -I../Middlewares/Third_Party/FreeRTOS/Source/CMSIS_RTOS_V2 -I../Middlewares/Third_Party/FreeRTOS/Source/portable/GCC/ARM_CM4F -I../Drivers/CMSIS/Device/ST/STM32F4xx/Include -I../Drivers/CMSIS/Include -I../Core/ThreadSafe -I"C:/Users/liushaw/Desktop/STM32F407/Motor_bridge/Middlewares/Third_Party/Agv/Core/include" -I"C:/Users/liushaw/Desktop/STM32F407/Motor_bridge/Middlewares/Third_Party/Agv/Factory/include" -I"C:/Users/liushaw/Desktop/STM32F407/Motor_bridge/Middlewares/Third_Party/Agv/Communication_pack/include" -I"C:/Users/liushaw/Desktop/STM32F407/Motor_bridge/Middlewares/Third_Party/Agv/Host_communication/include" -I"C:/Users/liushaw/Desktop/STM32F407/Motor_bridge/Middlewares/Third_Party/Agv/Motors/include" -I"C:/Users/liushaw/Desktop/STM32F407/Motor_bridge/Middlewares/Third_Party/Agv/Control/include" -I"C:/Users/liushaw/Desktop/STM32F407/Motor_bridge/Middlewares/Third_Party/Agv/Kinematics/include" -O0 -ffunction-sections -fdata-sections -Wall -fstack-usage -fcyclomatic-complexity -MMD -MP -MF"Core/Src/main.d" -MT"Core/Src/main.o" --specs=nano.specs -mfpu=fpv4-sp-d16 -mfloat-abi=hard -mthumb -o "Core/Src/main.o"
../Middlewares/Third_Party/Agv/Control/src/passthrough.c: In function 'passthrough_set_des_vel':
../Middlewares/Third_Party/Agv/Control/src/passthrough.c:103:5: warning: implicit declaration of function 'memcpy' [-Wimplicit-function-declaration]
  103 |     memcpy(&impl->vel_des, cmd_in, sizeof(impl->vel_des));
      |     ^~~~~~
../Middlewares/Third_Party/Agv/Control/src/passthrough.c:10:1: note: include '<string.h>' or provide a declaration of 'memcpy'
    9 | #include "semphr.h"
  +++ |+#include <string.h>
   10 | 
../Middlewares/Third_Party/Agv/Control/src/passthrough.c:103:5: warning: incompatible implicit declaration of built-in function 'memcpy' [-Wbuiltin-declaration-mismatch]
  103 |     memcpy(&impl->vel_des, cmd_in, sizeof(impl->vel_des));
      |     ^~~~~~
../Middlewares/Third_Party/Agv/Control/src/passthrough.c:103:5: note: include '<string.h>' or provide a declaration of 'memcpy'
../Middlewares/Third_Party/Agv/Control/src/passthrough.c: In function 'passthrough_set_curr_vel':
../Middlewares/Third_Party/Agv/Control/src/passthrough.c:116:5: warning: incompatible implicit declaration of built-in function 'memcpy' [-Wbuiltin-declaration-mismatch]
  116 |     memcpy(&impl->vel_curr, curr_vel, sizeof(impl->vel_curr));
      |     ^~~~~~
../Middlewares/Third_Party/Agv/Control/src/passthrough.c:116:5: note: include '<string.h>' or provide a declaration of 'memcpy'
../Middlewares/Third_Party/Agv/Control/src/passthrough.c: In function 'passthrough_get_ctrl_cmd':
../Middlewares/Third_Party/Agv/Control/src/passthrough.c:129:5: warning: incompatible implicit declaration of built-in function 'memcpy' [-Wbuiltin-declaration-mismatch]
  129 |     memcpy(&cmd_curr, &impl->vel_des, sizeof(impl->vel_des));
      |     ^~~~~~
../Middlewares/Third_Party/Agv/Control/src/passthrough.c:129:5: note: include '<string.h>' or provide a declaration of 'memcpy'
../Middlewares/Third_Party/Agv/Control/src/pid.c: In function 'Ctrl_pid_create':
../Middlewares/Third_Party/Agv/Control/src/pid.c:77:5: warning: implicit declaration of function 'memset' [-Wimplicit-function-declaration]
   77 |     memset(&impl->vel_des, 0, sizeof(Twist2D));
      |     ^~~~~~
../Middlewares/Third_Party/Agv/Control/src/pid.c:12:1: note: include '<string.h>' or provide a declaration of 'memset'
   11 | #include "semphr.h"
  +++ |+#include <string.h>
   12 | 
../Middlewares/Third_Party/Agv/Control/src/pid.c:77:5: warning: incompatible implicit declaration of built-in function 'memset' [-Wbuiltin-declaration-mismatch]
   77 |     memset(&impl->vel_des, 0, sizeof(Twist2D));
      |     ^~~~~~
../Middlewares/Third_Party/Agv/Control/src/pid.c:77:5: note: include '<string.h>' or provide a declaration of 'memset'
../Middlewares/Third_Party/Agv/Control/src/pid.c:87:15: warning: assignment discards 'const' qualifier from pointer target type [-Wdiscarded-qualifiers]
   87 |     out->name = name;
      |               ^
../Middlewares/Third_Party/Agv/Control/src/pid.c: In function 'pid_set_des_vel':
../Middlewares/Third_Party/Agv/Control/src/pid.c:130:5: warning: implicit declaration of function 'memcpy' [-Wimplicit-function-declaration]
  130 |     memcpy(&impl->vel_des, cmd_in, sizeof(impl->vel_des));
      |     ^~~~~~
../Middlewares/Third_Party/Agv/Control/src/pid.c:130:5: note: include '<string.h>' or provide a declaration of 'memcpy'
../Middlewares/Third_Party/Agv/Control/src/pid.c:130:5: warning: incompatible implicit declaration of built-in function 'memcpy' [-Wbuiltin-declaration-mismatch]
../Middlewares/Third_Party/Agv/Control/src/pid.c:130:5: note: include '<string.h>' or provide a declaration of 'memcpy'
../Middlewares/Third_Party/Agv/Control/src/pid.c: In function 'pid_set_curr_vel':
../Middlewares/Third_Party/Agv/Control/src/pid.c:142:5: warning: incompatible implicit declaration of built-in function 'memcpy' [-Wbuiltin-declaration-mismatch]
  142 |     memcpy(&impl->vel_curr, curr_vel, sizeof(impl->vel_curr));
      |     ^~~~~~
../Middlewares/Third_Party/Agv/Control/src/pid.c:142:5: note: include '<string.h>' or provide a declaration of 'memcpy'
../Core/Src/freertos.c: In function 'AgvHeartbeatTask':
../Core/Src/freertos.c:202:9: warning: variable 'code' set but not used [-Wunused-but-set-variable]
  202 |     int code = AGV_OK;
      |         ^~~~
../Core/Src/freertos.c: In function 'AgvHostMsgCallbackTask':
../Core/Src/freertos.c:232:13: warning: unused variable 'code' [-Wunused-variable]
  232 |         int code = AgvCore_step_on_host_msg(s_agv_core);
      |             ^~~~
arm-none-eabi-gcc -o "Motor_bridge.elf" @"objects.list"   -mcpu=cortex-m4 -T"C:\Users\liushaw\Desktop\STM32F407\Motor_bridge\STM32F407VGTX_FLASH.ld" --specs=nosys.specs -Wl,-Map="Motor_bridge.map" -Wl,--gc-sections -static --specs=nano.specs -mfpu=fpv4-sp-d16 -mfloat-abi=hard -mthumb -u _printf_float -u _scanf_float -Wl,--start-group -lc -lm -Wl,--end-group
Finished building target: Motor_bridge.elf
 
arm-none-eabi-size  Motor_bridge.elf 
arm-none-eabi-objdump -h -S Motor_bridge.elf  > "Motor_bridge.list"
   text	   data	    bss	    dec	    hex	filename
  80324	    472	  88288	 169084	  2947c	Motor_bridge.elf
Finished building: default.size.stdout
 
Finished building: Motor_bridge.list
 
16:42:35 **** Incremental Build of configuration Debug for project Motor_bridge ****
make -j18 all 
arm-none-eabi-gcc "../Middlewares/Third_Party/Agv/Control/src/pid.c" -mcpu=cortex-m4 -std=gnu11 -g3 -DDEBUG -DUSE_HAL_DRIVER -DSTM32F407xx -DSTM32_THREAD_SAFE_STRATEGY=5 -c -I../Core/Inc -I../Drivers/STM32F4xx_HAL_Driver/Inc -I../Drivers/STM32F4xx_HAL_Driver/Inc/Legacy -I../Middlewares/Third_Party/FreeRTOS/Source/include -I../Middlewares/Third_Party/FreeRTOS/Source/CMSIS_RTOS_V2 -I../Middlewares/Third_Party/FreeRTOS/Source/portable/GCC/ARM_CM4F -I../Drivers/CMSIS/Device/ST/STM32F4xx/Include -I../Drivers/CMSIS/Include -I../Core/ThreadSafe -I"C:/Users/liushaw/Desktop/STM32F407/Motor_bridge/Middlewares/Third_Party/Agv/Core/include" -I"C:/Users/liushaw/Desktop/STM32F407/Motor_bridge/Middlewares/Third_Party/Agv/Factory/include" -I"C:/Users/liushaw/Desktop/STM32F407/Motor_bridge/Middlewares/Third_Party/Agv/Communication_pack/include" -I"C:/Users/liushaw/Desktop/STM32F407/Motor_bridge/Middlewares/Third_Party/Agv/Host_communication/include" -I"C:/Users/liushaw/Desktop/STM32F407/Motor_bridge/Middlewares/Third_Party/Agv/Motors/include" -I"C:/Users/liushaw/Desktop/STM32F407/Motor_bridge/Middlewares/Third_Party/Agv/Control/include" -I"C:/Users/liushaw/Desktop/STM32F407/Motor_bridge/Middlewares/Third_Party/Agv/Kinematics/include" -O0 -ffunction-sections -fdata-sections -Wall -fstack-usage -fcyclomatic-complexity -MMD -MP -MF"Middlewares/Third_Party/Agv/Control/src/pid.d" -MT"Middlewares/Third_Party/Agv/Control/src/pid.o" --specs=nano.specs -mfpu=fpv4-sp-d16 -mfloat-abi=hard -mthumb -o "Middlewares/Third_Party/Agv/Control/src/pid.o"
../Middlewares/Third_Party/Agv/Control/src/pid.c: In function 'Ctrl_pid_create':
../Middlewares/Third_Party/Agv/Control/src/pid.c:78:5: warning: implicit declaration of function 'memset' [-Wimplicit-function-declaration]
   78 |     memset(&impl->vel_des, 0, sizeof(Twist2D));
      |     ^~~~~~
../Middlewares/Third_Party/Agv/Control/src/pid.c:12:1: note: include '<string.h>' or provide a declaration of 'memset'
   11 | #include "semphr.h"
  +++ |+#include <string.h>
   12 | 
../Middlewares/Third_Party/Agv/Control/src/pid.c:78:5: warning: incompatible implicit declaration of built-in function 'memset' [-Wbuiltin-declaration-mismatch]
   78 |     memset(&impl->vel_des, 0, sizeof(Twist2D));
      |     ^~~~~~
../Middlewares/Third_Party/Agv/Control/src/pid.c:78:5: note: include '<string.h>' or provide a declaration of 'memset'
../Middlewares/Third_Party/Agv/Control/src/pid.c:88:15: warning: assignment discards 'const' qualifier from pointer target type [-Wdiscarded-qualifiers]
   88 |     out->name = name;
      |               ^
../Middlewares/Third_Party/Agv/Control/src/pid.c: In function 'pid_set_des_vel':
../Middlewares/Third_Party/Agv/Control/src/pid.c:131:5: warning: implicit declaration of function 'memcpy' [-Wimplicit-function-declaration]
  131 |     memcpy(&impl->vel_des, cmd_in, sizeof(impl->vel_des));
      |     ^~~~~~
../Middlewares/Third_Party/Agv/Control/src/pid.c:131:5: note: include '<string.h>' or provide a declaration of 'memcpy'
../Middlewares/Third_Party/Agv/Control/src/pid.c:131:5: warning: incompatible implicit declaration of built-in function 'memcpy' [-Wbuiltin-declaration-mismatch]
../Middlewares/Third_Party/Agv/Control/src/pid.c:131:5: note: include '<string.h>' or provide a declaration of 'memcpy'
../Middlewares/Third_Party/Agv/Control/src/pid.c: In function 'pid_set_curr_vel':
../Middlewares/Third_Party/Agv/Control/src/pid.c:143:5: warning: incompatible implicit declaration of built-in function 'memcpy' [-Wbuiltin-declaration-mismatch]
  143 |     memcpy(&impl->vel_curr, curr_vel, sizeof(impl->vel_curr));
      |     ^~~~~~
../Middlewares/Third_Party/Agv/Control/src/pid.c:143:5: note: include '<string.h>' or provide a declaration of 'memcpy'
arm-none-eabi-gcc -o "Motor_bridge.elf" @"objects.list"   -mcpu=cortex-m4 -T"C:\Users\liushaw\Desktop\STM32F407\Motor_bridge\STM32F407VGTX_FLASH.ld" --specs=nosys.specs -Wl,-Map="Motor_bridge.map" -Wl,--gc-sections -static --specs=nano.specs -mfpu=fpv4-sp-d16 -mfloat-abi=hard -mthumb -u _printf_float -u _scanf_float -Wl,--start-group -lc -lm -Wl,--end-group
Finished building target: Motor_bridge.elf
 
arm-none-eabi-size  Motor_bridge.elf 
arm-none-eabi-objdump -h -S Motor_bridge.elf  > "Motor_bridge.list"
   text	   data	    bss	    dec	    hex	filename
  80564	    472	  88288	 169324	  2956c	Motor_bridge.elf
Finished building: default.size.stdout
 
Finished building: Motor_bridge.list
 
16:47:50 **** Build of configuration Debug for project Motor_bridge ****
make -j18 all 
arm-none-eabi-gcc "../Middlewares/Third_Party/Agv/Control/src/passthrough.c" -mcpu=cortex-m4 -std=gnu11 -g3 -DDEBUG -DUSE_HAL_DRIVER -DSTM32F407xx -DSTM32_THREAD_SAFE_STRATEGY=5 -c -I../Core/Inc -I../Drivers/STM32F4xx_HAL_Driver/Inc -I../Drivers/STM32F4xx_HAL_Driver/Inc/Legacy -I../Middlewares/Third_Party/FreeRTOS/Source/include -I../Middlewares/Third_Party/FreeRTOS/Source/CMSIS_RTOS_V2 -I../Middlewares/Third_Party/FreeRTOS/Source/portable/GCC/ARM_CM4F -I../Drivers/CMSIS/Device/ST/STM32F4xx/Include -I../Drivers/CMSIS/Include -I../Core/ThreadSafe -I"C:/Users/liushaw/Desktop/STM32F407/Motor_bridge/Middlewares/Third_Party/Agv/Core/include" -I"C:/Users/liushaw/Desktop/STM32F407/Motor_bridge/Middlewares/Third_Party/Agv/Factory/include" -I"C:/Users/liushaw/Desktop/STM32F407/Motor_bridge/Middlewares/Third_Party/Agv/Communication_pack/include" -I"C:/Users/liushaw/Desktop/STM32F407/Motor_bridge/Middlewares/Third_Party/Agv/Host_communication/include" -I"C:/Users/liushaw/Desktop/STM32F407/Motor_bridge/Middlewares/Third_Party/Agv/Motors/include" -I"C:/Users/liushaw/Desktop/STM32F407/Motor_bridge/Middlewares/Third_Party/Agv/Control/include" -I"C:/Users/liushaw/Desktop/STM32F407/Motor_bridge/Middlewares/Third_Party/Agv/Kinematics/include" -O0 -ffunction-sections -fdata-sections -Wall -fstack-usage -fcyclomatic-complexity -MMD -MP -MF"Middlewares/Third_Party/Agv/Control/src/passthrough.d" -MT"Middlewares/Third_Party/Agv/Control/src/passthrough.o" --specs=nano.specs -mfpu=fpv4-sp-d16 -mfloat-abi=hard -mthumb -o "Middlewares/Third_Party/Agv/Control/src/passthrough.o"
arm-none-eabi-gcc "../Core/Src/agv_app.c" -mcpu=cortex-m4 -std=gnu11 -g3 -DDEBUG -DUSE_HAL_DRIVER -DSTM32F407xx -DSTM32_THREAD_SAFE_STRATEGY=5 -c -I../Core/Inc -I../Drivers/STM32F4xx_HAL_Driver/Inc -I../Drivers/STM32F4xx_HAL_Driver/Inc/Legacy -I../Middlewares/Third_Party/FreeRTOS/Source/include -I../Middlewares/Third_Party/FreeRTOS/Source/CMSIS_RTOS_V2 -I../Middlewares/Third_Party/FreeRTOS/Source/portable/GCC/ARM_CM4F -I../Drivers/CMSIS/Device/ST/STM32F4xx/Include -I../Drivers/CMSIS/Include -I../Core/ThreadSafe -I"C:/Users/liushaw/Desktop/STM32F407/Motor_bridge/Middlewares/Third_Party/Agv/Core/include" -I"C:/Users/liushaw/Desktop/STM32F407/Motor_bridge/Middlewares/Third_Party/Agv/Factory/include" -I"C:/Users/liushaw/Desktop/STM32F407/Motor_bridge/Middlewares/Third_Party/Agv/Communication_pack/include" -I"C:/Users/liushaw/Desktop/STM32F407/Motor_bridge/Middlewares/Third_Party/Agv/Host_communication/include" -I"C:/Users/liushaw/Desktop/STM32F407/Motor_bridge/Middlewares/Third_Party/Agv/Motors/include" -I"C:/Users/liushaw/Desktop/STM32F407/Motor_bridge/Middlewares/Third_Party/Agv/Control/include" -I"C:/Users/liushaw/Desktop/STM32F407/Motor_bridge/Middlewares/Third_Party/Agv/Kinematics/include" -O0 -ffunction-sections -fdata-sections -Wall -fstack-usage -fcyclomatic-complexity -MMD -MP -MF"Core/Src/agv_app.d" -MT"Core/Src/agv_app.o" --specs=nano.specs -mfpu=fpv4-sp-d16 -mfloat-abi=hard -mthumb -o "Core/Src/agv_app.o"
arm-none-eabi-gcc "../Core/Src/freertos.c" -mcpu=cortex-m4 -std=gnu11 -g3 -DDEBUG -DUSE_HAL_DRIVER -DSTM32F407xx -DSTM32_THREAD_SAFE_STRATEGY=5 -c -I../Core/Inc -I../Drivers/STM32F4xx_HAL_Driver/Inc -I../Drivers/STM32F4xx_HAL_Driver/Inc/Legacy -I../Middlewares/Third_Party/FreeRTOS/Source/include -I../Middlewares/Third_Party/FreeRTOS/Source/CMSIS_RTOS_V2 -I../Middlewares/Third_Party/FreeRTOS/Source/portable/GCC/ARM_CM4F -I../Drivers/CMSIS/Device/ST/STM32F4xx/Include -I../Drivers/CMSIS/Include -I../Core/ThreadSafe -I"C:/Users/liushaw/Desktop/STM32F407/Motor_bridge/Middlewares/Third_Party/Agv/Core/include" -I"C:/Users/liushaw/Desktop/STM32F407/Motor_bridge/Middlewares/Third_Party/Agv/Factory/include" -I"C:/Users/liushaw/Desktop/STM32F407/Motor_bridge/Middlewares/Third_Party/Agv/Communication_pack/include" -I"C:/Users/liushaw/Desktop/STM32F407/Motor_bridge/Middlewares/Third_Party/Agv/Host_communication/include" -I"C:/Users/liushaw/Desktop/STM32F407/Motor_bridge/Middlewares/Third_Party/Agv/Motors/include" -I"C:/Users/liushaw/Desktop/STM32F407/Motor_bridge/Middlewares/Third_Party/Agv/Control/include" -I"C:/Users/liushaw/Desktop/STM32F407/Motor_bridge/Middlewares/Third_Party/Agv/Kinematics/include" -O0 -ffunction-sections -fdata-sections -Wall -fstack-usage -fcyclomatic-complexity -MMD -MP -MF"Core/Src/freertos.d" -MT"Core/Src/freertos.o" --specs=nano.specs -mfpu=fpv4-sp-d16 -mfloat-abi=hard -mthumb -o "Core/Src/freertos.o"
../Middlewares/Third_Party/Agv/Control/src/passthrough.c: In function 'passthrough_set_des_vel':
../Middlewares/Third_Party/Agv/Control/src/passthrough.c:103:5: warning: implicit declaration of function 'memcpy' [-Wimplicit-function-declaration]
  103 |     memcpy(&impl->vel_des, cmd_in, sizeof(impl->vel_des));
      |     ^~~~~~
../Middlewares/Third_Party/Agv/Control/src/passthrough.c:10:1: note: include '<string.h>' or provide a declaration of 'memcpy'
    9 | #include "semphr.h"
  +++ |+#include <string.h>
   10 | 
../Middlewares/Third_Party/Agv/Control/src/passthrough.c:103:5: warning: incompatible implicit declaration of built-in function 'memcpy' [-Wbuiltin-declaration-mismatch]
  103 |     memcpy(&impl->vel_des, cmd_in, sizeof(impl->vel_des));
      |     ^~~~~~
../Middlewares/Third_Party/Agv/Control/src/passthrough.c:103:5: note: include '<string.h>' or provide a declaration of 'memcpy'
../Middlewares/Third_Party/Agv/Control/src/passthrough.c: In function 'passthrough_set_curr_vel':
../Middlewares/Third_Party/Agv/Control/src/passthrough.c:116:5: warning: incompatible implicit declaration of built-in function 'memcpy' [-Wbuiltin-declaration-mismatch]
  116 |     memcpy(&impl->vel_curr, curr_vel, sizeof(impl->vel_curr));
      |     ^~~~~~
../Middlewares/Third_Party/Agv/Control/src/passthrough.c:116:5: note: include '<string.h>' or provide a declaration of 'memcpy'
../Middlewares/Third_Party/Agv/Control/src/passthrough.c: In function 'passthrough_get_ctrl_cmd':
../Middlewares/Third_Party/Agv/Control/src/passthrough.c:129:5: warning: incompatible implicit declaration of built-in function 'memcpy' [-Wbuiltin-declaration-mismatch]
  129 |     memcpy(&cmd_curr, &impl->vel_des, sizeof(impl->vel_des));
      |     ^~~~~~
../Middlewares/Third_Party/Agv/Control/src/passthrough.c:129:5: note: include '<string.h>' or provide a declaration of 'memcpy'
../Core/Src/freertos.c: In function 'AgvHeartbeatTask':
../Core/Src/freertos.c:202:9: warning: variable 'code' set but not used [-Wunused-but-set-variable]
  202 |     int code = AGV_OK;
      |         ^~~~
../Core/Src/freertos.c: In function 'AgvHostMsgCallbackTask':
../Core/Src/freertos.c:232:13: warning: unused variable 'code' [-Wunused-variable]
  232 |         int code = AgvCore_step_on_host_msg(s_agv_core);
      |             ^~~~
arm-none-eabi-gcc -o "Motor_bridge.elf" @"objects.list"   -mcpu=cortex-m4 -T"C:\Users\liushaw\Desktop\STM32F407\Motor_bridge\STM32F407VGTX_FLASH.ld" --specs=nosys.specs -Wl,-Map="Motor_bridge.map" -Wl,--gc-sections -static --specs=nano.specs -mfpu=fpv4-sp-d16 -mfloat-abi=hard -mthumb -u _printf_float -u _scanf_float -Wl,--start-group -lc -lm -Wl,--end-group
Finished building target: Motor_bridge.elf
 
arm-none-eabi-size  Motor_bridge.elf 
arm-none-eabi-objdump -h -S Motor_bridge.elf  > "Motor_bridge.list"
   text	   data	    bss	    dec	    hex	filename
  80564	    472	  88288	 169324	  2956c	Motor_bridge.elf
Finished building: default.size.stdout
 
Finished building: Motor_bridge.list
 
16:49:12 **** Incremental Build of configuration Debug for project Motor_bridge ****
make -j18 all 
arm-none-eabi-gcc "../Middlewares/Third_Party/Agv/Motors/src/blvr.c" -mcpu=cortex-m4 -std=gnu11 -g3 -DDEBUG -DUSE_HAL_DRIVER -DSTM32F407xx -DSTM32_THREAD_SAFE_STRATEGY=5 -c -I../Core/Inc -I../Drivers/STM32F4xx_HAL_Driver/Inc -I../Drivers/STM32F4xx_HAL_Driver/Inc/Legacy -I../Middlewares/Third_Party/FreeRTOS/Source/include -I../Middlewares/Third_Party/FreeRTOS/Source/CMSIS_RTOS_V2 -I../Middlewares/Third_Party/FreeRTOS/Source/portable/GCC/ARM_CM4F -I../Drivers/CMSIS/Device/ST/STM32F4xx/Include -I../Drivers/CMSIS/Include -I../Core/ThreadSafe -I"C:/Users/liushaw/Desktop/STM32F407/Motor_bridge/Middlewares/Third_Party/Agv/Core/include" -I"C:/Users/liushaw/Desktop/STM32F407/Motor_bridge/Middlewares/Third_Party/Agv/Factory/include" -I"C:/Users/liushaw/Desktop/STM32F407/Motor_bridge/Middlewares/Third_Party/Agv/Communication_pack/include" -I"C:/Users/liushaw/Desktop/STM32F407/Motor_bridge/Middlewares/Third_Party/Agv/Host_communication/include" -I"C:/Users/liushaw/Desktop/STM32F407/Motor_bridge/Middlewares/Third_Party/Agv/Motors/include" -I"C:/Users/liushaw/Desktop/STM32F407/Motor_bridge/Middlewares/Third_Party/Agv/Control/include" -I"C:/Users/liushaw/Desktop/STM32F407/Motor_bridge/Middlewares/Third_Party/Agv/Kinematics/include" -O0 -ffunction-sections -fdata-sections -Wall -fstack-usage -fcyclomatic-complexity -MMD -MP -MF"Middlewares/Third_Party/Agv/Motors/src/blvr.d" -MT"Middlewares/Third_Party/Agv/Motors/src/blvr.o" --specs=nano.specs -mfpu=fpv4-sp-d16 -mfloat-abi=hard -mthumb -o "Middlewares/Third_Party/Agv/Motors/src/blvr.o"
../Middlewares/Third_Party/Agv/Motors/src/blvr.c: In function 'rad_s_to_regVelUnit':
../Middlewares/Third_Party/Agv/Motors/src/blvr.c:477:21: warning: implicit declaration of function 'lroundf' [-Wimplicit-function-declaration]
  477 |     return (int32_t)lroundf(rpm_f / unit_rpm);
      |                     ^~~~~~~
../Middlewares/Third_Party/Agv/Motors/src/blvr.c:15:1: note: include '<math.h>' or provide a declaration of 'lroundf'
   14 | #include "semphr.h"
  +++ |+#include <math.h>
   15 | 
../Middlewares/Third_Party/Agv/Motors/src/blvr.c:477:21: warning: incompatible implicit declaration of built-in function 'lroundf' [-Wbuiltin-declaration-mismatch]
  477 |     return (int32_t)lroundf(rpm_f / unit_rpm);
      |                     ^~~~~~~
../Middlewares/Third_Party/Agv/Motors/src/blvr.c:477:21: note: include '<math.h>' or provide a declaration of 'lroundf'
../Middlewares/Third_Party/Agv/Motors/src/blvr.c: In function 'rad_to_regAngUnit':
../Middlewares/Third_Party/Agv/Motors/src/blvr.c:487:21: warning: incompatible implicit declaration of built-in function 'lroundf' [-Wbuiltin-declaration-mismatch]
  487 |     return (int32_t)lroundf(degree / unit_degree);
      |                     ^~~~~~~
../Middlewares/Third_Party/Agv/Motors/src/blvr.c:487:21: note: include '<math.h>' or provide a declaration of 'lroundf'
arm-none-eabi-gcc -o "Motor_bridge.elf" @"objects.list"   -mcpu=cortex-m4 -T"C:\Users\liushaw\Desktop\STM32F407\Motor_bridge\STM32F407VGTX_FLASH.ld" --specs=nosys.specs -Wl,-Map="Motor_bridge.map" -Wl,--gc-sections -static --specs=nano.specs -mfpu=fpv4-sp-d16 -mfloat-abi=hard -mthumb -u _printf_float -u _scanf_float -Wl,--start-group -lc -lm -Wl,--end-group
Finished building target: Motor_bridge.elf
 
arm-none-eabi-size  Motor_bridge.elf 
arm-none-eabi-objdump -h -S Motor_bridge.elf  > "Motor_bridge.list"
   text	   data	    bss	    dec	    hex	filename
  80580	    472	  88288	 169340	  2957c	Motor_bridge.elf
Finished building: default.size.stdout
 
Finished building: Motor_bridge.list
 
16:50:54 **** Incremental Build of configuration Debug for project Motor_bridge ****
make -j18 all 
arm-none-eabi-gcc "../Core/Src/agv_app.c" -mcpu=cortex-m4 -std=gnu11 -g3 -DDEBUG -DUSE_HAL_DRIVER -DSTM32F407xx -DSTM32_THREAD_SAFE_STRATEGY=5 -c -I../Core/Inc -I../Drivers/STM32F4xx_HAL_Driver/Inc -I../Drivers/STM32F4xx_HAL_Driver/Inc/Legacy -I../Middlewares/Third_Party/FreeRTOS/Source/include -I../Middlewares/Third_Party/FreeRTOS/Source/CMSIS_RTOS_V2 -I../Middlewares/Third_Party/FreeRTOS/Source/portable/GCC/ARM_CM4F -I../Drivers/CMSIS/Device/ST/STM32F4xx/Include -I../Drivers/CMSIS/Include -I../Core/ThreadSafe -I"C:/Users/liushaw/Desktop/STM32F407/Motor_bridge/Middlewares/Third_Party/Agv/Core/include" -I"C:/Users/liushaw/Desktop/STM32F407/Motor_bridge/Middlewares/Third_Party/Agv/Factory/include" -I"C:/Users/liushaw/Desktop/STM32F407/Motor_bridge/Middlewares/Third_Party/Agv/Communication_pack/include" -I"C:/Users/liushaw/Desktop/STM32F407/Motor_bridge/Middlewares/Third_Party/Agv/Host_communication/include" -I"C:/Users/liushaw/Desktop/STM32F407/Motor_bridge/Middlewares/Third_Party/Agv/Motors/include" -I"C:/Users/liushaw/Desktop/STM32F407/Motor_bridge/Middlewares/Third_Party/Agv/Control/include" -I"C:/Users/liushaw/Desktop/STM32F407/Motor_bridge/Middlewares/Third_Party/Agv/Kinematics/include" -O0 -ffunction-sections -fdata-sections -Wall -fstack-usage -fcyclomatic-complexity -MMD -MP -MF"Core/Src/agv_app.d" -MT"Core/Src/agv_app.o" --specs=nano.specs -mfpu=fpv4-sp-d16 -mfloat-abi=hard -mthumb -o "Core/Src/agv_app.o"
arm-none-eabi-gcc -o "Motor_bridge.elf" @"objects.list"   -mcpu=cortex-m4 -T"C:\Users\liushaw\Desktop\STM32F407\Motor_bridge\STM32F407VGTX_FLASH.ld" --specs=nosys.specs -Wl,-Map="Motor_bridge.map" -Wl,--gc-sections -static --specs=nano.specs -mfpu=fpv4-sp-d16 -mfloat-abi=hard -mthumb -u _printf_float -u _scanf_float -Wl,--start-group -lc -lm -Wl,--end-group
Finished building target: Motor_bridge.elf
 
arm-none-eabi-size  Motor_bridge.elf 
arm-none-eabi-objdump -h -S Motor_bridge.elf  > "Motor_bridge.list"
   text	   data	    bss	    dec	    hex	filename
  80580	    472	  88288	 169340	  2957c	Motor_bridge.elf
Finished building: default.size.stdout
 
Finished building: Motor_bridge.list
 
16:54:20 **** Incremental Build of configuration Debug for project Motor_bridge ****
make -j18 all 
arm-none-eabi-gcc "../Core/Src/agv_app.c" -mcpu=cortex-m4 -std=gnu11 -g3 -DDEBUG -DUSE_HAL_DRIVER -DSTM32F407xx -DSTM32_THREAD_SAFE_STRATEGY=5 -c -I../Core/Inc -I../Drivers/STM32F4xx_HAL_Driver/Inc -I../Drivers/STM32F4xx_HAL_Driver/Inc/Legacy -I../Middlewares/Third_Party/FreeRTOS/Source/include -I../Middlewares/Third_Party/FreeRTOS/Source/CMSIS_RTOS_V2 -I../Middlewares/Third_Party/FreeRTOS/Source/portable/GCC/ARM_CM4F -I../Drivers/CMSIS/Device/ST/STM32F4xx/Include -I../Drivers/CMSIS/Include -I../Core/ThreadSafe -I"C:/Users/liushaw/Desktop/STM32F407/Motor_bridge/Middlewares/Third_Party/Agv/Core/include" -I"C:/Users/liushaw/Desktop/STM32F407/Motor_bridge/Middlewares/Third_Party/Agv/Factory/include" -I"C:/Users/liushaw/Desktop/STM32F407/Motor_bridge/Middlewares/Third_Party/Agv/Communication_pack/include" -I"C:/Users/liushaw/Desktop/STM32F407/Motor_bridge/Middlewares/Third_Party/Agv/Host_communication/include" -I"C:/Users/liushaw/Desktop/STM32F407/Motor_bridge/Middlewares/Third_Party/Agv/Motors/include" -I"C:/Users/liushaw/Desktop/STM32F407/Motor_bridge/Middlewares/Third_Party/Agv/Control/include" -I"C:/Users/liushaw/Desktop/STM32F407/Motor_bridge/Middlewares/Third_Party/Agv/Kinematics/include" -O0 -ffunction-sections -fdata-sections -Wall -fstack-usage -fcyclomatic-complexity -MMD -MP -MF"Core/Src/agv_app.d" -MT"Core/Src/agv_app.o" --specs=nano.specs -mfpu=fpv4-sp-d16 -mfloat-abi=hard -mthumb -o "Core/Src/agv_app.o"
arm-none-eabi-gcc -o "Motor_bridge.elf" @"objects.list"   -mcpu=cortex-m4 -T"C:\Users\liushaw\Desktop\STM32F407\Motor_bridge\STM32F407VGTX_FLASH.ld" --specs=nosys.specs -Wl,-Map="Motor_bridge.map" -Wl,--gc-sections -static --specs=nano.specs -mfpu=fpv4-sp-d16 -mfloat-abi=hard -mthumb -u _printf_float -u _scanf_float -Wl,--start-group -lc -lm -Wl,--end-group
Finished building target: Motor_bridge.elf
 
arm-none-eabi-size  Motor_bridge.elf 
arm-none-eabi-objdump -h -S Motor_bridge.elf  > "Motor_bridge.list"
   text	   data	    bss	    dec	    hex	filename
  80580	    472	  88288	 169340	  2957c	Motor_bridge.elf
Finished building: default.size.stdout
 
Finished building: Motor_bridge.list
 
16:56:44 **** Incremental Build of configuration Debug for project Motor_bridge ****
make -j18 all 
arm-none-eabi-gcc "../Core/Src/agv_app.c" -mcpu=cortex-m4 -std=gnu11 -g3 -DDEBUG -DUSE_HAL_DRIVER -DSTM32F407xx -DSTM32_THREAD_SAFE_STRATEGY=5 -c -I../Core/Inc -I../Drivers/STM32F4xx_HAL_Driver/Inc -I../Drivers/STM32F4xx_HAL_Driver/Inc/Legacy -I../Middlewares/Third_Party/FreeRTOS/Source/include -I../Middlewares/Third_Party/FreeRTOS/Source/CMSIS_RTOS_V2 -I../Middlewares/Third_Party/FreeRTOS/Source/portable/GCC/ARM_CM4F -I../Drivers/CMSIS/Device/ST/STM32F4xx/Include -I../Drivers/CMSIS/Include -I../Core/ThreadSafe -I"C:/Users/liushaw/Desktop/STM32F407/Motor_bridge/Middlewares/Third_Party/Agv/Core/include" -I"C:/Users/liushaw/Desktop/STM32F407/Motor_bridge/Middlewares/Third_Party/Agv/Factory/include" -I"C:/Users/liushaw/Desktop/STM32F407/Motor_bridge/Middlewares/Third_Party/Agv/Communication_pack/include" -I"C:/Users/liushaw/Desktop/STM32F407/Motor_bridge/Middlewares/Third_Party/Agv/Host_communication/include" -I"C:/Users/liushaw/Desktop/STM32F407/Motor_bridge/Middlewares/Third_Party/Agv/Motors/include" -I"C:/Users/liushaw/Desktop/STM32F407/Motor_bridge/Middlewares/Third_Party/Agv/Control/include" -I"C:/Users/liushaw/Desktop/STM32F407/Motor_bridge/Middlewares/Third_Party/Agv/Kinematics/include" -O0 -ffunction-sections -fdata-sections -Wall -fstack-usage -fcyclomatic-complexity -MMD -MP -MF"Core/Src/agv_app.d" -MT"Core/Src/agv_app.o" --specs=nano.specs -mfpu=fpv4-sp-d16 -mfloat-abi=hard -mthumb -o "Core/Src/agv_app.o"
arm-none-eabi-gcc -o "Motor_bridge.elf" @"objects.list"   -mcpu=cortex-m4 -T"C:\Users\liushaw\Desktop\STM32F407\Motor_bridge\STM32F407VGTX_FLASH.ld" --specs=nosys.specs -Wl,-Map="Motor_bridge.map" -Wl,--gc-sections -static --specs=nano.specs -mfpu=fpv4-sp-d16 -mfloat-abi=hard -mthumb -u _printf_float -u _scanf_float -Wl,--start-group -lc -lm -Wl,--end-group
Finished building target: Motor_bridge.elf
 
arm-none-eabi-size  Motor_bridge.elf 
arm-none-eabi-objdump -h -S Motor_bridge.elf  > "Motor_bridge.list"
   text	   data	    bss	    dec	    hex	filename
  80580	    472	  88288	 169340	  2957c	Motor_bridge.elf
Finished building: default.size.stdout
 
Finished building: Motor_bridge.list
 
16:57:48 **** Incremental Build of configuration Debug for project Motor_bridge ****
make -j18 all 
arm-none-eabi-gcc "../Core/Src/agv_app.c" -mcpu=cortex-m4 -std=gnu11 -g3 -DDEBUG -DUSE_HAL_DRIVER -DSTM32F407xx -DSTM32_THREAD_SAFE_STRATEGY=5 -c -I../Core/Inc -I../Drivers/STM32F4xx_HAL_Driver/Inc -I../Drivers/STM32F4xx_HAL_Driver/Inc/Legacy -I../Middlewares/Third_Party/FreeRTOS/Source/include -I../Middlewares/Third_Party/FreeRTOS/Source/CMSIS_RTOS_V2 -I../Middlewares/Third_Party/FreeRTOS/Source/portable/GCC/ARM_CM4F -I../Drivers/CMSIS/Device/ST/STM32F4xx/Include -I../Drivers/CMSIS/Include -I../Core/ThreadSafe -I"C:/Users/liushaw/Desktop/STM32F407/Motor_bridge/Middlewares/Third_Party/Agv/Core/include" -I"C:/Users/liushaw/Desktop/STM32F407/Motor_bridge/Middlewares/Third_Party/Agv/Factory/include" -I"C:/Users/liushaw/Desktop/STM32F407/Motor_bridge/Middlewares/Third_Party/Agv/Communication_pack/include" -I"C:/Users/liushaw/Desktop/STM32F407/Motor_bridge/Middlewares/Third_Party/Agv/Host_communication/include" -I"C:/Users/liushaw/Desktop/STM32F407/Motor_bridge/Middlewares/Third_Party/Agv/Motors/include" -I"C:/Users/liushaw/Desktop/STM32F407/Motor_bridge/Middlewares/Third_Party/Agv/Control/include" -I"C:/Users/liushaw/Desktop/STM32F407/Motor_bridge/Middlewares/Third_Party/Agv/Kinematics/include" -O0 -ffunction-sections -fdata-sections -Wall -fstack-usage -fcyclomatic-complexity -MMD -MP -MF"Core/Src/agv_app.d" -MT"Core/Src/agv_app.o" --specs=nano.specs -mfpu=fpv4-sp-d16 -mfloat-abi=hard -mthumb -o "Core/Src/agv_app.o"
arm-none-eabi-gcc -o "Motor_bridge.elf" @"objects.list"   -mcpu=cortex-m4 -T"C:\Users\liushaw\Desktop\STM32F407\Motor_bridge\STM32F407VGTX_FLASH.ld" --specs=nosys.specs -Wl,-Map="Motor_bridge.map" -Wl,--gc-sections -static --specs=nano.specs -mfpu=fpv4-sp-d16 -mfloat-abi=hard -mthumb -u _printf_float -u _scanf_float -Wl,--start-group -lc -lm -Wl,--end-group
Finished building target: Motor_bridge.elf
 
arm-none-eabi-size  Motor_bridge.elf 
arm-none-eabi-objdump -h -S Motor_bridge.elf  > "Motor_bridge.list"
   text	   data	    bss	    dec	    hex	filename
  80580	    472	  88288	 169340	  2957c	Motor_bridge.elf
Finished building: default.size.stdout
 
Finished building: Motor_bridge.list
 
16:59:43 **** Incremental Build of configuration Debug for project Motor_bridge ****
make -j18 all 
arm-none-eabi-gcc "../Core/Src/agv_app.c" -mcpu=cortex-m4 -std=gnu11 -g3 -DDEBUG -DUSE_HAL_DRIVER -DSTM32F407xx -DSTM32_THREAD_SAFE_STRATEGY=5 -c -I../Core/Inc -I../Drivers/STM32F4xx_HAL_Driver/Inc -I../Drivers/STM32F4xx_HAL_Driver/Inc/Legacy -I../Middlewares/Third_Party/FreeRTOS/Source/include -I../Middlewares/Third_Party/FreeRTOS/Source/CMSIS_RTOS_V2 -I../Middlewares/Third_Party/FreeRTOS/Source/portable/GCC/ARM_CM4F -I../Drivers/CMSIS/Device/ST/STM32F4xx/Include -I../Drivers/CMSIS/Include -I../Core/ThreadSafe -I"C:/Users/liushaw/Desktop/STM32F407/Motor_bridge/Middlewares/Third_Party/Agv/Core/include" -I"C:/Users/liushaw/Desktop/STM32F407/Motor_bridge/Middlewares/Third_Party/Agv/Factory/include" -I"C:/Users/liushaw/Desktop/STM32F407/Motor_bridge/Middlewares/Third_Party/Agv/Communication_pack/include" -I"C:/Users/liushaw/Desktop/STM32F407/Motor_bridge/Middlewares/Third_Party/Agv/Host_communication/include" -I"C:/Users/liushaw/Desktop/STM32F407/Motor_bridge/Middlewares/Third_Party/Agv/Motors/include" -I"C:/Users/liushaw/Desktop/STM32F407/Motor_bridge/Middlewares/Third_Party/Agv/Control/include" -I"C:/Users/liushaw/Desktop/STM32F407/Motor_bridge/Middlewares/Third_Party/Agv/Kinematics/include" -O0 -ffunction-sections -fdata-sections -Wall -fstack-usage -fcyclomatic-complexity -MMD -MP -MF"Core/Src/agv_app.d" -MT"Core/Src/agv_app.o" --specs=nano.specs -mfpu=fpv4-sp-d16 -mfloat-abi=hard -mthumb -o "Core/Src/agv_app.o"
arm-none-eabi-gcc -o "Motor_bridge.elf" @"objects.list"   -mcpu=cortex-m4 -T"C:\Users\liushaw\Desktop\STM32F407\Motor_bridge\STM32F407VGTX_FLASH.ld" --specs=nosys.specs -Wl,-Map="Motor_bridge.map" -Wl,--gc-sections -static --specs=nano.specs -mfpu=fpv4-sp-d16 -mfloat-abi=hard -mthumb -u _printf_float -u _scanf_float -Wl,--start-group -lc -lm -Wl,--end-group
Finished building target: Motor_bridge.elf
 
arm-none-eabi-size  Motor_bridge.elf 
arm-none-eabi-objdump -h -S Motor_bridge.elf  > "Motor_bridge.list"
   text	   data	    bss	    dec	    hex	filename
  80580	    472	  88288	 169340	  2957c	Motor_bridge.elf
Finished building: default.size.stdout
 
Finished building: Motor_bridge.list
 
17:01:11 **** Incremental Build of configuration Debug for project Motor_bridge ****
make -j18 all 
arm-none-eabi-gcc "../Core/Src/agv_app.c" -mcpu=cortex-m4 -std=gnu11 -g3 -DDEBUG -DUSE_HAL_DRIVER -DSTM32F407xx -DSTM32_THREAD_SAFE_STRATEGY=5 -c -I../Core/Inc -I../Drivers/STM32F4xx_HAL_Driver/Inc -I../Drivers/STM32F4xx_HAL_Driver/Inc/Legacy -I../Middlewares/Third_Party/FreeRTOS/Source/include -I../Middlewares/Third_Party/FreeRTOS/Source/CMSIS_RTOS_V2 -I../Middlewares/Third_Party/FreeRTOS/Source/portable/GCC/ARM_CM4F -I../Drivers/CMSIS/Device/ST/STM32F4xx/Include -I../Drivers/CMSIS/Include -I../Core/ThreadSafe -I"C:/Users/liushaw/Desktop/STM32F407/Motor_bridge/Middlewares/Third_Party/Agv/Core/include" -I"C:/Users/liushaw/Desktop/STM32F407/Motor_bridge/Middlewares/Third_Party/Agv/Factory/include" -I"C:/Users/liushaw/Desktop/STM32F407/Motor_bridge/Middlewares/Third_Party/Agv/Communication_pack/include" -I"C:/Users/liushaw/Desktop/STM32F407/Motor_bridge/Middlewares/Third_Party/Agv/Host_communication/include" -I"C:/Users/liushaw/Desktop/STM32F407/Motor_bridge/Middlewares/Third_Party/Agv/Motors/include" -I"C:/Users/liushaw/Desktop/STM32F407/Motor_bridge/Middlewares/Third_Party/Agv/Control/include" -I"C:/Users/liushaw/Desktop/STM32F407/Motor_bridge/Middlewares/Third_Party/Agv/Kinematics/include" -O0 -ffunction-sections -fdata-sections -Wall -fstack-usage -fcyclomatic-complexity -MMD -MP -MF"Core/Src/agv_app.d" -MT"Core/Src/agv_app.o" --specs=nano.specs -mfpu=fpv4-sp-d16 -mfloat-abi=hard -mthumb -o "Core/Src/agv_app.o"
arm-none-eabi-gcc -o "Motor_bridge.elf" @"objects.list"   -mcpu=cortex-m4 -T"C:\Users\liushaw\Desktop\STM32F407\Motor_bridge\STM32F407VGTX_FLASH.ld" --specs=nosys.specs -Wl,-Map="Motor_bridge.map" -Wl,--gc-sections -static --specs=nano.specs -mfpu=fpv4-sp-d16 -mfloat-abi=hard -mthumb -u _printf_float -u _scanf_float -Wl,--start-group -lc -lm -Wl,--end-group
Finished building target: Motor_bridge.elf
 
arm-none-eabi-size  Motor_bridge.elf 
arm-none-eabi-objdump -h -S Motor_bridge.elf  > "Motor_bridge.list"
   text	   data	    bss	    dec	    hex	filename
  80580	    472	  88288	 169340	  2957c	Motor_bridge.elf
Finished building: default.size.stdout
 
Finished building: Motor_bridge.list
 
17:03:19 **** Incremental Build of configuration Debug for project Motor_bridge ****
make -j18 all 
arm-none-eabi-gcc "../Core/Src/agv_app.c" -mcpu=cortex-m4 -std=gnu11 -g3 -DDEBUG -DUSE_HAL_DRIVER -DSTM32F407xx -DSTM32_THREAD_SAFE_STRATEGY=5 -c -I../Core/Inc -I../Drivers/STM32F4xx_HAL_Driver/Inc -I../Drivers/STM32F4xx_HAL_Driver/Inc/Legacy -I../Middlewares/Third_Party/FreeRTOS/Source/include -I../Middlewares/Third_Party/FreeRTOS/Source/CMSIS_RTOS_V2 -I../Middlewares/Third_Party/FreeRTOS/Source/portable/GCC/ARM_CM4F -I../Drivers/CMSIS/Device/ST/STM32F4xx/Include -I../Drivers/CMSIS/Include -I../Core/ThreadSafe -I"C:/Users/liushaw/Desktop/STM32F407/Motor_bridge/Middlewares/Third_Party/Agv/Core/include" -I"C:/Users/liushaw/Desktop/STM32F407/Motor_bridge/Middlewares/Third_Party/Agv/Factory/include" -I"C:/Users/liushaw/Desktop/STM32F407/Motor_bridge/Middlewares/Third_Party/Agv/Communication_pack/include" -I"C:/Users/liushaw/Desktop/STM32F407/Motor_bridge/Middlewares/Third_Party/Agv/Host_communication/include" -I"C:/Users/liushaw/Desktop/STM32F407/Motor_bridge/Middlewares/Third_Party/Agv/Motors/include" -I"C:/Users/liushaw/Desktop/STM32F407/Motor_bridge/Middlewares/Third_Party/Agv/Control/include" -I"C:/Users/liushaw/Desktop/STM32F407/Motor_bridge/Middlewares/Third_Party/Agv/Kinematics/include" -O0 -ffunction-sections -fdata-sections -Wall -fstack-usage -fcyclomatic-complexity -MMD -MP -MF"Core/Src/agv_app.d" -MT"Core/Src/agv_app.o" --specs=nano.specs -mfpu=fpv4-sp-d16 -mfloat-abi=hard -mthumb -o "Core/Src/agv_app.o"
arm-none-eabi-gcc -o "Motor_bridge.elf" @"objects.list"   -mcpu=cortex-m4 -T"C:\Users\liushaw\Desktop\STM32F407\Motor_bridge\STM32F407VGTX_FLASH.ld" --specs=nosys.specs -Wl,-Map="Motor_bridge.map" -Wl,--gc-sections -static --specs=nano.specs -mfpu=fpv4-sp-d16 -mfloat-abi=hard -mthumb -u _printf_float -u _scanf_float -Wl,--start-group -lc -lm -Wl,--end-group
Finished building target: Motor_bridge.elf
 
arm-none-eabi-size  Motor_bridge.elf 
arm-none-eabi-objdump -h -S Motor_bridge.elf  > "Motor_bridge.list"
   text	   data	    bss	    dec	    hex	filename
  80580	    472	  88288	 169340	  2957c	Motor_bridge.elf
Finished building: default.size.stdout
 
Finished building: Motor_bridge.list
 
17:04:53 **** Incremental Build of configuration Debug for project Motor_bridge ****
make -j18 all 
arm-none-eabi-gcc "../Core/Src/agv_app.c" -mcpu=cortex-m4 -std=gnu11 -g3 -DDEBUG -DUSE_HAL_DRIVER -DSTM32F407xx -DSTM32_THREAD_SAFE_STRATEGY=5 -c -I../Core/Inc -I../Drivers/STM32F4xx_HAL_Driver/Inc -I../Drivers/STM32F4xx_HAL_Driver/Inc/Legacy -I../Middlewares/Third_Party/FreeRTOS/Source/include -I../Middlewares/Third_Party/FreeRTOS/Source/CMSIS_RTOS_V2 -I../Middlewares/Third_Party/FreeRTOS/Source/portable/GCC/ARM_CM4F -I../Drivers/CMSIS/Device/ST/STM32F4xx/Include -I../Drivers/CMSIS/Include -I../Core/ThreadSafe -I"C:/Users/liushaw/Desktop/STM32F407/Motor_bridge/Middlewares/Third_Party/Agv/Core/include" -I"C:/Users/liushaw/Desktop/STM32F407/Motor_bridge/Middlewares/Third_Party/Agv/Factory/include" -I"C:/Users/liushaw/Desktop/STM32F407/Motor_bridge/Middlewares/Third_Party/Agv/Communication_pack/include" -I"C:/Users/liushaw/Desktop/STM32F407/Motor_bridge/Middlewares/Third_Party/Agv/Host_communication/include" -I"C:/Users/liushaw/Desktop/STM32F407/Motor_bridge/Middlewares/Third_Party/Agv/Motors/include" -I"C:/Users/liushaw/Desktop/STM32F407/Motor_bridge/Middlewares/Third_Party/Agv/Control/include" -I"C:/Users/liushaw/Desktop/STM32F407/Motor_bridge/Middlewares/Third_Party/Agv/Kinematics/include" -O0 -ffunction-sections -fdata-sections -Wall -fstack-usage -fcyclomatic-complexity -MMD -MP -MF"Core/Src/agv_app.d" -MT"Core/Src/agv_app.o" --specs=nano.specs -mfpu=fpv4-sp-d16 -mfloat-abi=hard -mthumb -o "Core/Src/agv_app.o"
arm-none-eabi-gcc -o "Motor_bridge.elf" @"objects.list"   -mcpu=cortex-m4 -T"C:\Users\liushaw\Desktop\STM32F407\Motor_bridge\STM32F407VGTX_FLASH.ld" --specs=nosys.specs -Wl,-Map="Motor_bridge.map" -Wl,--gc-sections -static --specs=nano.specs -mfpu=fpv4-sp-d16 -mfloat-abi=hard -mthumb -u _printf_float -u _scanf_float -Wl,--start-group -lc -lm -Wl,--end-group
Finished building target: Motor_bridge.elf
 
arm-none-eabi-size  Motor_bridge.elf 
arm-none-eabi-objdump -h -S Motor_bridge.elf  > "Motor_bridge.list"
   text	   data	    bss	    dec	    hex	filename
  80580	    472	  88288	 169340	  2957c	Motor_bridge.elf
Finished building: default.size.stdout
 
Finished building: Motor_bridge.list
 
08:14:24 **** Build of configuration Debug for project Motor_bridge ****
make -j18 all 
arm-none-eabi-gcc "../Middlewares/Third_Party/Agv/Motors/src/blvr.c" -mcpu=cortex-m4 -std=gnu11 -g3 -DDEBUG -DUSE_HAL_DRIVER -DSTM32F407xx -DSTM32_THREAD_SAFE_STRATEGY=5 -c -I../Core/Inc -I../Drivers/STM32F4xx_HAL_Driver/Inc -I../Drivers/STM32F4xx_HAL_Driver/Inc/Legacy -I../Middlewares/Third_Party/FreeRTOS/Source/include -I../Middlewares/Third_Party/FreeRTOS/Source/CMSIS_RTOS_V2 -I../Middlewares/Third_Party/FreeRTOS/Source/portable/GCC/ARM_CM4F -I../Drivers/CMSIS/Device/ST/STM32F4xx/Include -I../Drivers/CMSIS/Include -I../Core/ThreadSafe -I"C:/Users/liushaw/Desktop/STM32F407/Motor_bridge/Middlewares/Third_Party/Agv/Core/include" -I"C:/Users/liushaw/Desktop/STM32F407/Motor_bridge/Middlewares/Third_Party/Agv/Factory/include" -I"C:/Users/liushaw/Desktop/STM32F407/Motor_bridge/Middlewares/Third_Party/Agv/Communication_pack/include" -I"C:/Users/liushaw/Desktop/STM32F407/Motor_bridge/Middlewares/Third_Party/Agv/Host_communication/include" -I"C:/Users/liushaw/Desktop/STM32F407/Motor_bridge/Middlewares/Third_Party/Agv/Motors/include" -I"C:/Users/liushaw/Desktop/STM32F407/Motor_bridge/Middlewares/Third_Party/Agv/Control/include" -I"C:/Users/liushaw/Desktop/STM32F407/Motor_bridge/Middlewares/Third_Party/Agv/Kinematics/include" -O0 -ffunction-sections -fdata-sections -Wall -fstack-usage -fcyclomatic-complexity -MMD -MP -MF"Middlewares/Third_Party/Agv/Motors/src/blvr.d" -MT"Middlewares/Third_Party/Agv/Motors/src/blvr.o" --specs=nano.specs -mfpu=fpv4-sp-d16 -mfloat-abi=hard -mthumb -o "Middlewares/Third_Party/Agv/Motors/src/blvr.o"
arm-none-eabi-gcc "../Core/Src/agv_app.c" -mcpu=cortex-m4 -std=gnu11 -g3 -DDEBUG -DUSE_HAL_DRIVER -DSTM32F407xx -DSTM32_THREAD_SAFE_STRATEGY=5 -c -I../Core/Inc -I../Drivers/STM32F4xx_HAL_Driver/Inc -I../Drivers/STM32F4xx_HAL_Driver/Inc/Legacy -I../Middlewares/Third_Party/FreeRTOS/Source/include -I../Middlewares/Third_Party/FreeRTOS/Source/CMSIS_RTOS_V2 -I../Middlewares/Third_Party/FreeRTOS/Source/portable/GCC/ARM_CM4F -I../Drivers/CMSIS/Device/ST/STM32F4xx/Include -I../Drivers/CMSIS/Include -I../Core/ThreadSafe -I"C:/Users/liushaw/Desktop/STM32F407/Motor_bridge/Middlewares/Third_Party/Agv/Core/include" -I"C:/Users/liushaw/Desktop/STM32F407/Motor_bridge/Middlewares/Third_Party/Agv/Factory/include" -I"C:/Users/liushaw/Desktop/STM32F407/Motor_bridge/Middlewares/Third_Party/Agv/Communication_pack/include" -I"C:/Users/liushaw/Desktop/STM32F407/Motor_bridge/Middlewares/Third_Party/Agv/Host_communication/include" -I"C:/Users/liushaw/Desktop/STM32F407/Motor_bridge/Middlewares/Third_Party/Agv/Motors/include" -I"C:/Users/liushaw/Desktop/STM32F407/Motor_bridge/Middlewares/Third_Party/Agv/Control/include" -I"C:/Users/liushaw/Desktop/STM32F407/Motor_bridge/Middlewares/Third_Party/Agv/Kinematics/include" -O0 -ffunction-sections -fdata-sections -Wall -fstack-usage -fcyclomatic-complexity -MMD -MP -MF"Core/Src/agv_app.d" -MT"Core/Src/agv_app.o" --specs=nano.specs -mfpu=fpv4-sp-d16 -mfloat-abi=hard -mthumb -o "Core/Src/agv_app.o"
../Middlewares/Third_Party/Agv/Motors/src/blvr.c: In function 'rad_s_to_regVelUnit':
../Middlewares/Third_Party/Agv/Motors/src/blvr.c:472:21: warning: implicit declaration of function 'lroundf' [-Wimplicit-function-declaration]
  472 |     return (int32_t)lroundf(rpm_f / unit_rpm);
      |                     ^~~~~~~
../Middlewares/Third_Party/Agv/Motors/src/blvr.c:15:1: note: include '<math.h>' or provide a declaration of 'lroundf'
   14 | #include "semphr.h"
  +++ |+#include <math.h>
   15 | 
../Middlewares/Third_Party/Agv/Motors/src/blvr.c:472:21: warning: incompatible implicit declaration of built-in function 'lroundf' [-Wbuiltin-declaration-mismatch]
  472 |     return (int32_t)lroundf(rpm_f / unit_rpm);
      |                     ^~~~~~~
../Middlewares/Third_Party/Agv/Motors/src/blvr.c:472:21: note: include '<math.h>' or provide a declaration of 'lroundf'
../Middlewares/Third_Party/Agv/Motors/src/blvr.c: In function 'rad_to_regAngUnit':
../Middlewares/Third_Party/Agv/Motors/src/blvr.c:482:21: warning: incompatible implicit declaration of built-in function 'lroundf' [-Wbuiltin-declaration-mismatch]
  482 |     return (int32_t)lroundf(degree / unit_degree);
      |                     ^~~~~~~
../Middlewares/Third_Party/Agv/Motors/src/blvr.c:482:21: note: include '<math.h>' or provide a declaration of 'lroundf'
arm-none-eabi-gcc -o "Motor_bridge.elf" @"objects.list"   -mcpu=cortex-m4 -T"C:\Users\liushaw\Desktop\STM32F407\Motor_bridge\STM32F407VGTX_FLASH.ld" --specs=nosys.specs -Wl,-Map="Motor_bridge.map" -Wl,--gc-sections -static --specs=nano.specs -mfpu=fpv4-sp-d16 -mfloat-abi=hard -mthumb -u _printf_float -u _scanf_float -Wl,--start-group -lc -lm -Wl,--end-group
Finished building target: Motor_bridge.elf
 
arm-none-eabi-size  Motor_bridge.elf 
arm-none-eabi-objdump -h -S Motor_bridge.elf  > "Motor_bridge.list"
   text	   data	    bss	    dec	    hex	filename
  80548	    472	  88288	 169308	  2955c	Motor_bridge.elf
Finished building: default.size.stdout
 
Finished building: Motor_bridge.list
 
08:16:23 **** Incremental Build of configuration Debug for project Motor_bridge ****
make -j18 all 
arm-none-eabi-gcc "../Core/Src/freertos.c" -mcpu=cortex-m4 -std=gnu11 -g3 -DDEBUG -DUSE_HAL_DRIVER -DSTM32F407xx -DSTM32_THREAD_SAFE_STRATEGY=5 -c -I../Core/Inc -I../Drivers/STM32F4xx_HAL_Driver/Inc -I../Drivers/STM32F4xx_HAL_Driver/Inc/Legacy -I../Middlewares/Third_Party/FreeRTOS/Source/include -I../Middlewares/Third_Party/FreeRTOS/Source/CMSIS_RTOS_V2 -I../Middlewares/Third_Party/FreeRTOS/Source/portable/GCC/ARM_CM4F -I../Drivers/CMSIS/Device/ST/STM32F4xx/Include -I../Drivers/CMSIS/Include -I../Core/ThreadSafe -I"C:/Users/liushaw/Desktop/STM32F407/Motor_bridge/Middlewares/Third_Party/Agv/Core/include" -I"C:/Users/liushaw/Desktop/STM32F407/Motor_bridge/Middlewares/Third_Party/Agv/Factory/include" -I"C:/Users/liushaw/Desktop/STM32F407/Motor_bridge/Middlewares/Third_Party/Agv/Communication_pack/include" -I"C:/Users/liushaw/Desktop/STM32F407/Motor_bridge/Middlewares/Third_Party/Agv/Host_communication/include" -I"C:/Users/liushaw/Desktop/STM32F407/Motor_bridge/Middlewares/Third_Party/Agv/Motors/include" -I"C:/Users/liushaw/Desktop/STM32F407/Motor_bridge/Middlewares/Third_Party/Agv/Control/include" -I"C:/Users/liushaw/Desktop/STM32F407/Motor_bridge/Middlewares/Third_Party/Agv/Kinematics/include" -O0 -ffunction-sections -fdata-sections -Wall -fstack-usage -fcyclomatic-complexity -MMD -MP -MF"Core/Src/freertos.d" -MT"Core/Src/freertos.o" --specs=nano.specs -mfpu=fpv4-sp-d16 -mfloat-abi=hard -mthumb -o "Core/Src/freertos.o"
../Core/Src/freertos.c: In function 'AgvHeartbeatTask':
../Core/Src/freertos.c:202:9: warning: variable 'code' set but not used [-Wunused-but-set-variable]
  202 |     int code = AGV_OK;
      |         ^~~~
../Core/Src/freertos.c: In function 'AgvHostMsgCallbackTask':
../Core/Src/freertos.c:232:13: warning: unused variable 'code' [-Wunused-variable]
  232 |         int code = AgvCore_step_on_host_msg(s_agv_core);
      |             ^~~~
arm-none-eabi-gcc -o "Motor_bridge.elf" @"objects.list"   -mcpu=cortex-m4 -T"C:\Users\liushaw\Desktop\STM32F407\Motor_bridge\STM32F407VGTX_FLASH.ld" --specs=nosys.specs -Wl,-Map="Motor_bridge.map" -Wl,--gc-sections -static --specs=nano.specs -mfpu=fpv4-sp-d16 -mfloat-abi=hard -mthumb -u _printf_float -u _scanf_float -Wl,--start-group -lc -lm -Wl,--end-group
Finished building target: Motor_bridge.elf
 
arm-none-eabi-size  Motor_bridge.elf 
arm-none-eabi-objdump -h -S Motor_bridge.elf  > "Motor_bridge.list"
   text	   data	    bss	    dec	    hex	filename
  80548	    472	  88288	 169308	  2955c	Motor_bridge.elf
Finished building: default.size.stdout
 
Finished building: Motor_bridge.list
 
08:17:32 **** Incremental Build of configuration Debug for project Motor_bridge ****
make -j18 all 
arm-none-eabi-gcc "../Core/Src/agv_app.c" -mcpu=cortex-m4 -std=gnu11 -g3 -DDEBUG -DUSE_HAL_DRIVER -DSTM32F407xx -DSTM32_THREAD_SAFE_STRATEGY=5 -c -I../Core/Inc -I../Drivers/STM32F4xx_HAL_Driver/Inc -I../Drivers/STM32F4xx_HAL_Driver/Inc/Legacy -I../Middlewares/Third_Party/FreeRTOS/Source/include -I../Middlewares/Third_Party/FreeRTOS/Source/CMSIS_RTOS_V2 -I../Middlewares/Third_Party/FreeRTOS/Source/portable/GCC/ARM_CM4F -I../Drivers/CMSIS/Device/ST/STM32F4xx/Include -I../Drivers/CMSIS/Include -I../Core/ThreadSafe -I"C:/Users/liushaw/Desktop/STM32F407/Motor_bridge/Middlewares/Third_Party/Agv/Core/include" -I"C:/Users/liushaw/Desktop/STM32F407/Motor_bridge/Middlewares/Third_Party/Agv/Factory/include" -I"C:/Users/liushaw/Desktop/STM32F407/Motor_bridge/Middlewares/Third_Party/Agv/Communication_pack/include" -I"C:/Users/liushaw/Desktop/STM32F407/Motor_bridge/Middlewares/Third_Party/Agv/Host_communication/include" -I"C:/Users/liushaw/Desktop/STM32F407/Motor_bridge/Middlewares/Third_Party/Agv/Motors/include" -I"C:/Users/liushaw/Desktop/STM32F407/Motor_bridge/Middlewares/Third_Party/Agv/Control/include" -I"C:/Users/liushaw/Desktop/STM32F407/Motor_bridge/Middlewares/Third_Party/Agv/Kinematics/include" -O0 -ffunction-sections -fdata-sections -Wall -fstack-usage -fcyclomatic-complexity -MMD -MP -MF"Core/Src/agv_app.d" -MT"Core/Src/agv_app.o" --specs=nano.specs -mfpu=fpv4-sp-d16 -mfloat-abi=hard -mthumb -o "Core/Src/agv_app.o"
arm-none-eabi-gcc -o "Motor_bridge.elf" @"objects.list"   -mcpu=cortex-m4 -T"C:\Users\liushaw\Desktop\STM32F407\Motor_bridge\STM32F407VGTX_FLASH.ld" --specs=nosys.specs -Wl,-Map="Motor_bridge.map" -Wl,--gc-sections -static --specs=nano.specs -mfpu=fpv4-sp-d16 -mfloat-abi=hard -mthumb -u _printf_float -u _scanf_float -Wl,--start-group -lc -lm -Wl,--end-group
Finished building target: Motor_bridge.elf
 
arm-none-eabi-size  Motor_bridge.elf 
arm-none-eabi-objdump -h -S Motor_bridge.elf  > "Motor_bridge.list"
   text	   data	    bss	    dec	    hex	filename
  80548	    472	  88288	 169308	  2955c	Motor_bridge.elf
Finished building: default.size.stdout
 
Finished building: Motor_bridge.list
 
08:20:52 **** Incremental Build of configuration Debug for project Motor_bridge ****
make -j18 all 
arm-none-eabi-gcc "../Middlewares/Third_Party/Agv/Motors/src/blvr.c" -mcpu=cortex-m4 -std=gnu11 -g3 -DDEBUG -DUSE_HAL_DRIVER -DSTM32F407xx -DSTM32_THREAD_SAFE_STRATEGY=5 -c -I../Core/Inc -I../Drivers/STM32F4xx_HAL_Driver/Inc -I../Drivers/STM32F4xx_HAL_Driver/Inc/Legacy -I../Middlewares/Third_Party/FreeRTOS/Source/include -I../Middlewares/Third_Party/FreeRTOS/Source/CMSIS_RTOS_V2 -I../Middlewares/Third_Party/FreeRTOS/Source/portable/GCC/ARM_CM4F -I../Drivers/CMSIS/Device/ST/STM32F4xx/Include -I../Drivers/CMSIS/Include -I../Core/ThreadSafe -I"C:/Users/liushaw/Desktop/STM32F407/Motor_bridge/Middlewares/Third_Party/Agv/Core/include" -I"C:/Users/liushaw/Desktop/STM32F407/Motor_bridge/Middlewares/Third_Party/Agv/Factory/include" -I"C:/Users/liushaw/Desktop/STM32F407/Motor_bridge/Middlewares/Third_Party/Agv/Communication_pack/include" -I"C:/Users/liushaw/Desktop/STM32F407/Motor_bridge/Middlewares/Third_Party/Agv/Host_communication/include" -I"C:/Users/liushaw/Desktop/STM32F407/Motor_bridge/Middlewares/Third_Party/Agv/Motors/include" -I"C:/Users/liushaw/Desktop/STM32F407/Motor_bridge/Middlewares/Third_Party/Agv/Control/include" -I"C:/Users/liushaw/Desktop/STM32F407/Motor_bridge/Middlewares/Third_Party/Agv/Kinematics/include" -O0 -ffunction-sections -fdata-sections -Wall -fstack-usage -fcyclomatic-complexity -MMD -MP -MF"Middlewares/Third_Party/Agv/Motors/src/blvr.d" -MT"Middlewares/Third_Party/Agv/Motors/src/blvr.o" --specs=nano.specs -mfpu=fpv4-sp-d16 -mfloat-abi=hard -mthumb -o "Middlewares/Third_Party/Agv/Motors/src/blvr.o"
../Middlewares/Third_Party/Agv/Motors/src/blvr.c: In function 'rad_s_to_regVelUnit':
../Middlewares/Third_Party/Agv/Motors/src/blvr.c:473:21: warning: implicit declaration of function 'lroundf' [-Wimplicit-function-declaration]
  473 |     return (int32_t)lroundf(rpm_f / unit_rpm);
      |                     ^~~~~~~
../Middlewares/Third_Party/Agv/Motors/src/blvr.c:15:1: note: include '<math.h>' or provide a declaration of 'lroundf'
   14 | #include "semphr.h"
  +++ |+#include <math.h>
   15 | 
../Middlewares/Third_Party/Agv/Motors/src/blvr.c:473:21: warning: incompatible implicit declaration of built-in function 'lroundf' [-Wbuiltin-declaration-mismatch]
  473 |     return (int32_t)lroundf(rpm_f / unit_rpm);
      |                     ^~~~~~~
../Middlewares/Third_Party/Agv/Motors/src/blvr.c:473:21: note: include '<math.h>' or provide a declaration of 'lroundf'
../Middlewares/Third_Party/Agv/Motors/src/blvr.c: In function 'rad_to_regAngUnit':
../Middlewares/Third_Party/Agv/Motors/src/blvr.c:483:21: warning: incompatible implicit declaration of built-in function 'lroundf' [-Wbuiltin-declaration-mismatch]
  483 |     return (int32_t)lroundf(degree / unit_degree);
      |                     ^~~~~~~
../Middlewares/Third_Party/Agv/Motors/src/blvr.c:483:21: note: include '<math.h>' or provide a declaration of 'lroundf'
arm-none-eabi-gcc -o "Motor_bridge.elf" @"objects.list"   -mcpu=cortex-m4 -T"C:\Users\liushaw\Desktop\STM32F407\Motor_bridge\STM32F407VGTX_FLASH.ld" --specs=nosys.specs -Wl,-Map="Motor_bridge.map" -Wl,--gc-sections -static --specs=nano.specs -mfpu=fpv4-sp-d16 -mfloat-abi=hard -mthumb -u _printf_float -u _scanf_float -Wl,--start-group -lc -lm -Wl,--end-group
Finished building target: Motor_bridge.elf
 
arm-none-eabi-size  Motor_bridge.elf 
arm-none-eabi-objdump -h -S Motor_bridge.elf  > "Motor_bridge.list"
   text	   data	    bss	    dec	    hex	filename
  80580	    472	  88288	 169340	  2957c	Motor_bridge.elf
Finished building: default.size.stdout
 
Finished building: Motor_bridge.list
 
08:24:13 **** Incremental Build of configuration Debug for project Motor_bridge ****
make -j18 all 
arm-none-eabi-gcc "../Middlewares/Third_Party/Agv/Motors/src/blvr.c" -mcpu=cortex-m4 -std=gnu11 -g3 -DDEBUG -DUSE_HAL_DRIVER -DSTM32F407xx -DSTM32_THREAD_SAFE_STRATEGY=5 -c -I../Core/Inc -I../Drivers/STM32F4xx_HAL_Driver/Inc -I../Drivers/STM32F4xx_HAL_Driver/Inc/Legacy -I../Middlewares/Third_Party/FreeRTOS/Source/include -I../Middlewares/Third_Party/FreeRTOS/Source/CMSIS_RTOS_V2 -I../Middlewares/Third_Party/FreeRTOS/Source/portable/GCC/ARM_CM4F -I../Drivers/CMSIS/Device/ST/STM32F4xx/Include -I../Drivers/CMSIS/Include -I../Core/ThreadSafe -I"C:/Users/liushaw/Desktop/STM32F407/Motor_bridge/Middlewares/Third_Party/Agv/Core/include" -I"C:/Users/liushaw/Desktop/STM32F407/Motor_bridge/Middlewares/Third_Party/Agv/Factory/include" -I"C:/Users/liushaw/Desktop/STM32F407/Motor_bridge/Middlewares/Third_Party/Agv/Communication_pack/include" -I"C:/Users/liushaw/Desktop/STM32F407/Motor_bridge/Middlewares/Third_Party/Agv/Host_communication/include" -I"C:/Users/liushaw/Desktop/STM32F407/Motor_bridge/Middlewares/Third_Party/Agv/Motors/include" -I"C:/Users/liushaw/Desktop/STM32F407/Motor_bridge/Middlewares/Third_Party/Agv/Control/include" -I"C:/Users/liushaw/Desktop/STM32F407/Motor_bridge/Middlewares/Third_Party/Agv/Kinematics/include" -O0 -ffunction-sections -fdata-sections -Wall -fstack-usage -fcyclomatic-complexity -MMD -MP -MF"Middlewares/Third_Party/Agv/Motors/src/blvr.d" -MT"Middlewares/Third_Party/Agv/Motors/src/blvr.o" --specs=nano.specs -mfpu=fpv4-sp-d16 -mfloat-abi=hard -mthumb -o "Middlewares/Third_Party/Agv/Motors/src/blvr.o"
arm-none-eabi-gcc "../Core/Src/agv_app.c" -mcpu=cortex-m4 -std=gnu11 -g3 -DDEBUG -DUSE_HAL_DRIVER -DSTM32F407xx -DSTM32_THREAD_SAFE_STRATEGY=5 -c -I../Core/Inc -I../Drivers/STM32F4xx_HAL_Driver/Inc -I../Drivers/STM32F4xx_HAL_Driver/Inc/Legacy -I../Middlewares/Third_Party/FreeRTOS/Source/include -I../Middlewares/Third_Party/FreeRTOS/Source/CMSIS_RTOS_V2 -I../Middlewares/Third_Party/FreeRTOS/Source/portable/GCC/ARM_CM4F -I../Drivers/CMSIS/Device/ST/STM32F4xx/Include -I../Drivers/CMSIS/Include -I../Core/ThreadSafe -I"C:/Users/liushaw/Desktop/STM32F407/Motor_bridge/Middlewares/Third_Party/Agv/Core/include" -I"C:/Users/liushaw/Desktop/STM32F407/Motor_bridge/Middlewares/Third_Party/Agv/Factory/include" -I"C:/Users/liushaw/Desktop/STM32F407/Motor_bridge/Middlewares/Third_Party/Agv/Communication_pack/include" -I"C:/Users/liushaw/Desktop/STM32F407/Motor_bridge/Middlewares/Third_Party/Agv/Host_communication/include" -I"C:/Users/liushaw/Desktop/STM32F407/Motor_bridge/Middlewares/Third_Party/Agv/Motors/include" -I"C:/Users/liushaw/Desktop/STM32F407/Motor_bridge/Middlewares/Third_Party/Agv/Control/include" -I"C:/Users/liushaw/Desktop/STM32F407/Motor_bridge/Middlewares/Third_Party/Agv/Kinematics/include" -O0 -ffunction-sections -fdata-sections -Wall -fstack-usage -fcyclomatic-complexity -MMD -MP -MF"Core/Src/agv_app.d" -MT"Core/Src/agv_app.o" --specs=nano.specs -mfpu=fpv4-sp-d16 -mfloat-abi=hard -mthumb -o "Core/Src/agv_app.o"
../Middlewares/Third_Party/Agv/Motors/src/blvr.c: In function 'rad_s_to_regVelUnit':
../Middlewares/Third_Party/Agv/Motors/src/blvr.c:472:21: warning: implicit declaration of function 'lroundf' [-Wimplicit-function-declaration]
  472 |     return (int32_t)lroundf(rpm_f / unit_rpm);
      |                     ^~~~~~~
../Middlewares/Third_Party/Agv/Motors/src/blvr.c:15:1: note: include '<math.h>' or provide a declaration of 'lroundf'
   14 | #include "semphr.h"
  +++ |+#include <math.h>
   15 | 
../Middlewares/Third_Party/Agv/Motors/src/blvr.c:472:21: warning: incompatible implicit declaration of built-in function 'lroundf' [-Wbuiltin-declaration-mismatch]
  472 |     return (int32_t)lroundf(rpm_f / unit_rpm);
      |                     ^~~~~~~
../Middlewares/Third_Party/Agv/Motors/src/blvr.c:472:21: note: include '<math.h>' or provide a declaration of 'lroundf'
../Middlewares/Third_Party/Agv/Motors/src/blvr.c: In function 'rad_to_regAngUnit':
../Middlewares/Third_Party/Agv/Motors/src/blvr.c:482:21: warning: incompatible implicit declaration of built-in function 'lroundf' [-Wbuiltin-declaration-mismatch]
  482 |     return (int32_t)lroundf(degree / unit_degree);
      |                     ^~~~~~~
../Middlewares/Third_Party/Agv/Motors/src/blvr.c:482:21: note: include '<math.h>' or provide a declaration of 'lroundf'
arm-none-eabi-gcc -o "Motor_bridge.elf" @"objects.list"   -mcpu=cortex-m4 -T"C:\Users\liushaw\Desktop\STM32F407\Motor_bridge\STM32F407VGTX_FLASH.ld" --specs=nosys.specs -Wl,-Map="Motor_bridge.map" -Wl,--gc-sections -static --specs=nano.specs -mfpu=fpv4-sp-d16 -mfloat-abi=hard -mthumb -u _printf_float -u _scanf_float -Wl,--start-group -lc -lm -Wl,--end-group
Finished building target: Motor_bridge.elf
 
arm-none-eabi-size  Motor_bridge.elf 
arm-none-eabi-objdump -h -S Motor_bridge.elf  > "Motor_bridge.list"
   text	   data	    bss	    dec	    hex	filename
  80548	    472	  88288	 169308	  2955c	Motor_bridge.elf
Finished building: default.size.stdout
 
Finished building: Motor_bridge.list
 
08:25:48 **** Incremental Build of configuration Debug for project Motor_bridge ****
make -j18 all 
arm-none-eabi-gcc "../Core/Src/agv_app.c" -mcpu=cortex-m4 -std=gnu11 -g3 -DDEBUG -DUSE_HAL_DRIVER -DSTM32F407xx -DSTM32_THREAD_SAFE_STRATEGY=5 -c -I../Core/Inc -I../Drivers/STM32F4xx_HAL_Driver/Inc -I../Drivers/STM32F4xx_HAL_Driver/Inc/Legacy -I../Middlewares/Third_Party/FreeRTOS/Source/include -I../Middlewares/Third_Party/FreeRTOS/Source/CMSIS_RTOS_V2 -I../Middlewares/Third_Party/FreeRTOS/Source/portable/GCC/ARM_CM4F -I../Drivers/CMSIS/Device/ST/STM32F4xx/Include -I../Drivers/CMSIS/Include -I../Core/ThreadSafe -I"C:/Users/liushaw/Desktop/STM32F407/Motor_bridge/Middlewares/Third_Party/Agv/Core/include" -I"C:/Users/liushaw/Desktop/STM32F407/Motor_bridge/Middlewares/Third_Party/Agv/Factory/include" -I"C:/Users/liushaw/Desktop/STM32F407/Motor_bridge/Middlewares/Third_Party/Agv/Communication_pack/include" -I"C:/Users/liushaw/Desktop/STM32F407/Motor_bridge/Middlewares/Third_Party/Agv/Host_communication/include" -I"C:/Users/liushaw/Desktop/STM32F407/Motor_bridge/Middlewares/Third_Party/Agv/Motors/include" -I"C:/Users/liushaw/Desktop/STM32F407/Motor_bridge/Middlewares/Third_Party/Agv/Control/include" -I"C:/Users/liushaw/Desktop/STM32F407/Motor_bridge/Middlewares/Third_Party/Agv/Kinematics/include" -O0 -ffunction-sections -fdata-sections -Wall -fstack-usage -fcyclomatic-complexity -MMD -MP -MF"Core/Src/agv_app.d" -MT"Core/Src/agv_app.o" --specs=nano.specs -mfpu=fpv4-sp-d16 -mfloat-abi=hard -mthumb -o "Core/Src/agv_app.o"
arm-none-eabi-gcc -o "Motor_bridge.elf" @"objects.list"   -mcpu=cortex-m4 -T"C:\Users\liushaw\Desktop\STM32F407\Motor_bridge\STM32F407VGTX_FLASH.ld" --specs=nosys.specs -Wl,-Map="Motor_bridge.map" -Wl,--gc-sections -static --specs=nano.specs -mfpu=fpv4-sp-d16 -mfloat-abi=hard -mthumb -u _printf_float -u _scanf_float -Wl,--start-group -lc -lm -Wl,--end-group
Finished building target: Motor_bridge.elf
 
arm-none-eabi-size  Motor_bridge.elf 
arm-none-eabi-objdump -h -S Motor_bridge.elf  > "Motor_bridge.list"
   text	   data	    bss	    dec	    hex	filename
  80548	    472	  88288	 169308	  2955c	Motor_bridge.elf
Finished building: default.size.stdout
 
Finished building: Motor_bridge.list
 
08:28:28 **** Incremental Build of configuration Debug for project Motor_bridge ****
make -j18 all 
arm-none-eabi-gcc "../Core/Src/agv_app.c" -mcpu=cortex-m4 -std=gnu11 -g3 -DDEBUG -DUSE_HAL_DRIVER -DSTM32F407xx -DSTM32_THREAD_SAFE_STRATEGY=5 -c -I../Core/Inc -I../Drivers/STM32F4xx_HAL_Driver/Inc -I../Drivers/STM32F4xx_HAL_Driver/Inc/Legacy -I../Middlewares/Third_Party/FreeRTOS/Source/include -I../Middlewares/Third_Party/FreeRTOS/Source/CMSIS_RTOS_V2 -I../Middlewares/Third_Party/FreeRTOS/Source/portable/GCC/ARM_CM4F -I../Drivers/CMSIS/Device/ST/STM32F4xx/Include -I../Drivers/CMSIS/Include -I../Core/ThreadSafe -I"C:/Users/liushaw/Desktop/STM32F407/Motor_bridge/Middlewares/Third_Party/Agv/Core/include" -I"C:/Users/liushaw/Desktop/STM32F407/Motor_bridge/Middlewares/Third_Party/Agv/Factory/include" -I"C:/Users/liushaw/Desktop/STM32F407/Motor_bridge/Middlewares/Third_Party/Agv/Communication_pack/include" -I"C:/Users/liushaw/Desktop/STM32F407/Motor_bridge/Middlewares/Third_Party/Agv/Host_communication/include" -I"C:/Users/liushaw/Desktop/STM32F407/Motor_bridge/Middlewares/Third_Party/Agv/Motors/include" -I"C:/Users/liushaw/Desktop/STM32F407/Motor_bridge/Middlewares/Third_Party/Agv/Control/include" -I"C:/Users/liushaw/Desktop/STM32F407/Motor_bridge/Middlewares/Third_Party/Agv/Kinematics/include" -O0 -ffunction-sections -fdata-sections -Wall -fstack-usage -fcyclomatic-complexity -MMD -MP -MF"Core/Src/agv_app.d" -MT"Core/Src/agv_app.o" --specs=nano.specs -mfpu=fpv4-sp-d16 -mfloat-abi=hard -mthumb -o "Core/Src/agv_app.o"
arm-none-eabi-gcc -o "Motor_bridge.elf" @"objects.list"   -mcpu=cortex-m4 -T"C:\Users\liushaw\Desktop\STM32F407\Motor_bridge\STM32F407VGTX_FLASH.ld" --specs=nosys.specs -Wl,-Map="Motor_bridge.map" -Wl,--gc-sections -static --specs=nano.specs -mfpu=fpv4-sp-d16 -mfloat-abi=hard -mthumb -u _printf_float -u _scanf_float -Wl,--start-group -lc -lm -Wl,--end-group
Finished building target: Motor_bridge.elf
 
arm-none-eabi-size  Motor_bridge.elf 
arm-none-eabi-objdump -h -S Motor_bridge.elf  > "Motor_bridge.list"
   text	   data	    bss	    dec	    hex	filename
  80548	    472	  88288	 169308	  2955c	Motor_bridge.elf
Finished building: default.size.stdout
 
Finished building: Motor_bridge.list
 
08:29:06 **** Incremental Build of configuration Debug for project Motor_bridge ****
make -j18 all 
arm-none-eabi-size  Motor_bridge.elf 
   text	   data	    bss	    dec	    hex	filename
  80548	    472	  88288	 169308	  2955c	Motor_bridge.elf
Finished building: default.size.stdout
 
08:30:19 **** Incremental Build of configuration Debug for project Motor_bridge ****
make -j18 all 
arm-none-eabi-gcc "../Core/Src/agv_app.c" -mcpu=cortex-m4 -std=gnu11 -g3 -DDEBUG -DUSE_HAL_DRIVER -DSTM32F407xx -DSTM32_THREAD_SAFE_STRATEGY=5 -c -I../Core/Inc -I../Drivers/STM32F4xx_HAL_Driver/Inc -I../Drivers/STM32F4xx_HAL_Driver/Inc/Legacy -I../Middlewares/Third_Party/FreeRTOS/Source/include -I../Middlewares/Third_Party/FreeRTOS/Source/CMSIS_RTOS_V2 -I../Middlewares/Third_Party/FreeRTOS/Source/portable/GCC/ARM_CM4F -I../Drivers/CMSIS/Device/ST/STM32F4xx/Include -I../Drivers/CMSIS/Include -I../Core/ThreadSafe -I"C:/Users/liushaw/Desktop/STM32F407/Motor_bridge/Middlewares/Third_Party/Agv/Core/include" -I"C:/Users/liushaw/Desktop/STM32F407/Motor_bridge/Middlewares/Third_Party/Agv/Factory/include" -I"C:/Users/liushaw/Desktop/STM32F407/Motor_bridge/Middlewares/Third_Party/Agv/Communication_pack/include" -I"C:/Users/liushaw/Desktop/STM32F407/Motor_bridge/Middlewares/Third_Party/Agv/Host_communication/include" -I"C:/Users/liushaw/Desktop/STM32F407/Motor_bridge/Middlewares/Third_Party/Agv/Motors/include" -I"C:/Users/liushaw/Desktop/STM32F407/Motor_bridge/Middlewares/Third_Party/Agv/Control/include" -I"C:/Users/liushaw/Desktop/STM32F407/Motor_bridge/Middlewares/Third_Party/Agv/Kinematics/include" -O0 -ffunction-sections -fdata-sections -Wall -fstack-usage -fcyclomatic-complexity -MMD -MP -MF"Core/Src/agv_app.d" -MT"Core/Src/agv_app.o" --specs=nano.specs -mfpu=fpv4-sp-d16 -mfloat-abi=hard -mthumb -o "Core/Src/agv_app.o"
arm-none-eabi-gcc -o "Motor_bridge.elf" @"objects.list"   -mcpu=cortex-m4 -T"C:\Users\liushaw\Desktop\STM32F407\Motor_bridge\STM32F407VGTX_FLASH.ld" --specs=nosys.specs -Wl,-Map="Motor_bridge.map" -Wl,--gc-sections -static --specs=nano.specs -mfpu=fpv4-sp-d16 -mfloat-abi=hard -mthumb -u _printf_float -u _scanf_float -Wl,--start-group -lc -lm -Wl,--end-group
Finished building target: Motor_bridge.elf
 
arm-none-eabi-size  Motor_bridge.elf 
arm-none-eabi-objdump -h -S Motor_bridge.elf  > "Motor_bridge.list"
   text	   data	    bss	    dec	    hex	filename
  80548	    472	  88288	 169308	  2955c	Motor_bridge.elf
Finished building: default.size.stdout
 
Finished building: Motor_bridge.list
 
08:33:27 **** Incremental Build of configuration Debug for project Motor_bridge ****
make -j18 all 
arm-none-eabi-gcc "../Core/Src/agv_app.c" -mcpu=cortex-m4 -std=gnu11 -g3 -DDEBUG -DUSE_HAL_DRIVER -DSTM32F407xx -DSTM32_THREAD_SAFE_STRATEGY=5 -c -I../Core/Inc -I../Drivers/STM32F4xx_HAL_Driver/Inc -I../Drivers/STM32F4xx_HAL_Driver/Inc/Legacy -I../Middlewares/Third_Party/FreeRTOS/Source/include -I../Middlewares/Third_Party/FreeRTOS/Source/CMSIS_RTOS_V2 -I../Middlewares/Third_Party/FreeRTOS/Source/portable/GCC/ARM_CM4F -I../Drivers/CMSIS/Device/ST/STM32F4xx/Include -I../Drivers/CMSIS/Include -I../Core/ThreadSafe -I"C:/Users/liushaw/Desktop/STM32F407/Motor_bridge/Middlewares/Third_Party/Agv/Core/include" -I"C:/Users/liushaw/Desktop/STM32F407/Motor_bridge/Middlewares/Third_Party/Agv/Factory/include" -I"C:/Users/liushaw/Desktop/STM32F407/Motor_bridge/Middlewares/Third_Party/Agv/Communication_pack/include" -I"C:/Users/liushaw/Desktop/STM32F407/Motor_bridge/Middlewares/Third_Party/Agv/Host_communication/include" -I"C:/Users/liushaw/Desktop/STM32F407/Motor_bridge/Middlewares/Third_Party/Agv/Motors/include" -I"C:/Users/liushaw/Desktop/STM32F407/Motor_bridge/Middlewares/Third_Party/Agv/Control/include" -I"C:/Users/liushaw/Desktop/STM32F407/Motor_bridge/Middlewares/Third_Party/Agv/Kinematics/include" -O0 -ffunction-sections -fdata-sections -Wall -fstack-usage -fcyclomatic-complexity -MMD -MP -MF"Core/Src/agv_app.d" -MT"Core/Src/agv_app.o" --specs=nano.specs -mfpu=fpv4-sp-d16 -mfloat-abi=hard -mthumb -o "Core/Src/agv_app.o"
[...]
../Core/Src/freertos.c: In function 'AgvHeartbeatTask':
../Core/Src/freertos.c:202:9: warning: variable 'code' set but not used [-Wunused-but-set-variable]
  202 |     int code = AGV_OK;
      |         ^~~~
../Core/Src/freertos.c: In function 'AgvHostMsgCallbackTask':
../Core/Src/freertos.c:232:13: warning: unused variable 'code' [-Wunused-variable]
  232 |         int code = AgvCore_step_on_host_msg(s_agv_core);
      |             ^~~~
arm-none-eabi-gcc -o "Motor_bridge.elf" @"objects.list"   -mcpu=cortex-m4 -T"C:\Users\liushaw\Desktop\STM32F407\Motor_bridge\STM32F407VGTX_FLASH.ld" --specs=nosys.specs -Wl,-Map="Motor_bridge.map" -Wl,--gc-sections -static --specs=nano.specs -mfpu=fpv4-sp-d16 -mfloat-abi=hard -mthumb -u _printf_float -u _scanf_float -Wl,--start-group -lc -lm -Wl,--end-group
Finished building target: Motor_bridge.elf
 
arm-none-eabi-size  Motor_bridge.elf 
arm-none-eabi-objdump -h -S Motor_bridge.elf  > "Motor_bridge.list"
   text	   data	    bss	    dec	    hex	filename
  80292	    472	  88280	 169044	  29454	Motor_bridge.elf
Finished building: default.size.stdout
 
Finished building: Motor_bridge.list
 
09:36:55 **** Incremental Build of configuration Debug for project Motor_bridge ****
make -j18 all 
arm-none-eabi-gcc "../Core/Src/agv_app.c" -mcpu=cortex-m4 -std=gnu11 -g3 -DDEBUG -DUSE_HAL_DRIVER -DSTM32F407xx -DSTM32_THREAD_SAFE_STRATEGY=5 -c -I../Core/Inc -I../Drivers/STM32F4xx_HAL_Driver/Inc -I../Drivers/STM32F4xx_HAL_Driver/Inc/Legacy -I../Middlewares/Third_Party/FreeRTOS/Source/include -I../Middlewares/Third_Party/FreeRTOS/Source/CMSIS_RTOS_V2 -I../Middlewares/Third_Party/FreeRTOS/Source/portable/GCC/ARM_CM4F -I../Drivers/CMSIS/Device/ST/STM32F4xx/Include -I../Drivers/CMSIS/Include -I../Core/ThreadSafe -I"C:/Users/liushaw/Desktop/STM32F407/Motor_bridge/Middlewares/Third_Party/Agv/Core/include" -I"C:/Users/liushaw/Desktop/STM32F407/Motor_bridge/Middlewares/Third_Party/Agv/Factory/include" -I"C:/Users/liushaw/Desktop/STM32F407/Motor_bridge/Middlewares/Third_Party/Agv/Communication_pack/include" -I"C:/Users/liushaw/Desktop/STM32F407/Motor_bridge/Middlewares/Third_Party/Agv/Host_communication/include" -I"C:/Users/liushaw/Desktop/STM32F407/Motor_bridge/Middlewares/Third_Party/Agv/Motors/include" -I"C:/Users/liushaw/Desktop/STM32F407/Motor_bridge/Middlewares/Third_Party/Agv/Control/include" -I"C:/Users/liushaw/Desktop/STM32F407/Motor_bridge/Middlewares/Third_Party/Agv/Kinematics/include" -O0 -ffunction-sections -fdata-sections -Wall -fstack-usage -fcyclomatic-complexity -MMD -MP -MF"Core/Src/agv_app.d" -MT"Core/Src/agv_app.o" --specs=nano.specs -mfpu=fpv4-sp-d16 -mfloat-abi=hard -mthumb -o "Core/Src/agv_app.o"
arm-none-eabi-gcc -o "Motor_bridge.elf" @"objects.list"   -mcpu=cortex-m4 -T"C:\Users\liushaw\Desktop\STM32F407\Motor_bridge\STM32F407VGTX_FLASH.ld" --specs=nosys.specs -Wl,-Map="Motor_bridge.map" -Wl,--gc-sections -static --specs=nano.specs -mfpu=fpv4-sp-d16 -mfloat-abi=hard -mthumb -u _printf_float -u _scanf_float -Wl,--start-group -lc -lm -Wl,--end-group
Finished building target: Motor_bridge.elf
 
arm-none-eabi-size  Motor_bridge.elf 
arm-none-eabi-objdump -h -S Motor_bridge.elf  > "Motor_bridge.list"
   text	   data	    bss	    dec	    hex	filename
  80276	    472	  88280	 169028	  29444	Motor_bridge.elf
Finished building: default.size.stdout
 
Finished building: Motor_bridge.list
 
09:37:53 **** Incremental Build of configuration Debug for project Motor_bridge ****
make -j18 all 
arm-none-eabi-gcc "../Core/Src/agv_app.c" -mcpu=cortex-m4 -std=gnu11 -g3 -DDEBUG -DUSE_HAL_DRIVER -DSTM32F407xx -DSTM32_THREAD_SAFE_STRATEGY=5 -c -I../Core/Inc -I../Drivers/STM32F4xx_HAL_Driver/Inc -I../Drivers/STM32F4xx_HAL_Driver/Inc/Legacy -I../Middlewares/Third_Party/FreeRTOS/Source/include -I../Middlewares/Third_Party/FreeRTOS/Source/CMSIS_RTOS_V2 -I../Middlewares/Third_Party/FreeRTOS/Source/portable/GCC/ARM_CM4F -I../Drivers/CMSIS/Device/ST/STM32F4xx/Include -I../Drivers/CMSIS/Include -I../Core/ThreadSafe -I"C:/Users/liushaw/Desktop/STM32F407/Motor_bridge/Middlewares/Third_Party/Agv/Core/include" -I"C:/Users/liushaw/Desktop/STM32F407/Motor_bridge/Middlewares/Third_Party/Agv/Factory/include" -I"C:/Users/liushaw/Desktop/STM32F407/Motor_bridge/Middlewares/Third_Party/Agv/Communication_pack/include" -I"C:/Users/liushaw/Desktop/STM32F407/Motor_bridge/Middlewares/Third_Party/Agv/Host_communication/include" -I"C:/Users/liushaw/Desktop/STM32F407/Motor_bridge/Middlewares/Third_Party/Agv/Motors/include" -I"C:/Users/liushaw/Desktop/STM32F407/Motor_bridge/Middlewares/Third_Party/Agv/Control/include" -I"C:/Users/liushaw/Desktop/STM32F407/Motor_bridge/Middlewares/Third_Party/Agv/Kinematics/include" -O0 -ffunction-sections -fdata-sections -Wall -fstack-usage -fcyclomatic-complexity -MMD -MP -MF"Core/Src/agv_app.d" -MT"Core/Src/agv_app.o" --specs=nano.specs -mfpu=fpv4-sp-d16 -mfloat-abi=hard -mthumb -o "Core/Src/agv_app.o"
arm-none-eabi-gcc -o "Motor_bridge.elf" @"objects.list"   -mcpu=cortex-m4 -T"C:\Users\liushaw\Desktop\STM32F407\Motor_bridge\STM32F407VGTX_FLASH.ld" --specs=nosys.specs -Wl,-Map="Motor_bridge.map" -Wl,--gc-sections -static --specs=nano.specs -mfpu=fpv4-sp-d16 -mfloat-abi=hard -mthumb -u _printf_float -u _scanf_float -Wl,--start-group -lc -lm -Wl,--end-group
Finished building target: Motor_bridge.elf
 
arm-none-eabi-size  Motor_bridge.elf 
arm-none-eabi-objdump -h -S Motor_bridge.elf  > "Motor_bridge.list"
   text	   data	    bss	    dec	    hex	filename
  80292	    472	  88280	 169044	  29454	Motor_bridge.elf
Finished building: default.size.stdout
 
Finished building: Motor_bridge.list
 
09:41:04 **** Incremental Build of configuration Debug for project Motor_bridge ****
make -j18 all 
arm-none-eabi-gcc "../Core/Src/agv_app.c" -mcpu=cortex-m4 -std=gnu11 -g3 -DDEBUG -DUSE_HAL_DRIVER -DSTM32F407xx -DSTM32_THREAD_SAFE_STRATEGY=5 -c -I../Core/Inc -I../Drivers/STM32F4xx_HAL_Driver/Inc -I../Drivers/STM32F4xx_HAL_Driver/Inc/Legacy -I../Middlewares/Third_Party/FreeRTOS/Source/include -I../Middlewares/Third_Party/FreeRTOS/Source/CMSIS_RTOS_V2 -I../Middlewares/Third_Party/FreeRTOS/Source/portable/GCC/ARM_CM4F -I../Drivers/CMSIS/Device/ST/STM32F4xx/Include -I../Drivers/CMSIS/Include -I../Core/ThreadSafe -I"C:/Users/liushaw/Desktop/STM32F407/Motor_bridge/Middlewares/Third_Party/Agv/Core/include" -I"C:/Users/liushaw/Desktop/STM32F407/Motor_bridge/Middlewares/Third_Party/Agv/Factory/include" -I"C:/Users/liushaw/Desktop/STM32F407/Motor_bridge/Middlewares/Third_Party/Agv/Communication_pack/include" -I"C:/Users/liushaw/Desktop/STM32F407/Motor_bridge/Middlewares/Third_Party/Agv/Host_communication/include" -I"C:/Users/liushaw/Desktop/STM32F407/Motor_bridge/Middlewares/Third_Party/Agv/Motors/include" -I"C:/Users/liushaw/Desktop/STM32F407/Motor_bridge/Middlewares/Third_Party/Agv/Control/include" -I"C:/Users/liushaw/Desktop/STM32F407/Motor_bridge/Middlewares/Third_Party/Agv/Kinematics/include" -O0 -ffunction-sections -fdata-sections -Wall -fstack-usage -fcyclomatic-complexity -MMD -MP -MF"Core/Src/agv_app.d" -MT"Core/Src/agv_app.o" --specs=nano.specs -mfpu=fpv4-sp-d16 -mfloat-abi=hard -mthumb -o "Core/Src/agv_app.o"
arm-none-eabi-gcc -o "Motor_bridge.elf" @"objects.list"   -mcpu=cortex-m4 -T"C:\Users\liushaw\Desktop\STM32F407\Motor_bridge\STM32F407VGTX_FLASH.ld" --specs=nosys.specs -Wl,-Map="Motor_bridge.map" -Wl,--gc-sections -static --specs=nano.specs -mfpu=fpv4-sp-d16 -mfloat-abi=hard -mthumb -u _printf_float -u _scanf_float -Wl,--start-group -lc -lm -Wl,--end-group
Finished building target: Motor_bridge.elf
 
arm-none-eabi-size  Motor_bridge.elf 
arm-none-eabi-objdump -h -S Motor_bridge.elf  > "Motor_bridge.list"
   text	   data	    bss	    dec	    hex	filename
  80292	    472	  88280	 169044	  29454	Motor_bridge.elf
Finished building: default.size.stdout
 
Finished building: Motor_bridge.list
 
09:44:50 **** Incremental Build of configuration Debug for project Motor_bridge ****
make -j18 all 
arm-none-eabi-gcc "../Core/Src/agv_app.c" -mcpu=cortex-m4 -std=gnu11 -g3 -DDEBUG -DUSE_HAL_DRIVER -DSTM32F407xx -DSTM32_THREAD_SAFE_STRATEGY=5 -c -I../Core/Inc -I../Drivers/STM32F4xx_HAL_Driver/Inc -I../Drivers/STM32F4xx_HAL_Driver/Inc/Legacy -I../Middlewares/Third_Party/FreeRTOS/Source/include -I../Middlewares/Third_Party/FreeRTOS/Source/CMSIS_RTOS_V2 -I../Middlewares/Third_Party/FreeRTOS/Source/portable/GCC/ARM_CM4F -I../Drivers/CMSIS/Device/ST/STM32F4xx/Include -I../Drivers/CMSIS/Include -I../Core/ThreadSafe -I"C:/Users/liushaw/Desktop/STM32F407/Motor_bridge/Middlewares/Third_Party/Agv/Core/include" -I"C:/Users/liushaw/Desktop/STM32F407/Motor_bridge/Middlewares/Third_Party/Agv/Factory/include" -I"C:/Users/liushaw/Desktop/STM32F407/Motor_bridge/Middlewares/Third_Party/Agv/Communication_pack/include" -I"C:/Users/liushaw/Desktop/STM32F407/Motor_bridge/Middlewares/Third_Party/Agv/Host_communication/include" -I"C:/Users/liushaw/Desktop/STM32F407/Motor_bridge/Middlewares/Third_Party/Agv/Motors/include" -I"C:/Users/liushaw/Desktop/STM32F407/Motor_bridge/Middlewares/Third_Party/Agv/Control/include" -I"C:/Users/liushaw/Desktop/STM32F407/Motor_bridge/Middlewares/Third_Party/Agv/Kinematics/include" -O0 -ffunction-sections -fdata-sections -Wall -fstack-usage -fcyclomatic-complexity -MMD -MP -MF"Core/Src/agv_app.d" -MT"Core/Src/agv_app.o" --specs=nano.specs -mfpu=fpv4-sp-d16 -mfloat-abi=hard -mthumb -o "Core/Src/agv_app.o"
arm-none-eabi-gcc -o "Motor_bridge.elf" @"objects.list"   -mcpu=cortex-m4 -T"C:\Users\liushaw\Desktop\STM32F407\Motor_bridge\STM32F407VGTX_FLASH.ld" --specs=nosys.specs -Wl,-Map="Motor_bridge.map" -Wl,--gc-sections -static --specs=nano.specs -mfpu=fpv4-sp-d16 -mfloat-abi=hard -mthumb -u _printf_float -u _scanf_float -Wl,--start-group -lc -lm -Wl,--end-group
Finished building target: Motor_bridge.elf
 
arm-none-eabi-size  Motor_bridge.elf 
arm-none-eabi-objdump -h -S Motor_bridge.elf  > "Motor_bridge.list"
   text	   data	    bss	    dec	    hex	filename
  80292	    472	  88280	 169044	  29454	Motor_bridge.elf
Finished building: default.size.stdout
 
Finished building: Motor_bridge.list
 
09:45:34 **** Incremental Build of configuration Debug for project Motor_bridge ****
make -j18 all 
arm-none-eabi-gcc "../Core/Src/agv_app.c" -mcpu=cortex-m4 -std=gnu11 -g3 -DDEBUG -DUSE_HAL_DRIVER -DSTM32F407xx -DSTM32_THREAD_SAFE_STRATEGY=5 -c -I../Core/Inc -I../Drivers/STM32F4xx_HAL_Driver/Inc -I../Drivers/STM32F4xx_HAL_Driver/Inc/Legacy -I../Middlewares/Third_Party/FreeRTOS/Source/include -I../Middlewares/Third_Party/FreeRTOS/Source/CMSIS_RTOS_V2 -I../Middlewares/Third_Party/FreeRTOS/Source/portable/GCC/ARM_CM4F -I../Drivers/CMSIS/Device/ST/STM32F4xx/Include -I../Drivers/CMSIS/Include -I../Core/ThreadSafe -I"C:/Users/liushaw/Desktop/STM32F407/Motor_bridge/Middlewares/Third_Party/Agv/Core/include" -I"C:/Users/liushaw/Desktop/STM32F407/Motor_bridge/Middlewares/Third_Party/Agv/Factory/include" -I"C:/Users/liushaw/Desktop/STM32F407/Motor_bridge/Middlewares/Third_Party/Agv/Communication_pack/include" -I"C:/Users/liushaw/Desktop/STM32F407/Motor_bridge/Middlewares/Third_Party/Agv/Host_communication/include" -I"C:/Users/liushaw/Desktop/STM32F407/Motor_bridge/Middlewares/Third_Party/Agv/Motors/include" -I"C:/Users/liushaw/Desktop/STM32F407/Motor_bridge/Middlewares/Third_Party/Agv/Control/include" -I"C:/Users/liushaw/Desktop/STM32F407/Motor_bridge/Middlewares/Third_Party/Agv/Kinematics/include" -O0 -ffunction-sections -fdata-sections -Wall -fstack-usage -fcyclomatic-complexity -MMD -MP -MF"Core/Src/agv_app.d" -MT"Core/Src/agv_app.o" --specs=nano.specs -mfpu=fpv4-sp-d16 -mfloat-abi=hard -mthumb -o "Core/Src/agv_app.o"
arm-none-eabi-gcc -o "Motor_bridge.elf" @"objects.list"   -mcpu=cortex-m4 -T"C:\Users\liushaw\Desktop\STM32F407\Motor_bridge\STM32F407VGTX_FLASH.ld" --specs=nosys.specs -Wl,-Map="Motor_bridge.map" -Wl,--gc-sections -static --specs=nano.specs -mfpu=fpv4-sp-d16 -mfloat-abi=hard -mthumb -u _printf_float -u _scanf_float -Wl,--start-group -lc -lm -Wl,--end-group
Finished building target: Motor_bridge.elf
 
arm-none-eabi-size  Motor_bridge.elf 
arm-none-eabi-objdump -h -S Motor_bridge.elf  > "Motor_bridge.list"
   text	   data	    bss	    dec	    hex	filename
  80292	    472	  88280	 169044	  29454	Motor_bridge.elf
Finished building: default.size.stdout
 
Finished building: Motor_bridge.list
 
09:46:29 **** Incremental Build of configuration Debug for project Motor_bridge ****
make -j18 all 
arm-none-eabi-gcc "../Core/Src/agv_app.c" -mcpu=cortex-m4 -std=gnu11 -g3 -DDEBUG -DUSE_HAL_DRIVER -DSTM32F407xx -DSTM32_THREAD_SAFE_STRATEGY=5 -c -I../Core/Inc -I../Drivers/STM32F4xx_HAL_Driver/Inc -I../Drivers/STM32F4xx_HAL_Driver/Inc/Legacy -I../Middlewares/Third_Party/FreeRTOS/Source/include -I../Middlewares/Third_Party/FreeRTOS/Source/CMSIS_RTOS_V2 -I../Middlewares/Third_Party/FreeRTOS/Source/portable/GCC/ARM_CM4F -I../Drivers/CMSIS/Device/ST/STM32F4xx/Include -I../Drivers/CMSIS/Include -I../Core/ThreadSafe -I"C:/Users/liushaw/Desktop/STM32F407/Motor_bridge/Middlewares/Third_Party/Agv/Core/include" -I"C:/Users/liushaw/Desktop/STM32F407/Motor_bridge/Middlewares/Third_Party/Agv/Factory/include" -I"C:/Users/liushaw/Desktop/STM32F407/Motor_bridge/Middlewares/Third_Party/Agv/Communication_pack/include" -I"C:/Users/liushaw/Desktop/STM32F407/Motor_bridge/Middlewares/Third_Party/Agv/Host_communication/include" -I"C:/Users/liushaw/Desktop/STM32F407/Motor_bridge/Middlewares/Third_Party/Agv/Motors/include" -I"C:/Users/liushaw/Desktop/STM32F407/Motor_bridge/Middlewares/Third_Party/Agv/Control/include" -I"C:/Users/liushaw/Desktop/STM32F407/Motor_bridge/Middlewares/Third_Party/Agv/Kinematics/include" -O0 -ffunction-sections -fdata-sections -Wall -fstack-usage -fcyclomatic-complexity -MMD -MP -MF"Core/Src/agv_app.d" -MT"Core/Src/agv_app.o" --specs=nano.specs -mfpu=fpv4-sp-d16 -mfloat-abi=hard -mthumb -o "Core/Src/agv_app.o"
arm-none-eabi-gcc -o "Motor_bridge.elf" @"objects.list"   -mcpu=cortex-m4 -T"C:\Users\liushaw\Desktop\STM32F407\Motor_bridge\STM32F407VGTX_FLASH.ld" --specs=nosys.specs -Wl,-Map="Motor_bridge.map" -Wl,--gc-sections -static --specs=nano.specs -mfpu=fpv4-sp-d16 -mfloat-abi=hard -mthumb -u _printf_float -u _scanf_float -Wl,--start-group -lc -lm -Wl,--end-group
Finished building target: Motor_bridge.elf
 
arm-none-eabi-size  Motor_bridge.elf 
arm-none-eabi-objdump -h -S Motor_bridge.elf  > "Motor_bridge.list"
   text	   data	    bss	    dec	    hex	filename
  80292	    472	  88280	 169044	  29454	Motor_bridge.elf
Finished building: default.size.stdout
 
Finished building: Motor_bridge.list
 
09:49:49 **** Incremental Build of configuration Debug for project Motor_bridge ****
make -j18 all 
arm-none-eabi-gcc "../Core/Src/freertos.c" -mcpu=cortex-m4 -std=gnu11 -g3 -DDEBUG -DUSE_HAL_DRIVER -DSTM32F407xx -DSTM32_THREAD_SAFE_STRATEGY=5 -c -I../Core/Inc -I../Drivers/STM32F4xx_HAL_Driver/Inc -I../Drivers/STM32F4xx_HAL_Driver/Inc/Legacy -I../Middlewares/Third_Party/FreeRTOS/Source/include -I../Middlewares/Third_Party/FreeRTOS/Source/CMSIS_RTOS_V2 -I../Middlewares/Third_Party/FreeRTOS/Source/portable/GCC/ARM_CM4F -I../Drivers/CMSIS/Device/ST/STM32F4xx/Include -I../Drivers/CMSIS/Include -I../Core/ThreadSafe -I"C:/Users/liushaw/Desktop/STM32F407/Motor_bridge/Middlewares/Third_Party/Agv/Core/include" -I"C:/Users/liushaw/Desktop/STM32F407/Motor_bridge/Middlewares/Third_Party/Agv/Factory/include" -I"C:/Users/liushaw/Desktop/STM32F407/Motor_bridge/Middlewares/Third_Party/Agv/Communication_pack/include" -I"C:/Users/liushaw/Desktop/STM32F407/Motor_bridge/Middlewares/Third_Party/Agv/Host_communication/include" -I"C:/Users/liushaw/Desktop/STM32F407/Motor_bridge/Middlewares/Third_Party/Agv/Motors/include" -I"C:/Users/liushaw/Desktop/STM32F407/Motor_bridge/Middlewares/Third_Party/Agv/Control/include" -I"C:/Users/liushaw/Desktop/STM32F407/Motor_bridge/Middlewares/Third_Party/Agv/Kinematics/include" -O0 -ffunction-sections -fdata-sections -Wall -fstack-usage -fcyclomatic-complexity -MMD -MP -MF"Core/Src/freertos.d" -MT"Core/Src/freertos.o" --specs=nano.specs -mfpu=fpv4-sp-d16 -mfloat-abi=hard -mthumb -o "Core/Src/freertos.o"
arm-none-eabi-gcc "../Core/Src/joystick.c" -mcpu=cortex-m4 -std=gnu11 -g3 -DDEBUG -DUSE_HAL_DRIVER -DSTM32F407xx -DSTM32_THREAD_SAFE_STRATEGY=5 -c -I../Core/Inc -I../Drivers/STM32F4xx_HAL_Driver/Inc -I../Drivers/STM32F4xx_HAL_Driver/Inc/Legacy -I../Middlewares/Third_Party/FreeRTOS/Source/include -I../Middlewares/Third_Party/FreeRTOS/Source/CMSIS_RTOS_V2 -I../Middlewares/Third_Party/FreeRTOS/Source/portable/GCC/ARM_CM4F -I../Drivers/CMSIS/Device/ST/STM32F4xx/Include -I../Drivers/CMSIS/Include -I../Core/ThreadSafe -I"C:/Users/liushaw/Desktop/STM32F407/Motor_bridge/Middlewares/Third_Party/Agv/Core/include" -I"C:/Users/liushaw/Desktop/STM32F407/Motor_bridge/Middlewares/Third_Party/Agv/Factory/include" -I"C:/Users/liushaw/Desktop/STM32F407/Motor_bridge/Middlewares/Third_Party/Agv/Communication_pack/include" -I"C:/Users/liushaw/Desktop/STM32F407/Motor_bridge/Middlewares/Third_Party/Agv/Host_communication/include" -I"C:/Users/liushaw/Desktop/STM32F407/Motor_bridge/Middlewares/Third_Party/Agv/Motors/include" -I"C:/Users/liushaw/Desktop/STM32F407/Motor_bridge/Middlewares/Third_Party/Agv/Control/include" -I"C:/Users/liushaw/Desktop/STM32F407/Motor_bridge/Middlewares/Third_Party/Agv/Kinematics/include" -O0 -ffunction-sections -fdata-sections -Wall -fstack-usage -fcyclomatic-complexity -MMD -MP -MF"Core/Src/joystick.d" -MT"Core/Src/joystick.o" --specs=nano.specs -mfpu=fpv4-sp-d16 -mfloat-abi=hard -mthumb -o "Core/Src/joystick.o"
../Core/Src/freertos.c: In function 'AgvHeartbeatTask':
../Core/Src/freertos.c:202:9: warning: variable 'code' set but not used [-Wunused-but-set-variable]
  202 |     int code = AGV_OK;
      |         ^~~~
../Core/Src/freertos.c: In function 'AgvHostMsgCallbackTask':
../Core/Src/freertos.c:232:13: warning: unused variable 'code' [-Wunused-variable]
  232 |         int code = AgvCore_step_on_host_msg(s_agv_core);
      |             ^~~~
arm-none-eabi-gcc -o "Motor_bridge.elf" @"objects.list"   -mcpu=cortex-m4 -T"C:\Users\liushaw\Desktop\STM32F407\Motor_bridge\STM32F407VGTX_FLASH.ld" --specs=nosys.specs -Wl,-Map="Motor_bridge.map" -Wl,--gc-sections -static --specs=nano.specs -mfpu=fpv4-sp-d16 -mfloat-abi=hard -mthumb -u _printf_float -u _scanf_float -Wl,--start-group -lc -lm -Wl,--end-group
Finished building target: Motor_bridge.elf
 
arm-none-eabi-size  Motor_bridge.elf 
arm-none-eabi-objdump -h -S Motor_bridge.elf  > "Motor_bridge.list"
   text	   data	    bss	    dec	    hex	filename
  80260	    472	  88280	 169012	  29434	Motor_bridge.elf
Finished building: default.size.stdout
 
Finished building: Motor_bridge.list
 
