08:15:49 **** Build of configuration Debug for project Motor_bridge ****
make -j18 all 
arm-none-eabi-gcc "../Core/Src/agv_app.c" -mcpu=cortex-m4 -std=gnu11 -g3 -DDEBUG -DUSE_HAL_DRIVER -DSTM32F407xx -DSTM32_THREAD_SAFE_STRATEGY=5 -c -I../Core/Inc -I../Drivers/STM32F4xx_HAL_Driver/Inc -I../Drivers/STM32F4xx_HAL_Driver/Inc/Legacy -I../Middlewares/Third_Party/FreeRTOS/Source/include -I../Middlewares/Third_Party/FreeRTOS/Source/CMSIS_RTOS_V2 -I../Middlewares/Third_Party/FreeRTOS/Source/portable/GCC/ARM_CM4F -I../Drivers/CMSIS/Device/ST/STM32F4xx/Include -I../Drivers/CMSIS/Include -I../Core/ThreadSafe -I"C:/Users/liushaw/Desktop/STM32F407/Motor_bridge/Middlewares/Third_Party/Agv/Core/include" -I"C:/Users/liushaw/Desktop/STM32F407/Motor_bridge/Middlewares/Third_Party/Agv/Factory/include" -I"C:/Users/liushaw/Desktop/STM32F407/Motor_bridge/Middlewares/Third_Party/Agv/Communication_pack/include" -I"C:/Users/liushaw/Desktop/STM32F407/Motor_bridge/Middlewares/Third_Party/Agv/Host_communication/include" -I"C:/Users/liushaw/Desktop/STM32F407/Motor_bridge/Middlewares/Third_Party/Agv/Motors/include" -I"C:/Users/liushaw/Desktop/STM32F407/Motor_bridge/Middlewares/Third_Party/Agv/Control/include" -I"C:/Users/liushaw/Desktop/STM32F407/Motor_bridge/Middlewares/Third_Party/Agv/Kinematics/include" -O0 -ffunction-sections -fdata-sections -Wall -fstack-usage -fcyclomatic-complexity -MMD -MP -MF"Core/Src/agv_app.d" -MT"Core/Src/agv_app.o" --specs=nano.specs -mfpu=fpv4-sp-d16 -mfloat-abi=hard -mthumb -o "Core/Src/agv_app.o"
arm-none-eabi-gcc -o "Motor_bridge.elf" @"objects.list"   -mcpu=cortex-m4 -T"C:\Users\liushaw\Desktop\STM32F407\Motor_bridge\STM32F407VGTX_FLASH.ld" --specs=nosys.specs -Wl,-Map="Motor_bridge.map" -Wl,--gc-sections -static --specs=nano.specs -mfpu=fpv4-sp-d16 -mfloat-abi=hard -mthumb -u _printf_float -u _scanf_float -Wl,--start-group -lc -lm -Wl,--end-group
Finished building target: Motor_bridge.elf
 
arm-none-eabi-size  Motor_bridge.elf 
arm-none-eabi-objdump -h -S Motor_bridge.elf  > "Motor_bridge.list"
   text	   data	    bss	    dec	    hex	filename
  80340	    472	  72136	 152948	  25574	Motor_bridge.elf
Finished building: default.size.stdout
 
Finished building: Motor_bridge.list
 
08:20:32 **** Incremental Build of configuration Debug for project Motor_bridge ****
make -j18 all 
arm-none-eabi-size  Motor_bridge.elf 
   text	   data	    bss	    dec	    hex	filename
  80340	    472	  72136	 152948	  25574	Motor_bridge.elf
Finished building: default.size.stdout
 
08:21:57 **** Incremental Build of configuration Debug for project Motor_bridge ****
make -j18 all 
arm-none-eabi-size  Motor_bridge.elf 
   text	   data	    bss	    dec	    hex	filename
  80340	    472	  72136	 152948	  25574	Motor_bridge.elf
Finished building: default.size.stdout
 
08:23:41 **** Incremental Build of configuration Debug for project Motor_bridge ****
make -j18 all 
arm-none-eabi-size  Motor_bridge.elf 
   text	   data	    bss	    dec	    hex	filename
  80340	    472	  72136	 152948	  25574	Motor_bridge.elf
Finished building: default.size.stdout
 
08:39:09 **** Incremental Build of configuration Debug for project Motor_bridge ****
make -j18 all 
arm-none-eabi-gcc "../Core/ThreadSafe/newlib_lock_glue.c" -mcpu=cortex-m4 -std=gnu11 -g3 -DDEBUG -DUSE_HAL_DRIVER -DSTM32F407xx -DSTM32_THREAD_SAFE_STRATEGY=5 -c -I../Core/Inc -I../Drivers/STM32F4xx_HAL_Driver/Inc -I../Drivers/STM32F4xx_HAL_Driver/Inc/Legacy -I../Middlewares/Third_Party/FreeRTOS/Source/include -I../Middlewares/Third_Party/FreeRTOS/Source/CMSIS_RTOS_V2 -I../Middlewares/Third_Party/FreeRTOS/Source/portable/GCC/ARM_CM4F -I../Drivers/CMSIS/Device/ST/STM32F4xx/Include -I../Drivers/CMSIS/Include -I../Core/ThreadSafe -I"C:/Users/liushaw/Desktop/STM32F407/Motor_bridge/Middlewares/Third_Party/Agv/Core/include" -I"C:/Users/liushaw/Desktop/STM32F407/Motor_bridge/Middlewares/Third_Party/Agv/Factory/include" -I"C:/Users/liushaw/Desktop/STM32F407/Motor_bridge/Middlewares/Third_Party/Agv/Communication_pack/include" -I"C:/Users/liushaw/Desktop/STM32F407/Motor_bridge/Middlewares/Third_Party/Agv/Host_communication/include" -I"C:/Users/liushaw/Desktop/STM32F407/Motor_bridge/Middlewares/Third_Party/Agv/Motors/include" -I"C:/Users/liushaw/Desktop/STM32F407/Motor_bridge/Middlewares/Third_Party/Agv/Control/include" -I"C:/Users/liushaw/Desktop/STM32F407/Motor_bridge/Middlewares/Third_Party/Agv/Kinematics/include" -O0 -ffunction-sections -fdata-sections -Wall -fstack-usage -fcyclomatic-complexity -MMD -MP -MF"Core/ThreadSafe/newlib_lock_glue.d" -MT"Core/ThreadSafe/newlib_lock_glue.o" --specs=nano.specs -mfpu=fpv4-sp-d16 -mfloat-abi=hard -mthumb -o "Core/ThreadSafe/newlib_lock_glue.o"
arm-none-eabi-gcc -o "Motor_bridge.elf" @"objects.list"   -mcpu=cortex-m4 -T"C:\Users\liushaw\Desktop\STM32F407\Motor_bridge\STM32F407VGTX_FLASH.ld" --specs=nosys.specs -Wl,-Map="Motor_bridge.map" -Wl,--gc-sections -static --specs=nano.specs -mfpu=fpv4-sp-d16 -mfloat-abi=hard -mthumb -u _printf_float -u _scanf_float -Wl,--start-group -lc -lm -Wl,--end-group
Finished building target: Motor_bridge.elf
 
arm-none-eabi-size  Motor_bridge.elf 
arm-none-eabi-objdump -h -S Motor_bridge.elf  > "Motor_bridge.list"
   text	   data	    bss	    dec	    hex	filename
  80340	    472	  72136	 152948	  25574	Motor_bridge.elf
Finished building: default.size.stdout
 
Finished building: Motor_bridge.list
 
08:41:18 **** Incremental Build of configuration Debug for project Motor_bridge ****
make -j18 all 
arm-none-eabi-gcc "../Middlewares/Third_Party/Agv/Communication_pack/src/link/uart_rs485.c" -mcpu=cortex-m4 -std=gnu11 -g3 -DDEBUG -DUSE_HAL_DRIVER -DSTM32F407xx -DSTM32_THREAD_SAFE_STRATEGY=5 -c -I../Core/Inc -I../Drivers/STM32F4xx_HAL_Driver/Inc -I../Drivers/STM32F4xx_HAL_Driver/Inc/Legacy -I../Middlewares/Third_Party/FreeRTOS/Source/include -I../Middlewares/Third_Party/FreeRTOS/Source/CMSIS_RTOS_V2 -I../Middlewares/Third_Party/FreeRTOS/Source/portable/GCC/ARM_CM4F -I../Drivers/CMSIS/Device/ST/STM32F4xx/Include -I../Drivers/CMSIS/Include -I../Core/ThreadSafe -I"C:/Users/liushaw/Desktop/STM32F407/Motor_bridge/Middlewares/Third_Party/Agv/Core/include" -I"C:/Users/liushaw/Desktop/STM32F407/Motor_bridge/Middlewares/Third_Party/Agv/Factory/include" -I"C:/Users/liushaw/Desktop/STM32F407/Motor_bridge/Middlewares/Third_Party/Agv/Communication_pack/include" -I"C:/Users/liushaw/Desktop/STM32F407/Motor_bridge/Middlewares/Third_Party/Agv/Host_communication/include" -I"C:/Users/liushaw/Desktop/STM32F407/Motor_bridge/Middlewares/Third_Party/Agv/Motors/include" -I"C:/Users/liushaw/Desktop/STM32F407/Motor_bridge/Middlewares/Third_Party/Agv/Control/include" -I"C:/Users/liushaw/Desktop/STM32F407/Motor_bridge/Middlewares/Third_Party/Agv/Kinematics/include" -O0 -ffunction-sections -fdata-sections -Wall -fstack-usage -fcyclomatic-complexity -MMD -MP -MF"Middlewares/Third_Party/Agv/Communication_pack/src/link/uart_rs485.d" -MT"Middlewares/Third_Party/Agv/Communication_pack/src/link/uart_rs485.o" --specs=nano.specs -mfpu=fpv4-sp-d16 -mfloat-abi=hard -mthumb -o "Middlewares/Third_Party/Agv/Communication_pack/src/link/uart_rs485.o"
../Middlewares/Third_Party/Agv/Communication_pack/src/link/uart_rs485.c: In function 'LnkRs485_pop_rx_queue':
../Middlewares/Third_Party/Agv/Communication_pack/src/link/uart_rs485.c:228:5: warning: implicit declaration of function 'memcpy' [-Wimplicit-function-declaration]
  228 |     memcpy(buf_out, frame->data, *buf_len);
      |     ^~~~~~
../Middlewares/Third_Party/Agv/Communication_pack/src/link/uart_rs485.c:10:1: note: include '<string.h>' or provide a declaration of 'memcpy'
    9 | #include "semphr.h"
  +++ |+#include <string.h>
   10 | #include "stm32f4xx_hal.h"
../Middlewares/Third_Party/Agv/Communication_pack/src/link/uart_rs485.c:228:5: warning: incompatible implicit declaration of built-in function 'memcpy' [-Wbuiltin-declaration-mismatch]
  228 |     memcpy(buf_out, frame->data, *buf_len);
      |     ^~~~~~
../Middlewares/Third_Party/Agv/Communication_pack/src/link/uart_rs485.c:228:5: note: include '<string.h>' or provide a declaration of 'memcpy'
../Middlewares/Third_Party/Agv/Communication_pack/src/link/uart_rs485.c: In function 'LnkRs485_on_rx_rcv':
../Middlewares/Third_Party/Agv/Communication_pack/src/link/uart_rs485.c:261:5: warning: incompatible implicit declaration of built-in function 'memcpy' [-Wbuiltin-declaration-mismatch]
  261 |     memcpy(frame->data, impl->rx_buf, data_len);
      |     ^~~~~~
../Middlewares/Third_Party/Agv/Communication_pack/src/link/uart_rs485.c:261:5: note: include '<string.h>' or provide a declaration of 'memcpy'
arm-none-eabi-gcc -o "Motor_bridge.elf" @"objects.list"   -mcpu=cortex-m4 -T"C:\Users\liushaw\Desktop\STM32F407\Motor_bridge\STM32F407VGTX_FLASH.ld" --specs=nosys.specs -Wl,-Map="Motor_bridge.map" -Wl,--gc-sections -static --specs=nano.specs -mfpu=fpv4-sp-d16 -mfloat-abi=hard -mthumb -u _printf_float -u _scanf_float -Wl,--start-group -lc -lm -Wl,--end-group
Finished building target: Motor_bridge.elf
 
arm-none-eabi-size  Motor_bridge.elf 
arm-none-eabi-objdump -h -S Motor_bridge.elf  > "Motor_bridge.list"
   text	   data	    bss	    dec	    hex	filename
  80324	    472	  72136	 152932	  25564	Motor_bridge.elf
Finished building: default.size.stdout
 
Finished building: Motor_bridge.list
 
08:44:14 **** Incremental Build of configuration Debug for project Motor_bridge ****
make -j18 all 
arm-none-eabi-gcc "../Middlewares/Third_Party/Agv/Communication_pack/src/link/uart_rs485.c" -mcpu=cortex-m4 -std=gnu11 -g3 -DDEBUG -DUSE_HAL_DRIVER -DSTM32F407xx -DSTM32_THREAD_SAFE_STRATEGY=5 -c -I../Core/Inc -I../Drivers/STM32F4xx_HAL_Driver/Inc -I../Drivers/STM32F4xx_HAL_Driver/Inc/Legacy -I../Middlewares/Third_Party/FreeRTOS/Source/include -I../Middlewares/Third_Party/FreeRTOS/Source/CMSIS_RTOS_V2 -I../Middlewares/Third_Party/FreeRTOS/Source/portable/GCC/ARM_CM4F -I../Drivers/CMSIS/Device/ST/STM32F4xx/Include -I../Drivers/CMSIS/Include -I../Core/ThreadSafe -I"C:/Users/liushaw/Desktop/STM32F407/Motor_bridge/Middlewares/Third_Party/Agv/Core/include" -I"C:/Users/liushaw/Desktop/STM32F407/Motor_bridge/Middlewares/Third_Party/Agv/Factory/include" -I"C:/Users/liushaw/Desktop/STM32F407/Motor_bridge/Middlewares/Third_Party/Agv/Communication_pack/include" -I"C:/Users/liushaw/Desktop/STM32F407/Motor_bridge/Middlewares/Third_Party/Agv/Host_communication/include" -I"C:/Users/liushaw/Desktop/STM32F407/Motor_bridge/Middlewares/Third_Party/Agv/Motors/include" -I"C:/Users/liushaw/Desktop/STM32F407/Motor_bridge/Middlewares/Third_Party/Agv/Control/include" -I"C:/Users/liushaw/Desktop/STM32F407/Motor_bridge/Middlewares/Third_Party/Agv/Kinematics/include" -O0 -ffunction-sections -fdata-sections -Wall -fstack-usage -fcyclomatic-complexity -MMD -MP -MF"Middlewares/Third_Party/Agv/Communication_pack/src/link/uart_rs485.d" -MT"Middlewares/Third_Party/Agv/Communication_pack/src/link/uart_rs485.o" --specs=nano.specs -mfpu=fpv4-sp-d16 -mfloat-abi=hard -mthumb -o "Middlewares/Third_Party/Agv/Communication_pack/src/link/uart_rs485.o"
../Middlewares/Third_Party/Agv/Communication_pack/src/link/uart_rs485.c: In function 'LnkRs485_pop_rx_queue':
../Middlewares/Third_Party/Agv/Communication_pack/src/link/uart_rs485.c:228:5: warning: implicit declaration of function 'memcpy' [-Wimplicit-function-declaration]
  228 |     memcpy(buf_out, frame->data, *buf_len);
      |     ^~~~~~
../Middlewares/Third_Party/Agv/Communication_pack/src/link/uart_rs485.c:10:1: note: include '<string.h>' or provide a declaration of 'memcpy'
    9 | #include "semphr.h"
  +++ |+#include <string.h>
   10 | #include "stm32f4xx_hal.h"
../Middlewares/Third_Party/Agv/Communication_pack/src/link/uart_rs485.c:228:5: warning: incompatible implicit declaration of built-in function 'memcpy' [-Wbuiltin-declaration-mismatch]
  228 |     memcpy(buf_out, frame->data, *buf_len);
      |     ^~~~~~
../Middlewares/Third_Party/Agv/Communication_pack/src/link/uart_rs485.c:228:5: note: include '<string.h>' or provide a declaration of 'memcpy'
../Middlewares/Third_Party/Agv/Communication_pack/src/link/uart_rs485.c: In function 'LnkRs485_on_rx_rcv':
../Middlewares/Third_Party/Agv/Communication_pack/src/link/uart_rs485.c:261:5: warning: incompatible implicit declaration of built-in function 'memcpy' [-Wbuiltin-declaration-mismatch]
  261 |     memcpy(frame->data, impl->rx_buf, data_len);
      |     ^~~~~~
../Middlewares/Third_Party/Agv/Communication_pack/src/link/uart_rs485.c:261:5: note: include '<string.h>' or provide a declaration of 'memcpy'
arm-none-eabi-gcc -o "Motor_bridge.elf" @"objects.list"   -mcpu=cortex-m4 -T"C:\Users\liushaw\Desktop\STM32F407\Motor_bridge\STM32F407VGTX_FLASH.ld" --specs=nosys.specs -Wl,-Map="Motor_bridge.map" -Wl,--gc-sections -static --specs=nano.specs -mfpu=fpv4-sp-d16 -mfloat-abi=hard -mthumb -u _printf_float -u _scanf_float -Wl,--start-group -lc -lm -Wl,--end-group
Finished building target: Motor_bridge.elf
 
arm-none-eabi-size  Motor_bridge.elf 
arm-none-eabi-objdump -h -S Motor_bridge.elf  > "Motor_bridge.list"
   text	   data	    bss	    dec	    hex	filename
  80340	    472	  72136	 152948	  25574	Motor_bridge.elf
Finished building: default.size.stdout
 
Finished building: Motor_bridge.list
 
08:47:07 **** Incremental Build of configuration Debug for project Motor_bridge ****
make -j18 all 
arm-none-eabi-gcc "../Middlewares/Third_Party/Agv/Communication_pack/src/link/uart_rs485.c" -mcpu=cortex-m4 -std=gnu11 -g3 -DDEBUG -DUSE_HAL_DRIVER -DSTM32F407xx -DSTM32_THREAD_SAFE_STRATEGY=5 -c -I../Core/Inc -I../Drivers/STM32F4xx_HAL_Driver/Inc -I../Drivers/STM32F4xx_HAL_Driver/Inc/Legacy -I../Middlewares/Third_Party/FreeRTOS/Source/include -I../Middlewares/Third_Party/FreeRTOS/Source/CMSIS_RTOS_V2 -I../Middlewares/Third_Party/FreeRTOS/Source/portable/GCC/ARM_CM4F -I../Drivers/CMSIS/Device/ST/STM32F4xx/Include -I../Drivers/CMSIS/Include -I../Core/ThreadSafe -I"C:/Users/liushaw/Desktop/STM32F407/Motor_bridge/Middlewares/Third_Party/Agv/Core/include" -I"C:/Users/liushaw/Desktop/STM32F407/Motor_bridge/Middlewares/Third_Party/Agv/Factory/include" -I"C:/Users/liushaw/Desktop/STM32F407/Motor_bridge/Middlewares/Third_Party/Agv/Communication_pack/include" -I"C:/Users/liushaw/Desktop/STM32F407/Motor_bridge/Middlewares/Third_Party/Agv/Host_communication/include" -I"C:/Users/liushaw/Desktop/STM32F407/Motor_bridge/Middlewares/Third_Party/Agv/Motors/include" -I"C:/Users/liushaw/Desktop/STM32F407/Motor_bridge/Middlewares/Third_Party/Agv/Control/include" -I"C:/Users/liushaw/Desktop/STM32F407/Motor_bridge/Middlewares/Third_Party/Agv/Kinematics/include" -O0 -ffunction-sections -fdata-sections -Wall -fstack-usage -fcyclomatic-complexity -MMD -MP -MF"Middlewares/Third_Party/Agv/Communication_pack/src/link/uart_rs485.d" -MT"Middlewares/Third_Party/Agv/Communication_pack/src/link/uart_rs485.o" --specs=nano.specs -mfpu=fpv4-sp-d16 -mfloat-abi=hard -mthumb -o "Middlewares/Third_Party/Agv/Communication_pack/src/link/uart_rs485.o"
../Middlewares/Third_Party/Agv/Communication_pack/src/link/uart_rs485.c: In function 'LnkRs485_pop_rx_queue':
../Middlewares/Third_Party/Agv/Communication_pack/src/link/uart_rs485.c:228:5: warning: implicit declaration of function 'memcpy' [-Wimplicit-function-declaration]
  228 |     memcpy(buf_out, frame->data, *buf_len);
      |     ^~~~~~
../Middlewares/Third_Party/Agv/Communication_pack/src/link/uart_rs485.c:10:1: note: include '<string.h>' or provide a declaration of 'memcpy'
    9 | #include "semphr.h"
  +++ |+#include <string.h>
   10 | #include "stm32f4xx_hal.h"
../Middlewares/Third_Party/Agv/Communication_pack/src/link/uart_rs485.c:228:5: warning: incompatible implicit declaration of built-in function 'memcpy' [-Wbuiltin-declaration-mismatch]
  228 |     memcpy(buf_out, frame->data, *buf_len);
      |     ^~~~~~
../Middlewares/Third_Party/Agv/Communication_pack/src/link/uart_rs485.c:228:5: note: include '<string.h>' or provide a declaration of 'memcpy'
../Middlewares/Third_Party/Agv/Communication_pack/src/link/uart_rs485.c: In function 'LnkRs485_on_rx_rcv':
../Middlewares/Third_Party/Agv/Communication_pack/src/link/uart_rs485.c:261:5: warning: incompatible implicit declaration of built-in function 'memcpy' [-Wbuiltin-declaration-mismatch]
  261 |     memcpy(frame->data, impl->rx_buf, data_len);
      |     ^~~~~~
../Middlewares/Third_Party/Agv/Communication_pack/src/link/uart_rs485.c:261:5: note: include '<string.h>' or provide a declaration of 'memcpy'
arm-none-eabi-gcc -o "Motor_bridge.elf" @"objects.list"   -mcpu=cortex-m4 -T"C:\Users\liushaw\Desktop\STM32F407\Motor_bridge\STM32F407VGTX_FLASH.ld" --specs=nosys.specs -Wl,-Map="Motor_bridge.map" -Wl,--gc-sections -static --specs=nano.specs -mfpu=fpv4-sp-d16 -mfloat-abi=hard -mthumb -u _printf_float -u _scanf_float -Wl,--start-group -lc -lm -Wl,--end-group
Finished building target: Motor_bridge.elf
 
arm-none-eabi-size  Motor_bridge.elf 
arm-none-eabi-objdump -h -S Motor_bridge.elf  > "Motor_bridge.list"
   text	   data	    bss	    dec	    hex	filename
  80324	    472	  72136	 152932	  25564	Motor_bridge.elf
Finished building: default.size.stdout
 
Finished building: Motor_bridge.list
 
08:52:22 **** Incremental Build of configuration Debug for project Motor_bridge ****
make -j18 all 
arm-none-eabi-size  Motor_bridge.elf 
   text	   data	    bss	    dec	    hex	filename
  80324	    472	  72136	 152932	  25564	Motor_bridge.elf
Finished building: default.size.stdout
 
09:21:48 **** Incremental Build of configuration Debug for project Motor_bridge ****
make -j18 all 
arm-none-eabi-size  Motor_bridge.elf 
   text	   data	    bss	    dec	    hex	filename
  80324	    472	  72136	 152932	  25564	Motor_bridge.elf
Finished building: default.size.stdout
 
