13:42:34 **** Incremental Build of configuration Debug for project Motor_bridge ****
make -j18 all 
arm-none-eabi-gcc "C:/Users/liushaw/Desktop/STM32F407/Motor_bridge/Middlewares/Third_Party/Agv/Communication_pack/src/format/modbus_rtu_format.c" -mcpu=cortex-m4 -std=gnu11 -g3 -DDEBUG -DUSE_HAL_DRIVER -DSTM32F407xx -DSTM32_THREAD_SAFE_STRATEGY=5 -c -I../Core/Inc -I../USB_HOST/App -I../USB_HOST/Target -I../Drivers/STM32F4xx_HAL_Driver/Inc -I../Drivers/STM32F4xx_HAL_Driver/Inc/Legacy -I../Middlewares/Third_Party/FreeRTOS/Source/include -I../Middlewares/Third_Party/FreeRTOS/Source/CMSIS_RTOS_V2 -I../Middlewares/Third_Party/FreeRTOS/Source/portable/GCC/ARM_CM4F -I../Middlewares/ST/STM32_USB_Host_Library/Core/Inc -I../Middlewares/ST/STM32_USB_Host_Library/Class/CDC/Inc -I../Drivers/CMSIS/Device/ST/STM32F4xx/Include -I../Drivers/CMSIS/Include -I../Core/ThreadSafe -I"C:/Users/liushaw/Desktop/STM32F407/Motor_bridge/Middlewares/Third_Party/Agv/Core/include" -I"C:/Users/liushaw/Desktop/STM32F407/Motor_bridge/Middlewares/Third_Party/Agv/Factory/include" -I"C:/Users/liushaw/Desktop/STM32F407/Motor_bridge/Middlewares/Third_Party/Agv/Communication_pack/include" -I"C:/Users/liushaw/Desktop/STM32F407/Motor_bridge/Middlewares/Third_Party/Agv/Host_communication/include" -I"C:/Users/liushaw/Desktop/STM32F407/Motor_bridge/Middlewares/Third_Party/Agv/Motors/include" -I"C:/Users/liushaw/Desktop/STM32F407/Motor_bridge/Middlewares/Third_Party/Agv/Control/include" -I"C:/Users/liushaw/Desktop/STM32F407/Motor_bridge/Middlewares/Third_Party/Agv/Kinematics/include" -O0 -ffunction-sections -fdata-sections -Wall -fstack-usage -fcyclomatic-complexity -MMD -MP -MF"Middlewares/Third_Party/Agv/Communication_pack/src/format/modbus_rtu_format.d" -MT"Middlewares/Third_Party/Agv/Communication_pack/src/format/modbus_rtu_format.o" --specs=nano.specs -mfpu=fpv4-sp-d16 -mfloat-abi=hard -mthumb -o "Middlewares/Third_Party/Agv/Communication_pack/src/format/modbus_rtu_format.o"
C:/Users/liushaw/Desktop/STM32F407/Motor_bridge/Middlewares/Third_Party/Agv/Communication_pack/src/format/modbus_rtu_format.c: In function 'modbusFmt_pop_payload':
C:/Users/liushaw/Desktop/STM32F407/Motor_bridge/Middlewares/Third_Party/Agv/Communication_pack/src/format/modbus_rtu_format.c:184:5: warning: implicit declaration of function 'memcpy' [-Wimplicit-function-declaration]
  184 |     memcpy(payload_out, impl->payload_buf, impl->payload_len);
      |     ^~~~~~
C:/Users/liushaw/Desktop/STM32F407/Motor_bridge/Middlewares/Third_Party/Agv/Communication_pack/src/format/modbus_rtu_format.c:6:1: note: include '<string.h>' or provide a declaration of 'memcpy'
    5 | #include "Agv_core/error_codes/error_communication.h"
  +++ |+#include <string.h>
    6 | 
C:/Users/liushaw/Desktop/STM32F407/Motor_bridge/Middlewares/Third_Party/Agv/Communication_pack/src/format/modbus_rtu_format.c:184:5: warning: incompatible implicit declaration of built-in function 'memcpy' [-Wbuiltin-declaration-mismatch]
  184 |     memcpy(payload_out, impl->payload_buf, impl->payload_len);
      |     ^~~~~~
C:/Users/liushaw/Desktop/STM32F407/Motor_bridge/Middlewares/Third_Party/Agv/Communication_pack/src/format/modbus_rtu_format.c:184:5: note: include '<string.h>' or provide a declaration of 'memcpy'
C:/Users/liushaw/Desktop/STM32F407/Motor_bridge/Middlewares/Third_Party/Agv/Communication_pack/src/format/modbus_rtu_format.c: In function 'modbusFmt_make_frame':
C:/Users/liushaw/Desktop/STM32F407/Motor_bridge/Middlewares/Third_Party/Agv/Communication_pack/src/format/modbus_rtu_format.c:207:5: warning: incompatible implicit declaration of built-in function 'memcpy' [-Wbuiltin-declaration-mismatch]
  207 |     memcpy(frame_out, payload_in, payload_len);
      |     ^~~~~~
C:/Users/liushaw/Desktop/STM32F407/Motor_bridge/Middlewares/Third_Party/Agv/Communication_pack/src/format/modbus_rtu_format.c:207:5: note: include '<string.h>' or provide a declaration of 'memcpy'
arm-none-eabi-gcc -o "Motor_bridge.elf" @"objects.list"   -mcpu=cortex-m4 -T"C:\Users\liushaw\Desktop\STM32F407\Motor_bridge\STM32F407VGTX_FLASH.ld" --specs=nosys.specs -Wl,-Map="Motor_bridge.map" -Wl,--gc-sections -static --specs=nano.specs -mfpu=fpv4-sp-d16 -mfloat-abi=hard -mthumb -u _printf_float -u _scanf_float -Wl,--start-group -lc -lm -Wl,--end-group
Finished building target: Motor_bridge.elf
 
arm-none-eabi-size  Motor_bridge.elf 
arm-none-eabi-objdump -h -S Motor_bridge.elf  > "Motor_bridge.list"
   text	   data	    bss	    dec	    hex	filename
 105708	    504	  74200	 180412	  2c0bc	Motor_bridge.elf
Finished building: default.size.stdout
 
Finished building: Motor_bridge.list
 
14:55:22 **** Incremental Build of configuration Debug for project Motor_bridge ****
make -j18 all 
arm-none-eabi-size  Motor_bridge.elf 
   text	   data	    bss	    dec	    hex	filename
 105708	    504	  74200	 180412	  2c0bc	Motor_bridge.elf
Finished building: default.size.stdout
 
14:56:31 **** Incremental Build of configuration Debug for project Motor_bridge ****
make -j18 all 
arm-none-eabi-gcc "../Core/Src/freertos.c" -mcpu=cortex-m4 -std=gnu11 -g3 -DDEBUG -DUSE_HAL_DRIVER -DSTM32F407xx -DSTM32_THREAD_SAFE_STRATEGY=5 -c -I../Core/Inc -I../USB_HOST/App -I../USB_HOST/Target -I../Drivers/STM32F4xx_HAL_Driver/Inc -I../Drivers/STM32F4xx_HAL_Driver/Inc/Legacy -I../Middlewares/Third_Party/FreeRTOS/Source/include -I../Middlewares/Third_Party/FreeRTOS/Source/CMSIS_RTOS_V2 -I../Middlewares/Third_Party/FreeRTOS/Source/portable/GCC/ARM_CM4F -I../Middlewares/ST/STM32_USB_Host_Library/Core/Inc -I../Middlewares/ST/STM32_USB_Host_Library/Class/CDC/Inc -I../Drivers/CMSIS/Device/ST/STM32F4xx/Include -I../Drivers/CMSIS/Include -I../Core/ThreadSafe -I"C:/Users/liushaw/Desktop/STM32F407/Motor_bridge/Middlewares/Third_Party/Agv/Core/include" -I"C:/Users/liushaw/Desktop/STM32F407/Motor_bridge/Middlewares/Third_Party/Agv/Factory/include" -I"C:/Users/liushaw/Desktop/STM32F407/Motor_bridge/Middlewares/Third_Party/Agv/Communication_pack/include" -I"C:/Users/liushaw/Desktop/STM32F407/Motor_bridge/Middlewares/Third_Party/Agv/Host_communication/include" -I"C:/Users/liushaw/Desktop/STM32F407/Motor_bridge/Middlewares/Third_Party/Agv/Motors/include" -I"C:/Users/liushaw/Desktop/STM32F407/Motor_bridge/Middlewares/Third_Party/Agv/Control/include" -I"C:/Users/liushaw/Desktop/STM32F407/Motor_bridge/Middlewares/Third_Party/Agv/Kinematics/include" -O0 -ffunction-sections -fdata-sections -Wall -fstack-usage -fcyclomatic-complexity -MMD -MP -MF"Core/Src/freertos.d" -MT"Core/Src/freertos.o" --specs=nano.specs -mfpu=fpv4-sp-d16 -mfloat-abi=hard -mthumb -o "Core/Src/freertos.o"
../Core/Src/freertos.c: In function 'OnHostMsgTask':
../Core/Src/freertos.c:201:13: warning: unused variable 'code' [-Wunused-variable]
  201 |         int code =
      |             ^~~~
arm-none-eabi-gcc -o "Motor_bridge.elf" @"objects.list"   -mcpu=cortex-m4 -T"C:\Users\liushaw\Desktop\STM32F407\Motor_bridge\STM32F407VGTX_FLASH.ld" --specs=nosys.specs -Wl,-Map="Motor_bridge.map" -Wl,--gc-sections -static --specs=nano.specs -mfpu=fpv4-sp-d16 -mfloat-abi=hard -mthumb -u _printf_float -u _scanf_float -Wl,--start-group -lc -lm -Wl,--end-group
Finished building target: Motor_bridge.elf
 
arm-none-eabi-size  Motor_bridge.elf 
arm-none-eabi-objdump -h -S Motor_bridge.elf  > "Motor_bridge.list"
   text	   data	    bss	    dec	    hex	filename
 105788	    504	  74200	 180492	  2c10c	Motor_bridge.elf
Finished building: default.size.stdout
 
Finished building: Motor_bridge.list
 
15:11:58 **** Incremental Build of configuration Debug for project Motor_bridge ****
make -j18 all 
arm-none-eabi-gcc "../Core/Src/freertos.c" -mcpu=cortex-m4 -std=gnu11 -g3 -DDEBUG -DUSE_HAL_DRIVER -DSTM32F407xx -DSTM32_THREAD_SAFE_STRATEGY=5 -c -I../Core/Inc -I../USB_HOST/App -I../USB_HOST/Target -I../Drivers/STM32F4xx_HAL_Driver/Inc -I../Drivers/STM32F4xx_HAL_Driver/Inc/Legacy -I../Middlewares/Third_Party/FreeRTOS/Source/include -I../Middlewares/Third_Party/FreeRTOS/Source/CMSIS_RTOS_V2 -I../Middlewares/Third_Party/FreeRTOS/Source/portable/GCC/ARM_CM4F -I../Middlewares/ST/STM32_USB_Host_Library/Core/Inc -I../Middlewares/ST/STM32_USB_Host_Library/Class/CDC/Inc -I../Drivers/CMSIS/Device/ST/STM32F4xx/Include -I../Drivers/CMSIS/Include -I../Core/ThreadSafe -I"C:/Users/liushaw/Desktop/STM32F407/Motor_bridge/Middlewares/Third_Party/Agv/Core/include" -I"C:/Users/liushaw/Desktop/STM32F407/Motor_bridge/Middlewares/Third_Party/Agv/Factory/include" -I"C:/Users/liushaw/Desktop/STM32F407/Motor_bridge/Middlewares/Third_Party/Agv/Communication_pack/include" -I"C:/Users/liushaw/Desktop/STM32F407/Motor_bridge/Middlewares/Third_Party/Agv/Host_communication/include" -I"C:/Users/liushaw/Desktop/STM32F407/Motor_bridge/Middlewares/Third_Party/Agv/Motors/include" -I"C:/Users/liushaw/Desktop/STM32F407/Motor_bridge/Middlewares/Third_Party/Agv/Control/include" -I"C:/Users/liushaw/Desktop/STM32F407/Motor_bridge/Middlewares/Third_Party/Agv/Kinematics/include" -O0 -ffunction-sections -fdata-sections -Wall -fstack-usage -fcyclomatic-complexity -MMD -MP -MF"Core/Src/freertos.d" -MT"Core/Src/freertos.o" --specs=nano.specs -mfpu=fpv4-sp-d16 -mfloat-abi=hard -mthumb -o "Core/Src/freertos.o"
../Core/Src/freertos.c: In function 'OnHostMsgTask':
../Core/Src/freertos.c:201:13: warning: unused variable 'code' [-Wunused-variable]
  201 |         int code =
      |             ^~~~
arm-none-eabi-gcc -o "Motor_bridge.elf" @"objects.list"   -mcpu=cortex-m4 -T"C:\Users\liushaw\Desktop\STM32F407\Motor_bridge\STM32F407VGTX_FLASH.ld" --specs=nosys.specs -Wl,-Map="Motor_bridge.map" -Wl,--gc-sections -static --specs=nano.specs -mfpu=fpv4-sp-d16 -mfloat-abi=hard -mthumb -u _printf_float -u _scanf_float -Wl,--start-group -lc -lm -Wl,--end-group
Finished building target: Motor_bridge.elf
 
arm-none-eabi-size  Motor_bridge.elf 
arm-none-eabi-objdump -h -S Motor_bridge.elf  > "Motor_bridge.list"
   text	   data	    bss	    dec	    hex	filename
 105788	    504	  74200	 180492	  2c10c	Motor_bridge.elf
Finished building: default.size.stdout
 
Finished building: Motor_bridge.list
 
15:13:45 **** Incremental Build of configuration Debug for project Motor_bridge ****
make -j18 all 
arm-none-eabi-gcc "../Core/Src/freertos.c" -mcpu=cortex-m4 -std=gnu11 -g3 -DDEBUG -DUSE_HAL_DRIVER -DSTM32F407xx -DSTM32_THREAD_SAFE_STRATEGY=5 -c -I../Core/Inc -I../USB_HOST/App -I../USB_HOST/Target -I../Drivers/STM32F4xx_HAL_Driver/Inc -I../Drivers/STM32F4xx_HAL_Driver/Inc/Legacy -I../Middlewares/Third_Party/FreeRTOS/Source/include -I../Middlewares/Third_Party/FreeRTOS/Source/CMSIS_RTOS_V2 -I../Middlewares/Third_Party/FreeRTOS/Source/portable/GCC/ARM_CM4F -I../Middlewares/ST/STM32_USB_Host_Library/Core/Inc -I../Middlewares/ST/STM32_USB_Host_Library/Class/CDC/Inc -I../Drivers/CMSIS/Device/ST/STM32F4xx/Include -I../Drivers/CMSIS/Include -I../Core/ThreadSafe -I"C:/Users/liushaw/Desktop/STM32F407/Motor_bridge/Middlewares/Third_Party/Agv/Core/include" -I"C:/Users/liushaw/Desktop/STM32F407/Motor_bridge/Middlewares/Third_Party/Agv/Factory/include" -I"C:/Users/liushaw/Desktop/STM32F407/Motor_bridge/Middlewares/Third_Party/Agv/Communication_pack/include" -I"C:/Users/liushaw/Desktop/STM32F407/Motor_bridge/Middlewares/Third_Party/Agv/Host_communication/include" -I"C:/Users/liushaw/Desktop/STM32F407/Motor_bridge/Middlewares/Third_Party/Agv/Motors/include" -I"C:/Users/liushaw/Desktop/STM32F407/Motor_bridge/Middlewares/Third_Party/Agv/Control/include" -I"C:/Users/liushaw/Desktop/STM32F407/Motor_bridge/Middlewares/Third_Party/Agv/Kinematics/include" -O0 -ffunction-sections -fdata-sections -Wall -fstack-usage -fcyclomatic-complexity -MMD -MP -MF"Core/Src/freertos.d" -MT"Core/Src/freertos.o" --specs=nano.specs -mfpu=fpv4-sp-d16 -mfloat-abi=hard -mthumb -o "Core/Src/freertos.o"
arm-none-eabi-gcc "../Core/Src/joystick.c" -mcpu=cortex-m4 -std=gnu11 -g3 -DDEBUG -DUSE_HAL_DRIVER -DSTM32F407xx -DSTM32_THREAD_SAFE_STRATEGY=5 -c -I../Core/Inc -I../USB_HOST/App -I../USB_HOST/Target -I../Drivers/STM32F4xx_HAL_Driver/Inc -I../Drivers/STM32F4xx_HAL_Driver/Inc/Legacy -I../Middlewares/Third_Party/FreeRTOS/Source/include -I../Middlewares/Third_Party/FreeRTOS/Source/CMSIS_RTOS_V2 -I../Middlewares/Third_Party/FreeRTOS/Source/portable/GCC/ARM_CM4F -I../Middlewares/ST/STM32_USB_Host_Library/Core/Inc -I../Middlewares/ST/STM32_USB_Host_Library/Class/CDC/Inc -I../Drivers/CMSIS/Device/ST/STM32F4xx/Include -I../Drivers/CMSIS/Include -I../Core/ThreadSafe -I"C:/Users/liushaw/Desktop/STM32F407/Motor_bridge/Middlewares/Third_Party/Agv/Core/include" -I"C:/Users/liushaw/Desktop/STM32F407/Motor_bridge/Middlewares/Third_Party/Agv/Factory/include" -I"C:/Users/liushaw/Desktop/STM32F407/Motor_bridge/Middlewares/Third_Party/Agv/Communication_pack/include" -I"C:/Users/liushaw/Desktop/STM32F407/Motor_bridge/Middlewares/Third_Party/Agv/Host_communication/include" -I"C:/Users/liushaw/Desktop/STM32F407/Motor_bridge/Middlewares/Third_Party/Agv/Motors/include" -I"C:/Users/liushaw/Desktop/STM32F407/Motor_bridge/Middlewares/Third_Party/Agv/Control/include" -I"C:/Users/liushaw/Desktop/STM32F407/Motor_bridge/Middlewares/Third_Party/Agv/Kinematics/include" -O0 -ffunction-sections -fdata-sections -Wall -fstack-usage -fcyclomatic-complexity -MMD -MP -MF"Core/Src/joystick.d" -MT"Core/Src/joystick.o" --specs=nano.specs -mfpu=fpv4-sp-d16 -mfloat-abi=hard -mthumb -o "Core/Src/joystick.o"
../Core/Src/freertos.c: In function 'OnHostMsgTask':
../Core/Src/freertos.c:201:13: warning: unused variable 'code' [-Wunused-variable]
  201 |         int code =
      |             ^~~~
arm-none-eabi-gcc -o "Motor_bridge.elf" @"objects.list"   -mcpu=cortex-m4 -T"C:\Users\liushaw\Desktop\STM32F407\Motor_bridge\STM32F407VGTX_FLASH.ld" --specs=nosys.specs -Wl,-Map="Motor_bridge.map" -Wl,--gc-sections -static --specs=nano.specs -mfpu=fpv4-sp-d16 -mfloat-abi=hard -mthumb -u _printf_float -u _scanf_float -Wl,--start-group -lc -lm -Wl,--end-group
Finished building target: Motor_bridge.elf
 
arm-none-eabi-size  Motor_bridge.elf 
arm-none-eabi-objdump -h -S Motor_bridge.elf  > "Motor_bridge.list"
   text	   data	    bss	    dec	    hex	filename
 105788	    504	  74200	 180492	  2c10c	Motor_bridge.elf
Finished building: default.size.stdout
 
Finished building: Motor_bridge.list
 
15:16:25 **** Incremental Build of configuration Debug for project Motor_bridge ****
make -j18 all 
arm-none-eabi-gcc "../Core/Src/joystick.c" -mcpu=cortex-m4 -std=gnu11 -g3 -DDEBUG -DUSE_HAL_DRIVER -DSTM32F407xx -DSTM32_THREAD_SAFE_STRATEGY=5 -c -I../Core/Inc -I../USB_HOST/App -I../USB_HOST/Target -I../Drivers/STM32F4xx_HAL_Driver/Inc -I../Drivers/STM32F4xx_HAL_Driver/Inc/Legacy -I../Middlewares/Third_Party/FreeRTOS/Source/include -I../Middlewares/Third_Party/FreeRTOS/Source/CMSIS_RTOS_V2 -I../Middlewares/Third_Party/FreeRTOS/Source/portable/GCC/ARM_CM4F -I../Middlewares/ST/STM32_USB_Host_Library/Core/Inc -I../Middlewares/ST/STM32_USB_Host_Library/Class/CDC/Inc -I../Drivers/CMSIS/Device/ST/STM32F4xx/Include -I../Drivers/CMSIS/Include -I../Core/ThreadSafe -I"C:/Users/liushaw/Desktop/STM32F407/Motor_bridge/Middlewares/Third_Party/Agv/Core/include" -I"C:/Users/liushaw/Desktop/STM32F407/Motor_bridge/Middlewares/Third_Party/Agv/Factory/include" -I"C:/Users/liushaw/Desktop/STM32F407/Motor_bridge/Middlewares/Third_Party/Agv/Communication_pack/include" -I"C:/Users/liushaw/Desktop/STM32F407/Motor_bridge/Middlewares/Third_Party/Agv/Host_communication/include" -I"C:/Users/liushaw/Desktop/STM32F407/Motor_bridge/Middlewares/Third_Party/Agv/Motors/include" -I"C:/Users/liushaw/Desktop/STM32F407/Motor_bridge/Middlewares/Third_Party/Agv/Control/include" -I"C:/Users/liushaw/Desktop/STM32F407/Motor_bridge/Middlewares/Third_Party/Agv/Kinematics/include" -O0 -ffunction-sections -fdata-sections -Wall -fstack-usage -fcyclomatic-complexity -MMD -MP -MF"Core/Src/joystick.d" -MT"Core/Src/joystick.o" --specs=nano.specs -mfpu=fpv4-sp-d16 -mfloat-abi=hard -mthumb -o "Core/Src/joystick.o"
../Core/Src/joystick.c: In function 'read_js_reset_raw':
../Core/Src/joystick.c:45:64: error: expected statement before ')' token
   45 |     if (HAL_GPIO_ReadPin(GPIOE, GPIO_PIN_11) == GPIO_PIN_RESET)){
      |                                                                ^
../Core/Src/joystick.c:45:5: warning: this 'if' clause does not guard... [-Wmisleading-indentation]
   45 |     if (HAL_GPIO_ReadPin(GPIOE, GPIO_PIN_11) == GPIO_PIN_RESET)){
      |     ^~
../Core/Src/joystick.c:45:65: note: ...this statement, but the latter is misleadingly indented as if it were guarded by the 'if'
   45 |     if (HAL_GPIO_ReadPin(GPIOE, GPIO_PIN_11) == GPIO_PIN_RESET)){
      |                                                                 ^
make: *** [Core/Src/subdir.mk:67: Core/Src/joystick.o] Error 1
"make -j18 all" terminated with exit code 2. Build might be incomplete.
15:16:39 **** Incremental Build of configuration Debug for project Motor_bridge ****
make -j18 all 
arm-none-eabi-gcc "../Core/Src/joystick.c" -mcpu=cortex-m4 -std=gnu11 -g3 -DDEBUG -DUSE_HAL_DRIVER -DSTM32F407xx -DSTM32_THREAD_SAFE_STRATEGY=5 -c -I../Core/Inc -I../USB_HOST/App -I../USB_HOST/Target -I../Drivers/STM32F4xx_HAL_Driver/Inc -I../Drivers/STM32F4xx_HAL_Driver/Inc/Legacy -I../Middlewares/Third_Party/FreeRTOS/Source/include -I../Middlewares/Third_Party/FreeRTOS/Source/CMSIS_RTOS_V2 -I../Middlewares/Third_Party/FreeRTOS/Source/portable/GCC/ARM_CM4F -I../Middlewares/ST/STM32_USB_Host_Library/Core/Inc -I../Middlewares/ST/STM32_USB_Host_Library/Class/CDC/Inc -I../Drivers/CMSIS/Device/ST/STM32F4xx/Include -I../Drivers/CMSIS/Include -I../Core/ThreadSafe -I"C:/Users/liushaw/Desktop/STM32F407/Motor_bridge/Middlewares/Third_Party/Agv/Core/include" -I"C:/Users/liushaw/Desktop/STM32F407/Motor_bridge/Middlewares/Third_Party/Agv/Factory/include" -I"C:/Users/liushaw/Desktop/STM32F407/Motor_bridge/Middlewares/Third_Party/Agv/Communication_pack/include" -I"C:/Users/liushaw/Desktop/STM32F407/Motor_bridge/Middlewares/Third_Party/Agv/Host_communication/include" -I"C:/Users/liushaw/Desktop/STM32F407/Motor_bridge/Middlewares/Third_Party/Agv/Motors/include" -I"C:/Users/liushaw/Desktop/STM32F407/Motor_bridge/Middlewares/Third_Party/Agv/Control/include" -I"C:/Users/liushaw/Desktop/STM32F407/Motor_bridge/Middlewares/Third_Party/Agv/Kinematics/include" -O0 -ffunction-sections -fdata-sections -Wall -fstack-usage -fcyclomatic-complexity -MMD -MP -MF"Core/Src/joystick.d" -MT"Core/Src/joystick.o" --specs=nano.specs -mfpu=fpv4-sp-d16 -mfloat-abi=hard -mthumb -o "Core/Src/joystick.o"
arm-none-eabi-gcc -o "Motor_bridge.elf" @"objects.list"   -mcpu=cortex-m4 -T"C:\Users\liushaw\Desktop\STM32F407\Motor_bridge\STM32F407VGTX_FLASH.ld" --specs=nosys.specs -Wl,-Map="Motor_bridge.map" -Wl,--gc-sections -static --specs=nano.specs -mfpu=fpv4-sp-d16 -mfloat-abi=hard -mthumb -u _printf_float -u _scanf_float -Wl,--start-group -lc -lm -Wl,--end-group
Finished building target: Motor_bridge.elf
 
arm-none-eabi-size  Motor_bridge.elf 
arm-none-eabi-objdump -h -S Motor_bridge.elf  > "Motor_bridge.list"
   text	   data	    bss	    dec	    hex	filename
 105804	    504	  74200	 180508	  2c11c	Motor_bridge.elf
Finished building: default.size.stdout
 
Finished building: Motor_bridge.list
 
15:23:40 **** Incremental Build of configuration Debug for project Motor_bridge ****
make -j18 all 
arm-none-eabi-gcc "../Core/Src/freertos.c" -mcpu=cortex-m4 -std=gnu11 -g3 -DDEBUG -DUSE_HAL_DRIVER -DSTM32F407xx -DSTM32_THREAD_SAFE_STRATEGY=5 -c -I../Core/Inc -I../USB_HOST/App -I../USB_HOST/Target -I../Drivers/STM32F4xx_HAL_Driver/Inc -I../Drivers/STM32F4xx_HAL_Driver/Inc/Legacy -I../Middlewares/Third_Party/FreeRTOS/Source/include -I../Middlewares/Third_Party/FreeRTOS/Source/CMSIS_RTOS_V2 -I../Middlewares/Third_Party/FreeRTOS/Source/portable/GCC/ARM_CM4F -I../Middlewares/ST/STM32_USB_Host_Library/Core/Inc -I../Middlewares/ST/STM32_USB_Host_Library/Class/CDC/Inc -I../Drivers/CMSIS/Device/ST/STM32F4xx/Include -I../Drivers/CMSIS/Include -I../Core/ThreadSafe -I"C:/Users/liushaw/Desktop/STM32F407/Motor_bridge/Middlewares/Third_Party/Agv/Core/include" -I"C:/Users/liushaw/Desktop/STM32F407/Motor_bridge/Middlewares/Third_Party/Agv/Factory/include" -I"C:/Users/liushaw/Desktop/STM32F407/Motor_bridge/Middlewares/Third_Party/Agv/Communication_pack/include" -I"C:/Users/liushaw/Desktop/STM32F407/Motor_bridge/Middlewares/Third_Party/Agv/Host_communication/include" -I"C:/Users/liushaw/Desktop/STM32F407/Motor_bridge/Middlewares/Third_Party/Agv/Motors/include" -I"C:/Users/liushaw/Desktop/STM32F407/Motor_bridge/Middlewares/Third_Party/Agv/Control/include" -I"C:/Users/liushaw/Desktop/STM32F407/Motor_bridge/Middlewares/Third_Party/Agv/Kinematics/include" -O0 -ffunction-sections -fdata-sections -Wall -fstack-usage -fcyclomatic-complexity -MMD -MP -MF"Core/Src/freertos.d" -MT"Core/Src/freertos.o" --specs=nano.specs -mfpu=fpv4-sp-d16 -mfloat-abi=hard -mthumb -o "Core/Src/freertos.o"
arm-none-eabi-gcc "../Core/Src/joystick.c" -mcpu=cortex-m4 -std=gnu11 -g3 -DDEBUG -DUSE_HAL_DRIVER -DSTM32F407xx -DSTM32_THREAD_SAFE_STRATEGY=5 -c -I../Core/Inc -I../USB_HOST/App -I../USB_HOST/Target -I../Drivers/STM32F4xx_HAL_Driver/Inc -I../Drivers/STM32F4xx_HAL_Driver/Inc/Legacy -I../Middlewares/Third_Party/FreeRTOS/Source/include -I../Middlewares/Third_Party/FreeRTOS/Source/CMSIS_RTOS_V2 -I../Middlewares/Third_Party/FreeRTOS/Source/portable/GCC/ARM_CM4F -I../Middlewares/ST/STM32_USB_Host_Library/Core/Inc -I../Middlewares/ST/STM32_USB_Host_Library/Class/CDC/Inc -I../Drivers/CMSIS/Device/ST/STM32F4xx/Include -I../Drivers/CMSIS/Include -I../Core/ThreadSafe -I"C:/Users/liushaw/Desktop/STM32F407/Motor_bridge/Middlewares/Third_Party/Agv/Core/include" -I"C:/Users/liushaw/Desktop/STM32F407/Motor_bridge/Middlewares/Third_Party/Agv/Factory/include" -I"C:/Users/liushaw/Desktop/STM32F407/Motor_bridge/Middlewares/Third_Party/Agv/Communication_pack/include" -I"C:/Users/liushaw/Desktop/STM32F407/Motor_bridge/Middlewares/Third_Party/Agv/Host_communication/include" -I"C:/Users/liushaw/Desktop/STM32F407/Motor_bridge/Middlewares/Third_Party/Agv/Motors/include" -I"C:/Users/liushaw/Desktop/STM32F407/Motor_bridge/Middlewares/Third_Party/Agv/Control/include" -I"C:/Users/liushaw/Desktop/STM32F407/Motor_bridge/Middlewares/Third_Party/Agv/Kinematics/include" -O0 -ffunction-sections -fdata-sections -Wall -fstack-usage -fcyclomatic-complexity -MMD -MP -MF"Core/Src/joystick.d" -MT"Core/Src/joystick.o" --specs=nano.specs -mfpu=fpv4-sp-d16 -mfloat-abi=hard -mthumb -o "Core/Src/joystick.o"
../Core/Src/freertos.c: In function 'OnHostMsgTask':
../Core/Src/freertos.c:201:13: warning: unused variable 'code' [-Wunused-variable]
  201 |         int code =
      |             ^~~~
arm-none-eabi-gcc -o "Motor_bridge.elf" @"objects.list"   -mcpu=cortex-m4 -T"C:\Users\liushaw\Desktop\STM32F407\Motor_bridge\STM32F407VGTX_FLASH.ld" --specs=nosys.specs -Wl,-Map="Motor_bridge.map" -Wl,--gc-sections -static --specs=nano.specs -mfpu=fpv4-sp-d16 -mfloat-abi=hard -mthumb -u _printf_float -u _scanf_float -Wl,--start-group -lc -lm -Wl,--end-group
Finished building target: Motor_bridge.elf
 
arm-none-eabi-size  Motor_bridge.elf 
arm-none-eabi-objdump -h -S Motor_bridge.elf  > "Motor_bridge.list"
   text	   data	    bss	    dec	    hex	filename
 105772	    504	  74200	 180476	  2c0fc	Motor_bridge.elf
Finished building: default.size.stdout
 
Finished building: Motor_bridge.list
 
15:33:22 **** Incremental Build of configuration Debug for project Motor_bridge ****
make -j18 all 
arm-none-eabi-gcc "C:/Users/liushaw/Desktop/STM32F407/Motor_bridge/Middlewares/Third_Party/Agv/Motors/src/blvr.c" -mcpu=cortex-m4 -std=gnu11 -g3 -DDEBUG -DUSE_HAL_DRIVER -DSTM32F407xx -DSTM32_THREAD_SAFE_STRATEGY=5 -c -I../Core/Inc -I../USB_HOST/App -I../USB_HOST/Target -I../Drivers/STM32F4xx_HAL_Driver/Inc -I../Drivers/STM32F4xx_HAL_Driver/Inc/Legacy -I../Middlewares/Third_Party/FreeRTOS/Source/include -I../Middlewares/Third_Party/FreeRTOS/Source/CMSIS_RTOS_V2 -I../Middlewares/Third_Party/FreeRTOS/Source/portable/GCC/ARM_CM4F -I../Middlewares/ST/STM32_USB_Host_Library/Core/Inc -I../Middlewares/ST/STM32_USB_Host_Library/Class/CDC/Inc -I../Drivers/CMSIS/Device/ST/STM32F4xx/Include -I../Drivers/CMSIS/Include -I../Core/ThreadSafe -I"C:/Users/liushaw/Desktop/STM32F407/Motor_bridge/Middlewares/Third_Party/Agv/Core/include" -I"C:/Users/liushaw/Desktop/STM32F407/Motor_bridge/Middlewares/Third_Party/Agv/Factory/include" -I"C:/Users/liushaw/Desktop/STM32F407/Motor_bridge/Middlewares/Third_Party/Agv/Communication_pack/include" -I"C:/Users/liushaw/Desktop/STM32F407/Motor_bridge/Middlewares/Third_Party/Agv/Host_communication/include" -I"C:/Users/liushaw/Desktop/STM32F407/Motor_bridge/Middlewares/Third_Party/Agv/Motors/include" -I"C:/Users/liushaw/Desktop/STM32F407/Motor_bridge/Middlewares/Third_Party/Agv/Control/include" -I"C:/Users/liushaw/Desktop/STM32F407/Motor_bridge/Middlewares/Third_Party/Agv/Kinematics/include" -O0 -ffunction-sections -fdata-sections -Wall -fstack-usage -fcyclomatic-complexity -MMD -MP -MF"Middlewares/Third_Party/Agv/Motors/src/blvr.d" -MT"Middlewares/Third_Party/Agv/Motors/src/blvr.o" --specs=nano.specs -mfpu=fpv4-sp-d16 -mfloat-abi=hard -mthumb -o "Middlewares/Third_Party/Agv/Motors/src/blvr.o"
arm-none-eabi-gcc "C:/Users/liushaw/Desktop/STM32F407/Motor_bridge/Middlewares/Third_Party/Agv/Communication_pack/src/protocol/blvr_protocol.c" -mcpu=cortex-m4 -std=gnu11 -g3 -DDEBUG -DUSE_HAL_DRIVER -DSTM32F407xx -DSTM32_THREAD_SAFE_STRATEGY=5 -c -I../Core/Inc -I../USB_HOST/App -I../USB_HOST/Target -I../Drivers/STM32F4xx_HAL_Driver/Inc -I../Drivers/STM32F4xx_HAL_Driver/Inc/Legacy -I../Middlewares/Third_Party/FreeRTOS/Source/include -I../Middlewares/Third_Party/FreeRTOS/Source/CMSIS_RTOS_V2 -I../Middlewares/Third_Party/FreeRTOS/Source/portable/GCC/ARM_CM4F -I../Middlewares/ST/STM32_USB_Host_Library/Core/Inc -I../Middlewares/ST/STM32_USB_Host_Library/Class/CDC/Inc -I../Drivers/CMSIS/Device/ST/STM32F4xx/Include -I../Drivers/CMSIS/Include -I../Core/ThreadSafe -I"C:/Users/liushaw/Desktop/STM32F407/Motor_bridge/Middlewares/Third_Party/Agv/Core/include" -I"C:/Users/liushaw/Desktop/STM32F407/Motor_bridge/Middlewares/Third_Party/Agv/Factory/include" -I"C:/Users/liushaw/Desktop/STM32F407/Motor_bridge/Middlewares/Third_Party/Agv/Communication_pack/include" -I"C:/Users/liushaw/Desktop/STM32F407/Motor_bridge/Middlewares/Third_Party/Agv/Host_communication/include" -I"C:/Users/liushaw/Desktop/STM32F407/Motor_bridge/Middlewares/Third_Party/Agv/Motors/include" -I"C:/Users/liushaw/Desktop/STM32F407/Motor_bridge/Middlewares/Third_Party/Agv/Control/include" -I"C:/Users/liushaw/Desktop/STM32F407/Motor_bridge/Middlewares/Third_Party/Agv/Kinematics/include" -O0 -ffunction-sections -fdata-sections -Wall -fstack-usage -fcyclomatic-complexity -MMD -MP -MF"Middlewares/Third_Party/Agv/Communication_pack/src/protocol/blvr_protocol.d" -MT"Middlewares/Third_Party/Agv/Communication_pack/src/protocol/blvr_protocol.o" --specs=nano.specs -mfpu=fpv4-sp-d16 -mfloat-abi=hard -mthumb -o "Middlewares/Third_Party/Agv/Communication_pack/src/protocol/blvr_protocol.o"
arm-none-eabi-gcc "C:/Users/liushaw/Desktop/STM32F407/Motor_bridge/Middlewares/Third_Party/Agv/Communication_pack/src/format/modbus_rtu_format.c" -mcpu=cortex-m4 -std=gnu11 -g3 -DDEBUG -DUSE_HAL_DRIVER -DSTM32F407xx -DSTM32_THREAD_SAFE_STRATEGY=5 -c -I../Core/Inc -I../USB_HOST/App -I../USB_HOST/Target -I../Drivers/STM32F4xx_HAL_Driver/Inc -I../Drivers/STM32F4xx_HAL_Driver/Inc/Legacy -I../Middlewares/Third_Party/FreeRTOS/Source/include -I../Middlewares/Third_Party/FreeRTOS/Source/CMSIS_RTOS_V2 -I../Middlewares/Third_Party/FreeRTOS/Source/portable/GCC/ARM_CM4F -I../Middlewares/ST/STM32_USB_Host_Library/Core/Inc -I../Middlewares/ST/STM32_USB_Host_Library/Class/CDC/Inc -I../Drivers/CMSIS/Device/ST/STM32F4xx/Include -I../Drivers/CMSIS/Include -I../Core/ThreadSafe -I"C:/Users/liushaw/Desktop/STM32F407/Motor_bridge/Middlewares/Third_Party/Agv/Core/include" -I"C:/Users/liushaw/Desktop/STM32F407/Motor_bridge/Middlewares/Third_Party/Agv/Factory/include" -I"C:/Users/liushaw/Desktop/STM32F407/Motor_bridge/Middlewares/Third_Party/Agv/Communication_pack/include" -I"C:/Users/liushaw/Desktop/STM32F407/Motor_bridge/Middlewares/Third_Party/Agv/Host_communication/include" -I"C:/Users/liushaw/Desktop/STM32F407/Motor_bridge/Middlewares/Third_Party/Agv/Motors/include" -I"C:/Users/liushaw/Desktop/STM32F407/Motor_bridge/Middlewares/Third_Party/Agv/Control/include" -I"C:/Users/liushaw/Desktop/STM32F407/Motor_bridge/Middlewares/Third_Party/Agv/Kinematics/include" -O0 -ffunction-sections -fdata-sections -Wall -fstack-usage -fcyclomatic-complexity -MMD -MP -MF"Middlewares/Third_Party/Agv/Communication_pack/src/format/modbus_rtu_format.d" -MT"Middlewares/Third_Party/Agv/Communication_pack/src/format/modbus_rtu_format.o" --specs=nano.specs -mfpu=fpv4-sp-d16 -mfloat-abi=hard -mthumb -o "Middlewares/Third_Party/Agv/Communication_pack/src/format/modbus_rtu_format.o"
C:/Users/liushaw/Desktop/STM32F407/Motor_bridge/Middlewares/Third_Party/Agv/Communication_pack/src/format/modbus_rtu_format.c: In function 'modbusFmt_pop_payload':
C:/Users/liushaw/Desktop/STM32F407/Motor_bridge/Middlewares/Third_Party/Agv/Communication_pack/src/format/modbus_rtu_format.c:184:5: warning: implicit declaration of function 'memcpy' [-Wimplicit-function-declaration]
  184 |     memcpy(payload_out, impl->payload_buf, impl->payload_len);
      |     ^~~~~~
C:/Users/liushaw/Desktop/STM32F407/Motor_bridge/Middlewares/Third_Party/Agv/Communication_pack/src/format/modbus_rtu_format.c:6:1: note: include '<string.h>' or provide a declaration of 'memcpy'
    5 | #include "Agv_core/error_codes/error_communication.h"
  +++ |+#include <string.h>
    6 | 
C:/Users/liushaw/Desktop/STM32F407/Motor_bridge/Middlewares/Third_Party/Agv/Communication_pack/src/format/modbus_rtu_format.c:184:5: warning: incompatible implicit declaration of built-in function 'memcpy' [-Wbuiltin-declaration-mismatch]
  184 |     memcpy(payload_out, impl->payload_buf, impl->payload_len);
      |     ^~~~~~
C:/Users/liushaw/Desktop/STM32F407/Motor_bridge/Middlewares/Third_Party/Agv/Communication_pack/src/format/modbus_rtu_format.c:184:5: note: include '<string.h>' or provide a declaration of 'memcpy'
C:/Users/liushaw/Desktop/STM32F407/Motor_bridge/Middlewares/Third_Party/Agv/Communication_pack/src/format/modbus_rtu_format.c: In function 'modbusFmt_make_frame':
C:/Users/liushaw/Desktop/STM32F407/Motor_bridge/Middlewares/Third_Party/Agv/Communication_pack/src/format/modbus_rtu_format.c:207:5: warning: incompatible implicit declaration of built-in function 'memcpy' [-Wbuiltin-declaration-mismatch]
  207 |     memcpy(frame_out, payload_in, payload_len);
      |     ^~~~~~
C:/Users/liushaw/Desktop/STM32F407/Motor_bridge/Middlewares/Third_Party/Agv/Communication_pack/src/format/modbus_rtu_format.c:207:5: note: include '<string.h>' or provide a declaration of 'memcpy'
C:/Users/liushaw/Desktop/STM32F407/Motor_bridge/Middlewares/Third_Party/Agv/Motors/src/blvr.c: In function 'rad_s_to_regVelUnit':
C:/Users/liushaw/Desktop/STM32F407/Motor_bridge/Middlewares/Third_Party/Agv/Motors/src/blvr.c:467:21: warning: implicit declaration of function 'lroundf' [-Wimplicit-function-declaration]
  467 |     return (int32_t)lroundf(rpm_f / unit_rpm);
      |                     ^~~~~~~
C:/Users/liushaw/Desktop/STM32F407/Motor_bridge/Middlewares/Third_Party/Agv/Motors/src/blvr.c:15:1: note: include '<math.h>' or provide a declaration of 'lroundf'
   14 | #include "semphr.h"
  +++ |+#include <math.h>
   15 | 
C:/Users/liushaw/Desktop/STM32F407/Motor_bridge/Middlewares/Third_Party/Agv/Motors/src/blvr.c:467:21: warning: incompatible implicit declaration of built-in function 'lroundf' [-Wbuiltin-declaration-mismatch]
  467 |     return (int32_t)lroundf(rpm_f / unit_rpm);
      |                     ^~~~~~~
C:/Users/liushaw/Desktop/STM32F407/Motor_bridge/Middlewares/Third_Party/Agv/Motors/src/blvr.c:467:21: note: include '<math.h>' or provide a declaration of 'lroundf'
C:/Users/liushaw/Desktop/STM32F407/Motor_bridge/Middlewares/Third_Party/Agv/Motors/src/blvr.c: In function 'rad_to_regAngUnit':
C:/Users/liushaw/Desktop/STM32F407/Motor_bridge/Middlewares/Third_Party/Agv/Motors/src/blvr.c:477:21: warning: incompatible implicit declaration of built-in function 'lroundf' [-Wbuiltin-declaration-mismatch]
  477 |     return (int32_t)lroundf(degree / unit_degree);
      |                     ^~~~~~~
C:/Users/liushaw/Desktop/STM32F407/Motor_bridge/Middlewares/Third_Party/Agv/Motors/src/blvr.c:477:21: note: include '<math.h>' or provide a declaration of 'lroundf'
arm-none-eabi-gcc -o "Motor_bridge.elf" @"objects.list"   -mcpu=cortex-m4 -T"C:\Users\liushaw\Desktop\STM32F407\Motor_bridge\STM32F407VGTX_FLASH.ld" --specs=nosys.specs -Wl,-Map="Motor_bridge.map" -Wl,--gc-sections -static --specs=nano.specs -mfpu=fpv4-sp-d16 -mfloat-abi=hard -mthumb -u _printf_float -u _scanf_float -Wl,--start-group -lc -lm -Wl,--end-group
Finished building target: Motor_bridge.elf
 
arm-none-eabi-size  Motor_bridge.elf 
arm-none-eabi-objdump -h -S Motor_bridge.elf  > "Motor_bridge.list"
   text	   data	    bss	    dec	    hex	filename
 105772	    504	  74200	 180476	  2c0fc	Motor_bridge.elf
Finished building: default.size.stdout
 
Finished building: Motor_bridge.list
 
15:33:52 **** Incremental Build of configuration Debug for project Motor_bridge ****
make -j18 all 
arm-none-eabi-gcc "C:/Users/liushaw/Desktop/STM32F407/Motor_bridge/Middlewares/Third_Party/Agv/Motors/src/blvr.c" -mcpu=cortex-m4 -std=gnu11 -g3 -DDEBUG -DUSE_HAL_DRIVER -DSTM32F407xx -DSTM32_THREAD_SAFE_STRATEGY=5 -c -I../Core/Inc -I../USB_HOST/App -I../USB_HOST/Target -I../Drivers/STM32F4xx_HAL_Driver/Inc -I../Drivers/STM32F4xx_HAL_Driver/Inc/Legacy -I../Middlewares/Third_Party/FreeRTOS/Source/include -I../Middlewares/Third_Party/FreeRTOS/Source/CMSIS_RTOS_V2 -I../Middlewares/Third_Party/FreeRTOS/Source/portable/GCC/ARM_CM4F -I../Middlewares/ST/STM32_USB_Host_Library/Core/Inc -I../Middlewares/ST/STM32_USB_Host_Library/Class/CDC/Inc -I../Drivers/CMSIS/Device/ST/STM32F4xx/Include -I../Drivers/CMSIS/Include -I../Core/ThreadSafe -I"C:/Users/liushaw/Desktop/STM32F407/Motor_bridge/Middlewares/Third_Party/Agv/Core/include" -I"C:/Users/liushaw/Desktop/STM32F407/Motor_bridge/Middlewares/Third_Party/Agv/Factory/include" -I"C:/Users/liushaw/Desktop/STM32F407/Motor_bridge/Middlewares/Third_Party/Agv/Communication_pack/include" -I"C:/Users/liushaw/Desktop/STM32F407/Motor_bridge/Middlewares/Third_Party/Agv/Host_communication/include" -I"C:/Users/liushaw/Desktop/STM32F407/Motor_bridge/Middlewares/Third_Party/Agv/Motors/include" -I"C:/Users/liushaw/Desktop/STM32F407/Motor_bridge/Middlewares/Third_Party/Agv/Control/include" -I"C:/Users/liushaw/Desktop/STM32F407/Motor_bridge/Middlewares/Third_Party/Agv/Kinematics/include" -O0 -ffunction-sections -fdata-sections -Wall -fstack-usage -fcyclomatic-complexity -MMD -MP -MF"Middlewares/Third_Party/Agv/Motors/src/blvr.d" -MT"Middlewares/Third_Party/Agv/Motors/src/blvr.o" --specs=nano.specs -mfpu=fpv4-sp-d16 -mfloat-abi=hard -mthumb -o "Middlewares/Third_Party/Agv/Motors/src/blvr.o"
arm-none-eabi-gcc "C:/Users/liushaw/Desktop/STM32F407/Motor_bridge/Middlewares/Third_Party/Agv/Communication_pack/src/protocol/blvr_protocol.c" -mcpu=cortex-m4 -std=gnu11 -g3 -DDEBUG -DUSE_HAL_DRIVER -DSTM32F407xx -DSTM32_THREAD_SAFE_STRATEGY=5 -c -I../Core/Inc -I../USB_HOST/App -I../USB_HOST/Target -I../Drivers/STM32F4xx_HAL_Driver/Inc -I../Drivers/STM32F4xx_HAL_Driver/Inc/Legacy -I../Middlewares/Third_Party/FreeRTOS/Source/include -I../Middlewares/Third_Party/FreeRTOS/Source/CMSIS_RTOS_V2 -I../Middlewares/Third_Party/FreeRTOS/Source/portable/GCC/ARM_CM4F -I../Middlewares/ST/STM32_USB_Host_Library/Core/Inc -I../Middlewares/ST/STM32_USB_Host_Library/Class/CDC/Inc -I../Drivers/CMSIS/Device/ST/STM32F4xx/Include -I../Drivers/CMSIS/Include -I../Core/ThreadSafe -I"C:/Users/liushaw/Desktop/STM32F407/Motor_bridge/Middlewares/Third_Party/Agv/Core/include" -I"C:/Users/liushaw/Desktop/STM32F407/Motor_bridge/Middlewares/Third_Party/Agv/Factory/include" -I"C:/Users/liushaw/Desktop/STM32F407/Motor_bridge/Middlewares/Third_Party/Agv/Communication_pack/include" -I"C:/Users/liushaw/Desktop/STM32F407/Motor_bridge/Middlewares/Third_Party/Agv/Host_communication/include" -I"C:/Users/liushaw/Desktop/STM32F407/Motor_bridge/Middlewares/Third_Party/Agv/Motors/include" -I"C:/Users/liushaw/Desktop/STM32F407/Motor_bridge/Middlewares/Third_Party/Agv/Control/include" -I"C:/Users/liushaw/Desktop/STM32F407/Motor_bridge/Middlewares/Third_Party/Agv/Kinematics/include" -O0 -ffunction-sections -fdata-sections -Wall -fstack-usage -fcyclomatic-complexity -MMD -MP -MF"Middlewares/Third_Party/Agv/Communication_pack/src/protocol/blvr_protocol.d" -MT"Middlewares/Third_Party/Agv/Communication_pack/src/protocol/blvr_protocol.o" --specs=nano.specs -mfpu=fpv4-sp-d16 -mfloat-abi=hard -mthumb -o "Middlewares/Third_Party/Agv/Communication_pack/src/protocol/blvr_protocol.o"
arm-none-eabi-gcc "C:/Users/liushaw/Desktop/STM32F407/Motor_bridge/Middlewares/Third_Party/Agv/Communication_pack/src/format/modbus_rtu_format.c" -mcpu=cortex-m4 -std=gnu11 -g3 -DDEBUG -DUSE_HAL_DRIVER -DSTM32F407xx -DSTM32_THREAD_SAFE_STRATEGY=5 -c -I../Core/Inc -I../USB_HOST/App -I../USB_HOST/Target -I../Drivers/STM32F4xx_HAL_Driver/Inc -I../Drivers/STM32F4xx_HAL_Driver/Inc/Legacy -I../Middlewares/Third_Party/FreeRTOS/Source/include -I../Middlewares/Third_Party/FreeRTOS/Source/CMSIS_RTOS_V2 -I../Middlewares/Third_Party/FreeRTOS/Source/portable/GCC/ARM_CM4F -I../Middlewares/ST/STM32_USB_Host_Library/Core/Inc -I../Middlewares/ST/STM32_USB_Host_Library/Class/CDC/Inc -I../Drivers/CMSIS/Device/ST/STM32F4xx/Include -I../Drivers/CMSIS/Include -I../Core/ThreadSafe -I"C:/Users/liushaw/Desktop/STM32F407/Motor_bridge/Middlewares/Third_Party/Agv/Core/include" -I"C:/Users/liushaw/Desktop/STM32F407/Motor_bridge/Middlewares/Third_Party/Agv/Factory/include" -I"C:/Users/liushaw/Desktop/STM32F407/Motor_bridge/Middlewares/Third_Party/Agv/Communication_pack/include" -I"C:/Users/liushaw/Desktop/STM32F407/Motor_bridge/Middlewares/Third_Party/Agv/Host_communication/include" -I"C:/Users/liushaw/Desktop/STM32F407/Motor_bridge/Middlewares/Third_Party/Agv/Motors/include" -I"C:/Users/liushaw/Desktop/STM32F407/Motor_bridge/Middlewares/Third_Party/Agv/Control/include" -I"C:/Users/liushaw/Desktop/STM32F407/Motor_bridge/Middlewares/Third_Party/Agv/Kinematics/include" -O0 -ffunction-sections -fdata-sections -Wall -fstack-usage -fcyclomatic-complexity -MMD -MP -MF"Middlewares/Third_Party/Agv/Communication_pack/src/format/modbus_rtu_format.d" -MT"Middlewares/Third_Party/Agv/Communication_pack/src/format/modbus_rtu_format.o" --specs=nano.specs -mfpu=fpv4-sp-d16 -mfloat-abi=hard -mthumb -o "Middlewares/Third_Party/Agv/Communication_pack/src/format/modbus_rtu_format.o"
C:/Users/liushaw/Desktop/STM32F407/Motor_bridge/Middlewares/Third_Party/Agv/Communication_pack/src/format/modbus_rtu_format.c: In function 'modbusFmt_pop_payload':
C:/Users/liushaw/Desktop/STM32F407/Motor_bridge/Middlewares/Third_Party/Agv/Communication_pack/src/format/modbus_rtu_format.c:184:5: warning: implicit declaration of function 'memcpy' [-Wimplicit-function-declaration]
  184 |     memcpy(payload_out, impl->payload_buf, impl->payload_len);
      |     ^~~~~~
C:/Users/liushaw/Desktop/STM32F407/Motor_bridge/Middlewares/Third_Party/Agv/Communication_pack/src/format/modbus_rtu_format.c:6:1: note: include '<string.h>' or provide a declaration of 'memcpy'
    5 | #include "Agv_core/error_codes/error_communication.h"
  +++ |+#include <string.h>
    6 | 
C:/Users/liushaw/Desktop/STM32F407/Motor_bridge/Middlewares/Third_Party/Agv/Communication_pack/src/format/modbus_rtu_format.c:184:5: warning: incompatible implicit declaration of built-in function 'memcpy' [-Wbuiltin-declaration-mismatch]
  184 |     memcpy(payload_out, impl->payload_buf, impl->payload_len);
      |     ^~~~~~
C:/Users/liushaw/Desktop/STM32F407/Motor_bridge/Middlewares/Third_Party/Agv/Communication_pack/src/format/modbus_rtu_format.c:184:5: note: include '<string.h>' or provide a declaration of 'memcpy'
C:/Users/liushaw/Desktop/STM32F407/Motor_bridge/Middlewares/Third_Party/Agv/Communication_pack/src/format/modbus_rtu_format.c: In function 'modbusFmt_make_frame':
C:/Users/liushaw/Desktop/STM32F407/Motor_bridge/Middlewares/Third_Party/Agv/Communication_pack/src/format/modbus_rtu_format.c:207:5: warning: incompatible implicit declaration of built-in function 'memcpy' [-Wbuiltin-declaration-mismatch]
  207 |     memcpy(frame_out, payload_in, payload_len);
      |     ^~~~~~
C:/Users/liushaw/Desktop/STM32F407/Motor_bridge/Middlewares/Third_Party/Agv/Communication_pack/src/format/modbus_rtu_format.c:207:5: note: include '<string.h>' or provide a declaration of 'memcpy'
C:/Users/liushaw/Desktop/STM32F407/Motor_bridge/Middlewares/Third_Party/Agv/Motors/src/blvr.c: In function 'rad_s_to_regVelUnit':
C:/Users/liushaw/Desktop/STM32F407/Motor_bridge/Middlewares/Third_Party/Agv/Motors/src/blvr.c:467:21: warning: implicit declaration of function 'lroundf' [-Wimplicit-function-declaration]
  467 |     return (int32_t)lroundf(rpm_f / unit_rpm);
      |                     ^~~~~~~
C:/Users/liushaw/Desktop/STM32F407/Motor_bridge/Middlewares/Third_Party/Agv/Motors/src/blvr.c:15:1: note: include '<math.h>' or provide a declaration of 'lroundf'
   14 | #include "semphr.h"
  +++ |+#include <math.h>
   15 | 
C:/Users/liushaw/Desktop/STM32F407/Motor_bridge/Middlewares/Third_Party/Agv/Motors/src/blvr.c:467:21: warning: incompatible implicit declaration of built-in function 'lroundf' [-Wbuiltin-declaration-mismatch]
  467 |     return (int32_t)lroundf(rpm_f / unit_rpm);
      |                     ^~~~~~~
C:/Users/liushaw/Desktop/STM32F407/Motor_bridge/Middlewares/Third_Party/Agv/Motors/src/blvr.c:467:21: note: include '<math.h>' or provide a declaration of 'lroundf'
C:/Users/liushaw/Desktop/STM32F407/Motor_bridge/Middlewares/Third_Party/Agv/Motors/src/blvr.c: In function 'rad_to_regAngUnit':
C:/Users/liushaw/Desktop/STM32F407/Motor_bridge/Middlewares/Third_Party/Agv/Motors/src/blvr.c:477:21: warning: incompatible implicit declaration of built-in function 'lroundf' [-Wbuiltin-declaration-mismatch]
  477 |     return (int32_t)lroundf(degree / unit_degree);
      |                     ^~~~~~~
C:/Users/liushaw/Desktop/STM32F407/Motor_bridge/Middlewares/Third_Party/Agv/Motors/src/blvr.c:477:21: note: include '<math.h>' or provide a declaration of 'lroundf'
arm-none-eabi-gcc -o "Motor_bridge.elf" @"objects.list"   -mcpu=cortex-m4 -T"C:\Users\liushaw\Desktop\STM32F407\Motor_bridge\STM32F407VGTX_FLASH.ld" --specs=nosys.specs -Wl,-Map="Motor_bridge.map" -Wl,--gc-sections -static --specs=nano.specs -mfpu=fpv4-sp-d16 -mfloat-abi=hard -mthumb -u _printf_float -u _scanf_float -Wl,--start-group -lc -lm -Wl,--end-group
Finished building target: Motor_bridge.elf
 
arm-none-eabi-size  Motor_bridge.elf 
arm-none-eabi-objdump -h -S Motor_bridge.elf  > "Motor_bridge.list"
   text	   data	    bss	    dec	    hex	filename
 105772	    504	  74200	 180476	  2c0fc	Motor_bridge.elf
Finished building: default.size.stdout
 
Finished building: Motor_bridge.list
 
15:36:20 **** Incremental Build of configuration Debug for project Motor_bridge ****
make -j18 all 
arm-none-eabi-gcc "../Core/Src/freertos.c" -mcpu=cortex-m4 -std=gnu11 -g3 -DDEBUG -DUSE_HAL_DRIVER -DSTM32F407xx -DSTM32_THREAD_SAFE_STRATEGY=5 -c -I../Core/Inc -I../USB_HOST/App -I../USB_HOST/Target -I../Drivers/STM32F4xx_HAL_Driver/Inc -I../Drivers/STM32F4xx_HAL_Driver/Inc/Legacy -I../Middlewares/Third_Party/FreeRTOS/Source/include -I../Middlewares/Third_Party/FreeRTOS/Source/CMSIS_RTOS_V2 -I../Middlewares/Third_Party/FreeRTOS/Source/portable/GCC/ARM_CM4F -I../Middlewares/ST/STM32_USB_Host_Library/Core/Inc -I../Middlewares/ST/STM32_USB_Host_Library/Class/CDC/Inc -I../Drivers/CMSIS/Device/ST/STM32F4xx/Include -I../Drivers/CMSIS/Include -I../Core/ThreadSafe -I"C:/Users/liushaw/Desktop/STM32F407/Motor_bridge/Middlewares/Third_Party/Agv/Core/include" -I"C:/Users/liushaw/Desktop/STM32F407/Motor_bridge/Middlewares/Third_Party/Agv/Factory/include" -I"C:/Users/liushaw/Desktop/STM32F407/Motor_bridge/Middlewares/Third_Party/Agv/Communication_pack/include" -I"C:/Users/liushaw/Desktop/STM32F407/Motor_bridge/Middlewares/Third_Party/Agv/Host_communication/include" -I"C:/Users/liushaw/Desktop/STM32F407/Motor_bridge/Middlewares/Third_Party/Agv/Motors/include" -I"C:/Users/liushaw/Desktop/STM32F407/Motor_bridge/Middlewares/Third_Party/Agv/Control/include" -I"C:/Users/liushaw/Desktop/STM32F407/Motor_bridge/Middlewares/Third_Party/Agv/Kinematics/include" -O0 -ffunction-sections -fdata-sections -Wall -fstack-usage -fcyclomatic-complexity -MMD -MP -MF"Core/Src/freertos.d" -MT"Core/Src/freertos.o" --specs=nano.specs -mfpu=fpv4-sp-d16 -mfloat-abi=hard -mthumb -o "Core/Src/freertos.o"
../Core/Src/freertos.c: In function 'OnHostMsgTask':
../Core/Src/freertos.c:201:13: warning: unused variable 'code' [-Wunused-variable]
  201 |         int code =
      |             ^~~~
arm-none-eabi-gcc -o "Motor_bridge.elf" @"objects.list"   -mcpu=cortex-m4 -T"C:\Users\liushaw\Desktop\STM32F407\Motor_bridge\STM32F407VGTX_FLASH.ld" --specs=nosys.specs -Wl,-Map="Motor_bridge.map" -Wl,--gc-sections -static --specs=nano.specs -mfpu=fpv4-sp-d16 -mfloat-abi=hard -mthumb -u _printf_float -u _scanf_float -Wl,--start-group -lc -lm -Wl,--end-group
Finished building target: Motor_bridge.elf
 
arm-none-eabi-size  Motor_bridge.elf 
arm-none-eabi-objdump -h -S Motor_bridge.elf  > "Motor_bridge.list"
   text	   data	    bss	    dec	    hex	filename
 105708	    504	  74200	 180412	  2c0bc	Motor_bridge.elf
Finished building: default.size.stdout
 
Finished building: Motor_bridge.list
 
15:38:31 **** Incremental Build of configuration Debug for project Motor_bridge ****
make -j18 all 
arm-none-eabi-gcc "C:/Users/liushaw/Desktop/STM32F407/Motor_bridge/Middlewares/Third_Party/Agv/Core/src/core.c" -mcpu=cortex-m4 -std=gnu11 -g3 -DDEBUG -DUSE_HAL_DRIVER -DSTM32F407xx -DSTM32_THREAD_SAFE_STRATEGY=5 -c -I../Core/Inc -I../USB_HOST/App -I../USB_HOST/Target -I../Drivers/STM32F4xx_HAL_Driver/Inc -I../Drivers/STM32F4xx_HAL_Driver/Inc/Legacy -I../Middlewares/Third_Party/FreeRTOS/Source/include -I../Middlewares/Third_Party/FreeRTOS/Source/CMSIS_RTOS_V2 -I../Middlewares/Third_Party/FreeRTOS/Source/portable/GCC/ARM_CM4F -I../Middlewares/ST/STM32_USB_Host_Library/Core/Inc -I../Middlewares/ST/STM32_USB_Host_Library/Class/CDC/Inc -I../Drivers/CMSIS/Device/ST/STM32F4xx/Include -I../Drivers/CMSIS/Include -I../Core/ThreadSafe -I"C:/Users/liushaw/Desktop/STM32F407/Motor_bridge/Middlewares/Third_Party/Agv/Core/include" -I"C:/Users/liushaw/Desktop/STM32F407/Motor_bridge/Middlewares/Third_Party/Agv/Factory/include" -I"C:/Users/liushaw/Desktop/STM32F407/Motor_bridge/Middlewares/Third_Party/Agv/Communication_pack/include" -I"C:/Users/liushaw/Desktop/STM32F407/Motor_bridge/Middlewares/Third_Party/Agv/Host_communication/include" -I"C:/Users/liushaw/Desktop/STM32F407/Motor_bridge/Middlewares/Third_Party/Agv/Motors/include" -I"C:/Users/liushaw/Desktop/STM32F407/Motor_bridge/Middlewares/Third_Party/Agv/Control/include" -I"C:/Users/liushaw/Desktop/STM32F407/Motor_bridge/Middlewares/Third_Party/Agv/Kinematics/include" -O0 -ffunction-sections -fdata-sections -Wall -fstack-usage -fcyclomatic-complexity -MMD -MP -MF"Middlewares/Third_Party/Agv/Core/src/core.d" -MT"Middlewares/Third_Party/Agv/Core/src/core.o" --specs=nano.specs -mfpu=fpv4-sp-d16 -mfloat-abi=hard -mthumb -o "Middlewares/Third_Party/Agv/Core/src/core.o"
arm-none-eabi-gcc -o "Motor_bridge.elf" @"objects.list"   -mcpu=cortex-m4 -T"C:\Users\liushaw\Desktop\STM32F407\Motor_bridge\STM32F407VGTX_FLASH.ld" --specs=nosys.specs -Wl,-Map="Motor_bridge.map" -Wl,--gc-sections -static --specs=nano.specs -mfpu=fpv4-sp-d16 -mfloat-abi=hard -mthumb -u _printf_float -u _scanf_float -Wl,--start-group -lc -lm -Wl,--end-group
Finished building target: Motor_bridge.elf
 
arm-none-eabi-size  Motor_bridge.elf 
arm-none-eabi-objdump -h -S Motor_bridge.elf  > "Motor_bridge.list"
   text	   data	    bss	    dec	    hex	filename
 105428	    504	  74200	 180132	  2bfa4	Motor_bridge.elf
Finished building: default.size.stdout
 
Finished building: Motor_bridge.list
 
15:41:47 **** Incremental Build of configuration Debug for project Motor_bridge ****
make -j18 all 
arm-none-eabi-gcc "../Core/Src/freertos.c" -mcpu=cortex-m4 -std=gnu11 -g3 -DDEBUG -DUSE_HAL_DRIVER -DSTM32F407xx -DSTM32_THREAD_SAFE_STRATEGY=5 -c -I../Core/Inc -I../USB_HOST/App -I../USB_HOST/Target -I../Drivers/STM32F4xx_HAL_Driver/Inc -I../Drivers/STM32F4xx_HAL_Driver/Inc/Legacy -I../Middlewares/Third_Party/FreeRTOS/Source/include -I../Middlewares/Third_Party/FreeRTOS/Source/CMSIS_RTOS_V2 -I../Middlewares/Third_Party/FreeRTOS/Source/portable/GCC/ARM_CM4F -I../Middlewares/ST/STM32_USB_Host_Library/Core/Inc -I../Middlewares/ST/STM32_USB_Host_Library/Class/CDC/Inc -I../Drivers/CMSIS/Device/ST/STM32F4xx/Include -I../Drivers/CMSIS/Include -I../Core/ThreadSafe -I"C:/Users/liushaw/Desktop/STM32F407/Motor_bridge/Middlewares/Third_Party/Agv/Core/include" -I"C:/Users/liushaw/Desktop/STM32F407/Motor_bridge/Middlewares/Third_Party/Agv/Factory/include" -I"C:/Users/liushaw/Desktop/STM32F407/Motor_bridge/Middlewares/Third_Party/Agv/Communication_pack/include" -I"C:/Users/liushaw/Desktop/STM32F407/Motor_bridge/Middlewares/Third_Party/Agv/Host_communication/include" -I"C:/Users/liushaw/Desktop/STM32F407/Motor_bridge/Middlewares/Third_Party/Agv/Motors/include" -I"C:/Users/liushaw/Desktop/STM32F407/Motor_bridge/Middlewares/Third_Party/Agv/Control/include" -I"C:/Users/liushaw/Desktop/STM32F407/Motor_bridge/Middlewares/Third_Party/Agv/Kinematics/include" -O0 -ffunction-sections -fdata-sections -Wall -fstack-usage -fcyclomatic-complexity -MMD -MP -MF"Core/Src/freertos.d" -MT"Core/Src/freertos.o" --specs=nano.specs -mfpu=fpv4-sp-d16 -mfloat-abi=hard -mthumb -o "Core/Src/freertos.o"
../Core/Src/freertos.c: In function 'OnHostMsgTask':
../Core/Src/freertos.c:201:13: warning: unused variable 'code' [-Wunused-variable]
  201 |         int code =
      |             ^~~~
arm-none-eabi-gcc -o "Motor_bridge.elf" @"objects.list"   -mcpu=cortex-m4 -T"C:\Users\liushaw\Desktop\STM32F407\Motor_bridge\STM32F407VGTX_FLASH.ld" --specs=nosys.specs -Wl,-Map="Motor_bridge.map" -Wl,--gc-sections -static --specs=nano.specs -mfpu=fpv4-sp-d16 -mfloat-abi=hard -mthumb -u _printf_float -u _scanf_float -Wl,--start-group -lc -lm -Wl,--end-group
Finished building target: Motor_bridge.elf
 
arm-none-eabi-size  Motor_bridge.elf 
arm-none-eabi-objdump -h -S Motor_bridge.elf  > "Motor_bridge.list"
   text	   data	    bss	    dec	    hex	filename
 105324	    504	  74200	 180028	  2bf3c	Motor_bridge.elf
Finished building: default.size.stdout
 
Finished building: Motor_bridge.list
 
15:43:19 **** Incremental Build of configuration Debug for project Motor_bridge ****
make -j18 all 
arm-none-eabi-gcc "../Core/Src/freertos.c" -mcpu=cortex-m4 -std=gnu11 -g3 -DDEBUG -DUSE_HAL_DRIVER -DSTM32F407xx -DSTM32_THREAD_SAFE_STRATEGY=5 -c -I../Core/Inc -I../USB_HOST/App -I../USB_HOST/Target -I../Drivers/STM32F4xx_HAL_Driver/Inc -I../Drivers/STM32F4xx_HAL_Driver/Inc/Legacy -I../Middlewares/Third_Party/FreeRTOS/Source/include -I../Middlewares/Third_Party/FreeRTOS/Source/CMSIS_RTOS_V2 -I../Middlewares/Third_Party/FreeRTOS/Source/portable/GCC/ARM_CM4F -I../Middlewares/ST/STM32_USB_Host_Library/Core/Inc -I../Middlewares/ST/STM32_USB_Host_Library/Class/CDC/Inc -I../Drivers/CMSIS/Device/ST/STM32F4xx/Include -I../Drivers/CMSIS/Include -I../Core/ThreadSafe -I"C:/Users/liushaw/Desktop/STM32F407/Motor_bridge/Middlewares/Third_Party/Agv/Core/include" -I"C:/Users/liushaw/Desktop/STM32F407/Motor_bridge/Middlewares/Third_Party/Agv/Factory/include" -I"C:/Users/liushaw/Desktop/STM32F407/Motor_bridge/Middlewares/Third_Party/Agv/Communication_pack/include" -I"C:/Users/liushaw/Desktop/STM32F407/Motor_bridge/Middlewares/Third_Party/Agv/Host_communication/include" -I"C:/Users/liushaw/Desktop/STM32F407/Motor_bridge/Middlewares/Third_Party/Agv/Motors/include" -I"C:/Users/liushaw/Desktop/STM32F407/Motor_bridge/Middlewares/Third_Party/Agv/Control/include" -I"C:/Users/liushaw/Desktop/STM32F407/Motor_bridge/Middlewares/Third_Party/Agv/Kinematics/include" -O0 -ffunction-sections -fdata-sections -Wall -fstack-usage -fcyclomatic-complexity -MMD -MP -MF"Core/Src/freertos.d" -MT"Core/Src/freertos.o" --specs=nano.specs -mfpu=fpv4-sp-d16 -mfloat-abi=hard -mthumb -o "Core/Src/freertos.o"
../Core/Src/freertos.c: In function 'OnHostMsgTask':
../Core/Src/freertos.c:201:13: warning: unused variable 'code' [-Wunused-variable]
  201 |         int code =
      |             ^~~~
arm-none-eabi-gcc -o "Motor_bridge.elf" @"objects.list"   -mcpu=cortex-m4 -T"C:\Users\liushaw\Desktop\STM32F407\Motor_bridge\STM32F407VGTX_FLASH.ld" --specs=nosys.specs -Wl,-Map="Motor_bridge.map" -Wl,--gc-sections -static --specs=nano.specs -mfpu=fpv4-sp-d16 -mfloat-abi=hard -mthumb -u _printf_float -u _scanf_float -Wl,--start-group -lc -lm -Wl,--end-group
Finished building target: Motor_bridge.elf
 
arm-none-eabi-size  Motor_bridge.elf 
arm-none-eabi-objdump -h -S Motor_bridge.elf  > "Motor_bridge.list"
   text	   data	    bss	    dec	    hex	filename
 105428	    504	  74200	 180132	  2bfa4	Motor_bridge.elf
Finished building: default.size.stdout
 
Finished building: Motor_bridge.list
 
15:45:01 **** Incremental Build of configuration Debug for project Motor_bridge ****
make -j18 all 
arm-none-eabi-gcc "../Core/Src/freertos.c" -mcpu=cortex-m4 -std=gnu11 -g3 -DDEBUG -DUSE_HAL_DRIVER -DSTM32F407xx -DSTM32_THREAD_SAFE_STRATEGY=5 -c -I../Core/Inc -I../USB_HOST/App -I../USB_HOST/Target -I../Drivers/STM32F4xx_HAL_Driver/Inc -I../Drivers/STM32F4xx_HAL_Driver/Inc/Legacy -I../Middlewares/Third_Party/FreeRTOS/Source/include -I../Middlewares/Third_Party/FreeRTOS/Source/CMSIS_RTOS_V2 -I../Middlewares/Third_Party/FreeRTOS/Source/portable/GCC/ARM_CM4F -I../Middlewares/ST/STM32_USB_Host_Library/Core/Inc -I../Middlewares/ST/STM32_USB_Host_Library/Class/CDC/Inc -I../Drivers/CMSIS/Device/ST/STM32F4xx/Include -I../Drivers/CMSIS/Include -I../Core/ThreadSafe -I"C:/Users/liushaw/Desktop/STM32F407/Motor_bridge/Middlewares/Third_Party/Agv/Core/include" -I"C:/Users/liushaw/Desktop/STM32F407/Motor_bridge/Middlewares/Third_Party/Agv/Factory/include" -I"C:/Users/liushaw/Desktop/STM32F407/Motor_bridge/Middlewares/Third_Party/Agv/Communication_pack/include" -I"C:/Users/liushaw/Desktop/STM32F407/Motor_bridge/Middlewares/Third_Party/Agv/Host_communication/include" -I"C:/Users/liushaw/Desktop/STM32F407/Motor_bridge/Middlewares/Third_Party/Agv/Motors/include" -I"C:/Users/liushaw/Desktop/STM32F407/Motor_bridge/Middlewares/Third_Party/Agv/Control/include" -I"C:/Users/liushaw/Desktop/STM32F407/Motor_bridge/Middlewares/Third_Party/Agv/Kinematics/include" -O0 -ffunction-sections -fdata-sections -Wall -fstack-usage -fcyclomatic-complexity -MMD -MP -MF"Core/Src/freertos.d" -MT"Core/Src/freertos.o" --specs=nano.specs -mfpu=fpv4-sp-d16 -mfloat-abi=hard -mthumb -o "Core/Src/freertos.o"
../Core/Src/freertos.c: In function 'OnHostMsgTask':
../Core/Src/freertos.c:201:13: warning: unused variable 'code' [-Wunused-variable]
  201 |         int code =
      |             ^~~~
arm-none-eabi-gcc -o "Motor_bridge.elf" @"objects.list"   -mcpu=cortex-m4 -T"C:\Users\liushaw\Desktop\STM32F407\Motor_bridge\STM32F407VGTX_FLASH.ld" --specs=nosys.specs -Wl,-Map="Motor_bridge.map" -Wl,--gc-sections -static --specs=nano.specs -mfpu=fpv4-sp-d16 -mfloat-abi=hard -mthumb -u _printf_float -u _scanf_float -Wl,--start-group -lc -lm -Wl,--end-group
Finished building target: Motor_bridge.elf
 
arm-none-eabi-size  Motor_bridge.elf 
arm-none-eabi-objdump -h -S Motor_bridge.elf  > "Motor_bridge.list"
   text	   data	    bss	    dec	    hex	filename
 105732	    504	  74200	 180436	  2c0d4	Motor_bridge.elf
Finished building: default.size.stdout
 
Finished building: Motor_bridge.list
 
15:46:33 **** Incremental Build of configuration Debug for project Motor_bridge ****
make -j18 all 
arm-none-eabi-gcc "../Core/Src/freertos.c" -mcpu=cortex-m4 -std=gnu11 -g3 -DDEBUG -DUSE_HAL_DRIVER -DSTM32F407xx -DSTM32_THREAD_SAFE_STRATEGY=5 -c -I../Core/Inc -I../USB_HOST/App -I../USB_HOST/Target -I../Drivers/STM32F4xx_HAL_Driver/Inc -I../Drivers/STM32F4xx_HAL_Driver/Inc/Legacy -I../Middlewares/Third_Party/FreeRTOS/Source/include -I../Middlewares/Third_Party/FreeRTOS/Source/CMSIS_RTOS_V2 -I../Middlewares/Third_Party/FreeRTOS/Source/portable/GCC/ARM_CM4F -I../Middlewares/ST/STM32_USB_Host_Library/Core/Inc -I../Middlewares/ST/STM32_USB_Host_Library/Class/CDC/Inc -I../Drivers/CMSIS/Device/ST/STM32F4xx/Include -I../Drivers/CMSIS/Include -I../Core/ThreadSafe -I"C:/Users/liushaw/Desktop/STM32F407/Motor_bridge/Middlewares/Third_Party/Agv/Core/include" -I"C:/Users/liushaw/Desktop/STM32F407/Motor_bridge/Middlewares/Third_Party/Agv/Factory/include" -I"C:/Users/liushaw/Desktop/STM32F407/Motor_bridge/Middlewares/Third_Party/Agv/Communication_pack/include" -I"C:/Users/liushaw/Desktop/STM32F407/Motor_bridge/Middlewares/Third_Party/Agv/Host_communication/include" -I"C:/Users/liushaw/Desktop/STM32F407/Motor_bridge/Middlewares/Third_Party/Agv/Motors/include" -I"C:/Users/liushaw/Desktop/STM32F407/Motor_bridge/Middlewares/Third_Party/Agv/Control/include" -I"C:/Users/liushaw/Desktop/STM32F407/Motor_bridge/Middlewares/Third_Party/Agv/Kinematics/include" -O0 -ffunction-sections -fdata-sections -Wall -fstack-usage -fcyclomatic-complexity -MMD -MP -MF"Core/Src/freertos.d" -MT"Core/Src/freertos.o" --specs=nano.specs -mfpu=fpv4-sp-d16 -mfloat-abi=hard -mthumb -o "Core/Src/freertos.o"
../Core/Src/freertos.c: In function 'OnHostMsgTask':
../Core/Src/freertos.c:201:13: warning: unused variable 'code' [-Wunused-variable]
  201 |         int code =
      |             ^~~~
arm-none-eabi-gcc -o "Motor_bridge.elf" @"objects.list"   -mcpu=cortex-m4 -T"C:\Users\liushaw\Desktop\STM32F407\Motor_bridge\STM32F407VGTX_FLASH.ld" --specs=nosys.specs -Wl,-Map="Motor_bridge.map" -Wl,--gc-sections -static --specs=nano.specs -mfpu=fpv4-sp-d16 -mfloat-abi=hard -mthumb -u _printf_float -u _scanf_float -Wl,--start-group -lc -lm -Wl,--end-group
Finished building target: Motor_bridge.elf
 
arm-none-eabi-size  Motor_bridge.elf 
arm-none-eabi-objdump -h -S Motor_bridge.elf  > "Motor_bridge.list"
   text	   data	    bss	    dec	    hex	filename
 105636	    504	  74200	 180340	  2c074	Motor_bridge.elf
Finished building: default.size.stdout
 
Finished building: Motor_bridge.list
 
15:46:55 **** Incremental Build of configuration Debug for project Motor_bridge ****
make -j18 all 
arm-none-eabi-gcc "../Core/Src/freertos.c" -mcpu=cortex-m4 -std=gnu11 -g3 -DDEBUG -DUSE_HAL_DRIVER -DSTM32F407xx -DSTM32_THREAD_SAFE_STRATEGY=5 -c -I../Core/Inc -I../USB_HOST/App -I../USB_HOST/Target -I../Drivers/STM32F4xx_HAL_Driver/Inc -I../Drivers/STM32F4xx_HAL_Driver/Inc/Legacy -I../Middlewares/Third_Party/FreeRTOS/Source/include -I../Middlewares/Third_Party/FreeRTOS/Source/CMSIS_RTOS_V2 -I../Middlewares/Third_Party/FreeRTOS/Source/portable/GCC/ARM_CM4F -I../Middlewares/ST/STM32_USB_Host_Library/Core/Inc -I../Middlewares/ST/STM32_USB_Host_Library/Class/CDC/Inc -I../Drivers/CMSIS/Device/ST/STM32F4xx/Include -I../Drivers/CMSIS/Include -I../Core/ThreadSafe -I"C:/Users/liushaw/Desktop/STM32F407/Motor_bridge/Middlewares/Third_Party/Agv/Core/include" -I"C:/Users/liushaw/Desktop/STM32F407/Motor_bridge/Middlewares/Third_Party/Agv/Factory/include" -I"C:/Users/liushaw/Desktop/STM32F407/Motor_bridge/Middlewares/Third_Party/Agv/Communication_pack/include" -I"C:/Users/liushaw/Desktop/STM32F407/Motor_bridge/Middlewares/Third_Party/Agv/Host_communication/include" -I"C:/Users/liushaw/Desktop/STM32F407/Motor_bridge/Middlewares/Third_Party/Agv/Motors/include" -I"C:/Users/liushaw/Desktop/STM32F407/Motor_bridge/Middlewares/Third_Party/Agv/Control/include" -I"C:/Users/liushaw/Desktop/STM32F407/Motor_bridge/Middlewares/Third_Party/Agv/Kinematics/include" -O0 -ffunction-sections -fdata-sections -Wall -fstack-usage -fcyclomatic-complexity -MMD -MP -MF"Core/Src/freertos.d" -MT"Core/Src/freertos.o" --specs=nano.specs -mfpu=fpv4-sp-d16 -mfloat-abi=hard -mthumb -o "Core/Src/freertos.o"
../Core/Src/freertos.c: In function 'OnHostMsgTask':
../Core/Src/freertos.c:201:13: warning: unused variable 'code' [-Wunused-variable]
  201 |         int code =
      |             ^~~~
arm-none-eabi-gcc -o "Motor_bridge.elf" @"objects.list"   -mcpu=cortex-m4 -T"C:\Users\liushaw\Desktop\STM32F407\Motor_bridge\STM32F407VGTX_FLASH.ld" --specs=nosys.specs -Wl,-Map="Motor_bridge.map" -Wl,--gc-sections -static --specs=nano.specs -mfpu=fpv4-sp-d16 -mfloat-abi=hard -mthumb -u _printf_float -u _scanf_float -Wl,--start-group -lc -lm -Wl,--end-group
Finished building target: Motor_bridge.elf
 
arm-none-eabi-size  Motor_bridge.elf 
arm-none-eabi-objdump -h -S Motor_bridge.elf  > "Motor_bridge.list"
   text	   data	    bss	    dec	    hex	filename
 105636	    504	  74200	 180340	  2c074	Motor_bridge.elf
Finished building: default.size.stdout
 
Finished building: Motor_bridge.list
 
15:47:44 **** Incremental Build of configuration Debug for project Motor_bridge ****
make -j18 all 
arm-none-eabi-gcc "C:/Users/liushaw/Desktop/STM32F407/Motor_bridge/Middlewares/Third_Party/Agv/Core/src/core.c" -mcpu=cortex-m4 -std=gnu11 -g3 -DDEBUG -DUSE_HAL_DRIVER -DSTM32F407xx -DSTM32_THREAD_SAFE_STRATEGY=5 -c -I../Core/Inc -I../USB_HOST/App -I../USB_HOST/Target -I../Drivers/STM32F4xx_HAL_Driver/Inc -I../Drivers/STM32F4xx_HAL_Driver/Inc/Legacy -I../Middlewares/Third_Party/FreeRTOS/Source/include -I../Middlewares/Third_Party/FreeRTOS/Source/CMSIS_RTOS_V2 -I../Middlewares/Third_Party/FreeRTOS/Source/portable/GCC/ARM_CM4F -I../Middlewares/ST/STM32_USB_Host_Library/Core/Inc -I../Middlewares/ST/STM32_USB_Host_Library/Class/CDC/Inc -I../Drivers/CMSIS/Device/ST/STM32F4xx/Include -I../Drivers/CMSIS/Include -I../Core/ThreadSafe -I"C:/Users/liushaw/Desktop/STM32F407/Motor_bridge/Middlewares/Third_Party/Agv/Core/include" -I"C:/Users/liushaw/Desktop/STM32F407/Motor_bridge/Middlewares/Third_Party/Agv/Factory/include" -I"C:/Users/liushaw/Desktop/STM32F407/Motor_bridge/Middlewares/Third_Party/Agv/Communication_pack/include" -I"C:/Users/liushaw/Desktop/STM32F407/Motor_bridge/Middlewares/Third_Party/Agv/Host_communication/include" -I"C:/Users/liushaw/Desktop/STM32F407/Motor_bridge/Middlewares/Third_Party/Agv/Motors/include" -I"C:/Users/liushaw/Desktop/STM32F407/Motor_bridge/Middlewares/Third_Party/Agv/Control/include" -I"C:/Users/liushaw/Desktop/STM32F407/Motor_bridge/Middlewares/Third_Party/Agv/Kinematics/include" -O0 -ffunction-sections -fdata-sections -Wall -fstack-usage -fcyclomatic-complexity -MMD -MP -MF"Middlewares/Third_Party/Agv/Core/src/core.d" -MT"Middlewares/Third_Party/Agv/Core/src/core.o" --specs=nano.specs -mfpu=fpv4-sp-d16 -mfloat-abi=hard -mthumb -o "Middlewares/Third_Party/Agv/Core/src/core.o"
arm-none-eabi-gcc -o "Motor_bridge.elf" @"objects.list"   -mcpu=cortex-m4 -T"C:\Users\liushaw\Desktop\STM32F407\Motor_bridge\STM32F407VGTX_FLASH.ld" --specs=nosys.specs -Wl,-Map="Motor_bridge.map" -Wl,--gc-sections -static --specs=nano.specs -mfpu=fpv4-sp-d16 -mfloat-abi=hard -mthumb -u _printf_float -u _scanf_float -Wl,--start-group -lc -lm -Wl,--end-group
Finished building target: Motor_bridge.elf
 
arm-none-eabi-size  Motor_bridge.elf 
arm-none-eabi-objdump -h -S Motor_bridge.elf  > "Motor_bridge.list"
   text	   data	    bss	    dec	    hex	filename
 105916	    504	  74200	 180620	  2c18c	Motor_bridge.elf
Finished building: default.size.stdout
 
Finished building: Motor_bridge.list
 
15:48:50 **** Incremental Build of configuration Debug for project Motor_bridge ****
make -j18 all 
arm-none-eabi-gcc "../Core/Src/freertos.c" -mcpu=cortex-m4 -std=gnu11 -g3 -DDEBUG -DUSE_HAL_DRIVER -DSTM32F407xx -DSTM32_THREAD_SAFE_STRATEGY=5 -c -I../Core/Inc -I../USB_HOST/App -I../USB_HOST/Target -I../Drivers/STM32F4xx_HAL_Driver/Inc -I../Drivers/STM32F4xx_HAL_Driver/Inc/Legacy -I../Middlewares/Third_Party/FreeRTOS/Source/include -I../Middlewares/Third_Party/FreeRTOS/Source/CMSIS_RTOS_V2 -I../Middlewares/Third_Party/FreeRTOS/Source/portable/GCC/ARM_CM4F -I../Middlewares/ST/STM32_USB_Host_Library/Core/Inc -I../Middlewares/ST/STM32_USB_Host_Library/Class/CDC/Inc -I../Drivers/CMSIS/Device/ST/STM32F4xx/Include -I../Drivers/CMSIS/Include -I../Core/ThreadSafe -I"C:/Users/liushaw/Desktop/STM32F407/Motor_bridge/Middlewares/Third_Party/Agv/Core/include" -I"C:/Users/liushaw/Desktop/STM32F407/Motor_bridge/Middlewares/Third_Party/Agv/Factory/include" -I"C:/Users/liushaw/Desktop/STM32F407/Motor_bridge/Middlewares/Third_Party/Agv/Communication_pack/include" -I"C:/Users/liushaw/Desktop/STM32F407/Motor_bridge/Middlewares/Third_Party/Agv/Host_communication/include" -I"C:/Users/liushaw/Desktop/STM32F407/Motor_bridge/Middlewares/Third_Party/Agv/Motors/include" -I"C:/Users/liushaw/Desktop/STM32F407/Motor_bridge/Middlewares/Third_Party/Agv/Control/include" -I"C:/Users/liushaw/Desktop/STM32F407/Motor_bridge/Middlewares/Third_Party/Agv/Kinematics/include" -O0 -ffunction-sections -fdata-sections -Wall -fstack-usage -fcyclomatic-complexity -MMD -MP -MF"Core/Src/freertos.d" -MT"Core/Src/freertos.o" --specs=nano.specs -mfpu=fpv4-sp-d16 -mfloat-abi=hard -mthumb -o "Core/Src/freertos.o"
../Core/Src/freertos.c: In function 'OnHostMsgTask':
../Core/Src/freertos.c:201:13: warning: unused variable 'code' [-Wunused-variable]
  201 |         int code =
      |             ^~~~
arm-none-eabi-gcc -o "Motor_bridge.elf" @"objects.list"   -mcpu=cortex-m4 -T"C:\Users\liushaw\Desktop\STM32F407\Motor_bridge\STM32F407VGTX_FLASH.ld" --specs=nosys.specs -Wl,-Map="Motor_bridge.map" -Wl,--gc-sections -static --specs=nano.specs -mfpu=fpv4-sp-d16 -mfloat-abi=hard -mthumb -u _printf_float -u _scanf_float -Wl,--start-group -lc -lm -Wl,--end-group
Finished building target: Motor_bridge.elf
 
arm-none-eabi-size  Motor_bridge.elf 
arm-none-eabi-objdump -h -S Motor_bridge.elf  > "Motor_bridge.list"
   text	   data	    bss	    dec	    hex	filename
 106012	    504	  74200	 180716	  2c1ec	Motor_bridge.elf
Finished building: default.size.stdout
 
Finished building: Motor_bridge.list
 
16:07:15 **** Incremental Build of configuration Debug for project Motor_bridge ****
make -j18 all 
arm-none-eabi-gcc "C:/Users/liushaw/Desktop/STM32F407/Motor_bridge/Middlewares/Third_Party/Agv/Motors/src/blvr.c" -mcpu=cortex-m4 -std=gnu11 -g3 -DDEBUG -DUSE_HAL_DRIVER -DSTM32F407xx -DSTM32_THREAD_SAFE_STRATEGY=5 -c -I../Core/Inc -I../USB_HOST/App -I../USB_HOST/Target -I../Drivers/STM32F4xx_HAL_Driver/Inc -I../Drivers/STM32F4xx_HAL_Driver/Inc/Legacy -I../Middlewares/Third_Party/FreeRTOS/Source/include -I../Middlewares/Third_Party/FreeRTOS/Source/CMSIS_RTOS_V2 -I../Middlewares/Third_Party/FreeRTOS/Source/portable/GCC/ARM_CM4F -I../Middlewares/ST/STM32_USB_Host_Library/Core/Inc -I../Middlewares/ST/STM32_USB_Host_Library/Class/CDC/Inc -I../Drivers/CMSIS/Device/ST/STM32F4xx/Include -I../Drivers/CMSIS/Include -I../Core/ThreadSafe -I"C:/Users/liushaw/Desktop/STM32F407/Motor_bridge/Middlewares/Third_Party/Agv/Core/include" -I"C:/Users/liushaw/Desktop/STM32F407/Motor_bridge/Middlewares/Third_Party/Agv/Factory/include" -I"C:/Users/liushaw/Desktop/STM32F407/Motor_bridge/Middlewares/Third_Party/Agv/Communication_pack/include" -I"C:/Users/liushaw/Desktop/STM32F407/Motor_bridge/Middlewares/Third_Party/Agv/Host_communication/include" -I"C:/Users/liushaw/Desktop/STM32F407/Motor_bridge/Middlewares/Third_Party/Agv/Motors/include" -I"C:/Users/liushaw/Desktop/STM32F407/Motor_bridge/Middlewares/Third_Party/Agv/Control/include" -I"C:/Users/liushaw/Desktop/STM32F407/Motor_bridge/Middlewares/Third_Party/Agv/Kinematics/include" -O0 -ffunction-sections -fdata-sections -Wall -fstack-usage -fcyclomatic-complexity -MMD -MP -MF"Middlewares/Third_Party/Agv/Motors/src/blvr.d" -MT"Middlewares/Third_Party/Agv/Motors/src/blvr.o" --specs=nano.specs -mfpu=fpv4-sp-d16 -mfloat-abi=hard -mthumb -o "Middlewares/Third_Party/Agv/Motors/src/blvr.o"
arm-none-eabi-gcc "C:/Users/liushaw/Desktop/STM32F407/Motor_bridge/Middlewares/Third_Party/Agv/Communication_pack/src/protocol/blvr_protocol.c" -mcpu=cortex-m4 -std=gnu11 -g3 -DDEBUG -DUSE_HAL_DRIVER -DSTM32F407xx -DSTM32_THREAD_SAFE_STRATEGY=5 -c -I../Core/Inc -I../USB_HOST/App -I../USB_HOST/Target -I../Drivers/STM32F4xx_HAL_Driver/Inc -I../Drivers/STM32F4xx_HAL_Driver/Inc/Legacy -I../Middlewares/Third_Party/FreeRTOS/Source/include -I../Middlewares/Third_Party/FreeRTOS/Source/CMSIS_RTOS_V2 -I../Middlewares/Third_Party/FreeRTOS/Source/portable/GCC/ARM_CM4F -I../Middlewares/ST/STM32_USB_Host_Library/Core/Inc -I../Middlewares/ST/STM32_USB_Host_Library/Class/CDC/Inc -I../Drivers/CMSIS/Device/ST/STM32F4xx/Include -I../Drivers/CMSIS/Include -I../Core/ThreadSafe -I"C:/Users/liushaw/Desktop/STM32F407/Motor_bridge/Middlewares/Third_Party/Agv/Core/include" -I"C:/Users/liushaw/Desktop/STM32F407/Motor_bridge/Middlewares/Third_Party/Agv/Factory/include" -I"C:/Users/liushaw/Desktop/STM32F407/Motor_bridge/Middlewares/Third_Party/Agv/Communication_pack/include" -I"C:/Users/liushaw/Desktop/STM32F407/Motor_bridge/Middlewares/Third_Party/Agv/Host_communication/include" -I"C:/Users/liushaw/Desktop/STM32F407/Motor_bridge/Middlewares/Third_Party/Agv/Motors/include" -I"C:/Users/liushaw/Desktop/STM32F407/Motor_bridge/Middlewares/Third_Party/Agv/Control/include" -I"C:/Users/liushaw/Desktop/STM32F407/Motor_bridge/Middlewares/Third_Party/Agv/Kinematics/include" -O0 -ffunction-sections -fdata-sections -Wall -fstack-usage -fcyclomatic-complexity -MMD -MP -MF"Middlewares/Third_Party/Agv/Communication_pack/src/protocol/blvr_protocol.d" -MT"Middlewares/Third_Party/Agv/Communication_pack/src/protocol/blvr_protocol.o" --specs=nano.specs -mfpu=fpv4-sp-d16 -mfloat-abi=hard -mthumb -o "Middlewares/Third_Party/Agv/Communication_pack/src/protocol/blvr_protocol.o"
arm-none-eabi-gcc "C:/Users/liushaw/Desktop/STM32F407/Motor_bridge/Middlewares/Third_Party/Agv/Communication_pack/src/format/modbus_rtu_format.c" -mcpu=cortex-m4 -std=gnu11 -g3 -DDEBUG -DUSE_HAL_DRIVER -DSTM32F407xx -DSTM32_THREAD_SAFE_STRATEGY=5 -c -I../Core/Inc -I../USB_HOST/App -I../USB_HOST/Target -I../Drivers/STM32F4xx_HAL_Driver/Inc -I../Drivers/STM32F4xx_HAL_Driver/Inc/Legacy -I../Middlewares/Third_Party/FreeRTOS/Source/include -I../Middlewares/Third_Party/FreeRTOS/Source/CMSIS_RTOS_V2 -I../Middlewares/Third_Party/FreeRTOS/Source/portable/GCC/ARM_CM4F -I../Middlewares/ST/STM32_USB_Host_Library/Core/Inc -I../Middlewares/ST/STM32_USB_Host_Library/Class/CDC/Inc -I../Drivers/CMSIS/Device/ST/STM32F4xx/Include -I../Drivers/CMSIS/Include -I../Core/ThreadSafe -I"C:/Users/liushaw/Desktop/STM32F407/Motor_bridge/Middlewares/Third_Party/Agv/Core/include" -I"C:/Users/liushaw/Desktop/STM32F407/Motor_bridge/Middlewares/Third_Party/Agv/Factory/include" -I"C:/Users/liushaw/Desktop/STM32F407/Motor_bridge/Middlewares/Third_Party/Agv/Communication_pack/include" -I"C:/Users/liushaw/Desktop/STM32F407/Motor_bridge/Middlewares/Third_Party/Agv/Host_communication/include" -I"C:/Users/liushaw/Desktop/STM32F407/Motor_bridge/Middlewares/Third_Party/Agv/Motors/include" -I"C:/Users/liushaw/Desktop/STM32F407/Motor_bridge/Middlewares/Third_Party/Agv/Control/include" -I"C:/Users/liushaw/Desktop/STM32F407/Motor_bridge/Middlewares/Third_Party/Agv/Kinematics/include" -O0 -ffunction-sections -fdata-sections -Wall -fstack-usage -fcyclomatic-complexity -MMD -MP -MF"Middlewares/Third_Party/Agv/Communication_pack/src/format/modbus_rtu_format.d" -MT"Middlewares/Third_Party/Agv/Communication_pack/src/format/modbus_rtu_format.o" --specs=nano.specs -mfpu=fpv4-sp-d16 -mfloat-abi=hard -mthumb -o "Middlewares/Third_Party/Agv/Communication_pack/src/format/modbus_rtu_format.o"
C:/Users/liushaw/Desktop/STM32F407/Motor_bridge/Middlewares/Third_Party/Agv/Communication_pack/src/format/modbus_rtu_format.c: In function 'modbusFmt_pop_payload':
C:/Users/liushaw/Desktop/STM32F407/Motor_bridge/Middlewares/Third_Party/Agv/Communication_pack/src/format/modbus_rtu_format.c:184:5: warning: implicit declaration of function 'memcpy' [-Wimplicit-function-declaration]
  184 |     memcpy(payload_out, impl->payload_buf, impl->payload_len);
      |     ^~~~~~
C:/Users/liushaw/Desktop/STM32F407/Motor_bridge/Middlewares/Third_Party/Agv/Communication_pack/src/format/modbus_rtu_format.c:6:1: note: include '<string.h>' or provide a declaration of 'memcpy'
    5 | #include "Agv_core/error_codes/error_communication.h"
  +++ |+#include <string.h>
    6 | 
C:/Users/liushaw/Desktop/STM32F407/Motor_bridge/Middlewares/Third_Party/Agv/Communication_pack/src/format/modbus_rtu_format.c:184:5: warning: incompatible implicit declaration of built-in function 'memcpy' [-Wbuiltin-declaration-mismatch]
  184 |     memcpy(payload_out, impl->payload_buf, impl->payload_len);
      |     ^~~~~~
C:/Users/liushaw/Desktop/STM32F407/Motor_bridge/Middlewares/Third_Party/Agv/Communication_pack/src/format/modbus_rtu_format.c:184:5: note: include '<string.h>' or provide a declaration of 'memcpy'
C:/Users/liushaw/Desktop/STM32F407/Motor_bridge/Middlewares/Third_Party/Agv/Communication_pack/src/format/modbus_rtu_format.c: In function 'modbusFmt_make_frame':
C:/Users/liushaw/Desktop/STM32F407/Motor_bridge/Middlewares/Third_Party/Agv/Communication_pack/src/format/modbus_rtu_format.c:207:5: warning: incompatible implicit declaration of built-in function 'memcpy' [-Wbuiltin-declaration-mismatch]
  207 |     memcpy(frame_out, payload_in, payload_len);
      |     ^~~~~~
C:/Users/liushaw/Desktop/STM32F407/Motor_bridge/Middlewares/Third_Party/Agv/Communication_pack/src/format/modbus_rtu_format.c:207:5: note: include '<string.h>' or provide a declaration of 'memcpy'
C:/Users/liushaw/Desktop/STM32F407/Motor_bridge/Middlewares/Third_Party/Agv/Motors/src/blvr.c: In function 'rad_s_to_regVelUnit':
C:/Users/liushaw/Desktop/STM32F407/Motor_bridge/Middlewares/Third_Party/Agv/Motors/src/blvr.c:467:21: warning: implicit declaration of function 'lroundf' [-Wimplicit-function-declaration]
  467 |     return (int32_t)lroundf(rpm_f / unit_rpm);
      |                     ^~~~~~~
C:/Users/liushaw/Desktop/STM32F407/Motor_bridge/Middlewares/Third_Party/Agv/Motors/src/blvr.c:15:1: note: include '<math.h>' or provide a declaration of 'lroundf'
   14 | #include "semphr.h"
  +++ |+#include <math.h>
   15 | 
C:/Users/liushaw/Desktop/STM32F407/Motor_bridge/Middlewares/Third_Party/Agv/Motors/src/blvr.c:467:21: warning: incompatible implicit declaration of built-in function 'lroundf' [-Wbuiltin-declaration-mismatch]
  467 |     return (int32_t)lroundf(rpm_f / unit_rpm);
      |                     ^~~~~~~
C:/Users/liushaw/Desktop/STM32F407/Motor_bridge/Middlewares/Third_Party/Agv/Motors/src/blvr.c:467:21: note: include '<math.h>' or provide a declaration of 'lroundf'
C:/Users/liushaw/Desktop/STM32F407/Motor_bridge/Middlewares/Third_Party/Agv/Motors/src/blvr.c: In function 'rad_to_regAngUnit':
C:/Users/liushaw/Desktop/STM32F407/Motor_bridge/Middlewares/Third_Party/Agv/Motors/src/blvr.c:477:21: warning: incompatible implicit declaration of built-in function 'lroundf' [-Wbuiltin-declaration-mismatch]
  477 |     return (int32_t)lroundf(degree / unit_degree);
      |                     ^~~~~~~
C:/Users/liushaw/Desktop/STM32F407/Motor_bridge/Middlewares/Third_Party/Agv/Motors/src/blvr.c:477:21: note: include '<math.h>' or provide a declaration of 'lroundf'
arm-none-eabi-gcc -o "Motor_bridge.elf" @"objects.list"   -mcpu=cortex-m4 -T"C:\Users\liushaw\Desktop\STM32F407\Motor_bridge\STM32F407VGTX_FLASH.ld" --specs=nosys.specs -Wl,-Map="Motor_bridge.map" -Wl,--gc-sections -static --specs=nano.specs -mfpu=fpv4-sp-d16 -mfloat-abi=hard -mthumb -u _printf_float -u _scanf_float -Wl,--start-group -lc -lm -Wl,--end-group
Finished building target: Motor_bridge.elf
 
arm-none-eabi-size  Motor_bridge.elf 
arm-none-eabi-objdump -h -S Motor_bridge.elf  > "Motor_bridge.list"
   text	   data	    bss	    dec	    hex	filename
 106028	    504	  74200	 180732	  2c1fc	Motor_bridge.elf
Finished building: default.size.stdout
 
Finished building: Motor_bridge.list
 
16:21:33 **** Incremental Build of configuration Debug for project Motor_bridge ****
make -j18 all 
arm-none-eabi-size  Motor_bridge.elf 
   text	   data	    bss	    dec	    hex	filename
 106028	    504	  74200	 180732	  2c1fc	Motor_bridge.elf
Finished building: default.size.stdout
 
16:31:37 **** Incremental Build of configuration Debug for project Motor_bridge ****
make -j18 all 
arm-none-eabi-gcc "../Core/Src/freertos.c" -mcpu=cortex-m4 -std=gnu11 -g3 -DDEBUG -DUSE_HAL_DRIVER -DSTM32F407xx -DSTM32_THREAD_SAFE_STRATEGY=5 -c -I../Core/Inc -I../USB_HOST/App -I../USB_HOST/Target -I../Drivers/STM32F4xx_HAL_Driver/Inc -I../Drivers/STM32F4xx_HAL_Driver/Inc/Legacy -I../Middlewares/Third_Party/FreeRTOS/Source/include -I../Middlewares/Third_Party/FreeRTOS/Source/CMSIS_RTOS_V2 -I../Middlewares/Third_Party/FreeRTOS/Source/portable/GCC/ARM_CM4F -I../Middlewares/ST/STM32_USB_Host_Library/Core/Inc -I../Middlewares/ST/STM32_USB_Host_Library/Class/CDC/Inc -I../Drivers/CMSIS/Device/ST/STM32F4xx/Include -I../Drivers/CMSIS/Include -I../Core/ThreadSafe -I"C:/Users/liushaw/Desktop/STM32F407/Motor_bridge/Middlewares/Third_Party/Agv/Core/include" -I"C:/Users/liushaw/Desktop/STM32F407/Motor_bridge/Middlewares/Third_Party/Agv/Factory/include" -I"C:/Users/liushaw/Desktop/STM32F407/Motor_bridge/Middlewares/Third_Party/Agv/Communication_pack/include" -I"C:/Users/liushaw/Desktop/STM32F407/Motor_bridge/Middlewares/Third_Party/Agv/Host_communication/include" -I"C:/Users/liushaw/Desktop/STM32F407/Motor_bridge/Middlewares/Third_Party/Agv/Motors/include" -I"C:/Users/liushaw/Desktop/STM32F407/Motor_bridge/Middlewares/Third_Party/Agv/Control/include" -I"C:/Users/liushaw/Desktop/STM32F407/Motor_bridge/Middlewares/Third_Party/Agv/Kinematics/include" -O0 -ffunction-sections -fdata-sections -Wall -fstack-usage -fcyclomatic-complexity -MMD -MP -MF"Core/Src/freertos.d" -MT"Core/Src/freertos.o" --specs=nano.specs -mfpu=fpv4-sp-d16 -mfloat-abi=hard -mthumb -o "Core/Src/freertos.o"
../Core/Src/freertos.c: In function 'OnHostMsgTask':
../Core/Src/freertos.c:201:13: warning: unused variable 'code' [-Wunused-variable]
  201 |         int code =
      |             ^~~~
arm-none-eabi-gcc -o "Motor_bridge.elf" @"objects.list"   -mcpu=cortex-m4 -T"C:\Users\liushaw\Desktop\STM32F407\Motor_bridge\STM32F407VGTX_FLASH.ld" --specs=nosys.specs -Wl,-Map="Motor_bridge.map" -Wl,--gc-sections -static --specs=nano.specs -mfpu=fpv4-sp-d16 -mfloat-abi=hard -mthumb -u _printf_float -u _scanf_float -Wl,--start-group -lc -lm -Wl,--end-group
Finished building target: Motor_bridge.elf
 
arm-none-eabi-size  Motor_bridge.elf 
arm-none-eabi-objdump -h -S Motor_bridge.elf  > "Motor_bridge.list"
   text	   data	    bss	    dec	    hex	filename
 106108	    504	  74200	 180812	  2c24c	Motor_bridge.elf
Finished building: default.size.stdout
 
Finished building: Motor_bridge.list
 
16:33:27 **** Incremental Build of configuration Debug for project Motor_bridge ****
make -j18 all 
arm-none-eabi-size  Motor_bridge.elf 
   text	   data	    bss	    dec	    hex	filename
 106108	    504	  74200	 180812	  2c24c	Motor_bridge.elf
Finished building: default.size.stdout
 
09:00:50 **** Incremental Build of configuration Debug for project Motor_bridge ****
make -j18 all 
[...]
C:/Users/liushaw/Desktop/STM32F407/Motor_bridge/Middlewares/Third_Party/Agv/Motors/src/blvr.c:15:1: note: include '<math.h>' or provide a declaration of 'lroundf'
   14 | #include "semphr.h"
  +++ |+#include <math.h>
   15 | 
C:/Users/liushaw/Desktop/STM32F407/Motor_bridge/Middlewares/Third_Party/Agv/Motors/src/blvr.c:463:21: warning: incompatible implicit declaration of built-in function 'lroundf' [-Wbuiltin-declaration-mismatch]
  463 |     return (int32_t)lroundf(rpm_f / unit_rpm);
      |                     ^~~~~~~
C:/Users/liushaw/Desktop/STM32F407/Motor_bridge/Middlewares/Third_Party/Agv/Motors/src/blvr.c:463:21: note: include '<math.h>' or provide a declaration of 'lroundf'
C:/Users/liushaw/Desktop/STM32F407/Motor_bridge/Middlewares/Third_Party/Agv/Motors/src/blvr.c: In function 'rad_to_regAngUnit':
C:/Users/liushaw/Desktop/STM32F407/Motor_bridge/Middlewares/Third_Party/Agv/Motors/src/blvr.c:473:21: warning: incompatible implicit declaration of built-in function 'lroundf' [-Wbuiltin-declaration-mismatch]
  473 |     return (int32_t)lroundf(degree / unit_degree);
      |                     ^~~~~~~
C:/Users/liushaw/Desktop/STM32F407/Motor_bridge/Middlewares/Third_Party/Agv/Motors/src/blvr.c:473:21: note: include '<math.h>' or provide a declaration of 'lroundf'
../Core/Src/freertos.c: In function 'AgvHeartbeatTask':
../Core/Src/freertos.c:193:9: warning: variable 'code' set but not used [-Wunused-but-set-variable]
  193 |     int code = AGV_OK;
      |         ^~~~
../Core/Src/freertos.c: In function 'AgvHostMsgCallbackTask':
../Core/Src/freertos.c:222:13: warning: unused variable 'code' [-Wunused-variable]
  222 |         int code = AgvCore_step_on_host_msg(s_agv_core);
      |             ^~~~
arm-none-eabi-gcc -o "Motor_bridge.elf" @"objects.list"   -mcpu=cortex-m4 -T"C:\Users\liushaw\Desktop\STM32F407\Motor_bridge\STM32F407VGTX_FLASH.ld" --specs=nosys.specs -Wl,-Map="Motor_bridge.map" -Wl,--gc-sections -static --specs=nano.specs -mfpu=fpv4-sp-d16 -mfloat-abi=hard -mthumb -u _printf_float -u _scanf_float -Wl,--start-group -lc -lm -Wl,--end-group
Finished building target: Motor_bridge.elf
 
arm-none-eabi-size  Motor_bridge.elf 
arm-none-eabi-objdump -h -S Motor_bridge.elf  > "Motor_bridge.list"
   text	   data	    bss	    dec	    hex	filename
 106044	    504	  74200	 180748	  2c20c	Motor_bridge.elf
Finished building: default.size.stdout
 
Finished building: Motor_bridge.list
 
10:47:08 **** Incremental Build of configuration Debug for project Motor_bridge ****
make -j18 all 
arm-none-eabi-gcc "../Core/Src/freertos.c" -mcpu=cortex-m4 -std=gnu11 -g3 -DDEBUG -DUSE_HAL_DRIVER -DSTM32F407xx -DSTM32_THREAD_SAFE_STRATEGY=5 -c -I../Core/Inc -I../USB_HOST/App -I../USB_HOST/Target -I../Drivers/STM32F4xx_HAL_Driver/Inc -I../Drivers/STM32F4xx_HAL_Driver/Inc/Legacy -I../Middlewares/Third_Party/FreeRTOS/Source/include -I../Middlewares/Third_Party/FreeRTOS/Source/CMSIS_RTOS_V2 -I../Middlewares/Third_Party/FreeRTOS/Source/portable/GCC/ARM_CM4F -I../Middlewares/ST/STM32_USB_Host_Library/Core/Inc -I../Middlewares/ST/STM32_USB_Host_Library/Class/CDC/Inc -I../Drivers/CMSIS/Device/ST/STM32F4xx/Include -I../Drivers/CMSIS/Include -I../Core/ThreadSafe -I"C:/Users/liushaw/Desktop/STM32F407/Motor_bridge/Middlewares/Third_Party/Agv/Core/include" -I"C:/Users/liushaw/Desktop/STM32F407/Motor_bridge/Middlewares/Third_Party/Agv/Factory/include" -I"C:/Users/liushaw/Desktop/STM32F407/Motor_bridge/Middlewares/Third_Party/Agv/Communication_pack/include" -I"C:/Users/liushaw/Desktop/STM32F407/Motor_bridge/Middlewares/Third_Party/Agv/Host_communication/include" -I"C:/Users/liushaw/Desktop/STM32F407/Motor_bridge/Middlewares/Third_Party/Agv/Motors/include" -I"C:/Users/liushaw/Desktop/STM32F407/Motor_bridge/Middlewares/Third_Party/Agv/Control/include" -I"C:/Users/liushaw/Desktop/STM32F407/Motor_bridge/Middlewares/Third_Party/Agv/Kinematics/include" -O0 -ffunction-sections -fdata-sections -Wall -fstack-usage -fcyclomatic-complexity -MMD -MP -MF"Core/Src/freertos.d" -MT"Core/Src/freertos.o" --specs=nano.specs -mfpu=fpv4-sp-d16 -mfloat-abi=hard -mthumb -o "Core/Src/freertos.o"
../Core/Src/freertos.c: In function 'AgvHeartbeatTask':
../Core/Src/freertos.c:193:9: warning: variable 'code' set but not used [-Wunused-but-set-variable]
  193 |     int code = AGV_OK;
      |         ^~~~
../Core/Src/freertos.c: In function 'AgvHostMsgCallbackTask':
../Core/Src/freertos.c:222:13: warning: unused variable 'code' [-Wunused-variable]
  222 |         int code = AgvCore_step_on_host_msg(s_agv_core);
      |             ^~~~
arm-none-eabi-gcc -o "Motor_bridge.elf" @"objects.list"   -mcpu=cortex-m4 -T"C:\Users\liushaw\Desktop\STM32F407\Motor_bridge\STM32F407VGTX_FLASH.ld" --specs=nosys.specs -Wl,-Map="Motor_bridge.map" -Wl,--gc-sections -static --specs=nano.specs -mfpu=fpv4-sp-d16 -mfloat-abi=hard -mthumb -u _printf_float -u _scanf_float -Wl,--start-group -lc -lm -Wl,--end-group
Finished building target: Motor_bridge.elf
 
arm-none-eabi-size  Motor_bridge.elf 
arm-none-eabi-objdump -h -S Motor_bridge.elf  > "Motor_bridge.list"
   text	   data	    bss	    dec	    hex	filename
 106044	    504	  74200	 180748	  2c20c	Motor_bridge.elf
Finished building: default.size.stdout
 
Finished building: Motor_bridge.list
 
10:48:35 **** Incremental Build of configuration Debug for project Motor_bridge ****
make -j18 all 
arm-none-eabi-gcc "../Core/Src/freertos.c" -mcpu=cortex-m4 -std=gnu11 -g3 -DDEBUG -DUSE_HAL_DRIVER -DSTM32F407xx -DSTM32_THREAD_SAFE_STRATEGY=5 -c -I../Core/Inc -I../USB_HOST/App -I../USB_HOST/Target -I../Drivers/STM32F4xx_HAL_Driver/Inc -I../Drivers/STM32F4xx_HAL_Driver/Inc/Legacy -I../Middlewares/Third_Party/FreeRTOS/Source/include -I../Middlewares/Third_Party/FreeRTOS/Source/CMSIS_RTOS_V2 -I../Middlewares/Third_Party/FreeRTOS/Source/portable/GCC/ARM_CM4F -I../Middlewares/ST/STM32_USB_Host_Library/Core/Inc -I../Middlewares/ST/STM32_USB_Host_Library/Class/CDC/Inc -I../Drivers/CMSIS/Device/ST/STM32F4xx/Include -I../Drivers/CMSIS/Include -I../Core/ThreadSafe -I"C:/Users/liushaw/Desktop/STM32F407/Motor_bridge/Middlewares/Third_Party/Agv/Core/include" -I"C:/Users/liushaw/Desktop/STM32F407/Motor_bridge/Middlewares/Third_Party/Agv/Factory/include" -I"C:/Users/liushaw/Desktop/STM32F407/Motor_bridge/Middlewares/Third_Party/Agv/Communication_pack/include" -I"C:/Users/liushaw/Desktop/STM32F407/Motor_bridge/Middlewares/Third_Party/Agv/Host_communication/include" -I"C:/Users/liushaw/Desktop/STM32F407/Motor_bridge/Middlewares/Third_Party/Agv/Motors/include" -I"C:/Users/liushaw/Desktop/STM32F407/Motor_bridge/Middlewares/Third_Party/Agv/Control/include" -I"C:/Users/liushaw/Desktop/STM32F407/Motor_bridge/Middlewares/Third_Party/Agv/Kinematics/include" -O0 -ffunction-sections -fdata-sections -Wall -fstack-usage -fcyclomatic-complexity -MMD -MP -MF"Core/Src/freertos.d" -MT"Core/Src/freertos.o" --specs=nano.specs -mfpu=fpv4-sp-d16 -mfloat-abi=hard -mthumb -o "Core/Src/freertos.o"
../Core/Src/freertos.c: In function 'AgvHeartbeatTask':
../Core/Src/freertos.c:194:9: warning: variable 'code' set but not used [-Wunused-but-set-variable]
  194 |     int code = AGV_OK;
      |         ^~~~
../Core/Src/freertos.c: In function 'AgvHostMsgCallbackTask':
../Core/Src/freertos.c:223:13: warning: unused variable 'code' [-Wunused-variable]
  223 |         int code = AgvCore_step_on_host_msg(s_agv_core);
      |             ^~~~
arm-none-eabi-gcc -o "Motor_bridge.elf" @"objects.list"   -mcpu=cortex-m4 -T"C:\Users\liushaw\Desktop\STM32F407\Motor_bridge\STM32F407VGTX_FLASH.ld" --specs=nosys.specs -Wl,-Map="Motor_bridge.map" -Wl,--gc-sections -static --specs=nano.specs -mfpu=fpv4-sp-d16 -mfloat-abi=hard -mthumb -u _printf_float -u _scanf_float -Wl,--start-group -lc -lm -Wl,--end-group
Finished building target: Motor_bridge.elf
 
arm-none-eabi-size  Motor_bridge.elf 
arm-none-eabi-objdump -h -S Motor_bridge.elf  > "Motor_bridge.list"
   text	   data	    bss	    dec	    hex	filename
 106044	    504	  74200	 180748	  2c20c	Motor_bridge.elf
Finished building: default.size.stdout
 
Finished building: Motor_bridge.list
 
10:50:59 **** Incremental Build of configuration Debug for project Motor_bridge ****
make -j18 all 
arm-none-eabi-gcc "../Core/Src/freertos.c" -mcpu=cortex-m4 -std=gnu11 -g3 -DDEBUG -DUSE_HAL_DRIVER -DSTM32F407xx -DSTM32_THREAD_SAFE_STRATEGY=5 -c -I../Core/Inc -I../USB_HOST/App -I../USB_HOST/Target -I../Drivers/STM32F4xx_HAL_Driver/Inc -I../Drivers/STM32F4xx_HAL_Driver/Inc/Legacy -I../Middlewares/Third_Party/FreeRTOS/Source/include -I../Middlewares/Third_Party/FreeRTOS/Source/CMSIS_RTOS_V2 -I../Middlewares/Third_Party/FreeRTOS/Source/portable/GCC/ARM_CM4F -I../Middlewares/ST/STM32_USB_Host_Library/Core/Inc -I../Middlewares/ST/STM32_USB_Host_Library/Class/CDC/Inc -I../Drivers/CMSIS/Device/ST/STM32F4xx/Include -I../Drivers/CMSIS/Include -I../Core/ThreadSafe -I"C:/Users/liushaw/Desktop/STM32F407/Motor_bridge/Middlewares/Third_Party/Agv/Core/include" -I"C:/Users/liushaw/Desktop/STM32F407/Motor_bridge/Middlewares/Third_Party/Agv/Factory/include" -I"C:/Users/liushaw/Desktop/STM32F407/Motor_bridge/Middlewares/Third_Party/Agv/Communication_pack/include" -I"C:/Users/liushaw/Desktop/STM32F407/Motor_bridge/Middlewares/Third_Party/Agv/Host_communication/include" -I"C:/Users/liushaw/Desktop/STM32F407/Motor_bridge/Middlewares/Third_Party/Agv/Motors/include" -I"C:/Users/liushaw/Desktop/STM32F407/Motor_bridge/Middlewares/Third_Party/Agv/Control/include" -I"C:/Users/liushaw/Desktop/STM32F407/Motor_bridge/Middlewares/Third_Party/Agv/Kinematics/include" -O0 -ffunction-sections -fdata-sections -Wall -fstack-usage -fcyclomatic-complexity -MMD -MP -MF"Core/Src/freertos.d" -MT"Core/Src/freertos.o" --specs=nano.specs -mfpu=fpv4-sp-d16 -mfloat-abi=hard -mthumb -o "Core/Src/freertos.o"
../Core/Src/freertos.c: In function 'AgvHeartbeatTask':
../Core/Src/freertos.c:194:9: warning: variable 'code' set but not used [-Wunused-but-set-variable]
  194 |     int code = AGV_OK;
      |         ^~~~
../Core/Src/freertos.c: In function 'AgvHostMsgCallbackTask':
../Core/Src/freertos.c:224:13: warning: unused variable 'code' [-Wunused-variable]
  224 |         int code = AgvCore_step_on_host_msg(s_agv_core);
      |             ^~~~
arm-none-eabi-gcc -o "Motor_bridge.elf" @"objects.list"   -mcpu=cortex-m4 -T"C:\Users\liushaw\Desktop\STM32F407\Motor_bridge\STM32F407VGTX_FLASH.ld" --specs=nosys.specs -Wl,-Map="Motor_bridge.map" -Wl,--gc-sections -static --specs=nano.specs -mfpu=fpv4-sp-d16 -mfloat-abi=hard -mthumb -u _printf_float -u _scanf_float -Wl,--start-group -lc -lm -Wl,--end-group
Finished building target: Motor_bridge.elf
 
arm-none-eabi-size  Motor_bridge.elf 
arm-none-eabi-objdump -h -S Motor_bridge.elf  > "Motor_bridge.list"
   text	   data	    bss	    dec	    hex	filename
 105956	    504	  74200	 180660	  2c1b4	Motor_bridge.elf
Finished building: default.size.stdout
 
Finished building: Motor_bridge.list
 
10:56:49 **** Incremental Build of configuration Debug for project Motor_bridge ****
make -j18 all 
arm-none-eabi-gcc "C:/Users/liushaw/Desktop/STM32F407/Motor_bridge/Middlewares/Third_Party/Agv/Motors/src/blvr.c" -mcpu=cortex-m4 -std=gnu11 -g3 -DDEBUG -DUSE_HAL_DRIVER -DSTM32F407xx -DSTM32_THREAD_SAFE_STRATEGY=5 -c -I../Core/Inc -I../USB_HOST/App -I../USB_HOST/Target -I../Drivers/STM32F4xx_HAL_Driver/Inc -I../Drivers/STM32F4xx_HAL_Driver/Inc/Legacy -I../Middlewares/Third_Party/FreeRTOS/Source/include -I../Middlewares/Third_Party/FreeRTOS/Source/CMSIS_RTOS_V2 -I../Middlewares/Third_Party/FreeRTOS/Source/portable/GCC/ARM_CM4F -I../Middlewares/ST/STM32_USB_Host_Library/Core/Inc -I../Middlewares/ST/STM32_USB_Host_Library/Class/CDC/Inc -I../Drivers/CMSIS/Device/ST/STM32F4xx/Include -I../Drivers/CMSIS/Include -I../Core/ThreadSafe -I"C:/Users/liushaw/Desktop/STM32F407/Motor_bridge/Middlewares/Third_Party/Agv/Core/include" -I"C:/Users/liushaw/Desktop/STM32F407/Motor_bridge/Middlewares/Third_Party/Agv/Factory/include" -I"C:/Users/liushaw/Desktop/STM32F407/Motor_bridge/Middlewares/Third_Party/Agv/Communication_pack/include" -I"C:/Users/liushaw/Desktop/STM32F407/Motor_bridge/Middlewares/Third_Party/Agv/Host_communication/include" -I"C:/Users/liushaw/Desktop/STM32F407/Motor_bridge/Middlewares/Third_Party/Agv/Motors/include" -I"C:/Users/liushaw/Desktop/STM32F407/Motor_bridge/Middlewares/Third_Party/Agv/Control/include" -I"C:/Users/liushaw/Desktop/STM32F407/Motor_bridge/Middlewares/Third_Party/Agv/Kinematics/include" -O0 -ffunction-sections -fdata-sections -Wall -fstack-usage -fcyclomatic-complexity -MMD -MP -MF"Middlewares/Third_Party/Agv/Motors/src/blvr.d" -MT"Middlewares/Third_Party/Agv/Motors/src/blvr.o" --specs=nano.specs -mfpu=fpv4-sp-d16 -mfloat-abi=hard -mthumb -o "Middlewares/Third_Party/Agv/Motors/src/blvr.o"
C:/Users/liushaw/Desktop/STM32F407/Motor_bridge/Middlewares/Third_Party/Agv/Motors/src/blvr.c: In function 'blvr_get_state':
C:/Users/liushaw/Desktop/STM32F407/Motor_bridge/Middlewares/Third_Party/Agv/Motors/src/blvr.c:338:13: warning: variable 'curr_state' set but not used [-Wunused-but-set-variable]
  338 |     int32_t curr_state[axis_count];
      |             ^~~~~~~~~~
C:/Users/liushaw/Desktop/STM32F407/Motor_bridge/Middlewares/Third_Party/Agv/Motors/src/blvr.c: In function 'rad_s_to_regVelUnit':
C:/Users/liushaw/Desktop/STM32F407/Motor_bridge/Middlewares/Third_Party/Agv/Motors/src/blvr.c:473:21: warning: implicit declaration of function 'lroundf' [-Wimplicit-function-declaration]
  473 |     return (int32_t)lroundf(rpm_f / unit_rpm);
      |                     ^~~~~~~
C:/Users/liushaw/Desktop/STM32F407/Motor_bridge/Middlewares/Third_Party/Agv/Motors/src/blvr.c:15:1: note: include '<math.h>' or provide a declaration of 'lroundf'
   14 | #include "semphr.h"
  +++ |+#include <math.h>
   15 | 
C:/Users/liushaw/Desktop/STM32F407/Motor_bridge/Middlewares/Third_Party/Agv/Motors/src/blvr.c:473:21: warning: incompatible implicit declaration of built-in function 'lroundf' [-Wbuiltin-declaration-mismatch]
  473 |     return (int32_t)lroundf(rpm_f / unit_rpm);
      |                     ^~~~~~~
C:/Users/liushaw/Desktop/STM32F407/Motor_bridge/Middlewares/Third_Party/Agv/Motors/src/blvr.c:473:21: note: include '<math.h>' or provide a declaration of 'lroundf'
C:/Users/liushaw/Desktop/STM32F407/Motor_bridge/Middlewares/Third_Party/Agv/Motors/src/blvr.c: In function 'rad_to_regAngUnit':
C:/Users/liushaw/Desktop/STM32F407/Motor_bridge/Middlewares/Third_Party/Agv/Motors/src/blvr.c:483:21: warning: incompatible implicit declaration of built-in function 'lroundf' [-Wbuiltin-declaration-mismatch]
  483 |     return (int32_t)lroundf(degree / unit_degree);
      |                     ^~~~~~~
C:/Users/liushaw/Desktop/STM32F407/Motor_bridge/Middlewares/Third_Party/Agv/Motors/src/blvr.c:483:21: note: include '<math.h>' or provide a declaration of 'lroundf'
arm-none-eabi-gcc -o "Motor_bridge.elf" @"objects.list"   -mcpu=cortex-m4 -T"C:\Users\liushaw\Desktop\STM32F407\Motor_bridge\STM32F407VGTX_FLASH.ld" --specs=nosys.specs -Wl,-Map="Motor_bridge.map" -Wl,--gc-sections -static --specs=nano.specs -mfpu=fpv4-sp-d16 -mfloat-abi=hard -mthumb -u _printf_float -u _scanf_float -Wl,--start-group -lc -lm -Wl,--end-group
Finished building target: Motor_bridge.elf
 
arm-none-eabi-size  Motor_bridge.elf 
arm-none-eabi-objdump -h -S Motor_bridge.elf  > "Motor_bridge.list"
   text	   data	    bss	    dec	    hex	filename
 106180	    504	  74200	 180884	  2c294	Motor_bridge.elf
Finished building: default.size.stdout
 
Finished building: Motor_bridge.list
 
11:05:26 **** Incremental Build of configuration Debug for project Motor_bridge ****
make -j18 all 
arm-none-eabi-gcc "C:/Users/liushaw/Desktop/STM32F407/Motor_bridge/Middlewares/Third_Party/Agv/Communication_pack/src/link/uart_rs485.c" -mcpu=cortex-m4 -std=gnu11 -g3 -DDEBUG -DUSE_HAL_DRIVER -DSTM32F407xx -DSTM32_THREAD_SAFE_STRATEGY=5 -c -I../Core/Inc -I../USB_HOST/App -I../USB_HOST/Target -I../Drivers/STM32F4xx_HAL_Driver/Inc -I../Drivers/STM32F4xx_HAL_Driver/Inc/Legacy -I../Middlewares/Third_Party/FreeRTOS/Source/include -I../Middlewares/Third_Party/FreeRTOS/Source/CMSIS_RTOS_V2 -I../Middlewares/Third_Party/FreeRTOS/Source/portable/GCC/ARM_CM4F -I../Middlewares/ST/STM32_USB_Host_Library/Core/Inc -I../Middlewares/ST/STM32_USB_Host_Library/Class/CDC/Inc -I../Drivers/CMSIS/Device/ST/STM32F4xx/Include -I../Drivers/CMSIS/Include -I../Core/ThreadSafe -I"C:/Users/liushaw/Desktop/STM32F407/Motor_bridge/Middlewares/Third_Party/Agv/Core/include" -I"C:/Users/liushaw/Desktop/STM32F407/Motor_bridge/Middlewares/Third_Party/Agv/Factory/include" -I"C:/Users/liushaw/Desktop/STM32F407/Motor_bridge/Middlewares/Third_Party/Agv/Communication_pack/include" -I"C:/Users/liushaw/Desktop/STM32F407/Motor_bridge/Middlewares/Third_Party/Agv/Host_communication/include" -I"C:/Users/liushaw/Desktop/STM32F407/Motor_bridge/Middlewares/Third_Party/Agv/Motors/include" -I"C:/Users/liushaw/Desktop/STM32F407/Motor_bridge/Middlewares/Third_Party/Agv/Control/include" -I"C:/Users/liushaw/Desktop/STM32F407/Motor_bridge/Middlewares/Third_Party/Agv/Kinematics/include" -O0 -ffunction-sections -fdata-sections -Wall -fstack-usage -fcyclomatic-complexity -MMD -MP -MF"Middlewares/Third_Party/Agv/Communication_pack/src/link/uart_rs485.d" -MT"Middlewares/Third_Party/Agv/Communication_pack/src/link/uart_rs485.o" --specs=nano.specs -mfpu=fpv4-sp-d16 -mfloat-abi=hard -mthumb -o "Middlewares/Third_Party/Agv/Communication_pack/src/link/uart_rs485.o"
C:/Users/liushaw/Desktop/STM32F407/Motor_bridge/Middlewares/Third_Party/Agv/Communication_pack/src/link/uart_rs485.c: In function 'LnkRs485_pop_rx_queue':
C:/Users/liushaw/Desktop/STM32F407/Motor_bridge/Middlewares/Third_Party/Agv/Communication_pack/src/link/uart_rs485.c:195:5: warning: implicit declaration of function 'memcpy' [-Wimplicit-function-declaration]
  195 |     memcpy(buf_out, frame->data, *buf_len);
      |     ^~~~~~
C:/Users/liushaw/Desktop/STM32F407/Motor_bridge/Middlewares/Third_Party/Agv/Communication_pack/src/link/uart_rs485.c:9:1: note: include '<string.h>' or provide a declaration of 'memcpy'
    8 | #include "queue.h"
  +++ |+#include <string.h>
    9 | #include "stm32f4xx_hal.h"
C:/Users/liushaw/Desktop/STM32F407/Motor_bridge/Middlewares/Third_Party/Agv/Communication_pack/src/link/uart_rs485.c:195:5: warning: incompatible implicit declaration of built-in function 'memcpy' [-Wbuiltin-declaration-mismatch]
  195 |     memcpy(buf_out, frame->data, *buf_len);
      |     ^~~~~~
C:/Users/liushaw/Desktop/STM32F407/Motor_bridge/Middlewares/Third_Party/Agv/Communication_pack/src/link/uart_rs485.c:195:5: note: include '<string.h>' or provide a declaration of 'memcpy'
C:/Users/liushaw/Desktop/STM32F407/Motor_bridge/Middlewares/Third_Party/Agv/Communication_pack/src/link/uart_rs485.c: In function 'LnkRs485_on_rx_rcv':
C:/Users/liushaw/Desktop/STM32F407/Motor_bridge/Middlewares/Third_Party/Agv/Communication_pack/src/link/uart_rs485.c:228:5: warning: incompatible implicit declaration of built-in function 'memcpy' [-Wbuiltin-declaration-mismatch]
  228 |     memcpy(frame->data, impl->rx_buf, data_len);
      |     ^~~~~~
C:/Users/liushaw/Desktop/STM32F407/Motor_bridge/Middlewares/Third_Party/Agv/Communication_pack/src/link/uart_rs485.c:228:5: note: include '<string.h>' or provide a declaration of 'memcpy'
arm-none-eabi-gcc -o "Motor_bridge.elf" @"objects.list"   -mcpu=cortex-m4 -T"C:\Users\liushaw\Desktop\STM32F407\Motor_bridge\STM32F407VGTX_FLASH.ld" --specs=nosys.specs -Wl,-Map="Motor_bridge.map" -Wl,--gc-sections -static --specs=nano.specs -mfpu=fpv4-sp-d16 -mfloat-abi=hard -mthumb -u _printf_float -u _scanf_float -Wl,--start-group -lc -lm -Wl,--end-group
Finished building target: Motor_bridge.elf
 
arm-none-eabi-size  Motor_bridge.elf 
arm-none-eabi-objdump -h -S Motor_bridge.elf  > "Motor_bridge.list"
   text	   data	    bss	    dec	    hex	filename
 106236	    504	  74200	 180940	  2c2cc	Motor_bridge.elf
Finished building: default.size.stdout
 
Finished building: Motor_bridge.list
 
