11:01:39 **** Incremental Build of configuration Debug for project Motor_bridge ****
make -j18 all 
arm-none-eabi-gcc "../Middlewares/Third_Party/Agv/Control/src/pid.c" -mcpu=cortex-m4 -std=gnu11 -g3 -DDEBUG -DUSE_HAL_DRIVER -DSTM32F407xx -DSTM32_THREAD_SAFE_STRATEGY=5 -c -I../Core/Inc -I../Drivers/STM32F4xx_HAL_Driver/Inc -I../Drivers/STM32F4xx_HAL_Driver/Inc/Legacy -I../Middlewares/Third_Party/FreeRTOS/Source/include -I../Middlewares/Third_Party/FreeRTOS/Source/CMSIS_RTOS_V2 -I../Middlewares/Third_Party/FreeRTOS/Source/portable/GCC/ARM_CM4F -I../Drivers/CMSIS/Device/ST/STM32F4xx/Include -I../Drivers/CMSIS/Include -I../Core/ThreadSafe -I"C:/Users/liushaw/Desktop/STM32F407/Motor_bridge/Middlewares/Third_Party/Agv/Core/include" -I"C:/Users/liushaw/Desktop/STM32F407/Motor_bridge/Middlewares/Third_Party/Agv/Factory/include" -I"C:/Users/liushaw/Desktop/STM32F407/Motor_bridge/Middlewares/Third_Party/Agv/Communication_pack/include" -I"C:/Users/liushaw/Desktop/STM32F407/Motor_bridge/Middlewares/Third_Party/Agv/Host_communication/include" -I"C:/Users/liushaw/Desktop/STM32F407/Motor_bridge/Middlewares/Third_Party/Agv/Motors/include" -I"C:/Users/liushaw/Desktop/STM32F407/Motor_bridge/Middlewares/Third_Party/Agv/Control/include" -I"C:/Users/liushaw/Desktop/STM32F407/Motor_bridge/Middlewares/Third_Party/Agv/Kinematics/include" -O0 -ffunction-sections -fdata-sections -Wall -fstack-usage -fcyclomatic-complexity -MMD -MP -MF"Middlewares/Third_Party/Agv/Control/src/pid.d" -MT"Middlewares/Third_Party/Agv/Control/src/pid.o" --specs=nano.specs -mfpu=fpv4-sp-d16 -mfloat-abi=hard -mthumb -o "Middlewares/Third_Party/Agv/Control/src/pid.o"
../Middlewares/Third_Party/Agv/Control/src/pid.c: In function 'Ctrl_pid_create':
../Middlewares/Third_Party/Agv/Control/src/pid.c:69:5: warning: implicit declaration of function 'memset' [-Wimplicit-function-declaration]
   69 |     memset(&impl->vel_des, 0, sizeof(Twist2D));
      |     ^~~~~~
../Middlewares/Third_Party/Agv/Control/src/pid.c:12:1: note: include '<string.h>' or provide a declaration of 'memset'
   11 | #include "semphr.h"
  +++ |+#include <string.h>
   12 | 
../Middlewares/Third_Party/Agv/Control/src/pid.c:69:5: warning: incompatible implicit declaration of built-in function 'memset' [-Wbuiltin-declaration-mismatch]
   69 |     memset(&impl->vel_des, 0, sizeof(Twist2D));
      |     ^~~~~~
../Middlewares/Third_Party/Agv/Control/src/pid.c:69:5: note: include '<string.h>' or provide a declaration of 'memset'
../Middlewares/Third_Party/Agv/Control/src/pid.c:72:15: warning: assignment discards 'const' qualifier from pointer target type [-Wdiscarded-qualifiers]
   72 |     out->name = name;
      |               ^
../Middlewares/Third_Party/Agv/Control/src/pid.c: In function 'pid_set_des_vel':
../Middlewares/Third_Party/Agv/Control/src/pid.c:115:5: warning: implicit declaration of function 'memcpy' [-Wimplicit-function-declaration]
  115 |     memcpy(&impl->vel_des, cmd_in, sizeof(impl->vel_des));
      |     ^~~~~~
../Middlewares/Third_Party/Agv/Control/src/pid.c:115:5: note: include '<string.h>' or provide a declaration of 'memcpy'
../Middlewares/Third_Party/Agv/Control/src/pid.c:115:5: warning: incompatible implicit declaration of built-in function 'memcpy' [-Wbuiltin-declaration-mismatch]
../Middlewares/Third_Party/Agv/Control/src/pid.c:115:5: note: include '<string.h>' or provide a declaration of 'memcpy'
../Middlewares/Third_Party/Agv/Control/src/pid.c: In function 'pid_set_curr_vel':
../Middlewares/Third_Party/Agv/Control/src/pid.c:127:5: warning: incompatible implicit declaration of built-in function 'memcpy' [-Wbuiltin-declaration-mismatch]
  127 |     memcpy(&impl->vel_curr, curr_vel, sizeof(impl->vel_curr));
      |     ^~~~~~
../Middlewares/Third_Party/Agv/Control/src/pid.c:127:5: note: include '<string.h>' or provide a declaration of 'memcpy'
arm-none-eabi-gcc -o "Motor_bridge.elf" @"objects.list"   -mcpu=cortex-m4 -T"C:\Users\liushaw\Desktop\STM32F407\Motor_bridge\STM32F407VGTX_FLASH.ld" --specs=nosys.specs -Wl,-Map="Motor_bridge.map" -Wl,--gc-sections -static --specs=nano.specs -mfpu=fpv4-sp-d16 -mfloat-abi=hard -mthumb -u _printf_float -u _scanf_float -Wl,--start-group -lc -lm -Wl,--end-group
Finished building target: Motor_bridge.elf
 
arm-none-eabi-size  Motor_bridge.elf 
arm-none-eabi-objdump -h -S Motor_bridge.elf  > "Motor_bridge.list"
   text	   data	    bss	    dec	    hex	filename
  79972	    472	  88256	 168700	  292fc	Motor_bridge.elf
Finished building: default.size.stdout
 
Finished building: Motor_bridge.list
 

11:01:41 Build Finished. 0 errors, 6 warnings. (took 1s.946ms)

